[INFO] Scanning for projects...
Downloading from central: https://repo.maven.apache.org/maven2/org/springframework/boot/spring-boot-starter-parent/3.3.0/spring-boot-starter-parent-3.3.0.pom
Progress (1): 1.1 kB
Progress (1): 2.6 kB
Progress (1): 6.6 kB
Progress (1): 11 kB 
Progress (1): 13 kB
                   
Downloaded from central: https://repo.maven.apache.org/maven2/org/springframework/boot/spring-boot-starter-parent/3.3.0/spring-boot-starter-parent-3.3.0.pom (13 kB at 46 kB/s)
Downloading from central: https://repo.maven.apache.org/maven2/org/springframework/boot/spring-boot-dependencies/3.3.0/spring-boot-dependencies-3.3.0.pom
Progress (1): 1.0 kB
Progress (1): 2.3 kB
Progress (1): 4.4 kB
Progress (1): 6.6 kB
Progress (1): 8.3 kB
Progress (1): 11 kB 
Progress (1): 16 kB
Progress (1): 22 kB
Progress (1): 31 kB
Progress (1): 40 kB
Progress (1): 44 kB
Progress (1): 53 kB
Progress (1): 62 kB
Progress (1): 69 kB
Progress (1): 81 kB
Progress (1): 88 kB
Progress (1): 93 kB
Progress (1): 100 kB
Progress (1): 103 kB
                    
Downloaded from central: https://repo.maven.apache.org/maven2/org/springframework/boot/spring-boot-dependencies/3.3.0/spring-boot-dependencies-3.3.0.pom (103 kB at 1.9 MB/s)
Downloading from central: https://repo.maven.apache.org/maven2/org/springframework/cloud/spring-cloud-dependencies/2023.0.1/spring-cloud-dependencies-2023.0.1.pom
Progress (1): 1.1 kB
Progress (1): 2.1 kB
Progress (1): 4.9 kB
Progress (1): 10 kB 
                   
Downloaded from central: https://repo.maven.apache.org/maven2/org/springframework/cloud/spring-cloud-dependencies/2023.0.1/spring-cloud-dependencies-2023.0.1.pom (10 kB at 257 kB/s)
Downloading from central: https://repo.maven.apache.org/maven2/org/springframework/cloud/spring-cloud-dependencies-parent/4.1.1/spring-cloud-dependencies-parent-4.1.1.pom
Progress (1): 1.0 kB
Progress (1): 2.2 kB
Progress (1): 4.5 kB
Progress (1): 8.1 kB
                    
Downloaded from central: https://repo.maven.apache.org/maven2/org/springframework/cloud/spring-cloud-dependencies-parent/4.1.1/spring-cloud-dependencies-parent-4.1.1.pom (8.1 kB at 213 kB/s)
Downloading from central: https://repo.maven.apache.org/maven2/org/springframework/cloud/spring-cloud-commons-dependencies/4.1.2/spring-cloud-commons-dependencies-4.1.2.pom
Progress (1): 1.1 kB
Progress (1): 2.1 kB
Progress (1): 6.0 kB
Progress (1): 7.2 kB
                    
Downloaded from central: https://repo.maven.apache.org/maven2/org/springframework/cloud/spring-cloud-commons-dependencies/4.1.2/spring-cloud-commons-dependencies-4.1.2.pom (7.2 kB at 213 kB/s)
Downloading from central: https://repo.maven.apache.org/maven2/org/springframework/cloud/spring-cloud-netflix-dependencies/4.1.1/spring-cloud-netflix-dependencies-4.1.1.pom
Progress (1): 1.1 kB
Progress (1): 2.1 kB
Progress (1): 5.8 kB
Progress (1): 9.8 kB
                    
Downloaded from central: https://repo.maven.apache.org/maven2/org/springframework/cloud/spring-cloud-netflix-dependencies/4.1.1/spring-cloud-netflix-dependencies-4.1.1.pom (9.8 kB at 257 kB/s)
Downloading from central: https://repo.maven.apache.org/maven2/org/springframework/cloud/spring-cloud-stream-dependencies/4.1.1/spring-cloud-stream-dependencies-4.1.1.pom
Progress (1): 1.1 kB
Progress (1): 2.1 kB
Progress (1): 7.7 kB
Progress (1): 8.6 kB
                    
Downloaded from central: https://repo.maven.apache.org/maven2/org/springframework/cloud/spring-cloud-stream-dependencies/4.1.1/spring-cloud-stream-dependencies-4.1.1.pom (8.6 kB at 244 kB/s)
Downloading from central: https://repo.maven.apache.org/maven2/org/springframework/cloud/spring-cloud-task-dependencies/3.1.1/spring-cloud-task-dependencies-3.1.1.pom
Progress (1): 1.2 kB
Progress (1): 2.1 kB
Progress (1): 5.8 kB
                    
Downloaded from central: https://repo.maven.apache.org/maven2/org/springframework/cloud/spring-cloud-task-dependencies/3.1.1/spring-cloud-task-dependencies-3.1.1.pom (5.8 kB at 161 kB/s)
Downloading from central: https://repo.maven.apache.org/maven2/org/springframework/cloud/spring-cloud-circuitbreaker-dependencies/3.1.1/spring-cloud-circuitbreaker-dependencies-3.1.1.pom
Progress (1): 1.2 kB
Progress (1): 2.1 kB
Progress (1): 5.6 kB
Progress (1): 6.7 kB
                    
Downloaded from central: https://repo.maven.apache.org/maven2/org/springframework/cloud/spring-cloud-circuitbreaker-dependencies/3.1.1/spring-cloud-circuitbreaker-dependencies-3.1.1.pom (6.7 kB at 181 kB/s)
Downloading from central: https://repo.maven.apache.org/maven2/io/github/resilience4j/resilience4j-bom/2.1.0/resilience4j-bom-2.1.0.pom
Progress (1): 1.5 kB
Progress (1): 5.9 kB
Progress (1): 6.4 kB
                    
Downloaded from central: https://repo.maven.apache.org/maven2/io/github/resilience4j/resilience4j-bom/2.1.0/resilience4j-bom-2.1.0.pom (6.4 kB at 133 kB/s)
Downloading from central: https://repo.maven.apache.org/maven2/org/springframework/cloud/spring-cloud-config-dependencies/4.1.1/spring-cloud-config-dependencies-4.1.1.pom
Progress (1): 1.1 kB
Progress (1): 2.1 kB
Progress (1): 5.9 kB
Progress (1): 7.5 kB
                    
Downloaded from central: https://repo.maven.apache.org/maven2/org/springframework/cloud/spring-cloud-config-dependencies/4.1.1/spring-cloud-config-dependencies-4.1.1.pom (7.5 kB at 182 kB/s)
Downloading from central: https://repo.maven.apache.org/maven2/org/springframework/cloud/spring-cloud-function-dependencies/4.1.1/spring-cloud-function-dependencies-4.1.1.pom
Progress (1): 1.2 kB
Progress (1): 2.1 kB
Progress (1): 6.8 kB
                    
Downloaded from central: https://repo.maven.apache.org/maven2/org/springframework/cloud/spring-cloud-function-dependencies/4.1.1/spring-cloud-function-dependencies-4.1.1.pom (6.8 kB at 219 kB/s)
Downloading from central: https://repo.maven.apache.org/maven2/org/springframework/cloud/spring-cloud-gateway-dependencies/4.1.2/spring-cloud-gateway-dependencies-4.1.2.pom
Progress (1): 1.1 kB
Progress (1): 2.1 kB
Progress (1): 6.4 kB
                    
Downloaded from central: https://repo.maven.apache.org/maven2/org/springframework/cloud/spring-cloud-gateway-dependencies/4.1.2/spring-cloud-gateway-dependencies-4.1.2.pom (6.4 kB at 160 kB/s)
Downloading from central: https://repo.maven.apache.org/maven2/org/springframework/cloud/spring-cloud-consul-dependencies/4.1.1/spring-cloud-consul-dependencies-4.1.1.pom
Progress (1): 1.1 kB
Progress (1): 2.1 kB
Progress (1): 6.2 kB
Progress (1): 7.5 kB
                    
Downloaded from central: https://repo.maven.apache.org/maven2/org/springframework/cloud/spring-cloud-consul-dependencies/4.1.1/spring-cloud-consul-dependencies-4.1.1.pom (7.5 kB at 233 kB/s)
Downloading from central: https://repo.maven.apache.org/maven2/org/springframework/cloud/spring-cloud-vault-dependencies/4.1.1/spring-cloud-vault-dependencies-4.1.1.pom
Progress (1): 1.1 kB
Progress (1): 2.9 kB
Progress (1): 6.2 kB
                    
Downloaded from central: https://repo.maven.apache.org/maven2/org/springframework/cloud/spring-cloud-vault-dependencies/4.1.1/spring-cloud-vault-dependencies-4.1.1.pom (6.2 kB at 189 kB/s)
Downloading from central: https://repo.maven.apache.org/maven2/org/springframework/cloud/spring-cloud-zookeeper-dependencies/4.1.1/spring-cloud-zookeeper-dependencies-4.1.1.pom
Progress (1): 1.2 kB
Progress (1): 2.9 kB
Progress (1): 7.8 kB
Progress (1): 8.9 kB
                    
Downloaded from central: https://repo.maven.apache.org/maven2/org/springframework/cloud/spring-cloud-zookeeper-dependencies/4.1.1/spring-cloud-zookeeper-dependencies-4.1.1.pom (8.9 kB at 256 kB/s)
Downloading from central: https://repo.maven.apache.org/maven2/org/springframework/cloud/spring-cloud-bus-dependencies/4.1.1/spring-cloud-bus-dependencies-4.1.1.pom
Progress (1): 1.1 kB
Progress (1): 2.9 kB
Progress (1): 6.1 kB
                    
Downloaded from central: https://repo.maven.apache.org/maven2/org/springframework/cloud/spring-cloud-bus-dependencies/4.1.1/spring-cloud-bus-dependencies-4.1.1.pom (6.1 kB at 192 kB/s)
Downloading from central: https://repo.maven.apache.org/maven2/org/springframework/cloud/spring-cloud-contract-dependencies/4.1.2/spring-cloud-contract-dependencies-4.1.2.pom
Progress (1): 1.1 kB
Progress (1): 2.9 kB
Progress (1): 8.3 kB
Progress (1): 9.0 kB
                    
Downloaded from central: https://repo.maven.apache.org/maven2/org/springframework/cloud/spring-cloud-contract-dependencies/4.1.2/spring-cloud-contract-dependencies-4.1.2.pom (9.0 kB at 250 kB/s)
Downloading from central: https://repo.maven.apache.org/maven2/org/springframework/cloud/spring-cloud-openfeign-dependencies/4.1.1/spring-cloud-openfeign-dependencies-4.1.1.pom
Progress (1): 1.2 kB
Progress (1): 3.0 kB
Progress (1): 6.5 kB
                    
Downloaded from central: https://repo.maven.apache.org/maven2/org/springframework/cloud/spring-cloud-openfeign-dependencies/4.1.1/spring-cloud-openfeign-dependencies-4.1.1.pom (6.5 kB at 171 kB/s)
Downloading from central: https://repo.maven.apache.org/maven2/io/github/openfeign/feign-bom/13.2.1/feign-bom-13.2.1.pom
Progress (1): 834 B
Progress (1): 4.9 kB
Progress (1): 7.5 kB
                    
Downloaded from central: https://repo.maven.apache.org/maven2/io/github/openfeign/feign-bom/13.2.1/feign-bom-13.2.1.pom (7.5 kB at 207 kB/s)
Downloading from central: https://repo.maven.apache.org/maven2/org/springframework/cloud/spring-cloud-kubernetes-dependencies/3.1.1/spring-cloud-kubernetes-dependencies-3.1.1.pom
Progress (1): 791 B
Progress (1): 3.1 kB
Progress (1): 7.2 kB
Progress (1): 13 kB 
                   
Downloaded from central: https://repo.maven.apache.org/maven2/org/springframework/cloud/spring-cloud-kubernetes-dependencies/3.1.1/spring-cloud-kubernetes-dependencies-3.1.1.pom (13 kB at 351 kB/s)
Downloading from central: https://repo.maven.apache.org/maven2/io/fabric8/kubernetes-client-bom/6.9.2/kubernetes-client-bom-6.9.2.pom
Progress (1): 1.2 kB
Progress (1): 9.4 kB
Progress (1): 25 kB 
Progress (1): 28 kB
                   
Downloaded from central: https://repo.maven.apache.org/maven2/io/fabric8/kubernetes-client-bom/6.9.2/kubernetes-client-bom-6.9.2.pom (28 kB at 407 kB/s)
Downloading from central: https://repo.maven.apache.org/maven2/org/apache/activemq/artemis-bom/2.33.0/artemis-bom-2.33.0.pom
Progress (1): 799 B
Progress (1): 6.8 kB
Progress (1): 9.6 kB
                    
Downloaded from central: https://repo.maven.apache.org/maven2/org/apache/activemq/artemis-bom/2.33.0/artemis-bom-2.33.0.pom (9.6 kB at 283 kB/s)
Downloading from central: https://repo.maven.apache.org/maven2/org/apache/activemq/artemis-project/2.33.0/artemis-project-2.33.0.pom
Progress (1): 713 B
Progress (1): 3.0 kB
Progress (1): 4.8 kB
Progress (1): 6.5 kB
Progress (1): 8.8 kB
Progress (1): 11 kB 
Progress (1): 12 kB
Progress (1): 13 kB
Progress (1): 14 kB
Progress (1): 17 kB
Progress (1): 21 kB
Progress (1): 26 kB
Progress (1): 28 kB
Progress (1): 32 kB
Progress (1): 38 kB
Progress (1): 43 kB
Progress (1): 44 kB
Progress (1): 47 kB
Progress (1): 50 kB
Progress (1): 54 kB
Progress (1): 59 kB
Progress (1): 64 kB
Progress (1): 64 kB
                   
Downloaded from central: https://repo.maven.apache.org/maven2/org/apache/activemq/artemis-project/2.33.0/artemis-project-2.33.0.pom (64 kB at 1.4 MB/s)
Downloading from central: https://repo.maven.apache.org/maven2/org/apache/apache/31/apache-31.pom
Progress (1): 739 B
Progress (1): 2.1 kB
Progress (1): 3.9 kB
Progress (1): 6.2 kB
Progress (1): 11 kB 
Progress (1): 16 kB
Progress (1): 20 kB
Progress (1): 21 kB
Progress (1): 23 kB
Progress (1): 24 kB
                   
Downloaded from central: https://repo.maven.apache.org/maven2/org/apache/apache/31/apache-31.pom (24 kB at 603 kB/s)
Downloading from central: https://repo.maven.apache.org/maven2/org/assertj/assertj-bom/3.25.3/assertj-bom-3.25.3.pom
Progress (1): 1.0 kB
Progress (1): 3.7 kB
                    
Downloaded from central: https://repo.maven.apache.org/maven2/org/assertj/assertj-bom/3.25.3/assertj-bom-3.25.3.pom (3.7 kB at 86 kB/s)
Downloading from central: https://repo.maven.apache.org/maven2/io/zipkin/reporter2/zipkin-reporter-bom/3.4.0/zipkin-reporter-bom-3.4.0.pom
Progress (1): 756 B
Progress (1): 2.3 kB
Progress (1): 5.9 kB
Progress (1): 6.4 kB
                    
Downloaded from central: https://repo.maven.apache.org/maven2/io/zipkin/reporter2/zipkin-reporter-bom/3.4.0/zipkin-reporter-bom-3.4.0.pom (6.4 kB at 200 kB/s)
Downloading from central: https://repo.maven.apache.org/maven2/io/zipkin/brave/brave-bom/6.0.3/brave-bom-6.0.3.pom
Progress (1): 1.1 kB
Progress (1): 4.8 kB
Progress (1): 11 kB 
                   
Downloaded from central: https://repo.maven.apache.org/maven2/io/zipkin/brave/brave-bom/6.0.3/brave-bom-6.0.3.pom (11 kB at 343 kB/s)
Downloading from central: https://repo.maven.apache.org/maven2/org/apache/cassandra/java-driver-bom/4.18.1/java-driver-bom-4.18.1.pom
Progress (1): 817 B
Progress (1): 2.0 kB
Progress (1): 5.1 kB
Progress (1): 5.5 kB
                    
Downloaded from central: https://repo.maven.apache.org/maven2/org/apache/cassandra/java-driver-bom/4.18.1/java-driver-bom-4.18.1.pom (5.5 kB at 176 kB/s)
Downloading from central: https://repo.maven.apache.org/maven2/org/glassfish/jaxb/jaxb-bom/4.0.5/jaxb-bom-4.0.5.pom
Progress (1): 849 B
Progress (1): 6.0 kB
Progress (1): 12 kB 
                   
Downloaded from central: https://repo.maven.apache.org/maven2/org/glassfish/jaxb/jaxb-bom/4.0.5/jaxb-bom-4.0.5.pom (12 kB at 353 kB/s)
Downloading from central: https://repo.maven.apache.org/maven2/org/eclipse/ee4j/project/1.0.9/project-1.0.9.pom
Progress (1): 876 B
Progress (1): 2.5 kB
Progress (1): 5.0 kB
Progress (1): 8.5 kB
Progress (1): 12 kB 
Progress (1): 16 kB
                   
Downloaded from central: https://repo.maven.apache.org/maven2/org/eclipse/ee4j/project/1.0.9/project-1.0.9.pom (16 kB at 299 kB/s)
Downloading from central: https://repo.maven.apache.org/maven2/org/apache/groovy/groovy-bom/4.0.21/groovy-bom-4.0.21.pom
Progress (1): 863 B
Progress (1): 3.6 kB
Progress (1): 7.0 kB
Progress (1): 11 kB 
Progress (1): 14 kB
Progress (1): 18 kB
Progress (1): 22 kB
Progress (1): 23 kB
Progress (1): 27 kB
                   
Downloaded from central: https://repo.maven.apache.org/maven2/org/apache/groovy/groovy-bom/4.0.21/groovy-bom-4.0.21.pom (27 kB at 649 kB/s)
Downloading from central: https://repo.maven.apache.org/maven2/org/infinispan/infinispan-bom/15.0.4.Final/infinispan-bom-15.0.4.Final.pom
Progress (1): 1.1 kB
Progress (1): 6.8 kB
Progress (1): 18 kB 
                   
Downloaded from central: https://repo.maven.apache.org/maven2/org/infinispan/infinispan-bom/15.0.4.Final/infinispan-bom-15.0.4.Final.pom (18 kB at 535 kB/s)
Downloading from central: https://repo.maven.apache.org/maven2/org/infinispan/infinispan-build-configuration-parent/15.0.4.Final/infinispan-build-configuration-parent-15.0.4.Final.pom
Progress (1): 1.0 kB
Progress (1): 3.2 kB
Progress (1): 5.5 kB
Progress (1): 7.5 kB
Progress (1): 9.7 kB
Progress (1): 12 kB 
Progress (1): 14 kB
Progress (1): 15 kB
Progress (1): 19 kB
Progress (1): 19 kB
                   
Downloaded from central: https://repo.maven.apache.org/maven2/org/infinispan/infinispan-build-configuration-parent/15.0.4.Final/infinispan-build-configuration-parent-15.0.4.Final.pom (19 kB at 569 kB/s)
Downloading from central: https://repo.maven.apache.org/maven2/org/jboss/jboss-parent/43/jboss-parent-43.pom
Progress (1): 701 B
Progress (1): 2.0 kB
Progress (1): 4.5 kB
Progress (1): 7.0 kB
Progress (1): 9.2 kB
Progress (1): 12 kB 
Progress (1): 19 kB
Progress (1): 22 kB
Progress (1): 29 kB
Progress (1): 32 kB
Progress (1): 35 kB
Progress (1): 38 kB
Progress (1): 48 kB
Progress (1): 66 kB
Progress (1): 75 kB
                   
Downloaded from central: https://repo.maven.apache.org/maven2/org/jboss/jboss-parent/43/jboss-parent-43.pom (75 kB at 1.3 MB/s)
Downloading from central: https://repo.maven.apache.org/maven2/com/fasterxml/jackson/jackson-bom/2.17.1/jackson-bom-2.17.1.pom
Progress (1): 924 B
Progress (1): 2.7 kB
Progress (1): 8.1 kB
Progress (1): 17 kB 
Progress (1): 19 kB
                   
Downloaded from central: https://repo.maven.apache.org/maven2/com/fasterxml/jackson/jackson-bom/2.17.1/jackson-bom-2.17.1.pom (19 kB at 668 kB/s)
Downloading from central: https://repo.maven.apache.org/maven2/com/fasterxml/jackson/jackson-parent/2.17/jackson-parent-2.17.pom
Progress (1): 1.1 kB
Progress (1): 2.5 kB
Progress (1): 4.0 kB
Progress (1): 6.5 kB
                    
Downloaded from central: https://repo.maven.apache.org/maven2/com/fasterxml/jackson/jackson-parent/2.17/jackson-parent-2.17.pom (6.5 kB at 204 kB/s)
Downloading from central: https://repo.maven.apache.org/maven2/com/fasterxml/oss-parent/58/oss-parent-58.pom
Progress (1): 950 B
Progress (1): 2.6 kB
Progress (1): 4.0 kB
Progress (1): 6.0 kB
Progress (1): 9.7 kB
Progress (1): 12 kB 
Progress (1): 15 kB
Progress (1): 15 kB
Progress (1): 19 kB
Progress (1): 23 kB
Progress (1): 24 kB
                   
Downloaded from central: https://repo.maven.apache.org/maven2/com/fasterxml/oss-parent/58/oss-parent-58.pom (24 kB at 717 kB/s)
Downloading from central: https://repo.maven.apache.org/maven2/org/glassfish/jersey/jersey-bom/3.1.6/jersey-bom-3.1.6.pom
Progress (1): 843 B
Progress (1): 8.7 kB
Progress (1): 20 kB 
Progress (1): 21 kB
                   
Downloaded from central: https://repo.maven.apache.org/maven2/org/glassfish/jersey/jersey-bom/3.1.6/jersey-bom-3.1.6.pom (21 kB at 518 kB/s)
Downloading from central: https://repo.maven.apache.org/maven2/org/eclipse/ee4j/project/1.0.8/project-1.0.8.pom
Progress (1): 873 B
Progress (1): 2.5 kB
Progress (1): 5.0 kB
Progress (1): 8.2 kB
Progress (1): 12 kB 
Progress (1): 15 kB
                   
Downloaded from central: https://repo.maven.apache.org/maven2/org/eclipse/ee4j/project/1.0.8/project-1.0.8.pom (15 kB at 317 kB/s)
Downloading from central: https://repo.maven.apache.org/maven2/org/eclipse/jetty/ee10/jetty-ee10-bom/12.0.9/jetty-ee10-bom-12.0.9.pom
Progress (1): 1.1 kB
Progress (1): 4.5 kB
Progress (1): 9.2 kB
                    
Downloaded from central: https://repo.maven.apache.org/maven2/org/eclipse/jetty/ee10/jetty-ee10-bom/12.0.9/jetty-ee10-bom-12.0.9.pom (9.2 kB at 243 kB/s)
Downloading from central: https://repo.maven.apache.org/maven2/org/eclipse/jetty/jetty-bom/12.0.9/jetty-bom-12.0.9.pom
Progress (1): 1.1 kB
Progress (1): 4.5 kB
Progress (1): 14 kB 
                   
Downloaded from central: https://repo.maven.apache.org/maven2/org/eclipse/jetty/jetty-bom/12.0.9/jetty-bom-12.0.9.pom (14 kB at 455 kB/s)
Downloading from central: https://repo.maven.apache.org/maven2/org/junit/junit-bom/5.10.2/junit-bom-5.10.2.pom
Progress (1): 908 B
Progress (1): 4.1 kB
Progress (1): 5.6 kB
                    
Downloaded from central: https://repo.maven.apache.org/maven2/org/junit/junit-bom/5.10.2/junit-bom-5.10.2.pom (5.6 kB at 153 kB/s)
Downloading from central: https://repo.maven.apache.org/maven2/org/jetbrains/kotlin/kotlin-bom/1.9.24/kotlin-bom-1.9.24.pom
Progress (1): 908 B
Progress (1): 5.3 kB
Progress (1): 9.1 kB
                    
Downloaded from central: https://repo.maven.apache.org/maven2/org/jetbrains/kotlin/kotlin-bom/1.9.24/kotlin-bom-1.9.24.pom (9.1 kB at 285 kB/s)
Downloading from central: https://repo.maven.apache.org/maven2/org/jetbrains/kotlinx/kotlinx-coroutines-bom/1.8.1/kotlinx-coroutines-bom-1.8.1.pom
Progress (1): 1.2 kB
Progress (1): 4.3 kB
                    
Downloaded from central: https://repo.maven.apache.org/maven2/org/jetbrains/kotlinx/kotlinx-coroutines-bom/1.8.1/kotlinx-coroutines-bom-1.8.1.pom (4.3 kB at 89 kB/s)
Downloading from central: https://repo.maven.apache.org/maven2/org/jetbrains/kotlinx/kotlinx-serialization-bom/1.6.3/kotlinx-serialization-bom-1.6.3.pom
Progress (1): 1.2 kB
Progress (1): 3.7 kB
                    
Downloaded from central: https://repo.maven.apache.org/maven2/org/jetbrains/kotlinx/kotlinx-serialization-bom/1.6.3/kotlinx-serialization-bom-1.6.3.pom (3.7 kB at 102 kB/s)
Downloading from central: https://repo.maven.apache.org/maven2/org/apache/logging/log4j/log4j-bom/2.23.1/log4j-bom-2.23.1.pom
Progress (1): 792 B
Progress (1): 2.2 kB
Progress (1): 5.7 kB
Progress (1): 12 kB 
Progress (1): 12 kB
                   
Downloaded from central: https://repo.maven.apache.org/maven2/org/apache/logging/log4j/log4j-bom/2.23.1/log4j-bom-2.23.1.pom (12 kB at 345 kB/s)
Downloading from central: https://repo.maven.apache.org/maven2/org/apache/logging/logging-parent/10.6.0/logging-parent-10.6.0.pom
Progress (1): 739 B
Progress (1): 2.2 kB
Progress (1): 4.7 kB
Progress (1): 6.5 kB
Progress (1): 8.4 kB
Progress (1): 11 kB 
Progress (1): 15 kB
Progress (1): 18 kB
Progress (1): 20 kB
Progress (1): 24 kB
Progress (1): 30 kB
Progress (1): 32 kB
Progress (1): 33 kB
Progress (1): 35 kB
Progress (1): 39 kB
Progress (1): 39 kB
Progress (1): 42 kB
Progress (1): 44 kB
Progress (1): 47 kB
Progress (1): 51 kB
Progress (1): 54 kB
                   
Downloaded from central: https://repo.maven.apache.org/maven2/org/apache/logging/logging-parent/10.6.0/logging-parent-10.6.0.pom (54 kB at 1.5 MB/s)
Downloading from central: https://repo.maven.apache.org/maven2/io/micrometer/micrometer-bom/1.13.0/micrometer-bom-1.13.0.pom
Progress (1): 1.1 kB
Progress (1): 7.7 kB
Progress (1): 8.6 kB
                    
Downloaded from central: https://repo.maven.apache.org/maven2/io/micrometer/micrometer-bom/1.13.0/micrometer-bom-1.13.0.pom (8.6 kB at 277 kB/s)
Downloading from central: https://repo.maven.apache.org/maven2/io/micrometer/micrometer-tracing-bom/1.3.0/micrometer-tracing-bom-1.3.0.pom
Progress (1): 1.0 kB
Progress (1): 3.9 kB
Progress (1): 4.5 kB
                    
Downloaded from central: https://repo.maven.apache.org/maven2/io/micrometer/micrometer-tracing-bom/1.3.0/micrometer-tracing-bom-1.3.0.pom (4.5 kB at 133 kB/s)
Downloading from central: https://repo.maven.apache.org/maven2/org/mockito/mockito-bom/5.11.0/mockito-bom-5.11.0.pom
Progress (1): 1.5 kB
Progress (1): 3.0 kB
                    
Downloaded from central: https://repo.maven.apache.org/maven2/org/mockito/mockito-bom/5.11.0/mockito-bom-5.11.0.pom (3.0 kB at 87 kB/s)
Downloading from central: https://repo.maven.apache.org/maven2/io/netty/netty-bom/4.1.110.Final/netty-bom-4.1.110.Final.pom
Progress (1): 786 B
Progress (1): 2.4 kB
Progress (1): 12 kB 
Progress (1): 14 kB
                   
Downloaded from central: https://repo.maven.apache.org/maven2/io/netty/netty-bom/4.1.110.Final/netty-bom-4.1.110.Final.pom (14 kB at 344 kB/s)
Downloading from central: https://repo.maven.apache.org/maven2/org/sonatype/oss/oss-parent/7/oss-parent-7.pom
Progress (1): 848 B
Progress (1): 2.5 kB
Progress (1): 4.8 kB
                    
Downloaded from central: https://repo.maven.apache.org/maven2/org/sonatype/oss/oss-parent/7/oss-parent-7.pom (4.8 kB at 161 kB/s)
Downloading from central: https://repo.maven.apache.org/maven2/com/squareup/okhttp3/okhttp-bom/4.12.0/okhttp-bom-4.12.0.pom
Progress (1): 931 B
Progress (1): 3.1 kB
                    
Downloaded from central: https://repo.maven.apache.org/maven2/com/squareup/okhttp3/okhttp-bom/4.12.0/okhttp-bom-4.12.0.pom (3.1 kB at 90 kB/s)
Downloading from central: https://repo.maven.apache.org/maven2/io/opentelemetry/opentelemetry-bom/1.37.0/opentelemetry-bom-1.37.0.pom
Progress (1): 956 B
Progress (1): 5.7 kB
                    
Downloaded from central: https://repo.maven.apache.org/maven2/io/opentelemetry/opentelemetry-bom/1.37.0/opentelemetry-bom-1.37.0.pom (5.7 kB at 178 kB/s)
Downloading from central: https://repo.maven.apache.org/maven2/io/prometheus/prometheus-metrics-bom/1.2.1/prometheus-metrics-bom-1.2.1.pom
Progress (1): 1.3 kB
Progress (1): 6.1 kB
                    
Downloaded from central: https://repo.maven.apache.org/maven2/io/prometheus/prometheus-metrics-bom/1.2.1/prometheus-metrics-bom-1.2.1.pom (6.1 kB at 184 kB/s)
Downloading from central: https://repo.maven.apache.org/maven2/io/prometheus/client_java/1.2.1/client_java-1.2.1.pom
Progress (1): 1.0 kB
Progress (1): 3.4 kB
Progress (1): 7.5 kB
Progress (1): 10 kB 
Progress (1): 13 kB
                   
Downloaded from central: https://repo.maven.apache.org/maven2/io/prometheus/client_java/1.2.1/client_java-1.2.1.pom (13 kB at 402 kB/s)
Downloading from central: https://repo.maven.apache.org/maven2/io/prometheus/simpleclient_bom/0.16.0/simpleclient_bom-0.16.0.pom
Progress (1): 1.9 kB
Progress (1): 6.0 kB
                    
Downloaded from central: https://repo.maven.apache.org/maven2/io/prometheus/simpleclient_bom/0.16.0/simpleclient_bom-0.16.0.pom (6.0 kB at 182 kB/s)
Downloading from central: https://repo.maven.apache.org/maven2/io/prometheus/parent/0.16.0/parent-0.16.0.pom
Progress (1): 1.1 kB
Progress (1): 3.4 kB
Progress (1): 7.9 kB
Progress (1): 13 kB 
                   
Downloaded from central: https://repo.maven.apache.org/maven2/io/prometheus/parent/0.16.0/parent-0.16.0.pom (13 kB at 391 kB/s)
Downloading from central: https://repo.maven.apache.org/maven2/org/apache/pulsar/pulsar-bom/3.2.3/pulsar-bom-3.2.3.pom
Progress (1): 794 B
Progress (1): 2.4 kB
Progress (1): 4.5 kB
Progress (1): 14 kB 
Progress (1): 26 kB
                   
Downloaded from central: https://repo.maven.apache.org/maven2/org/apache/pulsar/pulsar-bom/3.2.3/pulsar-bom-3.2.3.pom (26 kB at 648 kB/s)
Downloading from central: https://repo.maven.apache.org/maven2/org/apache/apache/29/apache-29.pom
Progress (1): 741 B
Progress (1): 2.1 kB
Progress (1): 3.9 kB
Progress (1): 6.9 kB
Progress (1): 12 kB 
Progress (1): 16 kB
Progress (1): 19 kB
Progress (1): 21 kB
                   
Downloaded from central: https://repo.maven.apache.org/maven2/org/apache/apache/29/apache-29.pom (21 kB at 628 kB/s)
Downloading from central: https://repo.maven.apache.org/maven2/com/querydsl/querydsl-bom/5.1.0/querydsl-bom-5.1.0.pom
Progress (1): 1.2 kB
Progress (1): 6.7 kB
Progress (1): 7.2 kB
                    
Downloaded from central: https://repo.maven.apache.org/maven2/com/querydsl/querydsl-bom/5.1.0/querydsl-bom-5.1.0.pom (7.2 kB at 140 kB/s)
Downloading from central: https://repo.maven.apache.org/maven2/io/projectreactor/reactor-bom/2023.0.6/reactor-bom-2023.0.6.pom
Progress (1): 907 B
Progress (1): 4.3 kB
Progress (1): 4.8 kB
                    
Downloaded from central: https://repo.maven.apache.org/maven2/io/projectreactor/reactor-bom/2023.0.6/reactor-bom-2023.0.6.pom (4.8 kB at 165 kB/s)
Downloading from central: https://repo.maven.apache.org/maven2/io/rest-assured/rest-assured-bom/5.4.0/rest-assured-bom-5.4.0.pom
Progress (1): 1.2 kB
Progress (1): 4.5 kB
                    
Downloaded from central: https://repo.maven.apache.org/maven2/io/rest-assured/rest-assured-bom/5.4.0/rest-assured-bom-5.4.0.pom (4.5 kB at 118 kB/s)
Downloading from central: https://repo.maven.apache.org/maven2/io/rsocket/rsocket-bom/1.1.3/rsocket-bom-1.1.3.pom
Progress (1): 1.2 kB
Progress (1): 2.6 kB
                    
Downloaded from central: https://repo.maven.apache.org/maven2/io/rsocket/rsocket-bom/1.1.3/rsocket-bom-1.1.3.pom (2.6 kB at 80 kB/s)
Downloading from central: https://repo.maven.apache.org/maven2/org/seleniumhq/selenium/selenium-bom/4.19.1/selenium-bom-4.19.1.pom
Progress (1): 1.1 kB
Progress (1): 6.0 kB
                    
Downloaded from central: https://repo.maven.apache.org/maven2/org/seleniumhq/selenium/selenium-bom/4.19.1/selenium-bom-4.19.1.pom (6.0 kB at 201 kB/s)
Downloading from central: https://repo.maven.apache.org/maven2/org/springframework/amqp/spring-amqp-bom/3.1.5/spring-amqp-bom-3.1.5.pom
Progress (1): 963 B
Progress (1): 3.9 kB
                    
Downloaded from central: https://repo.maven.apache.org/maven2/org/springframework/amqp/spring-amqp-bom/3.1.5/spring-amqp-bom-3.1.5.pom (3.9 kB at 133 kB/s)
Downloading from central: https://repo.maven.apache.org/maven2/org/springframework/batch/spring-batch-bom/5.1.2/spring-batch-bom-5.1.2.pom
Progress (1): 1.2 kB
Progress (1): 3.2 kB
                    
Downloaded from central: https://repo.maven.apache.org/maven2/org/springframework/batch/spring-batch-bom/5.1.2/spring-batch-bom-5.1.2.pom (3.2 kB at 98 kB/s)
Downloading from central: https://repo.maven.apache.org/maven2/org/springframework/data/spring-data-bom/2024.0.0/spring-data-bom-2024.0.0.pom
Progress (1): 966 B
Progress (1): 2.5 kB
Progress (1): 5.5 kB
                    
Downloaded from central: https://repo.maven.apache.org/maven2/org/springframework/data/spring-data-bom/2024.0.0/spring-data-bom-2024.0.0.pom (5.5 kB at 157 kB/s)
Downloading from central: https://repo.maven.apache.org/maven2/org/springframework/spring-framework-bom/6.1.8/spring-framework-bom-6.1.8.pom
Progress (1): 978 B
Progress (1): 5.8 kB
                    
Downloaded from central: https://repo.maven.apache.org/maven2/org/springframework/spring-framework-bom/6.1.8/spring-framework-bom-6.1.8.pom (5.8 kB at 194 kB/s)
Downloading from central: https://repo.maven.apache.org/maven2/org/springframework/integration/spring-integration-bom/6.3.0/spring-integration-bom-6.3.0.pom
Progress (1): 962 B
Progress (1): 7.1 kB
Progress (1): 10 kB 
                   
Downloaded from central: https://repo.maven.apache.org/maven2/org/springframework/integration/spring-integration-bom/6.3.0/spring-integration-bom-6.3.0.pom (10 kB at 294 kB/s)
Downloading from central: https://repo.maven.apache.org/maven2/org/springframework/pulsar/spring-pulsar-bom/1.1.0/spring-pulsar-bom-1.1.0.pom
Progress (1): 959 B
Progress (1): 2.9 kB
                    
Downloaded from central: https://repo.maven.apache.org/maven2/org/springframework/pulsar/spring-pulsar-bom/1.1.0/spring-pulsar-bom-1.1.0.pom (2.9 kB at 79 kB/s)
Downloading from central: https://repo.maven.apache.org/maven2/org/springframework/restdocs/spring-restdocs-bom/3.0.1/spring-restdocs-bom-3.0.1.pom
Progress (1): 1.1 kB
Progress (1): 2.6 kB
                    
Downloaded from central: https://repo.maven.apache.org/maven2/org/springframework/restdocs/spring-restdocs-bom/3.0.1/spring-restdocs-bom-3.0.1.pom (2.6 kB at 68 kB/s)
Downloading from central: https://repo.maven.apache.org/maven2/org/springframework/security/spring-security-bom/6.3.0/spring-security-bom-6.3.0.pom
Progress (1): 976 B
Progress (1): 5.3 kB
                    
Downloaded from central: https://repo.maven.apache.org/maven2/org/springframework/security/spring-security-bom/6.3.0/spring-security-bom-6.3.0.pom (5.3 kB at 157 kB/s)
Downloading from central: https://repo.maven.apache.org/maven2/org/springframework/session/spring-session-bom/3.3.0/spring-session-bom-3.3.0.pom
Progress (1): 1.0 kB
Progress (1): 2.9 kB
                    
Downloaded from central: https://repo.maven.apache.org/maven2/org/springframework/session/spring-session-bom/3.3.0/spring-session-bom-3.3.0.pom (2.9 kB at 23 kB/s)
Downloading from central: https://repo.maven.apache.org/maven2/org/springframework/ws/spring-ws-bom/4.0.11/spring-ws-bom-4.0.11.pom
Progress (1): 1.0 kB
Progress (1): 2.7 kB
Progress (1): 3.5 kB
                    
Downloaded from central: https://repo.maven.apache.org/maven2/org/springframework/ws/spring-ws-bom/4.0.11/spring-ws-bom-4.0.11.pom (3.5 kB at 25 kB/s)
Downloading from central: https://repo.maven.apache.org/maven2/org/testcontainers/testcontainers-bom/1.19.8/testcontainers-bom-1.19.8.pom
Progress (1): 1.2 kB
Progress (1): 10 kB 
                   
Downloaded from central: https://repo.maven.apache.org/maven2/org/testcontainers/testcontainers-bom/1.19.8/testcontainers-bom-1.19.8.pom (10 kB at 213 kB/s)
[INFO] ------------------------------------------------------------------------
[INFO] Reactor Build Order:
[INFO] 
[INFO] kinanow-platform                                                   [pom]
[INFO] auth-service                                                       [jar]
[INFO] 
[INFO] --------------------< com.kinanow:kinanow-platform >--------------------
[INFO] Building kinanow-platform 1.0.0-SNAPSHOT                           [1/2]
[INFO]   from pom.xml
[INFO] --------------------------------[ pom ]---------------------------------
Downloading from central: https://repo.maven.apache.org/maven2/org/springframework/boot/spring-boot-maven-plugin/3.3.0/spring-boot-maven-plugin-3.3.0.pom
Progress (1): 982 B
Progress (1): 4.2 kB
                    
Downloaded from central: https://repo.maven.apache.org/maven2/org/springframework/boot/spring-boot-maven-plugin/3.3.0/spring-boot-maven-plugin-3.3.0.pom (4.2 kB at 31 kB/s)
Downloading from central: https://repo.maven.apache.org/maven2/org/springframework/boot/spring-boot-maven-plugin/3.3.0/spring-boot-maven-plugin-3.3.0.jar
Progress (1): 7.7/137 kB
Progress (1): 16/137 kB 
Progress (1): 32/137 kB
Progress (1): 49/137 kB
Progress (1): 65/137 kB
Progress (1): 81/137 kB
Progress (1): 98/137 kB
Progress (1): 114/137 kB
Progress (1): 131/137 kB
Progress (1): 137 kB    
                    
Downloaded from central: https://repo.maven.apache.org/maven2/org/springframework/boot/spring-boot-maven-plugin/3.3.0/spring-boot-maven-plugin-3.3.0.jar (137 kB at 1.6 MB/s)
Downloading from central: https://repo.maven.apache.org/maven2/org/projectlombok/lombok/1.18.30/lombok-1.18.30.pom
Progress (1): 1.1 kB
Progress (1): 1.5 kB
                    
Downloaded from central: https://repo.maven.apache.org/maven2/org/projectlombok/lombok/1.18.30/lombok-1.18.30.pom (1.5 kB at 32 kB/s)
Downloading from central: https://repo.maven.apache.org/maven2/org/springframework/boot/spring-boot-starter-test/3.3.0/spring-boot-starter-test-3.3.0.pom
Progress (1): 921 B
Progress (1): 4.2 kB
Progress (1): 5.0 kB
                    
Downloaded from central: https://repo.maven.apache.org/maven2/org/springframework/boot/spring-boot-starter-test/3.3.0/spring-boot-starter-test-3.3.0.pom (5.0 kB at 79 kB/s)
Downloading from central: https://repo.maven.apache.org/maven2/org/springframework/boot/spring-boot-starter/3.3.0/spring-boot-starter-3.3.0.pom
Progress (1): 951 B
Progress (1): 3.0 kB
                    
Downloaded from central: https://repo.maven.apache.org/maven2/org/springframework/boot/spring-boot-starter/3.3.0/spring-boot-starter-3.3.0.pom (3.0 kB at 34 kB/s)
Downloading from central: https://repo.maven.apache.org/maven2/org/springframework/boot/spring-boot/3.3.0/spring-boot-3.3.0.pom
Progress (1): 1.0 kB
Progress (1): 2.2 kB
                    
Downloaded from central: https://repo.maven.apache.org/maven2/org/springframework/boot/spring-boot/3.3.0/spring-boot-3.3.0.pom (2.2 kB at 29 kB/s)
Downloading from central: https://repo.maven.apache.org/maven2/org/springframework/spring-core/6.1.8/spring-core-6.1.8.pom
Progress (1): 1.1 kB
Progress (1): 2.0 kB
                    
Downloaded from central: https://repo.maven.apache.org/maven2/org/springframework/spring-core/6.1.8/spring-core-6.1.8.pom (2.0 kB at 69 kB/s)
Downloading from central: https://repo.maven.apache.org/maven2/org/springframework/spring-jcl/6.1.8/spring-jcl-6.1.8.pom
Progress (1): 1.1 kB
Progress (1): 1.8 kB
                    
Downloaded from central: https://repo.maven.apache.org/maven2/org/springframework/spring-jcl/6.1.8/spring-jcl-6.1.8.pom (1.8 kB at 20 kB/s)
Downloading from central: https://repo.maven.apache.org/maven2/org/springframework/spring-context/6.1.8/spring-context-6.1.8.pom
Progress (1): 1.1 kB
Progress (1): 2.8 kB
                    
Downloaded from central: https://repo.maven.apache.org/maven2/org/springframework/spring-context/6.1.8/spring-context-6.1.8.pom (2.8 kB at 35 kB/s)
Downloading from central: https://repo.maven.apache.org/maven2/org/springframework/spring-aop/6.1.8/spring-aop-6.1.8.pom
Progress (1): 1.1 kB
Progress (1): 2.2 kB
                    
Downloaded from central: https://repo.maven.apache.org/maven2/org/springframework/spring-aop/6.1.8/spring-aop-6.1.8.pom (2.2 kB at 16 kB/s)
Downloading from central: https://repo.maven.apache.org/maven2/org/springframework/spring-beans/6.1.8/spring-beans-6.1.8.pom
Progress (1): 1.1 kB
Progress (1): 2.0 kB
                    
Downloaded from central: https://repo.maven.apache.org/maven2/org/springframework/spring-beans/6.1.8/spring-beans-6.1.8.pom (2.0 kB at 70 kB/s)
Downloading from central: https://repo.maven.apache.org/maven2/org/springframework/spring-expression/6.1.8/spring-expression-6.1.8.pom
Progress (1): 1.1 kB
Progress (1): 2.1 kB
                    
Downloaded from central: https://repo.maven.apache.org/maven2/org/springframework/spring-expression/6.1.8/spring-expression-6.1.8.pom (2.1 kB at 57 kB/s)
Downloading from central: https://repo.maven.apache.org/maven2/io/micrometer/micrometer-observation/1.13.0/micrometer-observation-1.13.0.pom
Progress (1): 1.1 kB
Progress (1): 3.4 kB
Progress (1): 3.8 kB
                    
Downloaded from central: https://repo.maven.apache.org/maven2/io/micrometer/micrometer-observation/1.13.0/micrometer-observation-1.13.0.pom (3.8 kB at 29 kB/s)
Downloading from central: https://repo.maven.apache.org/maven2/io/micrometer/micrometer-commons/1.13.0/micrometer-commons-1.13.0.pom
Progress (1): 1.1 kB
Progress (1): 3.0 kB
Progress (1): 3.4 kB
                    
Downloaded from central: https://repo.maven.apache.org/maven2/io/micrometer/micrometer-commons/1.13.0/micrometer-commons-1.13.0.pom (3.4 kB at 23 kB/s)
Downloading from central: https://repo.maven.apache.org/maven2/org/springframework/boot/spring-boot-autoconfigure/3.3.0/spring-boot-autoconfigure-3.3.0.pom
Progress (1): 1.0 kB
Progress (1): 2.1 kB
                    
Downloaded from central: https://repo.maven.apache.org/maven2/org/springframework/boot/spring-boot-autoconfigure/3.3.0/spring-boot-autoconfigure-3.3.0.pom (2.1 kB at 38 kB/s)
Downloading from central: https://repo.maven.apache.org/maven2/org/springframework/boot/spring-boot-starter-logging/3.3.0/spring-boot-starter-logging-3.3.0.pom
Progress (1): 985 B
Progress (1): 2.5 kB
                    
Downloaded from central: https://repo.maven.apache.org/maven2/org/springframework/boot/spring-boot-starter-logging/3.3.0/spring-boot-starter-logging-3.3.0.pom (2.5 kB at 49 kB/s)
Downloading from central: https://repo.maven.apache.org/maven2/ch/qos/logback/logback-classic/1.5.6/logback-classic-1.5.6.pom
Progress (1): 1.7 kB
Progress (1): 4.8 kB
Progress (1): 8.2 kB
Progress (1): 11 kB 
Progress (1): 13 kB
Progress (1): 13 kB
                   
Downloaded from central: https://repo.maven.apache.org/maven2/ch/qos/logback/logback-classic/1.5.6/logback-classic-1.5.6.pom (13 kB at 234 kB/s)
Downloading from central: https://repo.maven.apache.org/maven2/ch/qos/logback/logback-parent/1.5.6/logback-parent-1.5.6.pom
Progress (1): 1.1 kB
Progress (1): 2.7 kB
Progress (1): 4.9 kB
Progress (1): 9.9 kB
Progress (1): 14 kB 
Progress (1): 17 kB
Progress (1): 19 kB
                   
Downloaded from central: https://repo.maven.apache.org/maven2/ch/qos/logback/logback-parent/1.5.6/logback-parent-1.5.6.pom (19 kB at 425 kB/s)
Downloading from central: https://repo.maven.apache.org/maven2/ch/qos/logback/logback-core/1.5.6/logback-core-1.5.6.pom
Progress (1): 1.8 kB
Progress (1): 4.8 kB
Progress (1): 7.5 kB
                    
Downloaded from central: https://repo.maven.apache.org/maven2/ch/qos/logback/logback-core/1.5.6/logback-core-1.5.6.pom (7.5 kB at 22 kB/s)
Downloading from central: https://repo.maven.apache.org/maven2/org/slf4j/slf4j-api/2.0.13/slf4j-api-2.0.13.pom
Progress (1): 1.1 kB
Progress (1): 2.8 kB
                    
Downloaded from central: https://repo.maven.apache.org/maven2/org/slf4j/slf4j-api/2.0.13/slf4j-api-2.0.13.pom (2.8 kB at 74 kB/s)
Downloading from central: https://repo.maven.apache.org/maven2/org/slf4j/slf4j-parent/2.0.13/slf4j-parent-2.0.13.pom
Progress (1): 953 B
Progress (1): 3.2 kB
Progress (1): 6.0 kB
Progress (1): 8.2 kB
Progress (1): 11 kB 
Progress (1): 13 kB
                   
Downloaded from central: https://repo.maven.apache.org/maven2/org/slf4j/slf4j-parent/2.0.13/slf4j-parent-2.0.13.pom (13 kB at 278 kB/s)
Downloading from central: https://repo.maven.apache.org/maven2/org/slf4j/slf4j-bom/2.0.13/slf4j-bom-2.0.13.pom
Progress (1): 1.0 kB
Progress (1): 4.6 kB
Progress (1): 7.3 kB
Progress (1): 7.3 kB
                    
Downloaded from central: https://repo.maven.apache.org/maven2/org/slf4j/slf4j-bom/2.0.13/slf4j-bom-2.0.13.pom (7.3 kB at 222 kB/s)
Downloading from central: https://repo.maven.apache.org/maven2/org/apache/logging/log4j/log4j-to-slf4j/2.23.1/log4j-to-slf4j-2.23.1.pom
Progress (1): 824 B
Progress (1): 2.7 kB
Progress (1): 4.4 kB
                    
Downloaded from central: https://repo.maven.apache.org/maven2/org/apache/logging/log4j/log4j-to-slf4j/2.23.1/log4j-to-slf4j-2.23.1.pom (4.4 kB at 134 kB/s)
Downloading from central: https://repo.maven.apache.org/maven2/org/apache/logging/log4j/log4j/2.23.1/log4j-2.23.1.pom
Progress (1): 721 B
Progress (1): 2.1 kB
Progress (1): 4.0 kB
Progress (1): 5.9 kB
Progress (1): 10 kB 
Progress (1): 16 kB
Progress (1): 24 kB
Progress (1): 31 kB
Progress (1): 35 kB
Progress (1): 37 kB
                   
Downloaded from central: https://repo.maven.apache.org/maven2/org/apache/logging/log4j/log4j/2.23.1/log4j-2.23.1.pom (37 kB at 1.1 MB/s)
Downloading from central: https://repo.maven.apache.org/maven2/org/codehaus/groovy/groovy-bom/3.0.21/groovy-bom-3.0.21.pom
Progress (1): 959 B
Progress (1): 4.4 kB
Progress (1): 8.1 kB
Progress (1): 12 kB 
Progress (1): 15 kB
Progress (1): 19 kB
Progress (1): 23 kB
Progress (1): 26 kB
                   
Downloaded from central: https://repo.maven.apache.org/maven2/org/codehaus/groovy/groovy-bom/3.0.21/groovy-bom-3.0.21.pom (26 kB at 801 kB/s)
Downloading from central: https://repo.maven.apache.org/maven2/com/fasterxml/jackson/jackson-bom/2.16.1/jackson-bom-2.16.1.pom
Progress (1): 931 B
Progress (1): 2.7 kB
Progress (1): 8.1 kB
Progress (1): 17 kB 
Progress (1): 18 kB
                   
Downloaded from central: https://repo.maven.apache.org/maven2/com/fasterxml/jackson/jackson-bom/2.16.1/jackson-bom-2.16.1.pom (18 kB at 521 kB/s)
Downloading from central: https://repo.maven.apache.org/maven2/com/fasterxml/jackson/jackson-parent/2.16/jackson-parent-2.16.pom
Progress (1): 1.1 kB
Progress (1): 2.5 kB
Progress (1): 4.0 kB
Progress (1): 6.5 kB
                    
Downloaded from central: https://repo.maven.apache.org/maven2/com/fasterxml/jackson/jackson-parent/2.16/jackson-parent-2.16.pom (6.5 kB at 204 kB/s)
Downloading from central: https://repo.maven.apache.org/maven2/com/fasterxml/oss-parent/56/oss-parent-56.pom
Progress (1): 949 B
Progress (1): 2.6 kB
Progress (1): 4.0 kB
Progress (1): 6.6 kB
Progress (1): 9.7 kB
Progress (1): 12 kB 
Progress (1): 15 kB
Progress (1): 18 kB
Progress (1): 21 kB
Progress (1): 24 kB
                   
Downloaded from central: https://repo.maven.apache.org/maven2/com/fasterxml/oss-parent/56/oss-parent-56.pom (24 kB at 736 kB/s)
Downloading from central: https://repo.maven.apache.org/maven2/jakarta/platform/jakarta.jakartaee-bom/9.1.0/jakarta.jakartaee-bom-9.1.0.pom
Progress (1): 848 B
Progress (1): 4.7 kB
Progress (1): 9.6 kB
                    
Downloaded from central: https://repo.maven.apache.org/maven2/jakarta/platform/jakarta.jakartaee-bom/9.1.0/jakarta.jakartaee-bom-9.1.0.pom (9.6 kB at 281 kB/s)
Downloading from central: https://repo.maven.apache.org/maven2/jakarta/platform/jakartaee-api-parent/9.1.0/jakartaee-api-parent-9.1.0.pom
Progress (1): 823 B
Progress (1): 3.1 kB
Progress (1): 5.9 kB
Progress (1): 11 kB 
Progress (1): 14 kB
Progress (1): 15 kB
                   
Downloaded from central: https://repo.maven.apache.org/maven2/jakarta/platform/jakartaee-api-parent/9.1.0/jakartaee-api-parent-9.1.0.pom (15 kB at 464 kB/s)
Downloading from central: https://repo.maven.apache.org/maven2/org/eclipse/ee4j/project/1.0.7/project-1.0.7.pom
Progress (1): 837 B
Progress (1): 2.5 kB
Progress (1): 5.0 kB
Progress (1): 8.0 kB
Progress (1): 13 kB 
Progress (1): 14 kB
                   
Downloaded from central: https://repo.maven.apache.org/maven2/org/eclipse/ee4j/project/1.0.7/project-1.0.7.pom (14 kB at 443 kB/s)
Downloading from central: https://repo.maven.apache.org/maven2/org/eclipse/jetty/jetty-bom/9.4.54.v20240208/jetty-bom-9.4.54.v20240208.pom
Progress (1): 1.1 kB
Progress (1): 4.8 kB
Progress (1): 12 kB 
Progress (1): 18 kB
                   
Downloaded from central: https://repo.maven.apache.org/maven2/org/eclipse/jetty/jetty-bom/9.4.54.v20240208/jetty-bom-9.4.54.v20240208.pom (18 kB at 569 kB/s)
Downloading from central: https://repo.maven.apache.org/maven2/io/fabric8/kubernetes-client-bom/5.12.4/kubernetes-client-bom-5.12.4.pom
Progress (1): 1.3 kB
Progress (1): 7.5 kB
Progress (1): 23 kB 
Progress (1): 26 kB
                   
Downloaded from central: https://repo.maven.apache.org/maven2/io/fabric8/kubernetes-client-bom/5.12.4/kubernetes-client-bom-5.12.4.pom (26 kB at 675 kB/s)
Downloading from central: https://repo.maven.apache.org/maven2/org/mockito/mockito-bom/4.11.0/mockito-bom-4.11.0.pom
Progress (1): 1.4 kB
Progress (1): 3.2 kB
                    
Downloaded from central: https://repo.maven.apache.org/maven2/org/mockito/mockito-bom/4.11.0/mockito-bom-4.11.0.pom (3.2 kB at 102 kB/s)
Downloading from central: https://repo.maven.apache.org/maven2/io/netty/netty-bom/4.1.107.Final/netty-bom-4.1.107.Final.pom
Progress (1): 786 B
Progress (1): 2.4 kB
Progress (1): 12 kB 
Progress (1): 14 kB
                   
Downloaded from central: https://repo.maven.apache.org/maven2/io/netty/netty-bom/4.1.107.Final/netty-bom-4.1.107.Final.pom (14 kB at 474 kB/s)
Downloading from central: https://repo.maven.apache.org/maven2/org/springframework/spring-framework-bom/5.3.32/spring-framework-bom-5.3.32.pom
Progress (1): 974 B
Progress (1): 5.7 kB
                    
Downloaded from central: https://repo.maven.apache.org/maven2/org/springframework/spring-framework-bom/5.3.32/spring-framework-bom-5.3.32.pom (5.7 kB at 202 kB/s)
Downloading from central: https://repo.maven.apache.org/maven2/org/apache/logging/log4j/log4j-api/2.23.1/log4j-api-2.23.1.pom
Progress (1): 823 B
Progress (1): 2.4 kB
Progress (1): 3.8 kB
                    
Downloaded from central: https://repo.maven.apache.org/maven2/org/apache/logging/log4j/log4j-api/2.23.1/log4j-api-2.23.1.pom (3.8 kB at 142 kB/s)
Downloading from central: https://repo.maven.apache.org/maven2/org/slf4j/jul-to-slf4j/2.0.13/jul-to-slf4j-2.0.13.pom
Progress (1): 1.1 kB
                    
Downloaded from central: https://repo.maven.apache.org/maven2/org/slf4j/jul-to-slf4j/2.0.13/jul-to-slf4j-2.0.13.pom (1.1 kB at 42 kB/s)
Downloading from central: https://repo.maven.apache.org/maven2/jakarta/annotation/jakarta.annotation-api/2.1.1/jakarta.annotation-api-2.1.1.pom
Progress (1): 828 B
Progress (1): 2.8 kB
Progress (1): 5.9 kB
Progress (1): 9.9 kB
Progress (1): 13 kB 
Progress (1): 16 kB
                   
Downloaded from central: https://repo.maven.apache.org/maven2/jakarta/annotation/jakarta.annotation-api/2.1.1/jakarta.annotation-api-2.1.1.pom (16 kB at 479 kB/s)
Downloading from central: https://repo.maven.apache.org/maven2/org/yaml/snakeyaml/2.2/snakeyaml-2.2.pom
Progress (1): 1.1 kB
Progress (1): 2.9 kB
Progress (1): 6.8 kB
Progress (1): 11 kB 
Progress (1): 15 kB
Progress (1): 20 kB
Progress (1): 21 kB
                   
Downloaded from central: https://repo.maven.apache.org/maven2/org/yaml/snakeyaml/2.2/snakeyaml-2.2.pom (21 kB at 664 kB/s)
Downloading from central: https://repo.maven.apache.org/maven2/org/springframework/boot/spring-boot-test/3.3.0/spring-boot-test-3.3.0.pom
Progress (1): 1.0 kB
Progress (1): 2.2 kB
                    
Downloaded from central: https://repo.maven.apache.org/maven2/org/springframework/boot/spring-boot-test/3.3.0/spring-boot-test-3.3.0.pom (2.2 kB at 76 kB/s)
Downloading from central: https://repo.maven.apache.org/maven2/org/springframework/spring-test/6.1.8/spring-test-6.1.8.pom
Progress (1): 1.1 kB
Progress (1): 2.0 kB
                    
Downloaded from central: https://repo.maven.apache.org/maven2/org/springframework/spring-test/6.1.8/spring-test-6.1.8.pom (2.0 kB at 59 kB/s)
Downloading from central: https://repo.maven.apache.org/maven2/org/springframework/boot/spring-boot-test-autoconfigure/3.3.0/spring-boot-test-autoconfigure-3.3.0.pom
Progress (1): 1.0 kB
Progress (1): 2.5 kB
                    
Downloaded from central: https://repo.maven.apache.org/maven2/org/springframework/boot/spring-boot-test-autoconfigure/3.3.0/spring-boot-test-autoconfigure-3.3.0.pom (2.5 kB at 80 kB/s)
Downloading from central: https://repo.maven.apache.org/maven2/com/jayway/jsonpath/json-path/2.9.0/json-path-2.9.0.pom
Progress (1): 960 B
Progress (1): 1.9 kB
                    
Downloaded from central: https://repo.maven.apache.org/maven2/com/jayway/jsonpath/json-path/2.9.0/json-path-2.9.0.pom (1.9 kB at 50 kB/s)
Downloading from central: https://repo.maven.apache.org/maven2/net/minidev/json-smart/2.5.1/json-smart-2.5.1.pom
Progress (1): 780 B
Progress (1): 1.9 kB
Progress (1): 3.6 kB
Progress (1): 5.5 kB
Progress (1): 8.2 kB
Progress (1): 9.3 kB
                    
Downloaded from central: https://repo.maven.apache.org/maven2/net/minidev/json-smart/2.5.1/json-smart-2.5.1.pom (9.3 kB at 309 kB/s)
Downloading from central: https://repo.maven.apache.org/maven2/net/minidev/accessors-smart/2.5.1/accessors-smart-2.5.1.pom
Progress (1): 780 B
Progress (1): 2.4 kB
Progress (1): 4.3 kB
Progress (1): 7.1 kB
Progress (1): 11 kB 
Progress (1): 11 kB
                   
Downloaded from central: https://repo.maven.apache.org/maven2/net/minidev/accessors-smart/2.5.1/accessors-smart-2.5.1.pom (11 kB at 287 kB/s)
Downloading from central: https://repo.maven.apache.org/maven2/org/ow2/asm/asm/9.6/asm-9.6.pom
Progress (1): 1.3 kB
Progress (1): 2.4 kB
                    
Downloaded from central: https://repo.maven.apache.org/maven2/org/ow2/asm/asm/9.6/asm-9.6.pom (2.4 kB at 68 kB/s)
Downloading from central: https://repo.maven.apache.org/maven2/org/ow2/ow2/1.5.1/ow2-1.5.1.pom
Progress (1): 709 B
Progress (1): 2.1 kB
Progress (1): 3.6 kB
Progress (1): 5.7 kB
Progress (1): 8.1 kB
Progress (1): 11 kB 
                   
Downloaded from central: https://repo.maven.apache.org/maven2/org/ow2/ow2/1.5.1/ow2-1.5.1.pom (11 kB at 353 kB/s)
Downloading from central: https://repo.maven.apache.org/maven2/jakarta/xml/bind/jakarta.xml.bind-api/4.0.2/jakarta.xml.bind-api-4.0.2.pom
Progress (1): 845 B
Progress (1): 3.2 kB
Progress (1): 6.0 kB
Progress (1): 9.8 kB
Progress (1): 13 kB 
Progress (1): 13 kB
                   
Downloaded from central: https://repo.maven.apache.org/maven2/jakarta/xml/bind/jakarta.xml.bind-api/4.0.2/jakarta.xml.bind-api-4.0.2.pom (13 kB at 398 kB/s)
Downloading from central: https://repo.maven.apache.org/maven2/jakarta/xml/bind/jakarta.xml.bind-api-parent/4.0.2/jakarta.xml.bind-api-parent-4.0.2.pom
Progress (1): 897 B
Progress (1): 2.8 kB
Progress (1): 6.5 kB
Progress (1): 9.1 kB
                    
Downloaded from central: https://repo.maven.apache.org/maven2/jakarta/xml/bind/jakarta.xml.bind-api-parent/4.0.2/jakarta.xml.bind-api-parent-4.0.2.pom (9.1 kB at 295 kB/s)
Downloading from central: https://repo.maven.apache.org/maven2/jakarta/activation/jakarta.activation-api/2.1.3/jakarta.activation-api-2.1.3.pom
Progress (1): 857 B
Progress (1): 2.6 kB
Progress (1): 5.3 kB
Progress (1): 9.4 kB
Progress (1): 12 kB 
Progress (1): 17 kB
Progress (1): 19 kB
                   
Downloaded from central: https://repo.maven.apache.org/maven2/jakarta/activation/jakarta.activation-api/2.1.3/jakarta.activation-api-2.1.3.pom (19 kB at 441 kB/s)
Downloading from central: https://repo.maven.apache.org/maven2/org/assertj/assertj-core/3.25.3/assertj-core-3.25.3.pom
Progress (1): 1.1 kB
Progress (1): 3.8 kB
                    
Downloaded from central: https://repo.maven.apache.org/maven2/org/assertj/assertj-core/3.25.3/assertj-core-3.25.3.pom (3.8 kB at 116 kB/s)
Downloading from central: https://repo.maven.apache.org/maven2/net/bytebuddy/byte-buddy/1.14.16/byte-buddy-1.14.16.pom
Progress (1): 959 B
Progress (1): 3.7 kB
Progress (1): 7.0 kB
Progress (1): 14 kB 
Progress (1): 16 kB
                   
Downloaded from central: https://repo.maven.apache.org/maven2/net/bytebuddy/byte-buddy/1.14.16/byte-buddy-1.14.16.pom (16 kB at 468 kB/s)
Downloading from central: https://repo.maven.apache.org/maven2/net/bytebuddy/byte-buddy-parent/1.14.16/byte-buddy-parent-1.14.16.pom
Progress (1): 829 B
Progress (1): 2.1 kB
Progress (1): 3.6 kB
Progress (1): 6.2 kB
Progress (1): 8.1 kB
Progress (1): 11 kB 
Progress (1): 13 kB
Progress (1): 17 kB
Progress (1): 22 kB
Progress (1): 25 kB
Progress (1): 35 kB
Progress (1): 47 kB
Progress (1): 52 kB
Progress (1): 57 kB
Progress (1): 62 kB
                   
Downloaded from central: https://repo.maven.apache.org/maven2/net/bytebuddy/byte-buddy-parent/1.14.16/byte-buddy-parent-1.14.16.pom (62 kB at 1.6 MB/s)
Downloading from central: https://repo.maven.apache.org/maven2/org/awaitility/awaitility/4.2.1/awaitility-4.2.1.pom
Progress (1): 821 B
Progress (1): 3.0 kB
Progress (1): 3.5 kB
                    
Downloaded from central: https://repo.maven.apache.org/maven2/org/awaitility/awaitility/4.2.1/awaitility-4.2.1.pom (3.5 kB at 96 kB/s)
Downloading from central: https://repo.maven.apache.org/maven2/org/awaitility/awaitility-parent/4.2.1/awaitility-parent-4.2.1.pom
Progress (1): 827 B
Progress (1): 2.5 kB
Progress (1): 5.3 kB
Progress (1): 9.3 kB
Progress (1): 11 kB 
                   
Downloaded from central: https://repo.maven.apache.org/maven2/org/awaitility/awaitility-parent/4.2.1/awaitility-parent-4.2.1.pom (11 kB at 350 kB/s)
Downloading from central: https://repo.maven.apache.org/maven2/org/sonatype/oss/oss-parent/9/oss-parent-9.pom
Progress (1): 838 B
Progress (1): 2.7 kB
Progress (1): 6.5 kB
Progress (1): 6.6 kB
                    
Downloaded from central: https://repo.maven.apache.org/maven2/org/sonatype/oss/oss-parent/9/oss-parent-9.pom (6.6 kB at 178 kB/s)
Downloading from central: https://repo.maven.apache.org/maven2/org/hamcrest/hamcrest/2.2/hamcrest-2.2.pom
Progress (1): 1.1 kB
                    
Downloaded from central: https://repo.maven.apache.org/maven2/org/hamcrest/hamcrest/2.2/hamcrest-2.2.pom (1.1 kB at 26 kB/s)
Downloading from central: https://repo.maven.apache.org/maven2/org/junit/jupiter/junit-jupiter/5.10.2/junit-jupiter-5.10.2.pom
Progress (1): 944 B
Progress (1): 3.2 kB
                    
Downloaded from central: https://repo.maven.apache.org/maven2/org/junit/jupiter/junit-jupiter/5.10.2/junit-jupiter-5.10.2.pom (3.2 kB at 107 kB/s)
Downloading from central: https://repo.maven.apache.org/maven2/org/junit/jupiter/junit-jupiter-api/5.10.2/junit-jupiter-api-5.10.2.pom
Progress (1): 954 B
Progress (1): 3.2 kB
                    
Downloaded from central: https://repo.maven.apache.org/maven2/org/junit/jupiter/junit-jupiter-api/5.10.2/junit-jupiter-api-5.10.2.pom (3.2 kB at 106 kB/s)
Downloading from central: https://repo.maven.apache.org/maven2/org/opentest4j/opentest4j/1.3.0/opentest4j-1.3.0.pom
Progress (1): 996 B
Progress (1): 2.0 kB
                    
Downloaded from central: https://repo.maven.apache.org/maven2/org/opentest4j/opentest4j/1.3.0/opentest4j-1.3.0.pom (2.0 kB at 57 kB/s)
Downloading from central: https://repo.maven.apache.org/maven2/org/junit/platform/junit-platform-commons/1.10.2/junit-platform-commons-1.10.2.pom
Progress (1): 966 B
Progress (1): 2.8 kB
                    
Downloaded from central: https://repo.maven.apache.org/maven2/org/junit/platform/junit-platform-commons/1.10.2/junit-platform-commons-1.10.2.pom (2.8 kB at 105 kB/s)
Downloading from central: https://repo.maven.apache.org/maven2/org/apiguardian/apiguardian-api/1.1.2/apiguardian-api-1.1.2.pom
Progress (1): 1.0 kB
Progress (1): 1.5 kB
                    
Downloaded from central: https://repo.maven.apache.org/maven2/org/apiguardian/apiguardian-api/1.1.2/apiguardian-api-1.1.2.pom (1.5 kB at 41 kB/s)
Downloading from central: https://repo.maven.apache.org/maven2/org/junit/jupiter/junit-jupiter-params/5.10.2/junit-jupiter-params-5.10.2.pom
Progress (1): 964 B
Progress (1): 3.0 kB
                    
Downloaded from central: https://repo.maven.apache.org/maven2/org/junit/jupiter/junit-jupiter-params/5.10.2/junit-jupiter-params-5.10.2.pom (3.0 kB at 104 kB/s)
Downloading from central: https://repo.maven.apache.org/maven2/org/junit/jupiter/junit-jupiter-engine/5.10.2/junit-jupiter-engine-5.10.2.pom
Progress (1): 963 B
Progress (1): 3.2 kB
                    
Downloaded from central: https://repo.maven.apache.org/maven2/org/junit/jupiter/junit-jupiter-engine/5.10.2/junit-jupiter-engine-5.10.2.pom (3.2 kB at 92 kB/s)
Downloading from central: https://repo.maven.apache.org/maven2/org/junit/platform/junit-platform-engine/1.10.2/junit-platform-engine-1.10.2.pom
Progress (1): 957 B
Progress (1): 3.2 kB
                    
Downloaded from central: https://repo.maven.apache.org/maven2/org/junit/platform/junit-platform-engine/1.10.2/junit-platform-engine-1.10.2.pom (3.2 kB at 103 kB/s)
Downloading from central: https://repo.maven.apache.org/maven2/org/mockito/mockito-core/5.11.0/mockito-core-5.11.0.pom
Progress (1): 1.6 kB
Progress (1): 2.5 kB
                    
Downloaded from central: https://repo.maven.apache.org/maven2/org/mockito/mockito-core/5.11.0/mockito-core-5.11.0.pom (2.5 kB at 75 kB/s)
Downloading from central: https://repo.maven.apache.org/maven2/net/bytebuddy/byte-buddy-agent/1.14.16/byte-buddy-agent-1.14.16.pom
Progress (1): 1.2 kB
Progress (1): 3.6 kB
Progress (1): 6.2 kB
Progress (1): 10 kB 
                   
Downloaded from central: https://repo.maven.apache.org/maven2/net/bytebuddy/byte-buddy-agent/1.14.16/byte-buddy-agent-1.14.16.pom (10 kB at 349 kB/s)
Downloading from central: https://repo.maven.apache.org/maven2/org/objenesis/objenesis/3.3/objenesis-3.3.pom
Progress (1): 795 B
Progress (1): 2.5 kB
Progress (1): 3.0 kB
                    
Downloaded from central: https://repo.maven.apache.org/maven2/org/objenesis/objenesis/3.3/objenesis-3.3.pom (3.0 kB at 94 kB/s)
Downloading from central: https://repo.maven.apache.org/maven2/org/objenesis/objenesis-parent/3.3/objenesis-parent-3.3.pom
Progress (1): 741 B
Progress (1): 2.3 kB
Progress (1): 4.5 kB
Progress (1): 6.6 kB
Progress (1): 10 kB 
Progress (1): 13 kB
Progress (1): 18 kB
Progress (1): 19 kB
                   
Downloaded from central: https://repo.maven.apache.org/maven2/org/objenesis/objenesis-parent/3.3/objenesis-parent-3.3.pom (19 kB at 599 kB/s)
Downloading from central: https://repo.maven.apache.org/maven2/org/mockito/mockito-junit-jupiter/5.11.0/mockito-junit-jupiter-5.11.0.pom
Progress (1): 1.6 kB
Progress (1): 2.3 kB
                    
Downloaded from central: https://repo.maven.apache.org/maven2/org/mockito/mockito-junit-jupiter/5.11.0/mockito-junit-jupiter-5.11.0.pom (2.3 kB at 63 kB/s)
Downloading from central: https://repo.maven.apache.org/maven2/org/skyscreamer/jsonassert/1.5.1/jsonassert-1.5.1.pom
Progress (1): 1.1 kB
Progress (1): 4.0 kB
Progress (1): 5.2 kB
                    
Downloaded from central: https://repo.maven.apache.org/maven2/org/skyscreamer/jsonassert/1.5.1/jsonassert-1.5.1.pom (5.2 kB at 152 kB/s)
Downloading from central: https://repo.maven.apache.org/maven2/com/vaadin/external/google/android-json/0.0.20131108.vaadin1/android-json-0.0.20131108.vaadin1.pom
Progress (1): 1.1 kB
Progress (1): 2.8 kB
                    
Downloaded from central: https://repo.maven.apache.org/maven2/com/vaadin/external/google/android-json/0.0.20131108.vaadin1/android-json-0.0.20131108.vaadin1.pom (2.8 kB at 90 kB/s)
Downloading from central: https://repo.maven.apache.org/maven2/org/xmlunit/xmlunit-core/2.9.1/xmlunit-core-2.9.1.pom
Progress (1): 849 B
Progress (1): 2.4 kB
                    
Downloaded from central: https://repo.maven.apache.org/maven2/org/xmlunit/xmlunit-core/2.9.1/xmlunit-core-2.9.1.pom (2.4 kB at 38 kB/s)
Downloading from central: https://repo.maven.apache.org/maven2/org/xmlunit/xmlunit-parent/2.9.1/xmlunit-parent-2.9.1.pom
Progress (1): 781 B
Progress (1): 2.2 kB
Progress (1): 4.6 kB
Progress (1): 7.7 kB
Progress (1): 11 kB 
Progress (1): 13 kB
Progress (1): 17 kB
Progress (1): 21 kB
                   
Downloaded from central: https://repo.maven.apache.org/maven2/org/xmlunit/xmlunit-parent/2.9.1/xmlunit-parent-2.9.1.pom (21 kB at 717 kB/s)
Downloading from central: https://repo.maven.apache.org/maven2/org/projectlombok/lombok/1.18.30/lombok-1.18.30.jar
Progress (1): 0/2.0 MB
Progress (1): 0/2.0 MB
Progress (1): 0/2.0 MB
Progress (1): 0/2.0 MB
Progress (1): 0.1/2.0 MB
Progress (1): 0.1/2.0 MB
Progress (1): 0.1/2.0 MB
Progress (1): 0.1/2.0 MB
Progress (1): 0.1/2.0 MB
Progress (1): 0.1/2.0 MB
Progress (1): 0.1/2.0 MB
Progress (1): 0.2/2.0 MB
Progress (1): 0.2/2.0 MB
Progress (1): 0.2/2.0 MB
Progress (1): 0.2/2.0 MB
Progress (1): 0.2/2.0 MB
Progress (1): 0.2/2.0 MB
Progress (1): 0.2/2.0 MB
Progress (1): 0.3/2.0 MB
Progress (1): 0.3/2.0 MB
Progress (1): 0.3/2.0 MB
Progress (1): 0.3/2.0 MB
Progress (1): 0.3/2.0 MB
Progress (1): 0.3/2.0 MB
Progress (1): 0.4/2.0 MB
Progress (1): 0.4/2.0 MB
Progress (1): 0.4/2.0 MB
Progress (1): 0.4/2.0 MB
Progress (1): 0.4/2.0 MB
Progress (1): 0.4/2.0 MB
Progress (1): 0.5/2.0 MB
Progress (1): 0.5/2.0 MB
Progress (1): 0.5/2.0 MB
Progress (1): 0.5/2.0 MB
Progress (1): 0.5/2.0 MB
Progress (1): 0.5/2.0 MB
Progress (1): 0.6/2.0 MB
Progress (1): 0.6/2.0 MB
Progress (1): 0.6/2.0 MB
Progress (1): 0.6/2.0 MB
Progress (1): 0.6/2.0 MB
Progress (1): 0.6/2.0 MB
Progress (1): 0.7/2.0 MB
Progress (1): 0.7/2.0 MB
Progress (1): 0.7/2.0 MB
Progress (1): 0.7/2.0 MB
Progress (1): 0.7/2.0 MB
Progress (1): 0.7/2.0 MB
Progress (1): 0.8/2.0 MB
Progress (1): 0.8/2.0 MB
Progress (1): 0.8/2.0 MB
Progress (1): 0.8/2.0 MB
Progress (1): 0.8/2.0 MB
Progress (1): 0.8/2.0 MB
Progress (1): 0.9/2.0 MB
Progress (1): 0.9/2.0 MB
Progress (1): 0.9/2.0 MB
Progress (1): 0.9/2.0 MB
Progress (1): 0.9/2.0 MB
Progress (1): 0.9/2.0 MB
Progress (1): 1.0/2.0 MB
Progress (1): 1.0/2.0 MB
Progress (1): 1.0/2.0 MB
Progress (1): 1.0/2.0 MB
Progress (1): 1.0/2.0 MB
Progress (1): 1.0/2.0 MB
Progress (1): 1.0/2.0 MB
Progress (1): 1.1/2.0 MB
Progress (1): 1.1/2.0 MB
Progress (1): 1.1/2.0 MB
Progress (1): 1.1/2.0 MB
Progress (1): 1.1/2.0 MB
Progress (1): 1.1/2.0 MB
Progress (1): 1.2/2.0 MB
Progress (1): 1.2/2.0 MB
Progress (1): 1.2/2.0 MB
Progress (1): 1.2/2.0 MB
Progress (1): 1.2/2.0 MB
Progress (1): 1.2/2.0 MB
Progress (1): 1.3/2.0 MB
Progress (1): 1.3/2.0 MB
Progress (1): 1.3/2.0 MB
Progress (1): 1.3/2.0 MB
Progress (1): 1.3/2.0 MB
Progress (1): 1.3/2.0 MB
Progress (1): 1.3/2.0 MB
Progress (1): 1.4/2.0 MB
Progress (1): 1.4/2.0 MB
Progress (1): 1.4/2.0 MB
Progress (1): 1.4/2.0 MB
Progress (1): 1.4/2.0 MB
Progress (1): 1.4/2.0 MB
Progress (1): 1.5/2.0 MB
Progress (1): 1.5/2.0 MB
Progress (1): 1.5/2.0 MB
Progress (1): 1.5/2.0 MB
Progress (1): 1.5/2.0 MB
Progress (1): 1.5/2.0 MB
Progress (1): 1.6/2.0 MB
Progress (1): 1.6/2.0 MB
Progress (1): 1.6/2.0 MB
Progress (1): 1.6/2.0 MB
Progress (1): 1.6/2.0 MB
Progress (1): 1.6/2.0 MB
Progress (1): 1.7/2.0 MB
Progress (1): 1.7/2.0 MB
Progress (1): 1.7/2.0 MB
Progress (1): 1.7/2.0 MB
Progress (1): 1.7/2.0 MB
Progress (1): 1.7/2.0 MB
Progress (1): 1.8/2.0 MB
Progress (1): 1.8/2.0 MB
Progress (1): 1.8/2.0 MB
Progress (1): 1.8/2.0 MB
Progress (1): 1.8/2.0 MB
Progress (1): 1.8/2.0 MB
Progress (1): 1.9/2.0 MB
Progress (1): 1.9/2.0 MB
Progress (1): 1.9/2.0 MB
Progress (1): 1.9/2.0 MB
Progress (1): 1.9/2.0 MB
Progress (1): 1.9/2.0 MB
Progress (1): 2.0/2.0 MB
Progress (1): 2.0/2.0 MB
Progress (1): 2.0/2.0 MB
Progress (1): 2.0/2.0 MB
Progress (1): 2.0 MB    
                    
Downloaded from central: https://repo.maven.apache.org/maven2/org/projectlombok/lombok/1.18.30/lombok-1.18.30.jar (2.0 MB at 20 MB/s)
[INFO] 
[INFO] --- spring-boot:3.3.0:repackage (repackage) @ kinanow-platform ---
Downloading from central: https://repo.maven.apache.org/maven2/org/springframework/boot/spring-boot-buildpack-platform/3.3.0/spring-boot-buildpack-platform-3.3.0.pom
Progress (1): 971 B
Progress (1): 3.2 kB
                    
Downloaded from central: https://repo.maven.apache.org/maven2/org/springframework/boot/spring-boot-buildpack-platform/3.3.0/spring-boot-buildpack-platform-3.3.0.pom (3.2 kB at 115 kB/s)
Downloading from central: https://repo.maven.apache.org/maven2/com/fasterxml/jackson/core/jackson-databind/2.14.2/jackson-databind-2.14.2.pom
Progress (1): 976 B
Progress (1): 2.4 kB
Progress (1): 3.9 kB
Progress (1): 6.1 kB
Progress (1): 8.4 kB
Progress (1): 10 kB 
Progress (1): 14 kB
Progress (1): 16 kB
Progress (1): 18 kB
Progress (1): 19 kB
                   
Downloaded from central: https://repo.maven.apache.org/maven2/com/fasterxml/jackson/core/jackson-databind/2.14.2/jackson-databind-2.14.2.pom (19 kB at 672 kB/s)
Downloading from central: https://repo.maven.apache.org/maven2/com/fasterxml/jackson/jackson-base/2.14.2/jackson-base-2.14.2.pom
Progress (1): 922 B
Progress (1): 2.5 kB
Progress (1): 4.4 kB
Progress (1): 6.2 kB
Progress (1): 8.6 kB
Progress (1): 10 kB 
                   
Downloaded from central: https://repo.maven.apache.org/maven2/com/fasterxml/jackson/jackson-base/2.14.2/jackson-base-2.14.2.pom (10 kB at 330 kB/s)
Downloading from central: https://repo.maven.apache.org/maven2/com/fasterxml/jackson/jackson-bom/2.14.2/jackson-bom-2.14.2.pom
Progress (1): 931 B
Progress (1): 2.7 kB
Progress (1): 8.1 kB
Progress (1): 17 kB 
Progress (1): 17 kB
                   
Downloaded from central: https://repo.maven.apache.org/maven2/com/fasterxml/jackson/jackson-bom/2.14.2/jackson-bom-2.14.2.pom (17 kB at 648 kB/s)
Downloading from central: https://repo.maven.apache.org/maven2/com/fasterxml/jackson/jackson-parent/2.14/jackson-parent-2.14.pom
Progress (1): 1.1 kB
Progress (1): 2.6 kB
Progress (1): 4.0 kB
Progress (1): 6.5 kB
Progress (1): 7.7 kB
                    
Downloaded from central: https://repo.maven.apache.org/maven2/com/fasterxml/jackson/jackson-parent/2.14/jackson-parent-2.14.pom (7.7 kB at 255 kB/s)
Downloading from central: https://repo.maven.apache.org/maven2/com/fasterxml/oss-parent/48/oss-parent-48.pom
Progress (1): 954 B
Progress (1): 2.6 kB
Progress (1): 4.0 kB
Progress (1): 6.0 kB
Progress (1): 9.7 kB
Progress (1): 12 kB 
Progress (1): 15 kB
Progress (1): 18 kB
Progress (1): 21 kB
Progress (1): 24 kB
                   
Downloaded from central: https://repo.maven.apache.org/maven2/com/fasterxml/oss-parent/48/oss-parent-48.pom (24 kB at 990 kB/s)
Downloading from central: https://repo.maven.apache.org/maven2/com/fasterxml/jackson/core/jackson-annotations/2.14.2/jackson-annotations-2.14.2.pom
Progress (1): 946 B
Progress (1): 2.4 kB
Progress (1): 3.9 kB
Progress (1): 6.2 kB
                    
Downloaded from central: https://repo.maven.apache.org/maven2/com/fasterxml/jackson/core/jackson-annotations/2.14.2/jackson-annotations-2.14.2.pom (6.2 kB at 172 kB/s)
Downloading from central: https://repo.maven.apache.org/maven2/com/fasterxml/jackson/core/jackson-core/2.14.2/jackson-core-2.14.2.pom
Progress (1): 992 B
Progress (1): 2.4 kB
Progress (1): 4.0 kB
Progress (1): 6.0 kB
Progress (1): 7.0 kB
                    
Downloaded from central: https://repo.maven.apache.org/maven2/com/fasterxml/jackson/core/jackson-core/2.14.2/jackson-core-2.14.2.pom (7.0 kB at 234 kB/s)
Downloading from central: https://repo.maven.apache.org/maven2/com/fasterxml/jackson/module/jackson-module-parameter-names/2.14.2/jackson-module-parameter-names-2.14.2.pom
Progress (1): 973 B
Progress (1): 2.9 kB
Progress (1): 4.4 kB
                    
Downloaded from central: https://repo.maven.apache.org/maven2/com/fasterxml/jackson/module/jackson-module-parameter-names/2.14.2/jackson-module-parameter-names-2.14.2.pom (4.4 kB at 145 kB/s)
Downloading from central: https://repo.maven.apache.org/maven2/com/fasterxml/jackson/module/jackson-modules-java8/2.14.2/jackson-modules-java8-2.14.2.pom
Progress (1): 1.4 kB
Progress (1): 3.1 kB
                    
Downloaded from central: https://repo.maven.apache.org/maven2/com/fasterxml/jackson/module/jackson-modules-java8/2.14.2/jackson-modules-java8-2.14.2.pom (3.1 kB at 107 kB/s)
Downloading from central: https://repo.maven.apache.org/maven2/net/java/dev/jna/jna-platform/5.13.0/jna-platform-5.13.0.pom
Progress (1): 1.4 kB
Progress (1): 2.3 kB
                    
Downloaded from central: https://repo.maven.apache.org/maven2/net/java/dev/jna/jna-platform/5.13.0/jna-platform-5.13.0.pom (2.3 kB at 70 kB/s)
Downloading from central: https://repo.maven.apache.org/maven2/net/java/dev/jna/jna/5.13.0/jna-5.13.0.pom
Progress (1): 1.4 kB
Progress (1): 2.0 kB
                    
Downloaded from central: https://repo.maven.apache.org/maven2/net/java/dev/jna/jna/5.13.0/jna-5.13.0.pom (2.0 kB at 65 kB/s)
Downloading from central: https://repo.maven.apache.org/maven2/org/apache/commons/commons-compress/1.25.0/commons-compress-1.25.0.pom
Progress (1): 753 B
Progress (1): 1.9 kB
Progress (1): 3.5 kB
Progress (1): 6.8 kB
Progress (1): 9.5 kB
Progress (1): 11 kB 
Progress (1): 14 kB
Progress (1): 17 kB
Progress (1): 22 kB
Progress (1): 22 kB
                   
Downloaded from central: https://repo.maven.apache.org/maven2/org/apache/commons/commons-compress/1.25.0/commons-compress-1.25.0.pom (22 kB at 748 kB/s)
Downloading from central: https://repo.maven.apache.org/maven2/org/apache/commons/commons-parent/64/commons-parent-64.pom
Progress (1): 706 B
Progress (1): 1.9 kB
Progress (1): 3.1 kB
Progress (1): 4.7 kB
Progress (1): 6.4 kB
Progress (1): 8.4 kB
Progress (1): 10 kB 
Progress (1): 13 kB
Progress (1): 15 kB
Progress (1): 18 kB
Progress (1): 19 kB
Progress (1): 23 kB
Progress (1): 25 kB
Progress (1): 28 kB
Progress (1): 32 kB
Progress (1): 32 kB
Progress (1): 35 kB
Progress (1): 41 kB
Progress (1): 44 kB
Progress (1): 46 kB
Progress (1): 49 kB
Progress (1): 51 kB
Progress (1): 55 kB
Progress (1): 58 kB
Progress (1): 60 kB
Progress (1): 64 kB
Progress (1): 67 kB
Progress (1): 71 kB
Progress (1): 74 kB
Progress (1): 76 kB
Progress (1): 78 kB
                   
Downloaded from central: https://repo.maven.apache.org/maven2/org/apache/commons/commons-parent/64/commons-parent-64.pom (78 kB at 2.1 MB/s)
Downloading from central: https://repo.maven.apache.org/maven2/org/apache/apache/30/apache-30.pom
Progress (1): 743 B
Progress (1): 2.1 kB
Progress (1): 4.0 kB
Progress (1): 6.3 kB
Progress (1): 11 kB 
Progress (1): 16 kB
Progress (1): 20 kB
Progress (1): 22 kB
Progress (1): 23 kB
                   
Downloaded from central: https://repo.maven.apache.org/maven2/org/apache/apache/30/apache-30.pom (23 kB at 775 kB/s)
Downloading from central: https://repo.maven.apache.org/maven2/org/junit/junit-bom/5.10.0/junit-bom-5.10.0.pom
Progress (1): 913 B
Progress (1): 4.1 kB
Progress (1): 5.6 kB
                    
Downloaded from central: https://repo.maven.apache.org/maven2/org/junit/junit-bom/5.10.0/junit-bom-5.10.0.pom (5.6 kB at 182 kB/s)
Downloading from central: https://repo.maven.apache.org/maven2/org/apache/httpcomponents/client5/httpclient5/5.3.1/httpclient5-5.3.1.pom
Progress (1): 869 B
Progress (1): 3.2 kB
Progress (1): 5.5 kB
Progress (1): 6.0 kB
                    
Downloaded from central: https://repo.maven.apache.org/maven2/org/apache/httpcomponents/client5/httpclient5/5.3.1/httpclient5-5.3.1.pom (6.0 kB at 213 kB/s)
Downloading from central: https://repo.maven.apache.org/maven2/org/apache/httpcomponents/client5/httpclient5-parent/5.3.1/httpclient5-parent-5.3.1.pom
Progress (1): 837 B
Progress (1): 2.2 kB
Progress (1): 4.0 kB
Progress (1): 8.5 kB
Progress (1): 12 kB 
Progress (1): 15 kB
Progress (1): 17 kB
                   
Downloaded from central: https://repo.maven.apache.org/maven2/org/apache/httpcomponents/client5/httpclient5-parent/5.3.1/httpclient5-parent-5.3.1.pom (17 kB at 556 kB/s)
Downloading from central: https://repo.maven.apache.org/maven2/org/apache/httpcomponents/httpcomponents-parent/13/httpcomponents-parent-13.pom
Progress (1): 805 B
Progress (1): 2.1 kB
Progress (1): 4.1 kB
Progress (1): 5.9 kB
Progress (1): 7.1 kB
Progress (1): 8.5 kB
Progress (1): 12 kB 
Progress (1): 16 kB
Progress (1): 18 kB
Progress (1): 22 kB
Progress (1): 24 kB
Progress (1): 27 kB
Progress (1): 30 kB
Progress (1): 30 kB
                   
Downloaded from central: https://repo.maven.apache.org/maven2/org/apache/httpcomponents/httpcomponents-parent/13/httpcomponents-parent-13.pom (30 kB at 1.0 MB/s)
Downloading from central: https://repo.maven.apache.org/maven2/org/apache/apache/27/apache-27.pom
Progress (1): 745 B
Progress (1): 2.1 kB
Progress (1): 3.9 kB
Progress (1): 7.3 kB
Progress (1): 12 kB 
Progress (1): 16 kB
Progress (1): 19 kB
Progress (1): 20 kB
                   
Downloaded from central: https://repo.maven.apache.org/maven2/org/apache/apache/27/apache-27.pom (20 kB at 783 kB/s)
Downloading from central: https://repo.maven.apache.org/maven2/org/junit/junit-bom/5.10.1/junit-bom-5.10.1.pom
Progress (1): 908 B
Progress (1): 4.1 kB
Progress (1): 5.6 kB
                    
Downloaded from central: https://repo.maven.apache.org/maven2/org/junit/junit-bom/5.10.1/junit-bom-5.10.1.pom (5.6 kB at 177 kB/s)
Downloading from central: https://repo.maven.apache.org/maven2/org/apache/httpcomponents/core5/httpcore5/5.2.4/httpcore5-5.2.4.pom
Progress (1): 883 B
Progress (1): 2.9 kB
Progress (1): 3.9 kB
                    
Downloaded from central: https://repo.maven.apache.org/maven2/org/apache/httpcomponents/core5/httpcore5/5.2.4/httpcore5-5.2.4.pom (3.9 kB at 136 kB/s)
Downloading from central: https://repo.maven.apache.org/maven2/org/apache/httpcomponents/core5/httpcore5-parent/5.2.4/httpcore5-parent-5.2.4.pom
Progress (1): 847 B
Progress (1): 2.2 kB
Progress (1): 3.9 kB
Progress (1): 7.3 kB
Progress (1): 10 kB 
Progress (1): 14 kB
                   
Downloaded from central: https://repo.maven.apache.org/maven2/org/apache/httpcomponents/core5/httpcore5-parent/5.2.4/httpcore5-parent-5.2.4.pom (14 kB at 528 kB/s)
Downloading from central: https://repo.maven.apache.org/maven2/org/junit/junit-bom/5.9.3/junit-bom-5.9.3.pom
Progress (1): 907 B
Progress (1): 4.1 kB
Progress (1): 5.6 kB
                    
Downloaded from central: https://repo.maven.apache.org/maven2/org/junit/junit-bom/5.9.3/junit-bom-5.9.3.pom (5.6 kB at 217 kB/s)
Downloading from central: https://repo.maven.apache.org/maven2/org/apache/httpcomponents/core5/httpcore5-h2/5.2.4/httpcore5-h2-5.2.4.pom
Progress (1): 889 B
Progress (1): 3.1 kB
Progress (1): 3.6 kB
                    
Downloaded from central: https://repo.maven.apache.org/maven2/org/apache/httpcomponents/core5/httpcore5-h2/5.2.4/httpcore5-h2-5.2.4.pom (3.6 kB at 121 kB/s)
Downloading from central: https://repo.maven.apache.org/maven2/org/slf4j/slf4j-api/1.7.36/slf4j-api-1.7.36.pom
Progress (1): 1.0 kB
Progress (1): 2.7 kB
                    
Downloaded from central: https://repo.maven.apache.org/maven2/org/slf4j/slf4j-api/1.7.36/slf4j-api-1.7.36.pom (2.7 kB at 119 kB/s)
Downloading from central: https://repo.maven.apache.org/maven2/org/slf4j/slf4j-parent/1.7.36/slf4j-parent-1.7.36.pom
Progress (1): 1.0 kB
Progress (1): 3.0 kB
Progress (1): 5.9 kB
Progress (1): 8.7 kB
Progress (1): 12 kB 
Progress (1): 14 kB
                   
Downloaded from central: https://repo.maven.apache.org/maven2/org/slf4j/slf4j-parent/1.7.36/slf4j-parent-1.7.36.pom (14 kB at 522 kB/s)
Downloading from central: https://repo.maven.apache.org/maven2/org/springframework/spring-core/6.0.10/spring-core-6.0.10.pom
Progress (1): 1.1 kB
Progress (1): 2.0 kB
                    
Downloaded from central: https://repo.maven.apache.org/maven2/org/springframework/spring-core/6.0.10/spring-core-6.0.10.pom (2.0 kB at 75 kB/s)
Downloading from central: https://repo.maven.apache.org/maven2/org/springframework/spring-jcl/6.0.10/spring-jcl-6.0.10.pom
Progress (1): 1.1 kB
Progress (1): 1.8 kB
                    
Downloaded from central: https://repo.maven.apache.org/maven2/org/springframework/spring-jcl/6.0.10/spring-jcl-6.0.10.pom (1.8 kB at 68 kB/s)
Downloading from central: https://repo.maven.apache.org/maven2/org/tomlj/tomlj/1.0.0/tomlj-1.0.0.pom
Progress (1): 1.2 kB
Progress (1): 2.8 kB
                    
Downloaded from central: https://repo.maven.apache.org/maven2/org/tomlj/tomlj/1.0.0/tomlj-1.0.0.pom (2.8 kB at 53 kB/s)
Downloading from central: https://repo.maven.apache.org/maven2/org/antlr/antlr4-runtime/4.7.2/antlr4-runtime-4.7.2.pom
Progress (1): 915 B
Progress (1): 3.3 kB
Progress (1): 3.6 kB
                    
Downloaded from central: https://repo.maven.apache.org/maven2/org/antlr/antlr4-runtime/4.7.2/antlr4-runtime-4.7.2.pom (3.6 kB at 103 kB/s)
Downloading from central: https://repo.maven.apache.org/maven2/org/antlr/antlr4-master/4.7.2/antlr4-master-4.7.2.pom
Progress (1): 1.0 kB
Progress (1): 2.9 kB
Progress (1): 4.4 kB
                    
Downloaded from central: https://repo.maven.apache.org/maven2/org/antlr/antlr4-master/4.7.2/antlr4-master-4.7.2.pom (4.4 kB at 157 kB/s)
Downloading from central: https://repo.maven.apache.org/maven2/com/google/code/findbugs/jsr305/3.0.2/jsr305-3.0.2.pom
Progress (1): 1.0 kB
Progress (1): 3.7 kB
Progress (1): 4.3 kB
                    
Downloaded from central: https://repo.maven.apache.org/maven2/com/google/code/findbugs/jsr305/3.0.2/jsr305-3.0.2.pom (4.3 kB at 143 kB/s)
Downloading from central: https://repo.maven.apache.org/maven2/org/springframework/boot/spring-boot-loader-tools/3.3.0/spring-boot-loader-tools-3.3.0.pom
Progress (1): 1.0 kB
Progress (1): 2.2 kB
                    
Downloaded from central: https://repo.maven.apache.org/maven2/org/springframework/boot/spring-boot-loader-tools/3.3.0/spring-boot-loader-tools-3.3.0.pom (2.2 kB at 83 kB/s)
Downloading from central: https://repo.maven.apache.org/maven2/org/apache/maven/shared/maven-common-artifact-filters/3.3.2/maven-common-artifact-filters-3.3.2.pom
Progress (1): 791 B
Progress (1): 2.3 kB
Progress (1): 5.3 kB
                    
Downloaded from central: https://repo.maven.apache.org/maven2/org/apache/maven/shared/maven-common-artifact-filters/3.3.2/maven-common-artifact-filters-3.3.2.pom (5.3 kB at 151 kB/s)
Downloading from central: https://repo.maven.apache.org/maven2/org/apache/maven/shared/maven-shared-components/37/maven-shared-components-37.pom
Progress (1): 781 B
Progress (1): 2.3 kB
Progress (1): 4.5 kB
Progress (1): 4.9 kB
                    
Downloaded from central: https://repo.maven.apache.org/maven2/org/apache/maven/shared/maven-shared-components/37/maven-shared-components-37.pom (4.9 kB at 158 kB/s)
Downloading from central: https://repo.maven.apache.org/maven2/org/apache/maven/maven-parent/37/maven-parent-37.pom
Progress (1): 721 B
Progress (1): 1.9 kB
Progress (1): 5.4 kB
Progress (1): 9.5 kB
Progress (1): 14 kB 
Progress (1): 19 kB
Progress (1): 23 kB
Progress (1): 26 kB
Progress (1): 28 kB
Progress (1): 30 kB
Progress (1): 34 kB
Progress (1): 37 kB
Progress (1): 40 kB
Progress (1): 45 kB
Progress (1): 46 kB
                   
Downloaded from central: https://repo.maven.apache.org/maven2/org/apache/maven/maven-parent/37/maven-parent-37.pom (46 kB at 1.4 MB/s)
Downloading from central: https://repo.maven.apache.org/maven2/io/micrometer/micrometer-observation/1.12.6/micrometer-observation-1.12.6.pom
Progress (1): 1.1 kB
Progress (1): 3.4 kB
Progress (1): 3.8 kB
                    
Downloaded from central: https://repo.maven.apache.org/maven2/io/micrometer/micrometer-observation/1.12.6/micrometer-observation-1.12.6.pom (3.8 kB at 148 kB/s)
Downloading from central: https://repo.maven.apache.org/maven2/io/micrometer/micrometer-commons/1.12.6/micrometer-commons-1.12.6.pom
Progress (1): 1.1 kB
Progress (1): 3.1 kB
Progress (1): 3.4 kB
                    
Downloaded from central: https://repo.maven.apache.org/maven2/io/micrometer/micrometer-commons/1.12.6/micrometer-commons-1.12.6.pom (3.4 kB at 107 kB/s)
Downloading from central: https://repo.maven.apache.org/maven2/org/sonatype/plexus/plexus-build-api/0.0.7/plexus-build-api-0.0.7.pom
Progress (1): 910 B
Progress (1): 3.2 kB
                    
Downloaded from central: https://repo.maven.apache.org/maven2/org/sonatype/plexus/plexus-build-api/0.0.7/plexus-build-api-0.0.7.pom (3.2 kB at 92 kB/s)
Downloading from central: https://repo.maven.apache.org/maven2/org/sonatype/spice/spice-parent/15/spice-parent-15.pom
Progress (1): 1.2 kB
Progress (1): 3.7 kB
Progress (1): 7.3 kB
Progress (1): 8.4 kB
                    
Downloaded from central: https://repo.maven.apache.org/maven2/org/sonatype/spice/spice-parent/15/spice-parent-15.pom (8.4 kB at 246 kB/s)
Downloading from central: https://repo.maven.apache.org/maven2/org/sonatype/forge/forge-parent/5/forge-parent-5.pom
Progress (1): 1.3 kB
Progress (1): 5.5 kB
Progress (1): 8.4 kB
                    
Downloaded from central: https://repo.maven.apache.org/maven2/org/sonatype/forge/forge-parent/5/forge-parent-5.pom (8.4 kB at 310 kB/s)
Downloading from central: https://repo.maven.apache.org/maven2/org/codehaus/plexus/plexus-utils/1.5.8/plexus-utils-1.5.8.pom
Progress (1): 994 B
Progress (1): 5.0 kB
Progress (1): 8.1 kB
                    
Downloaded from central: https://repo.maven.apache.org/maven2/org/codehaus/plexus/plexus-utils/1.5.8/plexus-utils-1.5.8.pom (8.1 kB at 230 kB/s)
Downloading from central: https://repo.maven.apache.org/maven2/org/codehaus/plexus/plexus/2.0.2/plexus-2.0.2.pom
Progress (1): 1.1 kB
Progress (1): 3.9 kB
Progress (1): 7.5 kB
Progress (1): 11 kB 
Progress (1): 12 kB
                   
Downloaded from central: https://repo.maven.apache.org/maven2/org/codehaus/plexus/plexus/2.0.2/plexus-2.0.2.pom (12 kB at 352 kB/s)
Downloading from central: https://repo.maven.apache.org/maven2/org/apache/maven/plugins/maven-shade-plugin/3.5.0/maven-shade-plugin-3.5.0.pom
Progress (1): 764 B
Progress (1): 2.3 kB
Progress (1): 4.8 kB
Progress (1): 8.4 kB
Progress (1): 11 kB 
Progress (1): 12 kB
                   
Downloaded from central: https://repo.maven.apache.org/maven2/org/apache/maven/plugins/maven-shade-plugin/3.5.0/maven-shade-plugin-3.5.0.pom (12 kB at 336 kB/s)
Downloading from central: https://repo.maven.apache.org/maven2/org/apache/maven/plugins/maven-plugins/39/maven-plugins-39.pom
Progress (1): 773 B
Progress (1): 2.3 kB
Progress (1): 4.9 kB
Progress (1): 7.4 kB
Progress (1): 8.1 kB
                    
Downloaded from central: https://repo.maven.apache.org/maven2/org/apache/maven/plugins/maven-plugins/39/maven-plugins-39.pom (8.1 kB at 289 kB/s)
Downloading from central: https://repo.maven.apache.org/maven2/org/apache/maven/maven-parent/39/maven-parent-39.pom
Progress (1): 724 B
Progress (1): 1.9 kB
Progress (1): 5.5 kB
Progress (1): 9.8 kB
Progress (1): 14 kB 
Progress (1): 19 kB
Progress (1): 23 kB
Progress (1): 26 kB
Progress (1): 28 kB
Progress (1): 31 kB
Progress (1): 34 kB
Progress (1): 37 kB
Progress (1): 40 kB
Progress (1): 43 kB
Progress (1): 48 kB
                   
Downloaded from central: https://repo.maven.apache.org/maven2/org/apache/maven/maven-parent/39/maven-parent-39.pom (48 kB at 607 kB/s)
Downloading from central: https://repo.maven.apache.org/maven2/org/codehaus/plexus/plexus-utils/3.5.1/plexus-utils-3.5.1.pom
Progress (1): 726 B
Progress (1): 2.4 kB
Progress (1): 4.4 kB
Progress (1): 8.6 kB
Progress (1): 8.8 kB
                    
Downloaded from central: https://repo.maven.apache.org/maven2/org/codehaus/plexus/plexus-utils/3.5.1/plexus-utils-3.5.1.pom (8.8 kB at 237 kB/s)
Downloading from central: https://repo.maven.apache.org/maven2/org/codehaus/plexus/plexus/10/plexus-10.pom
Progress (1): 696 B
Progress (1): 2.7 kB
Progress (1): 6.4 kB
Progress (1): 9.2 kB
Progress (1): 11 kB 
Progress (1): 16 kB
Progress (1): 20 kB
Progress (1): 24 kB
Progress (1): 25 kB
                   
Downloaded from central: https://repo.maven.apache.org/maven2/org/codehaus/plexus/plexus/10/plexus-10.pom (25 kB at 819 kB/s)
Downloading from central: https://repo.maven.apache.org/maven2/org/slf4j/slf4j-api/1.7.32/slf4j-api-1.7.32.pom
Progress (1): 1.0 kB
Progress (1): 3.3 kB
Progress (1): 3.8 kB
                    
Downloaded from central: https://repo.maven.apache.org/maven2/org/slf4j/slf4j-api/1.7.32/slf4j-api-1.7.32.pom (3.8 kB at 128 kB/s)
Downloading from central: https://repo.maven.apache.org/maven2/org/slf4j/slf4j-parent/1.7.32/slf4j-parent-1.7.32.pom
Progress (1): 1.0 kB
Progress (1): 3.2 kB
Progress (1): 6.0 kB
Progress (1): 9.1 kB
Progress (1): 12 kB 
Progress (1): 14 kB
                   
Downloaded from central: https://repo.maven.apache.org/maven2/org/slf4j/slf4j-parent/1.7.32/slf4j-parent-1.7.32.pom (14 kB at 476 kB/s)
Downloading from central: https://repo.maven.apache.org/maven2/org/ow2/asm/asm/9.5/asm-9.5.pom
Progress (1): 1.3 kB
Progress (1): 2.4 kB
                    
Downloaded from central: https://repo.maven.apache.org/maven2/org/ow2/asm/asm/9.5/asm-9.5.pom (2.4 kB at 43 kB/s)
Downloading from central: https://repo.maven.apache.org/maven2/org/ow2/asm/asm-commons/9.5/asm-commons-9.5.pom
Progress (1): 1.1 kB
Progress (1): 2.8 kB
                    
Downloaded from central: https://repo.maven.apache.org/maven2/org/ow2/asm/asm-commons/9.5/asm-commons-9.5.pom (2.8 kB at 90 kB/s)
Downloading from central: https://repo.maven.apache.org/maven2/org/ow2/asm/asm-tree/9.5/asm-tree-9.5.pom
Progress (1): 1.1 kB
Progress (1): 2.6 kB
                    
Downloaded from central: https://repo.maven.apache.org/maven2/org/ow2/asm/asm-tree/9.5/asm-tree-9.5.pom (2.6 kB at 84 kB/s)
Downloading from central: https://repo.maven.apache.org/maven2/org/jdom/jdom2/2.0.6.1/jdom2-2.0.6.1.pom
Progress (1): 956 B
Progress (1): 2.2 kB
Progress (1): 3.2 kB
Progress (1): 4.6 kB
                    
Downloaded from central: https://repo.maven.apache.org/maven2/org/jdom/jdom2/2.0.6.1/jdom2-2.0.6.1.pom (4.6 kB at 144 kB/s)
Downloading from central: https://repo.maven.apache.org/maven2/org/apache/maven/shared/maven-dependency-tree/3.2.1/maven-dependency-tree-3.2.1.pom
Progress (1): 786 B
Progress (1): 2.2 kB
Progress (1): 4.4 kB
Progress (1): 6.2 kB
                    
Downloaded from central: https://repo.maven.apache.org/maven2/org/apache/maven/shared/maven-dependency-tree/3.2.1/maven-dependency-tree-3.2.1.pom (6.2 kB at 215 kB/s)
Downloading from central: https://repo.maven.apache.org/maven2/org/eclipse/aether/aether-util/1.0.0.v20140518/aether-util-1.0.0.v20140518.pom
Progress (1): 937 B
Progress (1): 2.2 kB
                    
Downloaded from central: https://repo.maven.apache.org/maven2/org/eclipse/aether/aether-util/1.0.0.v20140518/aether-util-1.0.0.v20140518.pom (2.2 kB at 73 kB/s)
Downloading from central: https://repo.maven.apache.org/maven2/org/eclipse/aether/aether/1.0.0.v20140518/aether-1.0.0.v20140518.pom
Progress (1): 798 B
Progress (1): 3.2 kB
Progress (1): 5.1 kB
Progress (1): 9.1 kB
Progress (1): 12 kB 
Progress (1): 17 kB
Progress (1): 20 kB
Progress (1): 23 kB
Progress (1): 28 kB
Progress (1): 30 kB
                   
Downloaded from central: https://repo.maven.apache.org/maven2/org/eclipse/aether/aether/1.0.0.v20140518/aether-1.0.0.v20140518.pom (30 kB at 942 kB/s)
Downloading from central: https://repo.maven.apache.org/maven2/org/eclipse/aether/aether-api/1.0.0.v20140518/aether-api-1.0.0.v20140518.pom
Progress (1): 938 B
Progress (1): 1.9 kB
                    
Downloaded from central: https://repo.maven.apache.org/maven2/org/eclipse/aether/aether-api/1.0.0.v20140518/aether-api-1.0.0.v20140518.pom (1.9 kB at 61 kB/s)
Downloading from central: https://repo.maven.apache.org/maven2/commons-io/commons-io/2.13.0/commons-io-2.13.0.pom
Progress (1): 771 B
Progress (1): 2.1 kB
Progress (1): 5.2 kB
Progress (1): 7.9 kB
Progress (1): 10 kB 
Progress (1): 12 kB
Progress (1): 15 kB
Progress (1): 18 kB
Progress (1): 20 kB
                   
Downloaded from central: https://repo.maven.apache.org/maven2/commons-io/commons-io/2.13.0/commons-io-2.13.0.pom (20 kB at 677 kB/s)
Downloading from central: https://repo.maven.apache.org/maven2/org/apache/commons/commons-parent/58/commons-parent-58.pom
Progress (1): 707 B
Progress (1): 1.9 kB
Progress (1): 3.1 kB
Progress (1): 4.6 kB
Progress (1): 6.5 kB
Progress (1): 8.4 kB
Progress (1): 10 kB 
Progress (1): 12 kB
Progress (1): 15 kB
Progress (1): 18 kB
Progress (1): 20 kB
Progress (1): 23 kB
Progress (1): 26 kB
Progress (1): 29 kB
Progress (1): 33 kB
Progress (1): 33 kB
Progress (1): 36 kB
Progress (1): 41 kB
Progress (1): 44 kB
Progress (1): 47 kB
Progress (1): 49 kB
Progress (1): 52 kB
Progress (1): 55 kB
Progress (1): 58 kB
Progress (1): 61 kB
Progress (1): 64 kB
Progress (1): 67 kB
Progress (1): 73 kB
Progress (1): 76 kB
Progress (1): 80 kB
Progress (1): 83 kB
                   
Downloaded from central: https://repo.maven.apache.org/maven2/org/apache/commons/commons-parent/58/commons-parent-58.pom (83 kB at 2.4 MB/s)
Downloading from central: https://repo.maven.apache.org/maven2/org/vafer/jdependency/2.8.0/jdependency-2.8.0.pom
Progress (1): 1.1 kB
Progress (1): 5.0 kB
Progress (1): 8.6 kB
Progress (1): 13 kB 
Progress (1): 14 kB
                   
Downloaded from central: https://repo.maven.apache.org/maven2/org/vafer/jdependency/2.8.0/jdependency-2.8.0.pom (14 kB at 463 kB/s)
Downloading from central: https://repo.maven.apache.org/maven2/org/apache/commons/commons-collections4/4.4/commons-collections4-4.4.pom
Progress (1): 763 B
Progress (1): 2.2 kB
Progress (1): 5.1 kB
Progress (1): 8.9 kB
Progress (1): 12 kB 
Progress (1): 14 kB
Progress (1): 16 kB
Progress (1): 19 kB
Progress (1): 22 kB
Progress (1): 24 kB
                   
Downloaded from central: https://repo.maven.apache.org/maven2/org/apache/commons/commons-collections4/4.4/commons-collections4-4.4.pom (24 kB at 767 kB/s)
Downloading from central: https://repo.maven.apache.org/maven2/org/apache/commons/commons-parent/48/commons-parent-48.pom
Progress (1): 704 B
Progress (1): 1.9 kB
Progress (1): 3.2 kB
Progress (1): 4.7 kB
Progress (1): 8.4 kB
Progress (1): 11 kB 
Progress (1): 14 kB
Progress (1): 17 kB
Progress (1): 21 kB
Progress (1): 24 kB
Progress (1): 26 kB
Progress (1): 29 kB
Progress (1): 32 kB
Progress (1): 36 kB
Progress (1): 38 kB
Progress (1): 39 kB
Progress (1): 41 kB
Progress (1): 45 kB
Progress (1): 50 kB
Progress (1): 55 kB
Progress (1): 59 kB
Progress (1): 62 kB
Progress (1): 64 kB
Progress (1): 66 kB
Progress (1): 68 kB
Progress (1): 70 kB
Progress (1): 72 kB
Progress (1): 72 kB
                   
Downloaded from central: https://repo.maven.apache.org/maven2/org/apache/commons/commons-parent/48/commons-parent-48.pom (72 kB at 2.3 MB/s)
Downloading from central: https://repo.maven.apache.org/maven2/org/apache/apache/21/apache-21.pom
Progress (1): 753 B
Progress (1): 2.1 kB
Progress (1): 3.9 kB
Progress (1): 8.3 kB
Progress (1): 13 kB 
Progress (1): 16 kB
Progress (1): 17 kB
                   
Downloaded from central: https://repo.maven.apache.org/maven2/org/apache/apache/21/apache-21.pom (17 kB at 535 kB/s)
Downloading from central: https://repo.maven.apache.org/maven2/org/springframework/boot/spring-boot-buildpack-platform/3.3.0/spring-boot-buildpack-platform-3.3.0.jar
Downloading from central: https://repo.maven.apache.org/maven2/com/fasterxml/jackson/core/jackson-databind/2.14.2/jackson-databind-2.14.2.jar
Downloading from central: https://repo.maven.apache.org/maven2/com/fasterxml/jackson/core/jackson-annotations/2.14.2/jackson-annotations-2.14.2.jar
Downloading from central: https://repo.maven.apache.org/maven2/com/fasterxml/jackson/core/jackson-core/2.14.2/jackson-core-2.14.2.jar
Downloading from central: https://repo.maven.apache.org/maven2/com/fasterxml/jackson/module/jackson-module-parameter-names/2.14.2/jackson-module-parameter-names-2.14.2.jar
Progress (1): 0/1.6 MB
Progress (1): 0/1.6 MB
Progress (1): 0/1.6 MB
Progress (1): 0/1.6 MB
Progress (1): 0.1/1.6 MB
Progress (1): 0.1/1.6 MB
Progress (1): 0.1/1.6 MB
Progress (1): 0.1/1.6 MB
Progress (1): 0.1/1.6 MB
Progress (1): 0.1/1.6 MB
Progress (1): 0.2/1.6 MB
Progress (1): 0.2/1.6 MB
Progress (1): 0.2/1.6 MB
Progress (1): 0.2/1.6 MB
Progress (1): 0.2/1.6 MB
Progress (1): 0.2/1.6 MB
Progress (1): 0.3/1.6 MB
Progress (1): 0.3/1.6 MB
Progress (1): 0.3/1.6 MB
Progress (1): 0.3/1.6 MB
Progress (1): 0.3/1.6 MB
Progress (1): 0.3/1.6 MB
Progress (1): 0.4/1.6 MB
Progress (1): 0.4/1.6 MB
Progress (1): 0.4/1.6 MB
Progress (1): 0.4/1.6 MB
Progress (1): 0.4/1.6 MB
Progress (1): 0.4/1.6 MB
Progress (1): 0.5/1.6 MB
Progress (1): 0.5/1.6 MB
Progress (1): 0.5/1.6 MB
Progress (1): 0.5/1.6 MB
Progress (1): 0.5/1.6 MB
Progress (1): 0.5/1.6 MB
Progress (1): 0.6/1.6 MB
Progress (1): 0.6/1.6 MB
Progress (1): 0.6/1.6 MB
Progress (1): 0.6/1.6 MB
Progress (2): 0.6/1.6 MB | 0.9/459 kB
Progress (2): 0.6/1.6 MB | 2.3/459 kB
Progress (2): 0.6/1.6 MB | 3.6/459 kB
Progress (2): 0.6/1.6 MB | 5.0/459 kB
Progress (2): 0.6/1.6 MB | 5.0/459 kB
Progress (2): 0.6/1.6 MB | 6.4/459 kB
Progress (2): 0.6/1.6 MB | 7.7/459 kB
Progress (2): 0.6/1.6 MB | 9.1/459 kB
Progress (2): 0.6/1.6 MB | 10/459 kB 
Progress (2): 0.6/1.6 MB | 12/459 kB
Progress (2): 0.6/1.6 MB | 13/459 kB
Progress (2): 0.6/1.6 MB | 13/459 kB
Progress (2): 0.6/1.6 MB | 14/459 kB
Progress (2): 0.7/1.6 MB | 14/459 kB
Progress (3): 0.7/1.6 MB | 14/459 kB | 0.9/287 kB
Progress (3): 0.7/1.6 MB | 14/459 kB | 2.3/287 kB
Progress (3): 0.7/1.6 MB | 14/459 kB | 3.6/287 kB
Progress (3): 0.7/1.6 MB | 14/459 kB | 5.0/287 kB
Progress (3): 0.7/1.6 MB | 14/459 kB | 6.4/287 kB
Progress (3): 0.7/1.6 MB | 14/459 kB | 7.7/287 kB
Progress (3): 0.7/1.6 MB | 14/459 kB | 9.1/287 kB
Progress (3): 0.7/1.6 MB | 14/459 kB | 9.1/287 kB
Progress (3): 0.7/1.6 MB | 14/459 kB | 10/287 kB 
Progress (3): 0.7/1.6 MB | 14/459 kB | 10/287 kB
Progress (3): 0.7/1.6 MB | 14/459 kB | 10/287 kB
Progress (3): 0.7/1.6 MB | 14/459 kB | 12/287 kB
Progress (3): 0.7/1.6 MB | 14/459 kB | 12/287 kB
Progress (3): 0.7/1.6 MB | 14/459 kB | 13/287 kB
Progress (3): 0.7/1.6 MB | 16/459 kB | 13/287 kB
Progress (3): 0.7/1.6 MB | 17/459 kB | 13/287 kB
Progress (3): 0.7/1.6 MB | 18/459 kB | 13/287 kB
Progress (3): 0.7/1.6 MB | 20/459 kB | 13/287 kB
Progress (3): 0.7/1.6 MB | 21/459 kB | 13/287 kB
Progress (3): 0.7/1.6 MB | 22/459 kB | 13/287 kB
Progress (3): 0.7/1.6 MB | 22/459 kB | 13/287 kB
Progress (3): 0.7/1.6 MB | 24/459 kB | 13/287 kB
Progress (3): 0.7/1.6 MB | 25/459 kB | 13/287 kB
Progress (3): 0.7/1.6 MB | 27/459 kB | 13/287 kB
Progress (3): 0.7/1.6 MB | 28/459 kB | 13/287 kB
Progress (3): 0.7/1.6 MB | 29/459 kB | 13/287 kB
Progress (3): 0.7/1.6 MB | 31/459 kB | 13/287 kB
Progress (3): 0.7/1.6 MB | 32/459 kB | 13/287 kB
Progress (3): 0.7/1.6 MB | 33/459 kB | 13/287 kB
Progress (3): 0.7/1.6 MB | 35/459 kB | 13/287 kB
Progress (3): 0.7/1.6 MB | 36/459 kB | 13/287 kB
Progress (3): 0.7/1.6 MB | 38/459 kB | 13/287 kB
Progress (3): 0.8/1.6 MB | 38/459 kB | 13/287 kB
Progress (3): 0.8/1.6 MB | 39/459 kB | 13/287 kB
Progress (3): 0.8/1.6 MB | 39/459 kB | 13/287 kB
Progress (3): 0.8/1.6 MB | 39/459 kB | 13/287 kB
Progress (3): 0.8/1.6 MB | 39/459 kB | 13/287 kB
Progress (3): 0.8/1.6 MB | 39/459 kB | 13/287 kB
Progress (3): 0.8/1.6 MB | 40/459 kB | 13/287 kB
Progress (3): 0.8/1.6 MB | 40/459 kB | 15/287 kB
Progress (3): 0.8/1.6 MB | 42/459 kB | 15/287 kB
Progress (3): 0.8/1.6 MB | 43/459 kB | 15/287 kB
Progress (3): 0.8/1.6 MB | 44/459 kB | 15/287 kB
Progress (3): 0.8/1.6 MB | 46/459 kB | 15/287 kB
Progress (3): 0.8/1.6 MB | 46/459 kB | 15/287 kB
Progress (3): 0.8/1.6 MB | 47/459 kB | 15/287 kB
Progress (3): 0.9/1.6 MB | 47/459 kB | 15/287 kB
Progress (3): 0.9/1.6 MB | 47/459 kB | 16/287 kB
Progress (3): 0.9/1.6 MB | 47/459 kB | 17/287 kB
Progress (3): 0.9/1.6 MB | 47/459 kB | 19/287 kB
Progress (3): 0.9/1.6 MB | 47/459 kB | 20/287 kB
Progress (3): 0.9/1.6 MB | 47/459 kB | 21/287 kB
Progress (3): 0.9/1.6 MB | 47/459 kB | 23/287 kB
Progress (3): 0.9/1.6 MB | 47/459 kB | 24/287 kB
Progress (3): 0.9/1.6 MB | 47/459 kB | 26/287 kB
Progress (3): 0.9/1.6 MB | 47/459 kB | 27/287 kB
Progress (3): 0.9/1.6 MB | 47/459 kB | 28/287 kB
Progress (3): 0.9/1.6 MB | 47/459 kB | 28/287 kB
Progress (3): 0.9/1.6 MB | 47/459 kB | 30/287 kB
Progress (3): 0.9/1.6 MB | 47/459 kB | 31/287 kB
Progress (3): 0.9/1.6 MB | 47/459 kB | 32/287 kB
Progress (3): 0.9/1.6 MB | 47/459 kB | 34/287 kB
Progress (3): 0.9/1.6 MB | 48/459 kB | 34/287 kB
Progress (3): 0.9/1.6 MB | 48/459 kB | 35/287 kB
Progress (3): 0.9/1.6 MB | 48/459 kB | 36/287 kB
Progress (3): 0.9/1.6 MB | 48/459 kB | 38/287 kB
Progress (3): 0.9/1.6 MB | 50/459 kB | 38/287 kB
Progress (3): 0.9/1.6 MB | 50/459 kB | 39/287 kB
Progress (3): 0.9/1.6 MB | 51/459 kB | 39/287 kB
Progress (3): 0.9/1.6 MB | 51/459 kB | 41/287 kB
Progress (3): 0.9/1.6 MB | 53/459 kB | 41/287 kB
Progress (3): 0.9/1.6 MB | 53/459 kB | 42/287 kB
Progress (3): 0.9/1.6 MB | 54/459 kB | 42/287 kB
Progress (3): 0.9/1.6 MB | 54/459 kB | 43/287 kB
Progress (3): 0.9/1.6 MB | 54/459 kB | 45/287 kB
Progress (3): 0.9/1.6 MB | 55/459 kB | 45/287 kB
Progress (3): 0.9/1.6 MB | 55/459 kB | 46/287 kB
Progress (3): 0.9/1.6 MB | 60/459 kB | 46/287 kB
Progress (3): 0.9/1.6 MB | 64/459 kB | 46/287 kB
Progress (3): 0.9/1.6 MB | 68/459 kB | 46/287 kB
Progress (3): 0.9/1.6 MB | 72/459 kB | 46/287 kB
Progress (3): 0.9/1.6 MB | 76/459 kB | 46/287 kB
Progress (3): 0.9/1.6 MB | 81/459 kB | 46/287 kB
Progress (3): 0.9/1.6 MB | 85/459 kB | 46/287 kB
Progress (3): 0.9/1.6 MB | 89/459 kB | 46/287 kB
Progress (3): 0.9/1.6 MB | 93/459 kB | 46/287 kB
Progress (3): 0.9/1.6 MB | 93/459 kB | 46/287 kB
Progress (3): 0.9/1.6 MB | 98/459 kB | 46/287 kB
Progress (3): 0.9/1.6 MB | 98/459 kB | 46/287 kB
Progress (3): 0.9/1.6 MB | 98/459 kB | 46/287 kB
Progress (3): 0.9/1.6 MB | 98/459 kB | 46/287 kB
Progress (3): 0.9/1.6 MB | 98/459 kB | 46/287 kB
Progress (3): 0.9/1.6 MB | 98/459 kB | 47/287 kB
Progress (3): 0.9/1.6 MB | 102/459 kB | 47/287 kB
Progress (3): 0.9/1.6 MB | 102/459 kB | 49/287 kB
Progress (3): 0.9/1.6 MB | 102/459 kB | 50/287 kB
Progress (3): 0.9/1.6 MB | 102/459 kB | 52/287 kB
Progress (3): 1.0/1.6 MB | 102/459 kB | 52/287 kB
Progress (3): 1.0/1.6 MB | 102/459 kB | 53/287 kB
Progress (3): 1.0/1.6 MB | 102/459 kB | 54/287 kB
Progress (3): 1.0/1.6 MB | 102/459 kB | 56/287 kB
Progress (3): 1.0/1.6 MB | 102/459 kB | 56/287 kB
Progress (3): 1.0/1.6 MB | 102/459 kB | 56/287 kB
Progress (3): 1.0/1.6 MB | 102/459 kB | 56/287 kB
Progress (3): 1.0/1.6 MB | 102/459 kB | 56/287 kB
Progress (3): 1.0/1.6 MB | 102/459 kB | 60/287 kB
Progress (3): 1.0/1.6 MB | 102/459 kB | 60/287 kB
Progress (3): 1.0/1.6 MB | 106/459 kB | 60/287 kB
Progress (3): 1.0/1.6 MB | 110/459 kB | 60/287 kB
Progress (3): 1.0/1.6 MB | 115/459 kB | 60/287 kB
Progress (3): 1.1/1.6 MB | 115/459 kB | 60/287 kB
Progress (3): 1.1/1.6 MB | 119/459 kB | 60/287 kB
Progress (3): 1.1/1.6 MB | 123/459 kB | 60/287 kB
Progress (3): 1.1/1.6 MB | 127/459 kB | 60/287 kB
Progress (3): 1.1/1.6 MB | 127/459 kB | 60/287 kB
Progress (3): 1.1/1.6 MB | 127/459 kB | 64/287 kB
Progress (3): 1.1/1.6 MB | 127/459 kB | 68/287 kB
Progress (3): 1.1/1.6 MB | 127/459 kB | 73/287 kB
Progress (3): 1.1/1.6 MB | 127/459 kB | 77/287 kB
Progress (3): 1.1/1.6 MB | 127/459 kB | 81/287 kB
Progress (3): 1.1/1.6 MB | 127/459 kB | 81/287 kB
Progress (3): 1.1/1.6 MB | 127/459 kB | 85/287 kB
Progress (3): 1.1/1.6 MB | 127/459 kB | 89/287 kB
Progress (3): 1.1/1.6 MB | 127/459 kB | 94/287 kB
Progress (3): 1.1/1.6 MB | 127/459 kB | 98/287 kB
Progress (3): 1.1/1.6 MB | 127/459 kB | 102/287 kB
Progress (3): 1.1/1.6 MB | 127/459 kB | 102/287 kB
Progress (3): 1.1/1.6 MB | 127/459 kB | 106/287 kB
Progress (4): 1.1/1.6 MB | 127/459 kB | 106/287 kB | 0.9/9.5 kB
Progress (4): 1.1/1.6 MB | 127/459 kB | 106/287 kB | 2.3/9.5 kB
Progress (4): 1.1/1.6 MB | 127/459 kB | 106/287 kB | 3.6/9.5 kB
Progress (4): 1.1/1.6 MB | 127/459 kB | 106/287 kB | 5.0/9.5 kB
Progress (4): 1.1/1.6 MB | 127/459 kB | 106/287 kB | 6.4/9.5 kB
Progress (4): 1.1/1.6 MB | 127/459 kB | 106/287 kB | 7.7/9.5 kB
Progress (4): 1.1/1.6 MB | 127/459 kB | 106/287 kB | 9.1/9.5 kB
Progress (4): 1.1/1.6 MB | 127/459 kB | 111/287 kB | 9.1/9.5 kB
Progress (4): 1.1/1.6 MB | 127/459 kB | 111/287 kB | 9.5 kB    
Progress (4): 1.1/1.6 MB | 127/459 kB | 111/287 kB | 9.5 kB
Progress (4): 1.1/1.6 MB | 127/459 kB | 115/287 kB | 9.5 kB
                                                           
Downloaded from central: https://repo.maven.apache.org/maven2/com/fasterxml/jackson/module/jackson-module-parameter-names/2.14.2/jackson-module-parameter-names-2.14.2.jar (9.5 kB at 78 kB/s)
Downloading from central: https://repo.maven.apache.org/maven2/net/java/dev/jna/jna-platform/5.13.0/jna-platform-5.13.0.jar
Progress (3): 1.1/1.6 MB | 127/459 kB | 119/287 kB
Progress (3): 1.1/1.6 MB | 127/459 kB | 119/287 kB
Progress (3): 1.1/1.6 MB | 127/459 kB | 123/287 kB
Progress (3): 1.1/1.6 MB | 127/459 kB | 128/287 kB
Progress (3): 1.2/1.6 MB | 127/459 kB | 128/287 kB
Progress (3): 1.2/1.6 MB | 127/459 kB | 128/287 kB
Progress (3): 1.2/1.6 MB | 127/459 kB | 128/287 kB
Progress (3): 1.2/1.6 MB | 127/459 kB | 128/287 kB
Progress (3): 1.2/1.6 MB | 127/459 kB | 128/287 kB
Progress (3): 1.2/1.6 MB | 127/459 kB | 128/287 kB
Progress (3): 1.3/1.6 MB | 127/459 kB | 128/287 kB
Progress (3): 1.3/1.6 MB | 127/459 kB | 128/287 kB
Progress (3): 1.3/1.6 MB | 127/459 kB | 128/287 kB
Progress (3): 1.3/1.6 MB | 127/459 kB | 128/287 kB
Progress (3): 1.3/1.6 MB | 127/459 kB | 128/287 kB
Progress (3): 1.3/1.6 MB | 127/459 kB | 128/287 kB
Progress (3): 1.3/1.6 MB | 127/459 kB | 132/287 kB
Progress (3): 1.3/1.6 MB | 131/459 kB | 132/287 kB
Progress (3): 1.3/1.6 MB | 136/459 kB | 132/287 kB
Progress (3): 1.4/1.6 MB | 136/459 kB | 132/287 kB
Progress (3): 1.4/1.6 MB | 140/459 kB | 132/287 kB
Progress (3): 1.4/1.6 MB | 143/459 kB | 132/287 kB
Progress (3): 1.4/1.6 MB | 143/459 kB | 136/287 kB
Progress (3): 1.4/1.6 MB | 147/459 kB | 136/287 kB
Progress (3): 1.4/1.6 MB | 147/459 kB | 136/287 kB
Progress (3): 1.4/1.6 MB | 147/459 kB | 140/287 kB
Progress (3): 1.4/1.6 MB | 147/459 kB | 140/287 kB
Progress (3): 1.4/1.6 MB | 147/459 kB | 144/287 kB
Progress (3): 1.4/1.6 MB | 151/459 kB | 144/287 kB
Progress (3): 1.4/1.6 MB | 151/459 kB | 144/287 kB
Progress (3): 1.4/1.6 MB | 155/459 kB | 144/287 kB
Progress (3): 1.4/1.6 MB | 160/459 kB | 144/287 kB
Progress (3): 1.4/1.6 MB | 160/459 kB | 144/287 kB
Progress (3): 1.4/1.6 MB | 160/459 kB | 149/287 kB
Progress (3): 1.4/1.6 MB | 160/459 kB | 153/287 kB
Progress (3): 1.4/1.6 MB | 160/459 kB | 153/287 kB
Progress (3): 1.4/1.6 MB | 160/459 kB | 157/287 kB
Progress (3): 1.4/1.6 MB | 160/459 kB | 161/287 kB
Progress (3): 1.5/1.6 MB | 160/459 kB | 161/287 kB
Progress (3): 1.5/1.6 MB | 160/459 kB | 166/287 kB
Progress (3): 1.5/1.6 MB | 160/459 kB | 166/287 kB
Progress (3): 1.5/1.6 MB | 160/459 kB | 170/287 kB
Progress (3): 1.5/1.6 MB | 160/459 kB | 174/287 kB
Progress (3): 1.5/1.6 MB | 164/459 kB | 174/287 kB
Progress (3): 1.5/1.6 MB | 164/459 kB | 174/287 kB
Progress (3): 1.5/1.6 MB | 168/459 kB | 174/287 kB
Progress (3): 1.5/1.6 MB | 168/459 kB | 174/287 kB
Progress (3): 1.5/1.6 MB | 172/459 kB | 174/287 kB
Progress (3): 1.5/1.6 MB | 172/459 kB | 178/287 kB
Progress (3): 1.5/1.6 MB | 172/459 kB | 178/287 kB
Progress (3): 1.5/1.6 MB | 172/459 kB | 183/287 kB
Progress (3): 1.5/1.6 MB | 176/459 kB | 183/287 kB
Progress (3): 1.5/1.6 MB | 176/459 kB | 183/287 kB
Progress (3): 1.5/1.6 MB | 181/459 kB | 183/287 kB
Progress (3): 1.5/1.6 MB | 185/459 kB | 183/287 kB
Progress (3): 1.6/1.6 MB | 185/459 kB | 183/287 kB
Progress (3): 1.6/1.6 MB | 189/459 kB | 183/287 kB
Progress (3): 1.6/1.6 MB | 189/459 kB | 187/287 kB
Progress (3): 1.6/1.6 MB | 193/459 kB | 187/287 kB
Progress (3): 1.6/1.6 MB | 198/459 kB | 187/287 kB
Progress (3): 1.6/1.6 MB | 198/459 kB | 191/287 kB
Progress (3): 1.6/1.6 MB | 198/459 kB | 191/287 kB
Progress (3): 1.6/1.6 MB | 202/459 kB | 191/287 kB
Progress (3): 1.6/1.6 MB | 206/459 kB | 191/287 kB
Progress (3): 1.6/1.6 MB | 206/459 kB | 191/287 kB
Progress (3): 1.6/1.6 MB | 210/459 kB | 191/287 kB
Progress (3): 1.6/1.6 MB | 215/459 kB | 191/287 kB
Progress (3): 1.6/1.6 MB | 219/459 kB | 191/287 kB
Progress (3): 1.6/1.6 MB | 219/459 kB | 195/287 kB
Progress (3): 1.6/1.6 MB | 223/459 kB | 195/287 kB
Progress (3): 1.6/1.6 MB | 223/459 kB | 195/287 kB
Progress (3): 1.6/1.6 MB | 223/459 kB | 199/287 kB
Progress (3): 1.6/1.6 MB | 223/459 kB | 204/287 kB
Progress (3): 1.6 MB | 223/459 kB | 204/287 kB    
Progress (3): 1.6 MB | 223/459 kB | 208/287 kB
Progress (3): 1.6 MB | 239/459 kB | 208/287 kB
                                              
Downloaded from central: https://repo.maven.apache.org/maven2/com/fasterxml/jackson/core/jackson-databind/2.14.2/jackson-databind-2.14.2.jar (1.6 MB at 12 MB/s)
Downloading from central: https://repo.maven.apache.org/maven2/net/java/dev/jna/jna/5.13.0/jna-5.13.0.jar
Progress (2): 239/459 kB | 212/287 kB
Progress (2): 239/459 kB | 216/287 kB
Progress (2): 239/459 kB | 221/287 kB
Progress (2): 239/459 kB | 225/287 kB
Progress (2): 239/459 kB | 241/287 kB
Progress (2): 256/459 kB | 241/287 kB
Progress (2): 272/459 kB | 241/287 kB
Progress (2): 274/459 kB | 241/287 kB
Progress (2): 274/459 kB | 258/287 kB
Progress (2): 274/459 kB | 274/287 kB
Progress (2): 290/459 kB | 274/287 kB
Progress (2): 290/459 kB | 287 kB    
Progress (2): 306/459 kB | 287 kB
Progress (2): 323/459 kB | 287 kB
                                 
Downloaded from central: https://repo.maven.apache.org/maven2/org/springframework/boot/spring-boot-buildpack-platform/3.3.0/spring-boot-buildpack-platform-3.3.0.jar (287 kB at 2.0 MB/s)
Downloading from central: https://repo.maven.apache.org/maven2/org/apache/commons/commons-compress/1.25.0/commons-compress-1.25.0.jar
Progress (1): 339/459 kB
Progress (1): 355/459 kB
Progress (1): 372/459 kB
Progress (1): 388/459 kB
Progress (2): 388/459 kB | 0/1.4 MB
Progress (2): 388/459 kB | 0/1.4 MB
Progress (2): 388/459 kB | 0/1.4 MB
Progress (2): 388/459 kB | 0/1.4 MB
Progress (2): 388/459 kB | 0/1.4 MB
Progress (2): 388/459 kB | 0/1.4 MB
Progress (2): 388/459 kB | 0/1.4 MB
Progress (2): 388/459 kB | 0/1.4 MB
Progress (2): 388/459 kB | 0/1.4 MB
Progress (2): 388/459 kB | 0/1.4 MB
Progress (2): 388/459 kB | 0/1.4 MB
Progress (2): 388/459 kB | 0/1.4 MB
Progress (2): 388/459 kB | 0/1.4 MB
Progress (2): 388/459 kB | 0/1.4 MB
Progress (2): 388/459 kB | 0/1.4 MB
Progress (2): 388/459 kB | 0/1.4 MB
Progress (2): 388/459 kB | 0/1.4 MB
Progress (2): 388/459 kB | 0/1.4 MB
Progress (2): 388/459 kB | 0/1.4 MB
Progress (2): 388/459 kB | 0/1.4 MB
Progress (2): 388/459 kB | 0/1.4 MB
Progress (2): 388/459 kB | 0/1.4 MB
Progress (2): 388/459 kB | 0/1.4 MB
Progress (2): 388/459 kB | 0/1.4 MB
Progress (2): 388/459 kB | 0/1.4 MB
Progress (2): 388/459 kB | 0/1.4 MB
Progress (3): 388/459 kB | 0/1.4 MB | 0.9/77 kB
Progress (3): 388/459 kB | 0/1.4 MB | 0.9/77 kB
Progress (3): 388/459 kB | 0/1.4 MB | 2.3/77 kB
Progress (3): 388/459 kB | 0/1.4 MB | 2.3/77 kB
Progress (3): 388/459 kB | 0/1.4 MB | 2.3/77 kB
Progress (3): 388/459 kB | 0/1.4 MB | 2.3/77 kB
Progress (3): 388/459 kB | 0/1.4 MB | 2.3/77 kB
Progress (3): 388/459 kB | 0/1.4 MB | 2.3/77 kB
Progress (3): 388/459 kB | 0/1.4 MB | 3.6/77 kB
Progress (3): 388/459 kB | 0/1.4 MB | 3.6/77 kB
Progress (3): 388/459 kB | 0/1.4 MB | 5.0/77 kB
Progress (3): 388/459 kB | 0/1.4 MB | 6.4/77 kB
Progress (3): 388/459 kB | 0/1.4 MB | 7.7/77 kB
Progress (3): 388/459 kB | 0/1.4 MB | 9.1/77 kB
Progress (3): 388/459 kB | 0/1.4 MB | 9.1/77 kB
Progress (3): 388/459 kB | 0/1.4 MB | 10/77 kB 
Progress (3): 388/459 kB | 0/1.4 MB | 12/77 kB
Progress (3): 388/459 kB | 0/1.4 MB | 13/77 kB
Progress (3): 388/459 kB | 0/1.4 MB | 15/77 kB
Progress (3): 388/459 kB | 0/1.4 MB | 16/77 kB
Progress (3): 388/459 kB | 0/1.4 MB | 17/77 kB
Progress (3): 388/459 kB | 0.1/1.4 MB | 17/77 kB
Progress (3): 405/459 kB | 0.1/1.4 MB | 17/77 kB
Progress (3): 405/459 kB | 0.1/1.4 MB | 19/77 kB
Progress (3): 405/459 kB | 0.1/1.4 MB | 19/77 kB
Progress (3): 405/459 kB | 0.1/1.4 MB | 20/77 kB
Progress (3): 405/459 kB | 0.1/1.4 MB | 21/77 kB
Progress (3): 405/459 kB | 0.1/1.4 MB | 23/77 kB
Progress (3): 405/459 kB | 0.1/1.4 MB | 24/77 kB
Progress (3): 405/459 kB | 0.1/1.4 MB | 26/77 kB
Progress (3): 405/459 kB | 0.1/1.4 MB | 27/77 kB
Progress (3): 405/459 kB | 0.1/1.4 MB | 28/77 kB
Progress (3): 405/459 kB | 0.1/1.4 MB | 30/77 kB
Progress (3): 405/459 kB | 0.1/1.4 MB | 31/77 kB
Progress (3): 405/459 kB | 0.1/1.4 MB | 32/77 kB
Progress (3): 405/459 kB | 0.1/1.4 MB | 34/77 kB
Progress (3): 405/459 kB | 0.1/1.4 MB | 35/77 kB
Progress (3): 405/459 kB | 0.1/1.4 MB | 36/77 kB
Progress (3): 405/459 kB | 0.1/1.4 MB | 38/77 kB
Progress (3): 405/459 kB | 0.1/1.4 MB | 39/77 kB
Progress (3): 405/459 kB | 0.1/1.4 MB | 41/77 kB
Progress (3): 405/459 kB | 0.1/1.4 MB | 42/77 kB
Progress (3): 405/459 kB | 0.1/1.4 MB | 43/77 kB
Progress (3): 405/459 kB | 0.1/1.4 MB | 45/77 kB
Progress (3): 405/459 kB | 0.1/1.4 MB | 45/77 kB
Progress (3): 405/459 kB | 0.1/1.4 MB | 46/77 kB
Progress (3): 405/459 kB | 0.1/1.4 MB | 47/77 kB
Progress (3): 405/459 kB | 0.1/1.4 MB | 49/77 kB
Progress (3): 405/459 kB | 0.1/1.4 MB | 50/77 kB
Progress (3): 405/459 kB | 0.1/1.4 MB | 52/77 kB
Progress (3): 405/459 kB | 0.1/1.4 MB | 53/77 kB
Progress (3): 421/459 kB | 0.1/1.4 MB | 53/77 kB
Progress (3): 421/459 kB | 0.1/1.4 MB | 54/77 kB
Progress (3): 421/459 kB | 0.1/1.4 MB | 54/77 kB
Progress (3): 421/459 kB | 0.1/1.4 MB | 56/77 kB
Progress (3): 421/459 kB | 0.1/1.4 MB | 60/77 kB
Progress (3): 421/459 kB | 0.1/1.4 MB | 64/77 kB
Progress (3): 421/459 kB | 0.1/1.4 MB | 68/77 kB
Progress (3): 421/459 kB | 0.1/1.4 MB | 68/77 kB
Progress (3): 421/459 kB | 0.1/1.4 MB | 68/77 kB
Progress (3): 437/459 kB | 0.1/1.4 MB | 68/77 kB
Progress (4): 437/459 kB | 0.1/1.4 MB | 68/77 kB | 0/1.9 MB
Progress (4): 437/459 kB | 0.1/1.4 MB | 68/77 kB | 0/1.9 MB
Progress (4): 437/459 kB | 0.1/1.4 MB | 68/77 kB | 0/1.9 MB
Progress (4): 437/459 kB | 0.1/1.4 MB | 68/77 kB | 0/1.9 MB
Progress (4): 437/459 kB | 0.1/1.4 MB | 68/77 kB | 0/1.9 MB
Progress (4): 437/459 kB | 0.1/1.4 MB | 68/77 kB | 0/1.9 MB
Progress (4): 437/459 kB | 0.1/1.4 MB | 68/77 kB | 0/1.9 MB
Progress (4): 437/459 kB | 0.1/1.4 MB | 68/77 kB | 0/1.9 MB
Progress (4): 437/459 kB | 0.1/1.4 MB | 68/77 kB | 0/1.9 MB
Progress (4): 437/459 kB | 0.1/1.4 MB | 68/77 kB | 0/1.9 MB
Progress (4): 437/459 kB | 0.1/1.4 MB | 68/77 kB | 0/1.9 MB
Progress (4): 437/459 kB | 0.1/1.4 MB | 68/77 kB | 0/1.9 MB
Progress (4): 437/459 kB | 0.1/1.4 MB | 68/77 kB | 0/1.9 MB
Progress (4): 437/459 kB | 0.1/1.4 MB | 68/77 kB | 0/1.9 MB
Progress (4): 437/459 kB | 0.1/1.4 MB | 68/77 kB | 0/1.9 MB
Progress (4): 437/459 kB | 0.1/1.4 MB | 68/77 kB | 0/1.9 MB
Progress (4): 437/459 kB | 0.1/1.4 MB | 68/77 kB | 0/1.9 MB
Progress (4): 437/459 kB | 0.1/1.4 MB | 68/77 kB | 0/1.9 MB
Progress (4): 437/459 kB | 0.1/1.4 MB | 68/77 kB | 0/1.9 MB
Progress (4): 437/459 kB | 0.1/1.4 MB | 68/77 kB | 0/1.9 MB
Progress (4): 437/459 kB | 0.2/1.4 MB | 68/77 kB | 0/1.9 MB
Progress (4): 437/459 kB | 0.2/1.4 MB | 68/77 kB | 0/1.9 MB
Progress (4): 437/459 kB | 0.2/1.4 MB | 68/77 kB | 0/1.9 MB
Progress (4): 437/459 kB | 0.2/1.4 MB | 68/77 kB | 0/1.9 MB
Progress (4): 437/459 kB | 0.2/1.4 MB | 68/77 kB | 0/1.9 MB
Progress (4): 437/459 kB | 0.2/1.4 MB | 73/77 kB | 0/1.9 MB
Progress (4): 437/459 kB | 0.2/1.4 MB | 73/77 kB | 0/1.9 MB
Progress (4): 437/459 kB | 0.2/1.4 MB | 77 kB | 0/1.9 MB   
                                                        
Downloaded from central: https://repo.maven.apache.org/maven2/com/fasterxml/jackson/core/jackson-annotations/2.14.2/jackson-annotations-2.14.2.jar (77 kB at 383 kB/s)
Downloading from central: https://repo.maven.apache.org/maven2/org/apache/httpcomponents/client5/httpclient5/5.3.1/httpclient5-5.3.1.jar
Progress (3): 437/459 kB | 0.2/1.4 MB | 0/1.9 MB
Progress (3): 437/459 kB | 0.2/1.4 MB | 0/1.9 MB
Progress (3): 437/459 kB | 0.2/1.4 MB | 0/1.9 MB
Progress (3): 437/459 kB | 0.2/1.4 MB | 0.1/1.9 MB
Progress (3): 437/459 kB | 0.2/1.4 MB | 0.1/1.9 MB
Progress (4): 437/459 kB | 0.2/1.4 MB | 0.1/1.9 MB | 0/1.1 MB
Progress (4): 437/459 kB | 0.2/1.4 MB | 0.1/1.9 MB | 0/1.1 MB
Progress (4): 437/459 kB | 0.2/1.4 MB | 0.1/1.9 MB | 0/1.1 MB
Progress (4): 437/459 kB | 0.2/1.4 MB | 0.1/1.9 MB | 0/1.1 MB
Progress (4): 437/459 kB | 0.2/1.4 MB | 0.1/1.9 MB | 0/1.1 MB
Progress (4): 437/459 kB | 0.2/1.4 MB | 0.1/1.9 MB | 0/1.1 MB
Progress (4): 437/459 kB | 0.2/1.4 MB | 0.1/1.9 MB | 0/1.1 MB
Progress (4): 437/459 kB | 0.2/1.4 MB | 0.1/1.9 MB | 0/1.1 MB
Progress (4): 437/459 kB | 0.2/1.4 MB | 0.1/1.9 MB | 0/1.1 MB
Progress (4): 437/459 kB | 0.2/1.4 MB | 0.1/1.9 MB | 0/1.1 MB
Progress (4): 437/459 kB | 0.2/1.4 MB | 0.1/1.9 MB | 0/1.1 MB
Progress (4): 437/459 kB | 0.2/1.4 MB | 0.1/1.9 MB | 0/1.1 MB
Progress (4): 437/459 kB | 0.2/1.4 MB | 0.1/1.9 MB | 0/1.1 MB
Progress (4): 437/459 kB | 0.2/1.4 MB | 0.1/1.9 MB | 0/1.1 MB
Progress (4): 454/459 kB | 0.2/1.4 MB | 0.1/1.9 MB | 0/1.1 MB
Progress (4): 459 kB | 0.2/1.4 MB | 0.1/1.9 MB | 0/1.1 MB    
                                                         
Downloaded from central: https://repo.maven.apache.org/maven2/com/fasterxml/jackson/core/jackson-core/2.14.2/jackson-core-2.14.2.jar (459 kB at 2.1 MB/s)
Downloading from central: https://repo.maven.apache.org/maven2/org/apache/httpcomponents/core5/httpcore5/5.2.4/httpcore5-5.2.4.jar
Progress (3): 0.2/1.4 MB | 0.1/1.9 MB | 0/1.1 MB
Progress (3): 0.2/1.4 MB | 0.1/1.9 MB | 0/1.1 MB
Progress (3): 0.2/1.4 MB | 0.1/1.9 MB | 0/1.1 MB
Progress (3): 0.2/1.4 MB | 0.1/1.9 MB | 0/1.1 MB
Progress (3): 0.2/1.4 MB | 0.2/1.9 MB | 0/1.1 MB
Progress (3): 0.3/1.4 MB | 0.2/1.9 MB | 0/1.1 MB
Progress (3): 0.3/1.4 MB | 0.2/1.9 MB | 0/1.1 MB
Progress (3): 0.3/1.4 MB | 0.2/1.9 MB | 0.1/1.1 MB
Progress (3): 0.3/1.4 MB | 0.2/1.9 MB | 0.1/1.1 MB
Progress (3): 0.3/1.4 MB | 0.2/1.9 MB | 0.1/1.1 MB
Progress (3): 0.3/1.4 MB | 0.2/1.9 MB | 0.1/1.1 MB
Progress (3): 0.3/1.4 MB | 0.2/1.9 MB | 0.1/1.1 MB
Progress (3): 0.3/1.4 MB | 0.2/1.9 MB | 0.1/1.1 MB
Progress (3): 0.3/1.4 MB | 0.2/1.9 MB | 0.1/1.1 MB
Progress (3): 0.3/1.4 MB | 0.2/1.9 MB | 0.1/1.1 MB
Progress (3): 0.3/1.4 MB | 0.2/1.9 MB | 0.1/1.1 MB
Progress (3): 0.3/1.4 MB | 0.2/1.9 MB | 0.1/1.1 MB
Progress (3): 0.3/1.4 MB | 0.2/1.9 MB | 0.1/1.1 MB
Progress (3): 0.3/1.4 MB | 0.3/1.9 MB | 0.1/1.1 MB
Progress (3): 0.3/1.4 MB | 0.3/1.9 MB | 0.1/1.1 MB
Progress (3): 0.3/1.4 MB | 0.3/1.9 MB | 0.1/1.1 MB
Progress (3): 0.3/1.4 MB | 0.3/1.9 MB | 0.1/1.1 MB
Progress (3): 0.3/1.4 MB | 0.3/1.9 MB | 0.1/1.1 MB
Progress (3): 0.3/1.4 MB | 0.3/1.9 MB | 0.1/1.1 MB
Progress (3): 0.3/1.4 MB | 0.3/1.9 MB | 0.2/1.1 MB
Progress (3): 0.3/1.4 MB | 0.3/1.9 MB | 0.2/1.1 MB
Progress (3): 0.3/1.4 MB | 0.3/1.9 MB | 0.2/1.1 MB
Progress (3): 0.4/1.4 MB | 0.3/1.9 MB | 0.2/1.1 MB
Progress (3): 0.4/1.4 MB | 0.3/1.9 MB | 0.2/1.1 MB
Progress (3): 0.4/1.4 MB | 0.3/1.9 MB | 0.2/1.1 MB
Progress (3): 0.4/1.4 MB | 0.3/1.9 MB | 0.2/1.1 MB
Progress (3): 0.4/1.4 MB | 0.3/1.9 MB | 0.2/1.1 MB
Progress (3): 0.4/1.4 MB | 0.3/1.9 MB | 0.2/1.1 MB
Progress (4): 0.4/1.4 MB | 0.3/1.9 MB | 0.2/1.1 MB | 3.8/862 kB
Progress (4): 0.4/1.4 MB | 0.3/1.9 MB | 0.2/1.1 MB | 8.0/862 kB
Progress (4): 0.4/1.4 MB | 0.3/1.9 MB | 0.2/1.1 MB | 12/862 kB 
Progress (4): 0.4/1.4 MB | 0.3/1.9 MB | 0.2/1.1 MB | 12/862 kB
Progress (4): 0.4/1.4 MB | 0.3/1.9 MB | 0.2/1.1 MB | 16/862 kB
Progress (4): 0.4/1.4 MB | 0.3/1.9 MB | 0.2/1.1 MB | 21/862 kB
Progress (4): 0.4/1.4 MB | 0.3/1.9 MB | 0.2/1.1 MB | 25/862 kB
Progress (4): 0.4/1.4 MB | 0.3/1.9 MB | 0.2/1.1 MB | 29/862 kB
Progress (4): 0.4/1.4 MB | 0.3/1.9 MB | 0.2/1.1 MB | 33/862 kB
Progress (4): 0.4/1.4 MB | 0.3/1.9 MB | 0.3/1.1 MB | 33/862 kB
Progress (4): 0.4/1.4 MB | 0.3/1.9 MB | 0.3/1.1 MB | 33/862 kB
Progress (4): 0.4/1.4 MB | 0.3/1.9 MB | 0.3/1.1 MB | 33/862 kB
Progress (4): 0.4/1.4 MB | 0.3/1.9 MB | 0.3/1.1 MB | 38/862 kB
Progress (4): 0.4/1.4 MB | 0.3/1.9 MB | 0.3/1.1 MB | 38/862 kB
Progress (4): 0.4/1.4 MB | 0.3/1.9 MB | 0.3/1.1 MB | 42/862 kB
Progress (4): 0.4/1.4 MB | 0.3/1.9 MB | 0.3/1.1 MB | 46/862 kB
Progress (4): 0.4/1.4 MB | 0.3/1.9 MB | 0.3/1.1 MB | 46/862 kB
Progress (5): 0.4/1.4 MB | 0.3/1.9 MB | 0.3/1.1 MB | 46/862 kB | 3.3/855 kB
Progress (5): 0.4/1.4 MB | 0.3/1.9 MB | 0.3/1.1 MB | 46/862 kB | 3.3/855 kB
Progress (5): 0.4/1.4 MB | 0.3/1.9 MB | 0.3/1.1 MB | 46/862 kB | 3.3/855 kB
Progress (5): 0.4/1.4 MB | 0.3/1.9 MB | 0.3/1.1 MB | 46/862 kB | 3.3/855 kB
Progress (5): 0.4/1.4 MB | 0.3/1.9 MB | 0.3/1.1 MB | 50/862 kB | 3.3/855 kB
Progress (5): 0.4/1.4 MB | 0.3/1.9 MB | 0.3/1.1 MB | 50/862 kB | 3.3/855 kB
Progress (5): 0.4/1.4 MB | 0.4/1.9 MB | 0.3/1.1 MB | 50/862 kB | 3.3/855 kB
Progress (5): 0.4/1.4 MB | 0.4/1.9 MB | 0.3/1.1 MB | 50/862 kB | 20/855 kB 
Progress (5): 0.4/1.4 MB | 0.4/1.9 MB | 0.3/1.1 MB | 50/862 kB | 20/855 kB
Progress (5): 0.4/1.4 MB | 0.4/1.9 MB | 0.3/1.1 MB | 50/862 kB | 20/855 kB
Progress (5): 0.4/1.4 MB | 0.4/1.9 MB | 0.3/1.1 MB | 50/862 kB | 20/855 kB
Progress (5): 0.4/1.4 MB | 0.4/1.9 MB | 0.3/1.1 MB | 50/862 kB | 20/855 kB
Progress (5): 0.4/1.4 MB | 0.4/1.9 MB | 0.3/1.1 MB | 50/862 kB | 36/855 kB
Progress (5): 0.4/1.4 MB | 0.4/1.9 MB | 0.3/1.1 MB | 55/862 kB | 36/855 kB
Progress (5): 0.4/1.4 MB | 0.4/1.9 MB | 0.3/1.1 MB | 59/862 kB | 36/855 kB
Progress (5): 0.4/1.4 MB | 0.4/1.9 MB | 0.3/1.1 MB | 63/862 kB | 36/855 kB
Progress (5): 0.4/1.4 MB | 0.4/1.9 MB | 0.3/1.1 MB | 67/862 kB | 36/855 kB
Progress (5): 0.4/1.4 MB | 0.4/1.9 MB | 0.3/1.1 MB | 67/862 kB | 52/855 kB
Progress (5): 0.4/1.4 MB | 0.4/1.9 MB | 0.3/1.1 MB | 71/862 kB | 52/855 kB
Progress (5): 0.4/1.4 MB | 0.4/1.9 MB | 0.3/1.1 MB | 76/862 kB | 52/855 kB
Progress (5): 0.4/1.4 MB | 0.4/1.9 MB | 0.3/1.1 MB | 80/862 kB | 52/855 kB
Progress (5): 0.4/1.4 MB | 0.4/1.9 MB | 0.3/1.1 MB | 84/862 kB | 52/855 kB
Progress (5): 0.4/1.4 MB | 0.4/1.9 MB | 0.3/1.1 MB | 88/862 kB | 52/855 kB
Progress (5): 0.4/1.4 MB | 0.4/1.9 MB | 0.3/1.1 MB | 93/862 kB | 52/855 kB
Progress (5): 0.5/1.4 MB | 0.4/1.9 MB | 0.3/1.1 MB | 93/862 kB | 52/855 kB
Progress (5): 0.5/1.4 MB | 0.4/1.9 MB | 0.3/1.1 MB | 97/862 kB | 52/855 kB
Progress (5): 0.5/1.4 MB | 0.4/1.9 MB | 0.3/1.1 MB | 101/862 kB | 52/855 kB
Progress (5): 0.5/1.4 MB | 0.4/1.9 MB | 0.3/1.1 MB | 105/862 kB | 52/855 kB
Progress (5): 0.5/1.4 MB | 0.4/1.9 MB | 0.3/1.1 MB | 109/862 kB | 52/855 kB
Progress (5): 0.5/1.4 MB | 0.4/1.9 MB | 0.3/1.1 MB | 114/862 kB | 52/855 kB
Progress (5): 0.5/1.4 MB | 0.4/1.9 MB | 0.3/1.1 MB | 118/862 kB | 52/855 kB
Progress (5): 0.5/1.4 MB | 0.4/1.9 MB | 0.3/1.1 MB | 122/862 kB | 52/855 kB
Progress (5): 0.5/1.4 MB | 0.4/1.9 MB | 0.3/1.1 MB | 126/862 kB | 52/855 kB
Progress (5): 0.5/1.4 MB | 0.4/1.9 MB | 0.4/1.1 MB | 126/862 kB | 52/855 kB
Progress (5): 0.5/1.4 MB | 0.4/1.9 MB | 0.4/1.1 MB | 126/862 kB | 52/855 kB
Progress (5): 0.5/1.4 MB | 0.4/1.9 MB | 0.4/1.1 MB | 126/862 kB | 52/855 kB
Progress (5): 0.5/1.4 MB | 0.4/1.9 MB | 0.4/1.1 MB | 131/862 kB | 52/855 kB
Progress (5): 0.5/1.4 MB | 0.4/1.9 MB | 0.4/1.1 MB | 131/862 kB | 52/855 kB
Progress (5): 0.5/1.4 MB | 0.4/1.9 MB | 0.4/1.1 MB | 131/862 kB | 52/855 kB
Progress (5): 0.5/1.4 MB | 0.4/1.9 MB | 0.4/1.1 MB | 131/862 kB | 52/855 kB
Progress (5): 0.5/1.4 MB | 0.4/1.9 MB | 0.4/1.1 MB | 131/862 kB | 52/855 kB
Progress (5): 0.5/1.4 MB | 0.4/1.9 MB | 0.4/1.1 MB | 131/862 kB | 52/855 kB
Progress (5): 0.5/1.4 MB | 0.4/1.9 MB | 0.5/1.1 MB | 131/862 kB | 52/855 kB
Progress (5): 0.5/1.4 MB | 0.4/1.9 MB | 0.5/1.1 MB | 131/862 kB | 52/855 kB
Progress (5): 0.5/1.4 MB | 0.4/1.9 MB | 0.5/1.1 MB | 135/862 kB | 52/855 kB
Progress (5): 0.5/1.4 MB | 0.4/1.9 MB | 0.5/1.1 MB | 135/862 kB | 69/855 kB
Progress (5): 0.5/1.4 MB | 0.4/1.9 MB | 0.5/1.1 MB | 139/862 kB | 69/855 kB
Progress (5): 0.5/1.4 MB | 0.4/1.9 MB | 0.5/1.1 MB | 143/862 kB | 69/855 kB
Progress (5): 0.5/1.4 MB | 0.4/1.9 MB | 0.5/1.1 MB | 148/862 kB | 69/855 kB
Progress (5): 0.5/1.4 MB | 0.4/1.9 MB | 0.5/1.1 MB | 148/862 kB | 69/855 kB
Progress (5): 0.5/1.4 MB | 0.4/1.9 MB | 0.5/1.1 MB | 148/862 kB | 69/855 kB
Progress (5): 0.5/1.4 MB | 0.4/1.9 MB | 0.5/1.1 MB | 148/862 kB | 69/855 kB
Progress (5): 0.5/1.4 MB | 0.4/1.9 MB | 0.5/1.1 MB | 148/862 kB | 69/855 kB
Progress (5): 0.5/1.4 MB | 0.4/1.9 MB | 0.5/1.1 MB | 164/862 kB | 69/855 kB
Progress (5): 0.5/1.4 MB | 0.4/1.9 MB | 0.5/1.1 MB | 164/862 kB | 69/855 kB
Progress (5): 0.5/1.4 MB | 0.4/1.9 MB | 0.5/1.1 MB | 164/862 kB | 69/855 kB
Progress (5): 0.5/1.4 MB | 0.4/1.9 MB | 0.5/1.1 MB | 180/862 kB | 69/855 kB
Progress (5): 0.5/1.4 MB | 0.4/1.9 MB | 0.5/1.1 MB | 197/862 kB | 69/855 kB
Progress (5): 0.5/1.4 MB | 0.4/1.9 MB | 0.5/1.1 MB | 213/862 kB | 69/855 kB
Progress (5): 0.5/1.4 MB | 0.4/1.9 MB | 0.5/1.1 MB | 213/862 kB | 69/855 kB
Progress (5): 0.5/1.4 MB | 0.4/1.9 MB | 0.5/1.1 MB | 229/862 kB | 69/855 kB
Progress (5): 0.6/1.4 MB | 0.4/1.9 MB | 0.5/1.1 MB | 229/862 kB | 69/855 kB
Progress (5): 0.6/1.4 MB | 0.4/1.9 MB | 0.5/1.1 MB | 229/862 kB | 85/855 kB
Progress (5): 0.6/1.4 MB | 0.4/1.9 MB | 0.5/1.1 MB | 229/862 kB | 85/855 kB
Progress (5): 0.6/1.4 MB | 0.4/1.9 MB | 0.5/1.1 MB | 246/862 kB | 85/855 kB
Progress (5): 0.6/1.4 MB | 0.4/1.9 MB | 0.5/1.1 MB | 246/862 kB | 102/855 kB
Progress (5): 0.6/1.4 MB | 0.4/1.9 MB | 0.5/1.1 MB | 246/862 kB | 118/855 kB
Progress (5): 0.6/1.4 MB | 0.4/1.9 MB | 0.5/1.1 MB | 246/862 kB | 118/855 kB
Progress (5): 0.6/1.4 MB | 0.4/1.9 MB | 0.5/1.1 MB | 246/862 kB | 118/855 kB
Progress (5): 0.6/1.4 MB | 0.4/1.9 MB | 0.5/1.1 MB | 262/862 kB | 118/855 kB
Progress (5): 0.6/1.4 MB | 0.4/1.9 MB | 0.5/1.1 MB | 262/862 kB | 134/855 kB
Progress (5): 0.6/1.4 MB | 0.4/1.9 MB | 0.5/1.1 MB | 262/862 kB | 151/855 kB
Progress (5): 0.6/1.4 MB | 0.4/1.9 MB | 0.5/1.1 MB | 262/862 kB | 151/855 kB
Progress (5): 0.6/1.4 MB | 0.4/1.9 MB | 0.5/1.1 MB | 262/862 kB | 151/855 kB
Progress (5): 0.6/1.4 MB | 0.4/1.9 MB | 0.5/1.1 MB | 262/862 kB | 167/855 kB
Progress (5): 0.6/1.4 MB | 0.4/1.9 MB | 0.5/1.1 MB | 262/862 kB | 184/855 kB
Progress (5): 0.6/1.4 MB | 0.4/1.9 MB | 0.5/1.1 MB | 262/862 kB | 200/855 kB
Progress (5): 0.6/1.4 MB | 0.4/1.9 MB | 0.5/1.1 MB | 262/862 kB | 216/855 kB
Progress (5): 0.6/1.4 MB | 0.4/1.9 MB | 0.5/1.1 MB | 262/862 kB | 216/855 kB
Progress (5): 0.6/1.4 MB | 0.4/1.9 MB | 0.5/1.1 MB | 262/862 kB | 233/855 kB
Progress (5): 0.6/1.4 MB | 0.4/1.9 MB | 0.5/1.1 MB | 262/862 kB | 249/855 kB
Progress (5): 0.6/1.4 MB | 0.4/1.9 MB | 0.5/1.1 MB | 279/862 kB | 249/855 kB
Progress (5): 0.6/1.4 MB | 0.4/1.9 MB | 0.5/1.1 MB | 295/862 kB | 249/855 kB
Progress (5): 0.6/1.4 MB | 0.4/1.9 MB | 0.5/1.1 MB | 295/862 kB | 265/855 kB
Progress (5): 0.6/1.4 MB | 0.4/1.9 MB | 0.5/1.1 MB | 311/862 kB | 265/855 kB
Progress (5): 0.6/1.4 MB | 0.4/1.9 MB | 0.5/1.1 MB | 328/862 kB | 265/855 kB
Progress (5): 0.6/1.4 MB | 0.4/1.9 MB | 0.5/1.1 MB | 344/862 kB | 265/855 kB
Progress (5): 0.6/1.4 MB | 0.4/1.9 MB | 0.5/1.1 MB | 361/862 kB | 265/855 kB
Progress (5): 0.6/1.4 MB | 0.4/1.9 MB | 0.5/1.1 MB | 361/862 kB | 265/855 kB
Progress (5): 0.6/1.4 MB | 0.4/1.9 MB | 0.5/1.1 MB | 361/862 kB | 265/855 kB
Progress (5): 0.6/1.4 MB | 0.4/1.9 MB | 0.5/1.1 MB | 361/862 kB | 265/855 kB
Progress (5): 0.6/1.4 MB | 0.4/1.9 MB | 0.5/1.1 MB | 361/862 kB | 282/855 kB
Progress (5): 0.6/1.4 MB | 0.4/1.9 MB | 0.5/1.1 MB | 361/862 kB | 298/855 kB
Progress (5): 0.6/1.4 MB | 0.4/1.9 MB | 0.5/1.1 MB | 361/862 kB | 315/855 kB
Progress (5): 0.6/1.4 MB | 0.4/1.9 MB | 0.5/1.1 MB | 361/862 kB | 331/855 kB
Progress (5): 0.6/1.4 MB | 0.4/1.9 MB | 0.5/1.1 MB | 361/862 kB | 339/855 kB
Progress (5): 0.6/1.4 MB | 0.4/1.9 MB | 0.5/1.1 MB | 377/862 kB | 339/855 kB
Progress (5): 0.6/1.4 MB | 0.4/1.9 MB | 0.5/1.1 MB | 393/862 kB | 339/855 kB
Progress (5): 0.6/1.4 MB | 0.5/1.9 MB | 0.5/1.1 MB | 393/862 kB | 339/855 kB
Progress (5): 0.6/1.4 MB | 0.5/1.9 MB | 0.5/1.1 MB | 410/862 kB | 339/855 kB
Progress (5): 0.6/1.4 MB | 0.5/1.9 MB | 0.5/1.1 MB | 410/862 kB | 339/855 kB
Progress (5): 0.6/1.4 MB | 0.5/1.9 MB | 0.5/1.1 MB | 426/862 kB | 339/855 kB
Progress (5): 0.6/1.4 MB | 0.5/1.9 MB | 0.6/1.1 MB | 426/862 kB | 339/855 kB
Progress (5): 0.6/1.4 MB | 0.5/1.9 MB | 0.6/1.1 MB | 442/862 kB | 339/855 kB
Progress (5): 0.6/1.4 MB | 0.5/1.9 MB | 0.6/1.1 MB | 459/862 kB | 339/855 kB
Progress (5): 0.6/1.4 MB | 0.5/1.9 MB | 0.6/1.1 MB | 459/862 kB | 355/855 kB
Progress (5): 0.6/1.4 MB | 0.5/1.9 MB | 0.6/1.1 MB | 459/862 kB | 355/855 kB
Progress (5): 0.6/1.4 MB | 0.5/1.9 MB | 0.6/1.1 MB | 459/862 kB | 372/855 kB
Progress (5): 0.6/1.4 MB | 0.5/1.9 MB | 0.6/1.1 MB | 459/862 kB | 372/855 kB
Progress (5): 0.6/1.4 MB | 0.5/1.9 MB | 0.6/1.1 MB | 459/862 kB | 372/855 kB
Progress (5): 0.6/1.4 MB | 0.5/1.9 MB | 0.6/1.1 MB | 459/862 kB | 372/855 kB
Progress (5): 0.6/1.4 MB | 0.5/1.9 MB | 0.6/1.1 MB | 459/862 kB | 372/855 kB
Progress (5): 0.6/1.4 MB | 0.5/1.9 MB | 0.6/1.1 MB | 475/862 kB | 372/855 kB
Progress (5): 0.6/1.4 MB | 0.5/1.9 MB | 0.6/1.1 MB | 492/862 kB | 372/855 kB
Progress (5): 0.6/1.4 MB | 0.5/1.9 MB | 0.6/1.1 MB | 508/862 kB | 372/855 kB
Progress (5): 0.6/1.4 MB | 0.5/1.9 MB | 0.6/1.1 MB | 508/862 kB | 372/855 kB
Progress (5): 0.6/1.4 MB | 0.5/1.9 MB | 0.6/1.1 MB | 508/862 kB | 388/855 kB
Progress (5): 0.6/1.4 MB | 0.5/1.9 MB | 0.7/1.1 MB | 508/862 kB | 388/855 kB
Progress (5): 0.6/1.4 MB | 0.5/1.9 MB | 0.7/1.1 MB | 508/862 kB | 405/855 kB
Progress (5): 0.6/1.4 MB | 0.5/1.9 MB | 0.7/1.1 MB | 508/862 kB | 405/855 kB
Progress (5): 0.6/1.4 MB | 0.5/1.9 MB | 0.7/1.1 MB | 508/862 kB | 405/855 kB
Progress (5): 0.6/1.4 MB | 0.5/1.9 MB | 0.7/1.1 MB | 508/862 kB | 405/855 kB
Progress (5): 0.6/1.4 MB | 0.5/1.9 MB | 0.7/1.1 MB | 508/862 kB | 405/855 kB
Progress (5): 0.6/1.4 MB | 0.5/1.9 MB | 0.7/1.1 MB | 508/862 kB | 421/855 kB
Progress (5): 0.6/1.4 MB | 0.5/1.9 MB | 0.7/1.1 MB | 508/862 kB | 421/855 kB
Progress (5): 0.6/1.4 MB | 0.5/1.9 MB | 0.7/1.1 MB | 524/862 kB | 421/855 kB
Progress (5): 0.6/1.4 MB | 0.5/1.9 MB | 0.7/1.1 MB | 524/862 kB | 421/855 kB
Progress (5): 0.6/1.4 MB | 0.6/1.9 MB | 0.7/1.1 MB | 524/862 kB | 421/855 kB
Progress (5): 0.6/1.4 MB | 0.6/1.9 MB | 0.7/1.1 MB | 524/862 kB | 421/855 kB
Progress (5): 0.6/1.4 MB | 0.6/1.9 MB | 0.7/1.1 MB | 524/862 kB | 421/855 kB
Progress (5): 0.6/1.4 MB | 0.6/1.9 MB | 0.7/1.1 MB | 524/862 kB | 437/855 kB
Progress (5): 0.6/1.4 MB | 0.6/1.9 MB | 0.7/1.1 MB | 524/862 kB | 437/855 kB
Progress (5): 0.6/1.4 MB | 0.6/1.9 MB | 0.7/1.1 MB | 524/862 kB | 437/855 kB
Progress (5): 0.6/1.4 MB | 0.6/1.9 MB | 0.7/1.1 MB | 524/862 kB | 454/855 kB
Progress (5): 0.6/1.4 MB | 0.6/1.9 MB | 0.7/1.1 MB | 524/862 kB | 454/855 kB
Progress (5): 0.6/1.4 MB | 0.6/1.9 MB | 0.7/1.1 MB | 524/862 kB | 470/855 kB
Progress (5): 0.6/1.4 MB | 0.6/1.9 MB | 0.7/1.1 MB | 524/862 kB | 470/855 kB
Progress (5): 0.6/1.4 MB | 0.6/1.9 MB | 0.7/1.1 MB | 524/862 kB | 486/855 kB
Progress (5): 0.6/1.4 MB | 0.7/1.9 MB | 0.7/1.1 MB | 524/862 kB | 486/855 kB
Progress (5): 0.6/1.4 MB | 0.7/1.9 MB | 0.7/1.1 MB | 524/862 kB | 486/855 kB
Progress (5): 0.6/1.4 MB | 0.7/1.9 MB | 0.7/1.1 MB | 524/862 kB | 486/855 kB
Progress (5): 0.6/1.4 MB | 0.7/1.9 MB | 0.7/1.1 MB | 524/862 kB | 486/855 kB
Progress (5): 0.6/1.4 MB | 0.7/1.9 MB | 0.8/1.1 MB | 524/862 kB | 486/855 kB
Progress (5): 0.6/1.4 MB | 0.7/1.9 MB | 0.8/1.1 MB | 541/862 kB | 486/855 kB
Progress (5): 0.6/1.4 MB | 0.7/1.9 MB | 0.8/1.1 MB | 541/862 kB | 486/855 kB
Progress (5): 0.7/1.4 MB | 0.7/1.9 MB | 0.8/1.1 MB | 541/862 kB | 486/855 kB
Progress (5): 0.7/1.4 MB | 0.7/1.9 MB | 0.8/1.1 MB | 541/862 kB | 486/855 kB
Progress (5): 0.7/1.4 MB | 0.7/1.9 MB | 0.8/1.1 MB | 541/862 kB | 486/855 kB
Progress (5): 0.7/1.4 MB | 0.7/1.9 MB | 0.8/1.1 MB | 541/862 kB | 486/855 kB
Progress (5): 0.7/1.4 MB | 0.7/1.9 MB | 0.8/1.1 MB | 541/862 kB | 486/855 kB
Progress (5): 0.7/1.4 MB | 0.7/1.9 MB | 0.8/1.1 MB | 541/862 kB | 503/855 kB
Progress (5): 0.7/1.4 MB | 0.7/1.9 MB | 0.8/1.1 MB | 541/862 kB | 503/855 kB
Progress (5): 0.7/1.4 MB | 0.7/1.9 MB | 0.8/1.1 MB | 541/862 kB | 503/855 kB
Progress (5): 0.7/1.4 MB | 0.7/1.9 MB | 0.8/1.1 MB | 541/862 kB | 503/855 kB
Progress (5): 0.7/1.4 MB | 0.7/1.9 MB | 0.8/1.1 MB | 541/862 kB | 503/855 kB
Progress (5): 0.7/1.4 MB | 0.7/1.9 MB | 0.8/1.1 MB | 541/862 kB | 519/855 kB
Progress (5): 0.7/1.4 MB | 0.7/1.9 MB | 0.8/1.1 MB | 541/862 kB | 519/855 kB
Progress (5): 0.7/1.4 MB | 0.7/1.9 MB | 0.8/1.1 MB | 541/862 kB | 519/855 kB
Progress (5): 0.7/1.4 MB | 0.7/1.9 MB | 0.8/1.1 MB | 557/862 kB | 519/855 kB
Progress (5): 0.7/1.4 MB | 0.7/1.9 MB | 0.8/1.1 MB | 557/862 kB | 519/855 kB
Progress (5): 0.7/1.4 MB | 0.7/1.9 MB | 0.8/1.1 MB | 574/862 kB | 519/855 kB
Progress (5): 0.7/1.4 MB | 0.7/1.9 MB | 0.8/1.1 MB | 574/862 kB | 519/855 kB
Progress (5): 0.7/1.4 MB | 0.7/1.9 MB | 0.8/1.1 MB | 590/862 kB | 519/855 kB
Progress (5): 0.7/1.4 MB | 0.7/1.9 MB | 0.9/1.1 MB | 590/862 kB | 519/855 kB
Progress (5): 0.7/1.4 MB | 0.7/1.9 MB | 0.9/1.1 MB | 606/862 kB | 519/855 kB
Progress (5): 0.7/1.4 MB | 0.7/1.9 MB | 0.9/1.1 MB | 623/862 kB | 519/855 kB
Progress (5): 0.7/1.4 MB | 0.7/1.9 MB | 0.9/1.1 MB | 639/862 kB | 519/855 kB
Progress (5): 0.7/1.4 MB | 0.7/1.9 MB | 0.9/1.1 MB | 639/862 kB | 536/855 kB
Progress (5): 0.7/1.4 MB | 0.7/1.9 MB | 0.9/1.1 MB | 639/862 kB | 536/855 kB
Progress (5): 0.7/1.4 MB | 0.7/1.9 MB | 0.9/1.1 MB | 639/862 kB | 536/855 kB
Progress (5): 0.7/1.4 MB | 0.7/1.9 MB | 0.9/1.1 MB | 655/862 kB | 536/855 kB
Progress (5): 0.7/1.4 MB | 0.7/1.9 MB | 0.9/1.1 MB | 655/862 kB | 536/855 kB
Progress (5): 0.7/1.4 MB | 0.8/1.9 MB | 0.9/1.1 MB | 655/862 kB | 536/855 kB
Progress (5): 0.7/1.4 MB | 0.8/1.9 MB | 0.9/1.1 MB | 655/862 kB | 536/855 kB
Progress (5): 0.7/1.4 MB | 0.8/1.9 MB | 0.9/1.1 MB | 655/862 kB | 536/855 kB
Progress (5): 0.7/1.4 MB | 0.8/1.9 MB | 0.9/1.1 MB | 655/862 kB | 536/855 kB
Progress (5): 0.7/1.4 MB | 0.8/1.9 MB | 0.9/1.1 MB | 655/862 kB | 536/855 kB
Progress (5): 0.7/1.4 MB | 0.8/1.9 MB | 0.9/1.1 MB | 655/862 kB | 552/855 kB
Progress (5): 0.7/1.4 MB | 0.8/1.9 MB | 0.9/1.1 MB | 655/862 kB | 568/855 kB
Progress (5): 0.7/1.4 MB | 0.8/1.9 MB | 0.9/1.1 MB | 655/862 kB | 585/855 kB
Progress (5): 0.8/1.4 MB | 0.8/1.9 MB | 0.9/1.1 MB | 655/862 kB | 585/855 kB
Progress (5): 0.8/1.4 MB | 0.8/1.9 MB | 0.9/1.1 MB | 655/862 kB | 601/855 kB
Progress (5): 0.8/1.4 MB | 0.8/1.9 MB | 0.9/1.1 MB | 655/862 kB | 618/855 kB
Progress (5): 0.8/1.4 MB | 0.8/1.9 MB | 0.9/1.1 MB | 655/862 kB | 634/855 kB
Progress (5): 0.8/1.4 MB | 0.8/1.9 MB | 0.9/1.1 MB | 655/862 kB | 650/855 kB
Progress (5): 0.8/1.4 MB | 0.8/1.9 MB | 0.9/1.1 MB | 655/862 kB | 667/855 kB
Progress (5): 0.8/1.4 MB | 0.8/1.9 MB | 0.9/1.1 MB | 655/862 kB | 683/855 kB
Progress (5): 0.8/1.4 MB | 0.8/1.9 MB | 0.9/1.1 MB | 655/862 kB | 683/855 kB
Progress (5): 0.8/1.4 MB | 0.8/1.9 MB | 0.9/1.1 MB | 655/862 kB | 699/855 kB
Progress (5): 0.8/1.4 MB | 0.8/1.9 MB | 0.9/1.1 MB | 655/862 kB | 716/855 kB
Progress (5): 0.8/1.4 MB | 0.8/1.9 MB | 0.9/1.1 MB | 655/862 kB | 716/855 kB
Progress (5): 0.8/1.4 MB | 0.8/1.9 MB | 0.9/1.1 MB | 672/862 kB | 716/855 kB
Progress (5): 0.8/1.4 MB | 0.8/1.9 MB | 0.9/1.1 MB | 672/862 kB | 732/855 kB
Progress (5): 0.8/1.4 MB | 0.8/1.9 MB | 0.9/1.1 MB | 672/862 kB | 749/855 kB
Progress (5): 0.8/1.4 MB | 0.8/1.9 MB | 0.9/1.1 MB | 672/862 kB | 765/855 kB
Progress (5): 0.8/1.4 MB | 0.8/1.9 MB | 0.9/1.1 MB | 672/862 kB | 781/855 kB
Progress (5): 0.8/1.4 MB | 0.8/1.9 MB | 0.9/1.1 MB | 672/862 kB | 798/855 kB
Progress (5): 0.8/1.4 MB | 0.8/1.9 MB | 0.9/1.1 MB | 688/862 kB | 798/855 kB
Progress (5): 0.8/1.4 MB | 0.8/1.9 MB | 0.9/1.1 MB | 705/862 kB | 798/855 kB
Progress (5): 0.8/1.4 MB | 0.8/1.9 MB | 0.9/1.1 MB | 721/862 kB | 798/855 kB
Progress (5): 0.8/1.4 MB | 0.8/1.9 MB | 0.9/1.1 MB | 721/862 kB | 814/855 kB
Progress (5): 0.8/1.4 MB | 0.8/1.9 MB | 0.9/1.1 MB | 721/862 kB | 831/855 kB
Progress (5): 0.8/1.4 MB | 0.8/1.9 MB | 0.9/1.1 MB | 721/862 kB | 847/855 kB
Progress (5): 0.8/1.4 MB | 0.8/1.9 MB | 0.9/1.1 MB | 721/862 kB | 855 kB    
Progress (5): 0.8/1.4 MB | 0.8/1.9 MB | 0.9/1.1 MB | 721/862 kB | 855 kB
Progress (5): 0.8/1.4 MB | 0.8/1.9 MB | 0.9/1.1 MB | 721/862 kB | 855 kB
                                                                        
Downloaded from central: https://repo.maven.apache.org/maven2/org/apache/httpcomponents/core5/httpcore5/5.2.4/httpcore5-5.2.4.jar (855 kB at 2.3 MB/s)
Downloading from central: https://repo.maven.apache.org/maven2/org/apache/httpcomponents/core5/httpcore5-h2/5.2.4/httpcore5-h2-5.2.4.jar
Progress (4): 0.8/1.4 MB | 0.8/1.9 MB | 0.9/1.1 MB | 737/862 kB
Progress (4): 0.8/1.4 MB | 0.8/1.9 MB | 0.9/1.1 MB | 754/862 kB
Progress (4): 0.8/1.4 MB | 0.9/1.9 MB | 0.9/1.1 MB | 754/862 kB
Progress (4): 0.8/1.4 MB | 0.9/1.9 MB | 0.9/1.1 MB | 754/862 kB
Progress (4): 0.8/1.4 MB | 0.9/1.9 MB | 0.9/1.1 MB | 754/862 kB
Progress (4): 0.8/1.4 MB | 0.9/1.9 MB | 0.9/1.1 MB | 754/862 kB
Progress (4): 0.8/1.4 MB | 0.9/1.9 MB | 0.9/1.1 MB | 754/862 kB
Progress (4): 0.8/1.4 MB | 0.9/1.9 MB | 0.9/1.1 MB | 770/862 kB
Progress (4): 0.8/1.4 MB | 0.9/1.9 MB | 0.9/1.1 MB | 787/862 kB
Progress (4): 0.8/1.4 MB | 0.9/1.9 MB | 0.9/1.1 MB | 787/862 kB
Progress (4): 0.8/1.4 MB | 0.9/1.9 MB | 0.9/1.1 MB | 787/862 kB
Progress (4): 0.8/1.4 MB | 0.9/1.9 MB | 0.9/1.1 MB | 787/862 kB
Progress (4): 0.8/1.4 MB | 0.9/1.9 MB | 0.9/1.1 MB | 787/862 kB
Progress (4): 0.8/1.4 MB | 0.9/1.9 MB | 0.9/1.1 MB | 787/862 kB
Progress (4): 0.9/1.4 MB | 0.9/1.9 MB | 0.9/1.1 MB | 787/862 kB
Progress (4): 0.9/1.4 MB | 0.9/1.9 MB | 0.9/1.1 MB | 803/862 kB
Progress (4): 0.9/1.4 MB | 0.9/1.9 MB | 0.9/1.1 MB | 803/862 kB
Progress (4): 0.9/1.4 MB | 0.9/1.9 MB | 0.9/1.1 MB | 803/862 kB
Progress (4): 0.9/1.4 MB | 0.9/1.9 MB | 0.9/1.1 MB | 803/862 kB
Progress (4): 0.9/1.4 MB | 0.9/1.9 MB | 0.9/1.1 MB | 803/862 kB
Progress (4): 0.9/1.4 MB | 0.9/1.9 MB | 0.9/1.1 MB | 803/862 kB
Progress (4): 0.9/1.4 MB | 0.9/1.9 MB | 0.9/1.1 MB | 803/862 kB
Progress (4): 0.9/1.4 MB | 0.9/1.9 MB | 0.9/1.1 MB | 803/862 kB
Progress (4): 0.9/1.4 MB | 0.9/1.9 MB | 0.9/1.1 MB | 803/862 kB
Progress (4): 0.9/1.4 MB | 0.9/1.9 MB | 1.0/1.1 MB | 803/862 kB
Progress (4): 1.0/1.4 MB | 0.9/1.9 MB | 1.0/1.1 MB | 803/862 kB
Progress (4): 1.0/1.4 MB | 0.9/1.9 MB | 1.0/1.1 MB | 803/862 kB
Progress (4): 1.0/1.4 MB | 0.9/1.9 MB | 1.0/1.1 MB | 803/862 kB
Progress (4): 1.0/1.4 MB | 0.9/1.9 MB | 1.0/1.1 MB | 803/862 kB
Progress (4): 1.0/1.4 MB | 0.9/1.9 MB | 1.0/1.1 MB | 819/862 kB
Progress (4): 1.0/1.4 MB | 0.9/1.9 MB | 1.0/1.1 MB | 819/862 kB
Progress (4): 1.0/1.4 MB | 0.9/1.9 MB | 1.0/1.1 MB | 819/862 kB
Progress (4): 1.0/1.4 MB | 0.9/1.9 MB | 1.0/1.1 MB | 836/862 kB
Progress (4): 1.0/1.4 MB | 0.9/1.9 MB | 1.0/1.1 MB | 852/862 kB
Progress (4): 1.0/1.4 MB | 0.9/1.9 MB | 1.0/1.1 MB | 862 kB    
Progress (4): 1.0/1.4 MB | 0.9/1.9 MB | 1.0/1.1 MB | 862 kB
                                                           
Downloaded from central: https://repo.maven.apache.org/maven2/org/apache/httpcomponents/client5/httpclient5/5.3.1/httpclient5-5.3.1.jar (862 kB at 2.2 MB/s)
Downloading from central: https://repo.maven.apache.org/maven2/org/tomlj/tomlj/1.0.0/tomlj-1.0.0.jar
Progress (3): 1.0/1.4 MB | 0.9/1.9 MB | 1.0/1.1 MB
Progress (3): 1.0/1.4 MB | 0.9/1.9 MB | 1.1/1.1 MB
Progress (3): 1.0/1.4 MB | 0.9/1.9 MB | 1.1/1.1 MB
Progress (3): 1.0/1.4 MB | 0.9/1.9 MB | 1.1 MB    
                                              
Downloaded from central: https://repo.maven.apache.org/maven2/org/apache/commons/commons-compress/1.25.0/commons-compress-1.25.0.jar (1.1 MB at 2.7 MB/s)
Downloading from central: https://repo.maven.apache.org/maven2/org/antlr/antlr4-runtime/4.7.2/antlr4-runtime-4.7.2.jar
Progress (3): 1.0/1.4 MB | 0.9/1.9 MB | 7.7/237 kB
Progress (3): 1.0/1.4 MB | 0.9/1.9 MB | 16/237 kB 
Progress (3): 1.0/1.4 MB | 0.9/1.9 MB | 16/237 kB
Progress (3): 1.0/1.4 MB | 0.9/1.9 MB | 28/237 kB
Progress (3): 1.0/1.4 MB | 0.9/1.9 MB | 44/237 kB
Progress (3): 1.0/1.4 MB | 0.9/1.9 MB | 61/237 kB
Progress (3): 1.0/1.4 MB | 0.9/1.9 MB | 77/237 kB
Progress (3): 1.0/1.4 MB | 0.9/1.9 MB | 93/237 kB
Progress (3): 1.0/1.4 MB | 0.9/1.9 MB | 110/237 kB
Progress (3): 1.0/1.4 MB | 0.9/1.9 MB | 110/237 kB
Progress (3): 1.0/1.4 MB | 0.9/1.9 MB | 110/237 kB
Progress (3): 1.0/1.4 MB | 0.9/1.9 MB | 110/237 kB
Progress (3): 1.0/1.4 MB | 0.9/1.9 MB | 126/237 kB
Progress (3): 1.1/1.4 MB | 0.9/1.9 MB | 126/237 kB
Progress (3): 1.1/1.4 MB | 0.9/1.9 MB | 143/237 kB
Progress (3): 1.1/1.4 MB | 0.9/1.9 MB | 143/237 kB
Progress (3): 1.1/1.4 MB | 0.9/1.9 MB | 143/237 kB
Progress (3): 1.1/1.4 MB | 0.9/1.9 MB | 159/237 kB
Progress (3): 1.1/1.4 MB | 0.9/1.9 MB | 159/237 kB
Progress (3): 1.1/1.4 MB | 0.9/1.9 MB | 175/237 kB
Progress (3): 1.1/1.4 MB | 0.9/1.9 MB | 192/237 kB
Progress (3): 1.1/1.4 MB | 0.9/1.9 MB | 208/237 kB
Progress (3): 1.1/1.4 MB | 0.9/1.9 MB | 225/237 kB
Progress (3): 1.1/1.4 MB | 0.9/1.9 MB | 237 kB    
                                              
Downloaded from central: https://repo.maven.apache.org/maven2/org/apache/httpcomponents/core5/httpcore5-h2/5.2.4/httpcore5-h2-5.2.4.jar (237 kB at 552 kB/s)
Downloading from central: https://repo.maven.apache.org/maven2/com/google/code/findbugs/jsr305/3.0.2/jsr305-3.0.2.jar
Progress (2): 1.1/1.4 MB | 0.9/1.9 MB
Progress (2): 1.1/1.4 MB | 0.9/1.9 MB
Progress (3): 1.1/1.4 MB | 0.9/1.9 MB | 7.7/157 kB
Progress (3): 1.1/1.4 MB | 0.9/1.9 MB | 16/157 kB 
Progress (3): 1.2/1.4 MB | 0.9/1.9 MB | 16/157 kB
Progress (3): 1.2/1.4 MB | 0.9/1.9 MB | 32/157 kB
Progress (3): 1.2/1.4 MB | 0.9/1.9 MB | 32/157 kB
Progress (3): 1.2/1.4 MB | 0.9/1.9 MB | 32/157 kB
Progress (3): 1.2/1.4 MB | 0.9/1.9 MB | 49/157 kB
Progress (3): 1.2/1.4 MB | 0.9/1.9 MB | 49/157 kB
Progress (3): 1.2/1.4 MB | 0.9/1.9 MB | 65/157 kB
Progress (3): 1.2/1.4 MB | 0.9/1.9 MB | 81/157 kB
Progress (3): 1.2/1.4 MB | 0.9/1.9 MB | 98/157 kB
Progress (3): 1.2/1.4 MB | 0.9/1.9 MB | 98/157 kB
Progress (3): 1.2/1.4 MB | 0.9/1.9 MB | 114/157 kB
Progress (3): 1.2/1.4 MB | 0.9/1.9 MB | 131/157 kB
Progress (3): 1.2/1.4 MB | 0.9/1.9 MB | 147/157 kB
Progress (3): 1.2/1.4 MB | 0.9/1.9 MB | 157 kB    
Progress (3): 1.2/1.4 MB | 0.9/1.9 MB | 157 kB
Progress (3): 1.3/1.4 MB | 0.9/1.9 MB | 157 kB
                                              
Downloaded from central: https://repo.maven.apache.org/maven2/org/tomlj/tomlj/1.0.0/tomlj-1.0.0.jar (157 kB at 350 kB/s)
Downloading from central: https://repo.maven.apache.org/maven2/org/springframework/boot/spring-boot-loader-tools/3.3.0/spring-boot-loader-tools-3.3.0.jar
Progress (2): 1.3/1.4 MB | 0.9/1.9 MB
Progress (2): 1.3/1.4 MB | 0.9/1.9 MB
Progress (2): 1.3/1.4 MB | 0.9/1.9 MB
Progress (2): 1.3/1.4 MB | 0.9/1.9 MB
Progress (2): 1.3/1.4 MB | 0.9/1.9 MB
Progress (2): 1.4/1.4 MB | 0.9/1.9 MB
Progress (2): 1.4 MB | 0.9/1.9 MB    
                                 
Downloaded from central: https://repo.maven.apache.org/maven2/net/java/dev/jna/jna-platform/5.13.0/jna-platform-5.13.0.jar (1.4 MB at 3.0 MB/s)
Downloading from central: https://repo.maven.apache.org/maven2/org/apache/maven/shared/maven-common-artifact-filters/3.3.2/maven-common-artifact-filters-3.3.2.jar
Progress (1): 1.0/1.9 MB
Progress (1): 1.0/1.9 MB
Progress (1): 1.0/1.9 MB
Progress (1): 1.0/1.9 MB
Progress (1): 1.0/1.9 MB
Progress (1): 1.0/1.9 MB
Progress (1): 1.1/1.9 MB
Progress (1): 1.1/1.9 MB
Progress (1): 1.1/1.9 MB
Progress (1): 1.1/1.9 MB
Progress (1): 1.1/1.9 MB
Progress (1): 1.1/1.9 MB
Progress (1): 1.2/1.9 MB
Progress (1): 1.2/1.9 MB
Progress (1): 1.2/1.9 MB
Progress (1): 1.2/1.9 MB
Progress (2): 1.2/1.9 MB | 7.7/20 kB
Progress (2): 1.2/1.9 MB | 16/20 kB 
Progress (2): 1.2/1.9 MB | 16/20 kB
Progress (2): 1.2/1.9 MB | 20 kB   
Progress (2): 1.2/1.9 MB | 20 kB
                                
Downloaded from central: https://repo.maven.apache.org/maven2/com/google/code/findbugs/jsr305/3.0.2/jsr305-3.0.2.jar (20 kB at 42 kB/s)
Downloading from central: https://repo.maven.apache.org/maven2/org/slf4j/slf4j-api/1.7.36/slf4j-api-1.7.36.jar
Progress (1): 1.3/1.9 MB
Progress (1): 1.3/1.9 MB
Progress (1): 1.3/1.9 MB
Progress (1): 1.3/1.9 MB
Progress (1): 1.3/1.9 MB
Progress (1): 1.3/1.9 MB
Progress (1): 1.4/1.9 MB
Progress (1): 1.4/1.9 MB
Progress (1): 1.4/1.9 MB
Progress (1): 1.4/1.9 MB
Progress (1): 1.4/1.9 MB
Progress (1): 1.4/1.9 MB
Progress (1): 1.5/1.9 MB
Progress (1): 1.5/1.9 MB
Progress (1): 1.5/1.9 MB
Progress (1): 1.5/1.9 MB
Progress (1): 1.5/1.9 MB
Progress (2): 1.5/1.9 MB | 7.4/458 kB
Progress (2): 1.5/1.9 MB | 7.4/458 kB
Progress (2): 1.5/1.9 MB | 24/458 kB 
Progress (2): 1.6/1.9 MB | 24/458 kB
Progress (2): 1.6/1.9 MB | 24/458 kB
Progress (2): 1.6/1.9 MB | 40/458 kB
Progress (2): 1.6/1.9 MB | 57/458 kB
Progress (2): 1.6/1.9 MB | 73/458 kB
Progress (2): 1.6/1.9 MB | 73/458 kB
Progress (2): 1.6/1.9 MB | 89/458 kB
Progress (2): 1.6/1.9 MB | 106/458 kB
Progress (2): 1.6/1.9 MB | 122/458 kB
Progress (2): 1.6/1.9 MB | 130/458 kB
Progress (2): 1.6/1.9 MB | 147/458 kB
Progress (2): 1.6/1.9 MB | 147/458 kB
Progress (2): 1.6/1.9 MB | 163/458 kB
Progress (3): 1.6/1.9 MB | 163/458 kB | 7.7/58 kB
Progress (3): 1.6/1.9 MB | 163/458 kB | 16/58 kB 
Progress (3): 1.6/1.9 MB | 163/458 kB | 16/58 kB
Progress (4): 1.6/1.9 MB | 163/458 kB | 16/58 kB | 3.3/338 kB
Progress (4): 1.6/1.9 MB | 163/458 kB | 16/58 kB | 20/338 kB 
Progress (4): 1.6/1.9 MB | 163/458 kB | 16/58 kB | 36/338 kB
Progress (4): 1.6/1.9 MB | 163/458 kB | 16/58 kB | 52/338 kB
Progress (4): 1.6/1.9 MB | 179/458 kB | 16/58 kB | 52/338 kB
Progress (4): 1.6/1.9 MB | 179/458 kB | 16/58 kB | 52/338 kB
Progress (4): 1.7/1.9 MB | 179/458 kB | 16/58 kB | 52/338 kB
Progress (4): 1.7/1.9 MB | 179/458 kB | 16/58 kB | 61/338 kB
Progress (4): 1.7/1.9 MB | 196/458 kB | 16/58 kB | 61/338 kB
Progress (4): 1.7/1.9 MB | 196/458 kB | 16/58 kB | 61/338 kB
Progress (4): 1.7/1.9 MB | 212/458 kB | 16/58 kB | 61/338 kB
Progress (4): 1.7/1.9 MB | 212/458 kB | 16/58 kB | 77/338 kB
Progress (4): 1.7/1.9 MB | 212/458 kB | 16/58 kB | 93/338 kB
Progress (4): 1.7/1.9 MB | 229/458 kB | 16/58 kB | 93/338 kB
Progress (4): 1.7/1.9 MB | 229/458 kB | 16/58 kB | 110/338 kB
Progress (4): 1.7/1.9 MB | 229/458 kB | 16/58 kB | 126/338 kB
Progress (4): 1.7/1.9 MB | 245/458 kB | 16/58 kB | 126/338 kB
Progress (4): 1.7/1.9 MB | 245/458 kB | 32/58 kB | 126/338 kB
Progress (4): 1.7/1.9 MB | 261/458 kB | 32/58 kB | 126/338 kB
Progress (4): 1.7/1.9 MB | 261/458 kB | 49/58 kB | 126/338 kB
Progress (4): 1.7/1.9 MB | 278/458 kB | 49/58 kB | 126/338 kB
Progress (4): 1.7/1.9 MB | 278/458 kB | 49/58 kB | 126/338 kB
Progress (4): 1.7/1.9 MB | 278/458 kB | 49/58 kB | 143/338 kB
Progress (4): 1.7/1.9 MB | 278/458 kB | 49/58 kB | 159/338 kB
Progress (4): 1.7/1.9 MB | 278/458 kB | 49/58 kB | 175/338 kB
Progress (4): 1.7/1.9 MB | 278/458 kB | 49/58 kB | 192/338 kB
Progress (4): 1.7/1.9 MB | 278/458 kB | 49/58 kB | 208/338 kB
Progress (4): 1.7/1.9 MB | 278/458 kB | 58 kB | 208/338 kB   
Progress (4): 1.7/1.9 MB | 278/458 kB | 58 kB | 208/338 kB
                                                          
Downloaded from central: https://repo.maven.apache.org/maven2/org/apache/maven/shared/maven-common-artifact-filters/3.3.2/maven-common-artifact-filters-3.3.2.jar (58 kB at 115 kB/s)
Downloading from central: https://repo.maven.apache.org/maven2/org/springframework/spring-core/6.1.8/spring-core-6.1.8.jar
Progress (3): 1.7/1.9 MB | 294/458 kB | 208/338 kB
Progress (3): 1.7/1.9 MB | 311/458 kB | 208/338 kB
Progress (3): 1.7/1.9 MB | 311/458 kB | 208/338 kB
Progress (3): 1.7/1.9 MB | 327/458 kB | 208/338 kB
Progress (4): 1.7/1.9 MB | 327/458 kB | 208/338 kB | 7.7/41 kB
Progress (4): 1.7/1.9 MB | 327/458 kB | 208/338 kB | 16/41 kB 
Progress (4): 1.7/1.9 MB | 327/458 kB | 208/338 kB | 16/41 kB
Progress (4): 1.7/1.9 MB | 343/458 kB | 208/338 kB | 16/41 kB
Progress (4): 1.7/1.9 MB | 360/458 kB | 208/338 kB | 16/41 kB
Progress (4): 1.7/1.9 MB | 360/458 kB | 225/338 kB | 16/41 kB
Progress (4): 1.7/1.9 MB | 376/458 kB | 225/338 kB | 16/41 kB
Progress (4): 1.7/1.9 MB | 376/458 kB | 241/338 kB | 16/41 kB
Progress (4): 1.8/1.9 MB | 376/458 kB | 241/338 kB | 16/41 kB
Progress (4): 1.8/1.9 MB | 392/458 kB | 241/338 kB | 16/41 kB
Progress (4): 1.8/1.9 MB | 392/458 kB | 241/338 kB | 16/41 kB
Progress (4): 1.8/1.9 MB | 392/458 kB | 257/338 kB | 16/41 kB
Progress (4): 1.8/1.9 MB | 409/458 kB | 257/338 kB | 16/41 kB
Progress (4): 1.8/1.9 MB | 409/458 kB | 257/338 kB | 32/41 kB
Progress (4): 1.8/1.9 MB | 409/458 kB | 257/338 kB | 41 kB   
Progress (4): 1.8/1.9 MB | 409/458 kB | 257/338 kB | 41 kB
                                                          
Downloaded from central: https://repo.maven.apache.org/maven2/org/slf4j/slf4j-api/1.7.36/slf4j-api-1.7.36.jar (41 kB at 80 kB/s)
Downloading from central: https://repo.maven.apache.org/maven2/org/springframework/spring-jcl/6.1.8/spring-jcl-6.1.8.jar
Progress (3): 1.8/1.9 MB | 409/458 kB | 274/338 kB
Progress (3): 1.8/1.9 MB | 409/458 kB | 290/338 kB
Progress (3): 1.8/1.9 MB | 409/458 kB | 290/338 kB
Progress (3): 1.8/1.9 MB | 425/458 kB | 290/338 kB
Progress (3): 1.8/1.9 MB | 425/458 kB | 290/338 kB
Progress (3): 1.8/1.9 MB | 442/458 kB | 290/338 kB
Progress (3): 1.8/1.9 MB | 442/458 kB | 290/338 kB
Progress (3): 1.8/1.9 MB | 442/458 kB | 306/338 kB
Progress (3): 1.8/1.9 MB | 458/458 kB | 306/338 kB
Progress (3): 1.8/1.9 MB | 458 kB | 306/338 kB    
Progress (3): 1.9/1.9 MB | 458 kB | 306/338 kB
                                              
Downloaded from central: https://repo.maven.apache.org/maven2/org/springframework/boot/spring-boot-loader-tools/3.3.0/spring-boot-loader-tools-3.3.0.jar (458 kB at 883 kB/s)
Downloading from central: https://repo.maven.apache.org/maven2/org/springframework/spring-context/6.1.8/spring-context-6.1.8.jar
Progress (2): 1.9/1.9 MB | 306/338 kB
Progress (2): 1.9 MB | 306/338 kB    
Progress (2): 1.9 MB | 323/338 kB
                                 
Downloaded from central: https://repo.maven.apache.org/maven2/net/java/dev/jna/jna/5.13.0/jna-5.13.0.jar (1.9 MB at 3.6 MB/s)
Downloading from central: https://repo.maven.apache.org/maven2/org/springframework/spring-aop/6.1.8/spring-aop-6.1.8.jar
Progress (1): 338 kB
                    
Downloaded from central: https://repo.maven.apache.org/maven2/org/antlr/antlr4-runtime/4.7.2/antlr4-runtime-4.7.2.jar (338 kB at 647 kB/s)
Downloading from central: https://repo.maven.apache.org/maven2/org/springframework/spring-beans/6.1.8/spring-beans-6.1.8.jar
Progress (1): 0/1.9 MB
Progress (1): 0/1.9 MB
Progress (1): 0/1.9 MB
Progress (1): 0/1.9 MB
Progress (1): 0.1/1.9 MB
Progress (1): 0.1/1.9 MB
Progress (1): 0.1/1.9 MB
Progress (1): 0.1/1.9 MB
Progress (1): 0.1/1.9 MB
Progress (1): 0.1/1.9 MB
Progress (1): 0.2/1.9 MB
Progress (1): 0.2/1.9 MB
Progress (1): 0.2/1.9 MB
Progress (1): 0.2/1.9 MB
Progress (1): 0.2/1.9 MB
Progress (1): 0.2/1.9 MB
Progress (1): 0.3/1.9 MB
Progress (1): 0.3/1.9 MB
Progress (1): 0.3/1.9 MB
Progress (1): 0.3/1.9 MB
Progress (1): 0.3/1.9 MB
Progress (1): 0.3/1.9 MB
Progress (1): 0.4/1.9 MB
Progress (1): 0.4/1.9 MB
Progress (1): 0.4/1.9 MB
Progress (1): 0.4/1.9 MB
Progress (1): 0.4/1.9 MB
Progress (1): 0.4/1.9 MB
Progress (1): 0.5/1.9 MB
Progress (1): 0.5/1.9 MB
Progress (1): 0.5/1.9 MB
Progress (1): 0.5/1.9 MB
Progress (1): 0.5/1.9 MB
Progress (1): 0.5/1.9 MB
Progress (1): 0.6/1.9 MB
Progress (1): 0.6/1.9 MB
Progress (1): 0.6/1.9 MB
Progress (1): 0.6/1.9 MB
Progress (2): 0.6/1.9 MB | 7.7/25 kB
Progress (2): 0.6/1.9 MB | 16/25 kB 
Progress (2): 0.6/1.9 MB | 25 kB   
Progress (2): 0.6/1.9 MB | 25 kB
Progress (2): 0.6/1.9 MB | 25 kB
                                
Downloaded from central: https://repo.maven.apache.org/maven2/org/springframework/spring-jcl/6.1.8/spring-jcl-6.1.8.jar (25 kB at 45 kB/s)
Downloading from central: https://repo.maven.apache.org/maven2/org/springframework/spring-expression/6.1.8/spring-expression-6.1.8.jar
Progress (2): 0.6/1.9 MB | 0/1.3 MB
Progress (2): 0.6/1.9 MB | 0/1.3 MB
Progress (2): 0.7/1.9 MB | 0/1.3 MB
Progress (2): 0.7/1.9 MB | 0/1.3 MB
Progress (2): 0.7/1.9 MB | 0/1.3 MB
Progress (2): 0.7/1.9 MB | 0/1.3 MB
Progress (2): 0.7/1.9 MB | 0/1.3 MB
Progress (2): 0.7/1.9 MB | 0/1.3 MB
Progress (2): 0.7/1.9 MB | 0/1.3 MB
Progress (2): 0.7/1.9 MB | 0/1.3 MB
Progress (2): 0.7/1.9 MB | 0/1.3 MB
Progress (2): 0.8/1.9 MB | 0/1.3 MB
Progress (2): 0.8/1.9 MB | 0.1/1.3 MB
Progress (2): 0.8/1.9 MB | 0.1/1.3 MB
Progress (2): 0.8/1.9 MB | 0.1/1.3 MB
Progress (2): 0.8/1.9 MB | 0.1/1.3 MB
Progress (2): 0.8/1.9 MB | 0.1/1.3 MB
Progress (2): 0.8/1.9 MB | 0.1/1.3 MB
Progress (2): 0.8/1.9 MB | 0.1/1.3 MB
Progress (2): 0.8/1.9 MB | 0.1/1.3 MB
Progress (2): 0.8/1.9 MB | 0.1/1.3 MB
Progress (2): 0.9/1.9 MB | 0.1/1.3 MB
Progress (2): 0.9/1.9 MB | 0.1/1.3 MB
Progress (2): 0.9/1.9 MB | 0.1/1.3 MB
Progress (2): 0.9/1.9 MB | 0.1/1.3 MB
Progress (2): 0.9/1.9 MB | 0.1/1.3 MB
Progress (2): 0.9/1.9 MB | 0.1/1.3 MB
Progress (2): 1.0/1.9 MB | 0.1/1.3 MB
Progress (2): 1.0/1.9 MB | 0.1/1.3 MB
Progress (3): 1.0/1.9 MB | 0.1/1.3 MB | 7.7/416 kB
Progress (3): 1.0/1.9 MB | 0.1/1.3 MB | 16/416 kB 
Progress (3): 1.0/1.9 MB | 0.1/1.3 MB | 16/416 kB
Progress (3): 1.0/1.9 MB | 0.1/1.3 MB | 32/416 kB
Progress (3): 1.0/1.9 MB | 0.1/1.3 MB | 49/416 kB
Progress (3): 1.0/1.9 MB | 0.1/1.3 MB | 65/416 kB
Progress (3): 1.0/1.9 MB | 0.1/1.3 MB | 81/416 kB
Progress (4): 1.0/1.9 MB | 0.1/1.3 MB | 81/416 kB | 7.7/861 kB
Progress (4): 1.0/1.9 MB | 0.1/1.3 MB | 81/416 kB | 12/861 kB 
Progress (4): 1.0/1.9 MB | 0.1/1.3 MB | 81/416 kB | 28/861 kB
Progress (4): 1.0/1.9 MB | 0.1/1.3 MB | 98/416 kB | 28/861 kB
Progress (4): 1.0/1.9 MB | 0.1/1.3 MB | 98/416 kB | 28/861 kB
Progress (4): 1.0/1.9 MB | 0.1/1.3 MB | 114/416 kB | 28/861 kB
Progress (4): 1.0/1.9 MB | 0.1/1.3 MB | 114/416 kB | 44/861 kB
Progress (4): 1.0/1.9 MB | 0.1/1.3 MB | 131/416 kB | 44/861 kB
Progress (4): 1.0/1.9 MB | 0.1/1.3 MB | 147/416 kB | 44/861 kB
Progress (4): 1.0/1.9 MB | 0.1/1.3 MB | 163/416 kB | 44/861 kB
Progress (4): 1.0/1.9 MB | 0.1/1.3 MB | 180/416 kB | 44/861 kB
Progress (4): 1.0/1.9 MB | 0.1/1.3 MB | 180/416 kB | 44/861 kB
Progress (4): 1.0/1.9 MB | 0.1/1.3 MB | 180/416 kB | 61/861 kB
Progress (4): 1.0/1.9 MB | 0.1/1.3 MB | 180/416 kB | 61/861 kB
Progress (4): 1.0/1.9 MB | 0.1/1.3 MB | 180/416 kB | 77/861 kB
Progress (4): 1.0/1.9 MB | 0.2/1.3 MB | 180/416 kB | 77/861 kB
Progress (4): 1.0/1.9 MB | 0.2/1.3 MB | 180/416 kB | 77/861 kB
Progress (4): 1.0/1.9 MB | 0.2/1.3 MB | 180/416 kB | 77/861 kB
Progress (4): 1.0/1.9 MB | 0.2/1.3 MB | 180/416 kB | 77/861 kB
Progress (4): 1.0/1.9 MB | 0.2/1.3 MB | 180/416 kB | 77/861 kB
Progress (4): 1.0/1.9 MB | 0.2/1.3 MB | 196/416 kB | 77/861 kB
Progress (4): 1.0/1.9 MB | 0.2/1.3 MB | 213/416 kB | 77/861 kB
Progress (4): 1.0/1.9 MB | 0.2/1.3 MB | 229/416 kB | 77/861 kB
Progress (4): 1.0/1.9 MB | 0.2/1.3 MB | 245/416 kB | 77/861 kB
Progress (4): 1.0/1.9 MB | 0.2/1.3 MB | 245/416 kB | 77/861 kB
Progress (4): 1.0/1.9 MB | 0.2/1.3 MB | 245/416 kB | 77/861 kB
Progress (4): 1.0/1.9 MB | 0.2/1.3 MB | 245/416 kB | 93/861 kB
Progress (4): 1.0/1.9 MB | 0.2/1.3 MB | 245/416 kB | 93/861 kB
Progress (4): 1.0/1.9 MB | 0.2/1.3 MB | 245/416 kB | 110/861 kB
Progress (4): 1.0/1.9 MB | 0.2/1.3 MB | 262/416 kB | 110/861 kB
Progress (4): 1.1/1.9 MB | 0.2/1.3 MB | 262/416 kB | 110/861 kB
Progress (4): 1.1/1.9 MB | 0.2/1.3 MB | 278/416 kB | 110/861 kB
Progress (4): 1.1/1.9 MB | 0.2/1.3 MB | 278/416 kB | 110/861 kB
Progress (4): 1.1/1.9 MB | 0.3/1.3 MB | 278/416 kB | 110/861 kB
Progress (4): 1.1/1.9 MB | 0.3/1.3 MB | 294/416 kB | 110/861 kB
Progress (4): 1.1/1.9 MB | 0.3/1.3 MB | 294/416 kB | 126/861 kB
Progress (5): 1.1/1.9 MB | 0.3/1.3 MB | 294/416 kB | 126/861 kB | 7.7/303 kB
Progress (5): 1.1/1.9 MB | 0.3/1.3 MB | 294/416 kB | 126/861 kB | 16/303 kB 
Progress (5): 1.1/1.9 MB | 0.3/1.3 MB | 294/416 kB | 126/861 kB | 25/303 kB
Progress (5): 1.1/1.9 MB | 0.3/1.3 MB | 294/416 kB | 126/861 kB | 41/303 kB
Progress (5): 1.1/1.9 MB | 0.3/1.3 MB | 294/416 kB | 126/861 kB | 41/303 kB
Progress (5): 1.1/1.9 MB | 0.3/1.3 MB | 294/416 kB | 126/861 kB | 41/303 kB
Progress (5): 1.1/1.9 MB | 0.3/1.3 MB | 294/416 kB | 126/861 kB | 41/303 kB
Progress (5): 1.1/1.9 MB | 0.3/1.3 MB | 311/416 kB | 126/861 kB | 41/303 kB
Progress (5): 1.1/1.9 MB | 0.3/1.3 MB | 311/416 kB | 143/861 kB | 41/303 kB
Progress (5): 1.1/1.9 MB | 0.3/1.3 MB | 311/416 kB | 143/861 kB | 57/303 kB
Progress (5): 1.1/1.9 MB | 0.3/1.3 MB | 311/416 kB | 143/861 kB | 74/303 kB
Progress (5): 1.1/1.9 MB | 0.3/1.3 MB | 311/416 kB | 143/861 kB | 90/303 kB
Progress (5): 1.1/1.9 MB | 0.3/1.3 MB | 327/416 kB | 143/861 kB | 90/303 kB
Progress (5): 1.1/1.9 MB | 0.3/1.3 MB | 344/416 kB | 143/861 kB | 90/303 kB
Progress (5): 1.1/1.9 MB | 0.3/1.3 MB | 344/416 kB | 159/861 kB | 90/303 kB
Progress (5): 1.1/1.9 MB | 0.3/1.3 MB | 344/416 kB | 159/861 kB | 106/303 kB
Progress (5): 1.1/1.9 MB | 0.3/1.3 MB | 344/416 kB | 159/861 kB | 123/303 kB
Progress (5): 1.1/1.9 MB | 0.3/1.3 MB | 360/416 kB | 159/861 kB | 123/303 kB
Progress (5): 1.1/1.9 MB | 0.3/1.3 MB | 360/416 kB | 159/861 kB | 123/303 kB
Progress (5): 1.1/1.9 MB | 0.3/1.3 MB | 360/416 kB | 159/861 kB | 123/303 kB
Progress (5): 1.1/1.9 MB | 0.3/1.3 MB | 360/416 kB | 175/861 kB | 123/303 kB
Progress (5): 1.1/1.9 MB | 0.3/1.3 MB | 376/416 kB | 175/861 kB | 123/303 kB
Progress (5): 1.1/1.9 MB | 0.3/1.3 MB | 393/416 kB | 175/861 kB | 123/303 kB
Progress (5): 1.1/1.9 MB | 0.3/1.3 MB | 409/416 kB | 175/861 kB | 123/303 kB
Progress (5): 1.1/1.9 MB | 0.3/1.3 MB | 416 kB | 175/861 kB | 123/303 kB    
Progress (5): 1.1/1.9 MB | 0.3/1.3 MB | 416 kB | 192/861 kB | 123/303 kB
                                                                        
Downloaded from central: https://repo.maven.apache.org/maven2/org/springframework/spring-aop/6.1.8/spring-aop-6.1.8.jar (416 kB at 684 kB/s)
Downloading from central: https://repo.maven.apache.org/maven2/io/micrometer/micrometer-observation/1.12.6/micrometer-observation-1.12.6.jar
Progress (4): 1.1/1.9 MB | 0.3/1.3 MB | 208/861 kB | 123/303 kB
Progress (4): 1.1/1.9 MB | 0.3/1.3 MB | 208/861 kB | 123/303 kB
Progress (4): 1.1/1.9 MB | 0.3/1.3 MB | 208/861 kB | 139/303 kB
Progress (4): 1.1/1.9 MB | 0.3/1.3 MB | 225/861 kB | 139/303 kB
Progress (4): 1.1/1.9 MB | 0.3/1.3 MB | 225/861 kB | 139/303 kB
Progress (4): 1.1/1.9 MB | 0.3/1.3 MB | 225/861 kB | 139/303 kB
Progress (4): 1.1/1.9 MB | 0.3/1.3 MB | 225/861 kB | 139/303 kB
Progress (4): 1.1/1.9 MB | 0.3/1.3 MB | 225/861 kB | 156/303 kB
Progress (4): 1.1/1.9 MB | 0.3/1.3 MB | 225/861 kB | 156/303 kB
Progress (4): 1.1/1.9 MB | 0.3/1.3 MB | 241/861 kB | 156/303 kB
Progress (4): 1.1/1.9 MB | 0.3/1.3 MB | 241/861 kB | 172/303 kB
Progress (4): 1.2/1.9 MB | 0.3/1.3 MB | 241/861 kB | 172/303 kB
Progress (4): 1.2/1.9 MB | 0.4/1.3 MB | 241/861 kB | 172/303 kB
Progress (4): 1.2/1.9 MB | 0.4/1.3 MB | 257/861 kB | 172/303 kB
Progress (4): 1.2/1.9 MB | 0.4/1.3 MB | 257/861 kB | 188/303 kB
Progress (4): 1.2/1.9 MB | 0.4/1.3 MB | 274/861 kB | 188/303 kB
Progress (4): 1.2/1.9 MB | 0.4/1.3 MB | 290/861 kB | 188/303 kB
Progress (4): 1.2/1.9 MB | 0.4/1.3 MB | 290/861 kB | 188/303 kB
Progress (4): 1.2/1.9 MB | 0.4/1.3 MB | 290/861 kB | 188/303 kB
Progress (4): 1.2/1.9 MB | 0.4/1.3 MB | 306/861 kB | 188/303 kB
Progress (4): 1.2/1.9 MB | 0.4/1.3 MB | 306/861 kB | 188/303 kB
Progress (4): 1.2/1.9 MB | 0.4/1.3 MB | 306/861 kB | 205/303 kB
Progress (4): 1.2/1.9 MB | 0.4/1.3 MB | 323/861 kB | 205/303 kB
Progress (4): 1.2/1.9 MB | 0.4/1.3 MB | 323/861 kB | 205/303 kB
Progress (4): 1.2/1.9 MB | 0.4/1.3 MB | 323/861 kB | 205/303 kB
Progress (4): 1.2/1.9 MB | 0.4/1.3 MB | 323/861 kB | 221/303 kB
Progress (4): 1.2/1.9 MB | 0.4/1.3 MB | 339/861 kB | 221/303 kB
Progress (4): 1.2/1.9 MB | 0.4/1.3 MB | 339/861 kB | 221/303 kB
Progress (4): 1.2/1.9 MB | 0.4/1.3 MB | 348/861 kB | 221/303 kB
Progress (4): 1.2/1.9 MB | 0.4/1.3 MB | 348/861 kB | 221/303 kB
Progress (4): 1.2/1.9 MB | 0.4/1.3 MB | 348/861 kB | 238/303 kB
Progress (4): 1.2/1.9 MB | 0.4/1.3 MB | 348/861 kB | 238/303 kB
Progress (4): 1.2/1.9 MB | 0.4/1.3 MB | 348/861 kB | 254/303 kB
Progress (4): 1.2/1.9 MB | 0.4/1.3 MB | 364/861 kB | 254/303 kB
Progress (4): 1.2/1.9 MB | 0.4/1.3 MB | 364/861 kB | 254/303 kB
Progress (4): 1.2/1.9 MB | 0.5/1.3 MB | 364/861 kB | 254/303 kB
Progress (4): 1.2/1.9 MB | 0.5/1.3 MB | 364/861 kB | 254/303 kB
Progress (4): 1.2/1.9 MB | 0.5/1.3 MB | 364/861 kB | 254/303 kB
Progress (4): 1.2/1.9 MB | 0.5/1.3 MB | 381/861 kB | 254/303 kB
Progress (4): 1.2/1.9 MB | 0.5/1.3 MB | 381/861 kB | 270/303 kB
Progress (4): 1.2/1.9 MB | 0.5/1.3 MB | 397/861 kB | 270/303 kB
Progress (4): 1.2/1.9 MB | 0.5/1.3 MB | 397/861 kB | 270/303 kB
Progress (4): 1.3/1.9 MB | 0.5/1.3 MB | 397/861 kB | 270/303 kB
Progress (4): 1.3/1.9 MB | 0.5/1.3 MB | 397/861 kB | 270/303 kB
Progress (4): 1.3/1.9 MB | 0.5/1.3 MB | 397/861 kB | 270/303 kB
Progress (4): 1.3/1.9 MB | 0.5/1.3 MB | 397/861 kB | 270/303 kB
Progress (4): 1.3/1.9 MB | 0.6/1.3 MB | 397/861 kB | 270/303 kB
Progress (4): 1.3/1.9 MB | 0.6/1.3 MB | 397/861 kB | 270/303 kB
Progress (4): 1.3/1.9 MB | 0.6/1.3 MB | 413/861 kB | 270/303 kB
Progress (4): 1.3/1.9 MB | 0.6/1.3 MB | 430/861 kB | 270/303 kB
Progress (4): 1.3/1.9 MB | 0.6/1.3 MB | 430/861 kB | 287/303 kB
Progress (4): 1.3/1.9 MB | 0.6/1.3 MB | 446/861 kB | 287/303 kB
Progress (4): 1.3/1.9 MB | 0.6/1.3 MB | 446/861 kB | 287/303 kB
Progress (4): 1.3/1.9 MB | 0.6/1.3 MB | 446/861 kB | 287/303 kB
Progress (4): 1.3/1.9 MB | 0.6/1.3 MB | 446/861 kB | 287/303 kB
Progress (4): 1.3/1.9 MB | 0.6/1.3 MB | 463/861 kB | 287/303 kB
Progress (4): 1.3/1.9 MB | 0.6/1.3 MB | 463/861 kB | 287/303 kB
Progress (4): 1.3/1.9 MB | 0.6/1.3 MB | 463/861 kB | 303/303 kB
Progress (4): 1.3/1.9 MB | 0.6/1.3 MB | 463/861 kB | 303 kB    
Progress (4): 1.3/1.9 MB | 0.6/1.3 MB | 463/861 kB | 303 kB
                                                           
Downloaded from central: https://repo.maven.apache.org/maven2/org/springframework/spring-expression/6.1.8/spring-expression-6.1.8.jar (303 kB at 477 kB/s)
Downloading from central: https://repo.maven.apache.org/maven2/io/micrometer/micrometer-commons/1.12.6/micrometer-commons-1.12.6.jar
Progress (3): 1.3/1.9 MB | 0.6/1.3 MB | 463/861 kB
Progress (4): 1.3/1.9 MB | 0.6/1.3 MB | 463/861 kB | 7.7/72 kB
Progress (4): 1.3/1.9 MB | 0.6/1.3 MB | 463/861 kB | 16/72 kB 
Progress (4): 1.3/1.9 MB | 0.6/1.3 MB | 463/861 kB | 25/72 kB
Progress (4): 1.3/1.9 MB | 0.6/1.3 MB | 463/861 kB | 25/72 kB
Progress (4): 1.3/1.9 MB | 0.6/1.3 MB | 463/861 kB | 25/72 kB
Progress (4): 1.3/1.9 MB | 0.7/1.3 MB | 463/861 kB | 25/72 kB
Progress (4): 1.3/1.9 MB | 0.7/1.3 MB | 463/861 kB | 25/72 kB
Progress (4): 1.3/1.9 MB | 0.7/1.3 MB | 463/861 kB | 25/72 kB
Progress (4): 1.3/1.9 MB | 0.7/1.3 MB | 463/861 kB | 25/72 kB
Progress (4): 1.3/1.9 MB | 0.7/1.3 MB | 463/861 kB | 25/72 kB
Progress (4): 1.3/1.9 MB | 0.7/1.3 MB | 463/861 kB | 25/72 kB
Progress (4): 1.3/1.9 MB | 0.7/1.3 MB | 479/861 kB | 25/72 kB
Progress (4): 1.3/1.9 MB | 0.7/1.3 MB | 479/861 kB | 25/72 kB
Progress (4): 1.3/1.9 MB | 0.7/1.3 MB | 479/861 kB | 41/72 kB
Progress (4): 1.3/1.9 MB | 0.7/1.3 MB | 479/861 kB | 57/72 kB
Progress (4): 1.3/1.9 MB | 0.7/1.3 MB | 479/861 kB | 72 kB   
                                                          
Downloaded from central: https://repo.maven.apache.org/maven2/io/micrometer/micrometer-observation/1.12.6/micrometer-observation-1.12.6.jar (72 kB at 110 kB/s)
Downloading from central: https://repo.maven.apache.org/maven2/org/sonatype/plexus/plexus-build-api/0.0.7/plexus-build-api-0.0.7.jar
Progress (3): 1.3/1.9 MB | 0.7/1.3 MB | 495/861 kB
Progress (3): 1.3/1.9 MB | 0.7/1.3 MB | 512/861 kB
Progress (3): 1.3/1.9 MB | 0.7/1.3 MB | 512/861 kB
Progress (3): 1.3/1.9 MB | 0.7/1.3 MB | 528/861 kB
Progress (3): 1.3/1.9 MB | 0.7/1.3 MB | 544/861 kB
Progress (3): 1.3/1.9 MB | 0.7/1.3 MB | 561/861 kB
Progress (3): 1.3/1.9 MB | 0.7/1.3 MB | 577/861 kB
Progress (3): 1.3/1.9 MB | 0.7/1.3 MB | 594/861 kB
Progress (3): 1.3/1.9 MB | 0.8/1.3 MB | 594/861 kB
Progress (3): 1.3/1.9 MB | 0.8/1.3 MB | 610/861 kB
Progress (3): 1.4/1.9 MB | 0.8/1.3 MB | 610/861 kB
Progress (3): 1.4/1.9 MB | 0.8/1.3 MB | 610/861 kB
Progress (3): 1.4/1.9 MB | 0.8/1.3 MB | 610/861 kB
Progress (3): 1.4/1.9 MB | 0.8/1.3 MB | 610/861 kB
Progress (3): 1.4/1.9 MB | 0.8/1.3 MB | 610/861 kB
Progress (3): 1.4/1.9 MB | 0.8/1.3 MB | 610/861 kB
Progress (3): 1.4/1.9 MB | 0.8/1.3 MB | 626/861 kB
Progress (3): 1.4/1.9 MB | 0.8/1.3 MB | 626/861 kB
Progress (3): 1.4/1.9 MB | 0.8/1.3 MB | 626/861 kB
Progress (3): 1.4/1.9 MB | 0.8/1.3 MB | 626/861 kB
Progress (3): 1.4/1.9 MB | 0.8/1.3 MB | 626/861 kB
Progress (3): 1.4/1.9 MB | 0.8/1.3 MB | 626/861 kB
Progress (3): 1.4/1.9 MB | 0.8/1.3 MB | 626/861 kB
Progress (3): 1.4/1.9 MB | 0.9/1.3 MB | 626/861 kB
Progress (3): 1.4/1.9 MB | 0.9/1.3 MB | 643/861 kB
Progress (3): 1.4/1.9 MB | 0.9/1.3 MB | 643/861 kB
Progress (3): 1.5/1.9 MB | 0.9/1.3 MB | 643/861 kB
Progress (3): 1.5/1.9 MB | 0.9/1.3 MB | 643/861 kB
Progress (3): 1.5/1.9 MB | 0.9/1.3 MB | 659/861 kB
Progress (3): 1.5/1.9 MB | 0.9/1.3 MB | 676/861 kB
Progress (4): 1.5/1.9 MB | 0.9/1.3 MB | 676/861 kB | 7.7/47 kB
Progress (4): 1.5/1.9 MB | 0.9/1.3 MB | 676/861 kB | 16/47 kB 
Progress (4): 1.5/1.9 MB | 0.9/1.3 MB | 676/861 kB | 32/47 kB
Progress (4): 1.5/1.9 MB | 0.9/1.3 MB | 692/861 kB | 32/47 kB
Progress (4): 1.5/1.9 MB | 0.9/1.3 MB | 708/861 kB | 32/47 kB
Progress (4): 1.5/1.9 MB | 0.9/1.3 MB | 725/861 kB | 32/47 kB
Progress (4): 1.5/1.9 MB | 0.9/1.3 MB | 725/861 kB | 32/47 kB
Progress (4): 1.5/1.9 MB | 0.9/1.3 MB | 741/861 kB | 32/47 kB
Progress (4): 1.5/1.9 MB | 0.9/1.3 MB | 757/861 kB | 32/47 kB
Progress (5): 1.5/1.9 MB | 0.9/1.3 MB | 757/861 kB | 32/47 kB | 7.7/8.5 kB
Progress (5): 1.5/1.9 MB | 0.9/1.3 MB | 757/861 kB | 32/47 kB | 8.5 kB    
Progress (5): 1.5/1.9 MB | 0.9/1.3 MB | 774/861 kB | 32/47 kB | 8.5 kB
                                                                      
Downloaded from central: https://repo.maven.apache.org/maven2/org/sonatype/plexus/plexus-build-api/0.0.7/plexus-build-api-0.0.7.jar (8.5 kB at 12 kB/s)
Downloading from central: https://repo.maven.apache.org/maven2/org/codehaus/plexus/plexus-utils/1.5.8/plexus-utils-1.5.8.jar
Progress (4): 1.5/1.9 MB | 0.9/1.3 MB | 790/861 kB | 32/47 kB
Progress (4): 1.5/1.9 MB | 0.9/1.3 MB | 807/861 kB | 32/47 kB
Progress (4): 1.5/1.9 MB | 0.9/1.3 MB | 823/861 kB | 32/47 kB
Progress (4): 1.5/1.9 MB | 0.9/1.3 MB | 823/861 kB | 32/47 kB
Progress (4): 1.5/1.9 MB | 0.9/1.3 MB | 823/861 kB | 47 kB   
Progress (4): 1.5/1.9 MB | 0.9/1.3 MB | 823/861 kB | 47 kB
                                                          
Downloaded from central: https://repo.maven.apache.org/maven2/io/micrometer/micrometer-commons/1.12.6/micrometer-commons-1.12.6.jar (47 kB at 68 kB/s)
Downloading from central: https://repo.maven.apache.org/maven2/org/apache/maven/plugins/maven-shade-plugin/3.5.0/maven-shade-plugin-3.5.0.jar
Progress (3): 1.5/1.9 MB | 0.9/1.3 MB | 823/861 kB
Progress (3): 1.5/1.9 MB | 0.9/1.3 MB | 823/861 kB
Progress (3): 1.5/1.9 MB | 0.9/1.3 MB | 839/861 kB
Progress (3): 1.6/1.9 MB | 0.9/1.3 MB | 839/861 kB
Progress (3): 1.6/1.9 MB | 0.9/1.3 MB | 839/861 kB
Progress (3): 1.6/1.9 MB | 0.9/1.3 MB | 839/861 kB
Progress (3): 1.6/1.9 MB | 0.9/1.3 MB | 839/861 kB
Progress (3): 1.6/1.9 MB | 0.9/1.3 MB | 839/861 kB
Progress (3): 1.6/1.9 MB | 0.9/1.3 MB | 856/861 kB
Progress (3): 1.6/1.9 MB | 0.9/1.3 MB | 856/861 kB
Progress (3): 1.6/1.9 MB | 0.9/1.3 MB | 856/861 kB
Progress (3): 1.6/1.9 MB | 0.9/1.3 MB | 861 kB    
Progress (3): 1.6/1.9 MB | 1.0/1.3 MB | 861 kB
                                              
Downloaded from central: https://repo.maven.apache.org/maven2/org/springframework/spring-beans/6.1.8/spring-beans-6.1.8.jar (861 kB at 1.2 MB/s)
Progress (2): 1.6/1.9 MB | 1.0/1.3 MB
                                     
Downloading from central: https://repo.maven.apache.org/maven2/org/ow2/asm/asm/9.5/asm-9.5.jar
Progress (2): 1.6/1.9 MB | 1.0/1.3 MB
Progress (2): 1.6/1.9 MB | 1.0/1.3 MB
Progress (2): 1.6/1.9 MB | 1.0/1.3 MB
Progress (2): 1.6/1.9 MB | 1.0/1.3 MB
Progress (2): 1.6/1.9 MB | 1.0/1.3 MB
Progress (2): 1.6/1.9 MB | 1.0/1.3 MB
Progress (2): 1.7/1.9 MB | 1.0/1.3 MB
Progress (2): 1.7/1.9 MB | 1.0/1.3 MB
Progress (2): 1.7/1.9 MB | 1.0/1.3 MB
Progress (2): 1.7/1.9 MB | 1.0/1.3 MB
Progress (2): 1.7/1.9 MB | 1.0/1.3 MB
Progress (2): 1.7/1.9 MB | 1.0/1.3 MB
Progress (2): 1.7/1.9 MB | 1.0/1.3 MB
Progress (2): 1.7/1.9 MB | 1.1/1.3 MB
Progress (2): 1.7/1.9 MB | 1.1/1.3 MB
Progress (2): 1.7/1.9 MB | 1.1/1.3 MB
Progress (2): 1.7/1.9 MB | 1.1/1.3 MB
Progress (2): 1.7/1.9 MB | 1.1/1.3 MB
Progress (2): 1.8/1.9 MB | 1.1/1.3 MB
Progress (2): 1.8/1.9 MB | 1.1/1.3 MB
Progress (2): 1.8/1.9 MB | 1.1/1.3 MB
Progress (2): 1.8/1.9 MB | 1.1/1.3 MB
Progress (2): 1.8/1.9 MB | 1.1/1.3 MB
Progress (2): 1.8/1.9 MB | 1.1/1.3 MB
Progress (2): 1.8/1.9 MB | 1.1/1.3 MB
Progress (2): 1.8/1.9 MB | 1.1/1.3 MB
Progress (2): 1.8/1.9 MB | 1.2/1.3 MB
Progress (2): 1.8/1.9 MB | 1.2/1.3 MB
Progress (2): 1.8/1.9 MB | 1.2/1.3 MB
Progress (2): 1.8/1.9 MB | 1.2/1.3 MB
Progress (2): 1.8/1.9 MB | 1.2/1.3 MB
Progress (2): 1.8/1.9 MB | 1.2/1.3 MB
Progress (2): 1.8/1.9 MB | 1.2/1.3 MB
Progress (2): 1.9/1.9 MB | 1.2/1.3 MB
Progress (2): 1.9/1.9 MB | 1.2/1.3 MB
Progress (2): 1.9/1.9 MB | 1.2/1.3 MB
Progress (2): 1.9/1.9 MB | 1.2/1.3 MB
Progress (2): 1.9/1.9 MB | 1.3/1.3 MB
Progress (2): 1.9/1.9 MB | 1.3/1.3 MB
Progress (2): 1.9 MB | 1.3/1.3 MB    
Progress (2): 1.9 MB | 1.3/1.3 MB
Progress (2): 1.9 MB | 1.3 MB    
                             
Downloaded from central: https://repo.maven.apache.org/maven2/org/springframework/spring-context/6.1.8/spring-context-6.1.8.jar (1.3 MB at 1.8 MB/s)
Downloaded from central: https://repo.maven.apache.org/maven2/org/springframework/spring-core/6.1.8/spring-core-6.1.8.jar (1.9 MB at 2.6 MB/s)
Downloading from central: https://repo.maven.apache.org/maven2/org/ow2/asm/asm-commons/9.5/asm-commons-9.5.jar
Downloading from central: https://repo.maven.apache.org/maven2/org/ow2/asm/asm-tree/9.5/asm-tree-9.5.jar
Progress (1): 7.7/268 kB
Progress (1): 16/268 kB 
Progress (1): 32/268 kB
Progress (1): 49/268 kB
Progress (1): 65/268 kB
Progress (1): 81/268 kB
Progress (1): 98/268 kB
Progress (2): 98/268 kB | 7.7/147 kB
Progress (2): 98/268 kB | 16/147 kB 
Progress (2): 98/268 kB | 32/147 kB
Progress (2): 114/268 kB | 32/147 kB
Progress (2): 114/268 kB | 48/147 kB
Progress (2): 131/268 kB | 48/147 kB
Progress (2): 147/268 kB | 48/147 kB
Progress (2): 147/268 kB | 65/147 kB
Progress (2): 147/268 kB | 81/147 kB
Progress (2): 163/268 kB | 81/147 kB
Progress (2): 180/268 kB | 81/147 kB
Progress (2): 196/268 kB | 81/147 kB
Progress (2): 196/268 kB | 98/147 kB
Progress (2): 196/268 kB | 114/147 kB
Progress (2): 213/268 kB | 114/147 kB
Progress (2): 213/268 kB | 130/147 kB
Progress (2): 229/268 kB | 130/147 kB
Progress (2): 229/268 kB | 147 kB    
Progress (2): 245/268 kB | 147 kB
                                 
Downloaded from central: https://repo.maven.apache.org/maven2/org/apache/maven/plugins/maven-shade-plugin/3.5.0/maven-shade-plugin-3.5.0.jar (147 kB at 199 kB/s)
Downloading from central: https://repo.maven.apache.org/maven2/org/jdom/jdom2/2.0.6.1/jdom2-2.0.6.1.jar
Progress (1): 262/268 kB
Progress (2): 262/268 kB | 7.7/122 kB
Progress (2): 268 kB | 7.7/122 kB    
Progress (2): 268 kB | 12/122 kB 
                                
Downloaded from central: https://repo.maven.apache.org/maven2/org/codehaus/plexus/plexus-utils/1.5.8/plexus-utils-1.5.8.jar (268 kB at 362 kB/s)
Downloading from central: https://repo.maven.apache.org/maven2/org/apache/maven/shared/maven-dependency-tree/3.2.1/maven-dependency-tree-3.2.1.jar
Progress (1): 28/122 kB
Progress (1): 44/122 kB
Progress (1): 61/122 kB
Progress (1): 77/122 kB
Progress (1): 93/122 kB
Progress (1): 110/122 kB
Progress (1): 122 kB    
                    
Downloaded from central: https://repo.maven.apache.org/maven2/org/ow2/asm/asm/9.5/asm-9.5.jar (122 kB at 164 kB/s)
Progress (1): 7.7/72 kB
Progress (1): 12/72 kB 
                      
Downloading from central: https://repo.maven.apache.org/maven2/org/eclipse/aether/aether-util/1.0.0.v20140518/aether-util-1.0.0.v20140518.jar
Progress (1): 29/72 kB
Progress (1): 45/72 kB
Progress (1): 61/72 kB
Progress (1): 72 kB   
                   
Downloaded from central: https://repo.maven.apache.org/maven2/org/ow2/asm/asm-commons/9.5/asm-commons-9.5.jar (72 kB at 97 kB/s)
Downloading from central: https://repo.maven.apache.org/maven2/org/eclipse/aether/aether-api/1.0.0.v20140518/aether-api-1.0.0.v20140518.jar
Progress (1): 7.7/52 kB
Progress (1): 16/52 kB 
Progress (1): 32/52 kB
Progress (1): 49/52 kB
Progress (1): 52 kB   
                   
Downloaded from central: https://repo.maven.apache.org/maven2/org/ow2/asm/asm-tree/9.5/asm-tree-9.5.jar (52 kB at 70 kB/s)
Downloading from central: https://repo.maven.apache.org/maven2/commons-io/commons-io/2.13.0/commons-io-2.13.0.jar
Progress (1): 7.7/43 kB
Progress (1): 16/43 kB 
Progress (1): 32/43 kB
Progress (1): 43 kB   
                   
Downloaded from central: https://repo.maven.apache.org/maven2/org/apache/maven/shared/maven-dependency-tree/3.2.1/maven-dependency-tree-3.2.1.jar (43 kB at 55 kB/s)
Downloading from central: https://repo.maven.apache.org/maven2/org/vafer/jdependency/2.8.0/jdependency-2.8.0.jar
Progress (1): 7.7/328 kB
Progress (1): 16/328 kB 
Progress (2): 16/328 kB | 7.7/146 kB
Progress (2): 16/328 kB | 12/146 kB 
Progress (2): 32/328 kB | 12/146 kB
Progress (2): 32/328 kB | 29/146 kB
Progress (2): 32/328 kB | 33/146 kB
Progress (2): 32/328 kB | 49/146 kB
Progress (2): 32/328 kB | 66/146 kB
Progress (2): 48/328 kB | 66/146 kB
Progress (2): 48/328 kB | 82/146 kB
Progress (2): 48/328 kB | 98/146 kB
Progress (2): 65/328 kB | 98/146 kB
Progress (2): 65/328 kB | 115/146 kB
Progress (2): 65/328 kB | 131/146 kB
Progress (2): 65/328 kB | 146 kB    
Progress (2): 81/328 kB | 146 kB
                                
Downloaded from central: https://repo.maven.apache.org/maven2/org/eclipse/aether/aether-util/1.0.0.v20140518/aether-util-1.0.0.v20140518.jar (146 kB at 187 kB/s)
Downloading from central: https://repo.maven.apache.org/maven2/org/apache/commons/commons-collections4/4.4/commons-collections4-4.4.jar
Progress (2): 81/328 kB | 7.7/484 kB
Progress (2): 81/328 kB | 16/484 kB 
Progress (2): 81/328 kB | 32/484 kB
Progress (2): 81/328 kB | 49/484 kB
Progress (2): 81/328 kB | 65/484 kB
Progress (2): 98/328 kB | 65/484 kB
Progress (2): 98/328 kB | 81/484 kB
Progress (2): 98/328 kB | 98/484 kB
Progress (2): 114/328 kB | 98/484 kB
Progress (2): 130/328 kB | 98/484 kB
Progress (2): 147/328 kB | 98/484 kB
Progress (2): 147/328 kB | 114/484 kB
Progress (3): 147/328 kB | 114/484 kB | 7.7/136 kB
Progress (3): 147/328 kB | 114/484 kB | 12/136 kB 
Progress (3): 147/328 kB | 131/484 kB | 12/136 kB
Progress (3): 147/328 kB | 131/484 kB | 28/136 kB
Progress (3): 163/328 kB | 131/484 kB | 28/136 kB
Progress (3): 163/328 kB | 147/484 kB | 28/136 kB
Progress (3): 163/328 kB | 163/484 kB | 28/136 kB
Progress (3): 180/328 kB | 163/484 kB | 28/136 kB
Progress (3): 180/328 kB | 163/484 kB | 44/136 kB
Progress (3): 196/328 kB | 163/484 kB | 44/136 kB
Progress (3): 196/328 kB | 180/484 kB | 44/136 kB
Progress (3): 196/328 kB | 180/484 kB | 61/136 kB
Progress (3): 196/328 kB | 180/484 kB | 77/136 kB
Progress (3): 196/328 kB | 180/484 kB | 93/136 kB
Progress (3): 212/328 kB | 180/484 kB | 93/136 kB
Progress (3): 212/328 kB | 196/484 kB | 93/136 kB
Progress (3): 212/328 kB | 196/484 kB | 110/136 kB
Progress (3): 212/328 kB | 213/484 kB | 110/136 kB
Progress (3): 229/328 kB | 213/484 kB | 110/136 kB
Progress (3): 229/328 kB | 213/484 kB | 126/136 kB
Progress (3): 229/328 kB | 229/484 kB | 126/136 kB
Progress (3): 245/328 kB | 229/484 kB | 126/136 kB
Progress (3): 261/328 kB | 229/484 kB | 126/136 kB
Progress (3): 261/328 kB | 229/484 kB | 136 kB    
Progress (3): 261/328 kB | 245/484 kB | 136 kB
                                              
Downloaded from central: https://repo.maven.apache.org/maven2/org/eclipse/aether/aether-api/1.0.0.v20140518/aether-api-1.0.0.v20140518.jar (136 kB at 171 kB/s)
Progress (2): 278/328 kB | 245/484 kB
Progress (2): 294/328 kB | 245/484 kB
Progress (2): 294/328 kB | 262/484 kB
Progress (2): 311/328 kB | 262/484 kB
Progress (2): 311/328 kB | 278/484 kB
Progress (2): 311/328 kB | 294/484 kB
Progress (2): 327/328 kB | 294/484 kB
Progress (2): 328 kB | 294/484 kB    
                                 
Downloaded from central: https://repo.maven.apache.org/maven2/org/jdom/jdom2/2.0.6.1/jdom2-2.0.6.1.jar (328 kB at 410 kB/s)
Progress (1): 311/484 kB
Progress (1): 327/484 kB
Progress (1): 344/484 kB
Progress (1): 360/484 kB
Progress (1): 376/484 kB
Progress (1): 393/484 kB
Progress (1): 409/484 kB
Progress (1): 426/484 kB
Progress (2): 426/484 kB | 7.7/233 kB
Progress (2): 426/484 kB | 16/233 kB 
Progress (2): 442/484 kB | 16/233 kB
Progress (2): 458/484 kB | 16/233 kB
Progress (3): 458/484 kB | 16/233 kB | 7.7/752 kB
Progress (3): 458/484 kB | 16/233 kB | 12/752 kB 
Progress (3): 458/484 kB | 16/233 kB | 28/752 kB
Progress (3): 458/484 kB | 32/233 kB | 28/752 kB
Progress (3): 458/484 kB | 32/233 kB | 44/752 kB
Progress (3): 458/484 kB | 49/233 kB | 44/752 kB
Progress (3): 458/484 kB | 65/233 kB | 44/752 kB
Progress (3): 475/484 kB | 65/233 kB | 44/752 kB
Progress (3): 475/484 kB | 65/233 kB | 61/752 kB
Progress (3): 475/484 kB | 65/233 kB | 77/752 kB
Progress (3): 475/484 kB | 81/233 kB | 77/752 kB
Progress (3): 484 kB | 81/233 kB | 77/752 kB    
Progress (3): 484 kB | 98/233 kB | 77/752 kB
Progress (3): 484 kB | 98/233 kB | 93/752 kB
Progress (3): 484 kB | 114/233 kB | 93/752 kB
                                             
Downloaded from central: https://repo.maven.apache.org/maven2/commons-io/commons-io/2.13.0/commons-io-2.13.0.jar (484 kB at 597 kB/s)
Progress (2): 131/233 kB | 93/752 kB
Progress (2): 131/233 kB | 110/752 kB
Progress (2): 147/233 kB | 110/752 kB
Progress (2): 147/233 kB | 126/752 kB
Progress (2): 163/233 kB | 126/752 kB
Progress (2): 163/233 kB | 143/752 kB
Progress (2): 163/233 kB | 159/752 kB
Progress (2): 180/233 kB | 159/752 kB
Progress (2): 196/233 kB | 159/752 kB
Progress (2): 196/233 kB | 175/752 kB
Progress (2): 213/233 kB | 175/752 kB
Progress (2): 213/233 kB | 192/752 kB
Progress (2): 213/233 kB | 208/752 kB
Progress (2): 213/233 kB | 225/752 kB
Progress (2): 229/233 kB | 225/752 kB
Progress (2): 229/233 kB | 241/752 kB
Progress (2): 233 kB | 241/752 kB    
Progress (2): 233 kB | 257/752 kB
                                 
Downloaded from central: https://repo.maven.apache.org/maven2/org/vafer/jdependency/2.8.0/jdependency-2.8.0.jar (233 kB at 285 kB/s)
Progress (1): 274/752 kB
Progress (1): 290/752 kB
Progress (1): 306/752 kB
Progress (1): 323/752 kB
Progress (1): 339/752 kB
Progress (1): 356/752 kB
Progress (1): 372/752 kB
Progress (1): 388/752 kB
Progress (1): 405/752 kB
Progress (1): 421/752 kB
Progress (1): 438/752 kB
Progress (1): 454/752 kB
Progress (1): 470/752 kB
Progress (1): 487/752 kB
Progress (1): 503/752 kB
Progress (1): 519/752 kB
Progress (1): 536/752 kB
Progress (1): 552/752 kB
Progress (1): 569/752 kB
Progress (1): 585/752 kB
Progress (1): 601/752 kB
Progress (1): 618/752 kB
Progress (1): 634/752 kB
Progress (1): 651/752 kB
Progress (1): 667/752 kB
Progress (1): 683/752 kB
Progress (1): 700/752 kB
Progress (1): 716/752 kB
Progress (1): 732/752 kB
Progress (1): 749/752 kB
Progress (1): 752 kB    
                    
Downloaded from central: https://repo.maven.apache.org/maven2/org/apache/commons/commons-collections4/4.4/commons-collections4-4.4.jar (752 kB at 899 kB/s)
[INFO] 
[INFO] ----------------------< com.kinanow:auth-service >----------------------
[INFO] Building auth-service 1.0.0-SNAPSHOT                               [2/2]
[INFO]   from services/auth-service/pom.xml
[INFO] --------------------------------[ jar ]---------------------------------
Downloading from central: https://repo.maven.apache.org/maven2/org/apache/maven/plugins/maven-resources-plugin/3.3.1/maven-resources-plugin-3.3.1.pom
Progress (1): 767 B
Progress (1): 2.2 kB
Progress (1): 4.9 kB
Progress (1): 7.5 kB
Progress (1): 8.2 kB
                    
Downloaded from central: https://repo.maven.apache.org/maven2/org/apache/maven/plugins/maven-resources-plugin/3.3.1/maven-resources-plugin-3.3.1.pom (8.2 kB at 302 kB/s)
Downloading from central: https://repo.maven.apache.org/maven2/org/apache/maven/plugins/maven-resources-plugin/3.3.1/maven-resources-plugin-3.3.1.jar
Progress (1): 7.7/31 kB
Progress (1): 16/31 kB 
Progress (1): 31 kB   
                   
Downloaded from central: https://repo.maven.apache.org/maven2/org/apache/maven/plugins/maven-resources-plugin/3.3.1/maven-resources-plugin-3.3.1.jar (31 kB at 1.1 MB/s)
Downloading from central: https://repo.maven.apache.org/maven2/org/apache/maven/plugins/maven-compiler-plugin/3.13.0/maven-compiler-plugin-3.13.0.pom
Progress (1): 762 B
Progress (1): 2.2 kB
Progress (1): 5.0 kB
Progress (1): 8.5 kB
Progress (1): 10 kB 
                   
Downloaded from central: https://repo.maven.apache.org/maven2/org/apache/maven/plugins/maven-compiler-plugin/3.13.0/maven-compiler-plugin-3.13.0.pom (10 kB at 373 kB/s)
Downloading from central: https://repo.maven.apache.org/maven2/org/apache/maven/plugins/maven-plugins/41/maven-plugins-41.pom
Progress (1): 773 B
Progress (1): 2.4 kB
Progress (1): 4.9 kB
Progress (1): 7.4 kB
                    
Downloaded from central: https://repo.maven.apache.org/maven2/org/apache/maven/plugins/maven-plugins/41/maven-plugins-41.pom (7.4 kB at 263 kB/s)
Downloading from central: https://repo.maven.apache.org/maven2/org/apache/maven/maven-parent/41/maven-parent-41.pom
Progress (1): 724 B
Progress (1): 1.9 kB
Progress (1): 5.5 kB
Progress (1): 9.9 kB
Progress (1): 14 kB 
Progress (1): 19 kB
Progress (1): 23 kB
Progress (1): 27 kB
Progress (1): 28 kB
Progress (1): 31 kB
Progress (1): 34 kB
Progress (1): 37 kB
Progress (1): 40 kB
Progress (1): 43 kB
Progress (1): 48 kB
Progress (1): 48 kB
Progress (1): 50 kB
                   
Downloaded from central: https://repo.maven.apache.org/maven2/org/apache/maven/maven-parent/41/maven-parent-41.pom (50 kB at 1.6 MB/s)
Downloading from central: https://repo.maven.apache.org/maven2/org/apache/maven/plugins/maven-compiler-plugin/3.13.0/maven-compiler-plugin-3.13.0.jar
Progress (1): 7.5/83 kB
Progress (1): 24/83 kB 
Progress (1): 40/83 kB
Progress (1): 57/83 kB
Progress (1): 73/83 kB
Progress (1): 83 kB   
                   
Downloaded from central: https://repo.maven.apache.org/maven2/org/apache/maven/plugins/maven-compiler-plugin/3.13.0/maven-compiler-plugin-3.13.0.jar (83 kB at 2.6 MB/s)
Downloading from central: https://repo.maven.apache.org/maven2/org/apache/maven/plugins/maven-surefire-plugin/3.2.5/maven-surefire-plugin-3.2.5.pom
Progress (1): 834 B
Progress (1): 2.7 kB
Progress (1): 5.3 kB
                    
Downloaded from central: https://repo.maven.apache.org/maven2/org/apache/maven/plugins/maven-surefire-plugin/3.2.5/maven-surefire-plugin-3.2.5.pom (5.3 kB at 172 kB/s)
Downloading from central: https://repo.maven.apache.org/maven2/org/apache/maven/surefire/surefire/3.2.5/surefire-3.2.5.pom
Progress (1): 787 B
Progress (1): 2.4 kB
Progress (1): 4.1 kB
Progress (1): 7.9 kB
Progress (1): 12 kB 
Progress (1): 14 kB
Progress (1): 17 kB
Progress (1): 20 kB
Progress (1): 22 kB
                   
Downloaded from central: https://repo.maven.apache.org/maven2/org/apache/maven/surefire/surefire/3.2.5/surefire-3.2.5.pom (22 kB at 785 kB/s)
Downloading from central: https://repo.maven.apache.org/maven2/org/apache/maven/plugins/maven-surefire-plugin/3.2.5/maven-surefire-plugin-3.2.5.jar
Progress (1): 7.7/45 kB
Progress (1): 16/45 kB 
Progress (1): 32/45 kB
Progress (1): 45 kB   
                   
Downloaded from central: https://repo.maven.apache.org/maven2/org/apache/maven/plugins/maven-surefire-plugin/3.2.5/maven-surefire-plugin-3.2.5.jar (45 kB at 1.6 MB/s)
Downloading from central: https://repo.maven.apache.org/maven2/org/apache/maven/plugins/maven-jar-plugin/3.4.1/maven-jar-plugin-3.4.1.pom
Progress (1): 778 B
Progress (1): 2.2 kB
Progress (1): 4.8 kB
Progress (1): 7.4 kB
Progress (1): 7.8 kB
                    
Downloaded from central: https://repo.maven.apache.org/maven2/org/apache/maven/plugins/maven-jar-plugin/3.4.1/maven-jar-plugin-3.4.1.pom (7.8 kB at 279 kB/s)
Downloading from central: https://repo.maven.apache.org/maven2/org/apache/maven/plugins/maven-plugins/42/maven-plugins-42.pom
Progress (1): 773 B
Progress (1): 2.4 kB
Progress (1): 4.9 kB
Progress (1): 7.7 kB
                    
Downloaded from central: https://repo.maven.apache.org/maven2/org/apache/maven/plugins/maven-plugins/42/maven-plugins-42.pom (7.7 kB at 296 kB/s)
Downloading from central: https://repo.maven.apache.org/maven2/org/apache/maven/maven-parent/42/maven-parent-42.pom
Progress (1): 724 B
Progress (1): 1.9 kB
Progress (1): 5.5 kB
Progress (1): 9.9 kB
Progress (1): 14 kB 
Progress (1): 19 kB
Progress (1): 23 kB
Progress (1): 26 kB
Progress (1): 28 kB
Progress (1): 31 kB
Progress (1): 34 kB
Progress (1): 37 kB
Progress (1): 40 kB
Progress (1): 43 kB
Progress (1): 47 kB
Progress (1): 47 kB
Progress (1): 50 kB
                   
Downloaded from central: https://repo.maven.apache.org/maven2/org/apache/maven/maven-parent/42/maven-parent-42.pom (50 kB at 1.8 MB/s)
Downloading from central: https://repo.maven.apache.org/maven2/org/apache/apache/32/apache-32.pom
Progress (1): 733 B
Progress (1): 2.0 kB
Progress (1): 4.0 kB
Progress (1): 5.9 kB
Progress (1): 10 kB 
Progress (1): 16 kB
Progress (1): 19 kB
Progress (1): 22 kB
Progress (1): 24 kB
                   
Downloaded from central: https://repo.maven.apache.org/maven2/org/apache/apache/32/apache-32.pom (24 kB at 967 kB/s)
Downloading from central: https://repo.maven.apache.org/maven2/org/apache/maven/plugins/maven-jar-plugin/3.4.1/maven-jar-plugin-3.4.1.jar
Progress (1): 7.7/34 kB
Progress (1): 12/34 kB 
Progress (1): 16/34 kB
Progress (1): 33/34 kB
Progress (1): 34 kB   
                   
Downloaded from central: https://repo.maven.apache.org/maven2/org/apache/maven/plugins/maven-jar-plugin/3.4.1/maven-jar-plugin-3.4.1.jar (34 kB at 1.2 MB/s)
Downloading from central: https://repo.maven.apache.org/maven2/org/springframework/boot/spring-boot-starter-web/3.3.0/spring-boot-starter-web-3.3.0.pom
Progress (1): 929 B
Progress (1): 2.9 kB
                    
Downloaded from central: https://repo.maven.apache.org/maven2/org/springframework/boot/spring-boot-starter-web/3.3.0/spring-boot-starter-web-3.3.0.pom (2.9 kB at 117 kB/s)
Downloading from central: https://repo.maven.apache.org/maven2/org/springframework/boot/spring-boot-starter-json/3.3.0/spring-boot-starter-json-3.3.0.pom
Progress (1): 965 B
Progress (1): 3.1 kB
                    
Downloaded from central: https://repo.maven.apache.org/maven2/org/springframework/boot/spring-boot-starter-json/3.3.0/spring-boot-starter-json-3.3.0.pom (3.1 kB at 114 kB/s)
Downloading from central: https://repo.maven.apache.org/maven2/org/springframework/spring-web/6.1.8/spring-web-6.1.8.pom
Progress (1): 1.1 kB
Progress (1): 2.4 kB
                    
Downloaded from central: https://repo.maven.apache.org/maven2/org/springframework/spring-web/6.1.8/spring-web-6.1.8.pom (2.4 kB at 88 kB/s)
Downloading from central: https://repo.maven.apache.org/maven2/com/fasterxml/jackson/core/jackson-databind/2.17.1/jackson-databind-2.17.1.pom
Progress (1): 969 B
Progress (1): 2.4 kB
Progress (1): 4.0 kB
Progress (1): 6.2 kB
Progress (1): 8.0 kB
Progress (1): 10 kB 
Progress (1): 12 kB
Progress (1): 18 kB
Progress (1): 19 kB
Progress (1): 21 kB
Progress (1): 21 kB
                   
Downloaded from central: https://repo.maven.apache.org/maven2/com/fasterxml/jackson/core/jackson-databind/2.17.1/jackson-databind-2.17.1.pom (21 kB at 787 kB/s)
Downloading from central: https://repo.maven.apache.org/maven2/com/fasterxml/jackson/jackson-base/2.17.1/jackson-base-2.17.1.pom
Progress (1): 924 B
Progress (1): 2.5 kB
Progress (1): 4.4 kB
Progress (1): 6.3 kB
Progress (1): 8.5 kB
Progress (1): 11 kB 
Progress (1): 12 kB
                   
Downloaded from central: https://repo.maven.apache.org/maven2/com/fasterxml/jackson/jackson-base/2.17.1/jackson-base-2.17.1.pom (12 kB at 368 kB/s)
Downloading from central: https://repo.maven.apache.org/maven2/com/fasterxml/jackson/core/jackson-annotations/2.17.1/jackson-annotations-2.17.1.pom
Progress (1): 951 B
Progress (1): 2.4 kB
Progress (1): 3.9 kB
Progress (1): 6.3 kB
Progress (1): 7.1 kB
                    
Downloaded from central: https://repo.maven.apache.org/maven2/com/fasterxml/jackson/core/jackson-annotations/2.17.1/jackson-annotations-2.17.1.pom (7.1 kB at 214 kB/s)
Downloading from central: https://repo.maven.apache.org/maven2/com/fasterxml/jackson/core/jackson-core/2.17.1/jackson-core-2.17.1.pom
Progress (1): 981 B
Progress (1): 2.9 kB
Progress (1): 6.8 kB
Progress (1): 9.4 kB
Progress (1): 9.6 kB
                    
Downloaded from central: https://repo.maven.apache.org/maven2/com/fasterxml/jackson/core/jackson-core/2.17.1/jackson-core-2.17.1.pom (9.6 kB at 332 kB/s)
Downloading from central: https://repo.maven.apache.org/maven2/com/fasterxml/jackson/datatype/jackson-datatype-jdk8/2.17.1/jackson-datatype-jdk8-2.17.1.pom
Progress (1): 1.0 kB
Progress (1): 2.6 kB
                    
Downloaded from central: https://repo.maven.apache.org/maven2/com/fasterxml/jackson/datatype/jackson-datatype-jdk8/2.17.1/jackson-datatype-jdk8-2.17.1.pom (2.6 kB at 96 kB/s)
Downloading from central: https://repo.maven.apache.org/maven2/com/fasterxml/jackson/module/jackson-modules-java8/2.17.1/jackson-modules-java8-2.17.1.pom
Progress (1): 1.4 kB
Progress (1): 3.1 kB
                    
Downloaded from central: https://repo.maven.apache.org/maven2/com/fasterxml/jackson/module/jackson-modules-java8/2.17.1/jackson-modules-java8-2.17.1.pom (3.1 kB at 111 kB/s)
Downloading from central: https://repo.maven.apache.org/maven2/com/fasterxml/jackson/datatype/jackson-datatype-jsr310/2.17.1/jackson-datatype-jsr310-2.17.1.pom
Progress (1): 983 B
Progress (1): 2.4 kB
Progress (1): 4.6 kB
Progress (1): 4.9 kB
                    
Downloaded from central: https://repo.maven.apache.org/maven2/com/fasterxml/jackson/datatype/jackson-datatype-jsr310/2.17.1/jackson-datatype-jsr310-2.17.1.pom (4.9 kB at 169 kB/s)
Downloading from central: https://repo.maven.apache.org/maven2/com/fasterxml/jackson/module/jackson-module-parameter-names/2.17.1/jackson-module-parameter-names-2.17.1.pom
Progress (1): 973 B
Progress (1): 2.8 kB
Progress (1): 4.2 kB
                    
Downloaded from central: https://repo.maven.apache.org/maven2/com/fasterxml/jackson/module/jackson-module-parameter-names/2.17.1/jackson-module-parameter-names-2.17.1.pom (4.2 kB at 141 kB/s)
Downloading from central: https://repo.maven.apache.org/maven2/org/springframework/boot/spring-boot-starter-tomcat/3.3.0/spring-boot-starter-tomcat-3.3.0.pom
Progress (1): 974 B
Progress (1): 3.1 kB
                    
Downloaded from central: https://repo.maven.apache.org/maven2/org/springframework/boot/spring-boot-starter-tomcat/3.3.0/spring-boot-starter-tomcat-3.3.0.pom (3.1 kB at 116 kB/s)
Downloading from central: https://repo.maven.apache.org/maven2/org/apache/tomcat/embed/tomcat-embed-core/10.1.24/tomcat-embed-core-10.1.24.pom
Progress (1): 843 B
Progress (1): 1.7 kB
                    
Downloaded from central: https://repo.maven.apache.org/maven2/org/apache/tomcat/embed/tomcat-embed-core/10.1.24/tomcat-embed-core-10.1.24.pom (1.7 kB at 67 kB/s)
Downloading from central: https://repo.maven.apache.org/maven2/org/apache/tomcat/embed/tomcat-embed-el/10.1.24/tomcat-embed-el-10.1.24.pom
Progress (1): 843 B
Progress (1): 1.5 kB
                    
Downloaded from central: https://repo.maven.apache.org/maven2/org/apache/tomcat/embed/tomcat-embed-el/10.1.24/tomcat-embed-el-10.1.24.pom (1.5 kB at 52 kB/s)
Downloading from central: https://repo.maven.apache.org/maven2/org/apache/tomcat/embed/tomcat-embed-websocket/10.1.24/tomcat-embed-websocket-10.1.24.pom
Progress (1): 842 B
Progress (1): 1.7 kB
                    
Downloaded from central: https://repo.maven.apache.org/maven2/org/apache/tomcat/embed/tomcat-embed-websocket/10.1.24/tomcat-embed-websocket-10.1.24.pom (1.7 kB at 54 kB/s)
Downloading from central: https://repo.maven.apache.org/maven2/org/springframework/spring-webmvc/6.1.8/spring-webmvc-6.1.8.pom
Progress (1): 1.0 kB
Progress (1): 2.9 kB
                    
Downloaded from central: https://repo.maven.apache.org/maven2/org/springframework/spring-webmvc/6.1.8/spring-webmvc-6.1.8.pom (2.9 kB at 105 kB/s)
Downloading from central: https://repo.maven.apache.org/maven2/org/springframework/boot/spring-boot-starter-security/3.3.0/spring-boot-starter-security-3.3.0.pom
Progress (1): 1.0 kB
Progress (1): 2.7 kB
                    
Downloaded from central: https://repo.maven.apache.org/maven2/org/springframework/boot/spring-boot-starter-security/3.3.0/spring-boot-starter-security-3.3.0.pom (2.7 kB at 92 kB/s)
Downloading from central: https://repo.maven.apache.org/maven2/org/springframework/security/spring-security-config/6.3.0/spring-security-config-6.3.0.pom
Progress (1): 1.0 kB
Progress (1): 2.8 kB
                    
Downloaded from central: https://repo.maven.apache.org/maven2/org/springframework/security/spring-security-config/6.3.0/spring-security-config-6.3.0.pom (2.8 kB at 105 kB/s)
Downloading from central: https://repo.maven.apache.org/maven2/org/springframework/security/spring-security-core/6.3.0/spring-security-core-6.3.0.pom
Progress (1): 1.0 kB
Progress (1): 3.2 kB
                    
Downloaded from central: https://repo.maven.apache.org/maven2/org/springframework/security/spring-security-core/6.3.0/spring-security-core-6.3.0.pom (3.2 kB at 111 kB/s)
Downloading from central: https://repo.maven.apache.org/maven2/org/springframework/security/spring-security-crypto/6.3.0/spring-security-crypto-6.3.0.pom
Progress (1): 1.0 kB
Progress (1): 1.9 kB
                    
Downloaded from central: https://repo.maven.apache.org/maven2/org/springframework/security/spring-security-crypto/6.3.0/spring-security-crypto-6.3.0.pom (1.9 kB at 60 kB/s)
Downloading from central: https://repo.maven.apache.org/maven2/org/springframework/security/spring-security-web/6.3.0/spring-security-web-6.3.0.pom
Progress (1): 1.0 kB
Progress (1): 3.2 kB
                    
Downloaded from central: https://repo.maven.apache.org/maven2/org/springframework/security/spring-security-web/6.3.0/spring-security-web-6.3.0.pom (3.2 kB at 123 kB/s)
Downloading from central: https://repo.maven.apache.org/maven2/org/springframework/boot/spring-boot-starter-data-jpa/3.3.0/spring-boot-starter-data-jpa-3.3.0.pom
Progress (1): 980 B
Progress (1): 2.9 kB
                    
Downloaded from central: https://repo.maven.apache.org/maven2/org/springframework/boot/spring-boot-starter-data-jpa/3.3.0/spring-boot-starter-data-jpa-3.3.0.pom (2.9 kB at 120 kB/s)
Downloading from central: https://repo.maven.apache.org/maven2/org/springframework/boot/spring-boot-starter-aop/3.3.0/spring-boot-starter-aop-3.3.0.pom
Progress (1): 974 B
Progress (1): 2.5 kB
                    
Downloaded from central: https://repo.maven.apache.org/maven2/org/springframework/boot/spring-boot-starter-aop/3.3.0/spring-boot-starter-aop-3.3.0.pom (2.5 kB at 91 kB/s)
Downloading from central: https://repo.maven.apache.org/maven2/org/aspectj/aspectjweaver/1.9.22/aspectjweaver-1.9.22.pom
Progress (1): 990 B
Progress (1): 2.2 kB
                    
Downloaded from central: https://repo.maven.apache.org/maven2/org/aspectj/aspectjweaver/1.9.22/aspectjweaver-1.9.22.pom (2.2 kB at 79 kB/s)
Downloading from central: https://repo.maven.apache.org/maven2/org/springframework/boot/spring-boot-starter-jdbc/3.3.0/spring-boot-starter-jdbc-3.3.0.pom
Progress (1): 973 B
Progress (1): 2.5 kB
                    
Downloaded from central: https://repo.maven.apache.org/maven2/org/springframework/boot/spring-boot-starter-jdbc/3.3.0/spring-boot-starter-jdbc-3.3.0.pom (2.5 kB at 85 kB/s)
Downloading from central: https://repo.maven.apache.org/maven2/com/zaxxer/HikariCP/5.1.0/HikariCP-5.1.0.pom
Progress (1): 1.1 kB
Progress (1): 2.7 kB
Progress (1): 6.2 kB
Progress (1): 11 kB 
Progress (1): 13 kB
Progress (1): 17 kB
Progress (1): 20 kB
Progress (1): 23 kB
Progress (1): 26 kB
                   
Downloaded from central: https://repo.maven.apache.org/maven2/com/zaxxer/HikariCP/5.1.0/HikariCP-5.1.0.pom (26 kB at 841 kB/s)
Downloading from central: https://repo.maven.apache.org/maven2/org/springframework/spring-jdbc/6.1.8/spring-jdbc-6.1.8.pom
Progress (1): 1.0 kB
Progress (1): 2.4 kB
                    
Downloaded from central: https://repo.maven.apache.org/maven2/org/springframework/spring-jdbc/6.1.8/spring-jdbc-6.1.8.pom (2.4 kB at 79 kB/s)
Downloading from central: https://repo.maven.apache.org/maven2/org/springframework/spring-tx/6.1.8/spring-tx-6.1.8.pom
Progress (1): 1.1 kB
Progress (1): 2.2 kB
                    
Downloaded from central: https://repo.maven.apache.org/maven2/org/springframework/spring-tx/6.1.8/spring-tx-6.1.8.pom (2.2 kB at 82 kB/s)
Downloading from central: https://repo.maven.apache.org/maven2/org/hibernate/orm/hibernate-core/6.5.2.Final/hibernate-core-6.5.2.Final.pom
Progress (1): 1.1 kB
Progress (1): 5.5 kB
Progress (1): 5.8 kB
                    
Downloaded from central: https://repo.maven.apache.org/maven2/org/hibernate/orm/hibernate-core/6.5.2.Final/hibernate-core-6.5.2.Final.pom (5.8 kB at 213 kB/s)
Downloading from central: https://repo.maven.apache.org/maven2/jakarta/persistence/jakarta.persistence-api/3.1.0/jakarta.persistence-api-3.1.0.pom
Progress (1): 862 B
Progress (1): 3.0 kB
Progress (1): 6.5 kB
Progress (1): 10.0 kB
Progress (1): 13 kB  
Progress (1): 16 kB
                   
Downloaded from central: https://repo.maven.apache.org/maven2/jakarta/persistence/jakarta.persistence-api/3.1.0/jakarta.persistence-api-3.1.0.pom (16 kB at 597 kB/s)
Downloading from central: https://repo.maven.apache.org/maven2/jakarta/transaction/jakarta.transaction-api/2.0.1/jakarta.transaction-api-2.0.1.pom
Progress (1): 827 B
Progress (1): 2.6 kB
Progress (1): 4.6 kB
Progress (1): 7.7 kB
Progress (1): 11 kB 
Progress (1): 14 kB
                   
Downloaded from central: https://repo.maven.apache.org/maven2/jakarta/transaction/jakarta.transaction-api/2.0.1/jakarta.transaction-api-2.0.1.pom (14 kB at 440 kB/s)
Downloading from central: https://repo.maven.apache.org/maven2/org/eclipse/ee4j/project/1.0.6/project-1.0.6.pom
Progress (1): 839 B
Progress (1): 2.5 kB
Progress (1): 5.0 kB
Progress (1): 7.7 kB
Progress (1): 13 kB 
Progress (1): 13 kB
                   
Downloaded from central: https://repo.maven.apache.org/maven2/org/eclipse/ee4j/project/1.0.6/project-1.0.6.pom (13 kB at 35 kB/s)
Downloading from central: https://repo.maven.apache.org/maven2/org/jboss/logging/jboss-logging/3.5.3.Final/jboss-logging-3.5.3.Final.pom
Progress (1): 834 B
Progress (1): 2.6 kB
Progress (1): 5.3 kB
Progress (1): 8.8 kB
Progress (1): 16 kB 
Progress (1): 19 kB
                   
Downloaded from central: https://repo.maven.apache.org/maven2/org/jboss/logging/jboss-logging/3.5.3.Final/jboss-logging-3.5.3.Final.pom (19 kB at 688 kB/s)
Downloading from central: https://repo.maven.apache.org/maven2/org/jboss/logging/logging-parent/1.0.1.Final/logging-parent-1.0.1.Final.pom
Progress (1): 1.2 kB
Progress (1): 3.8 kB
Progress (1): 6.0 kB
                    
Downloaded from central: https://repo.maven.apache.org/maven2/org/jboss/logging/logging-parent/1.0.1.Final/logging-parent-1.0.1.Final.pom (6.0 kB at 229 kB/s)
Downloading from central: https://repo.maven.apache.org/maven2/org/jboss/jboss-parent/39/jboss-parent-39.pom
Progress (1): 701 B
Progress (1): 2.1 kB
Progress (1): 4.5 kB
Progress (1): 6.8 kB
Progress (1): 8.9 kB
Progress (1): 13 kB 
Progress (1): 22 kB
Progress (1): 28 kB
Progress (1): 31 kB
Progress (1): 34 kB
Progress (1): 37 kB
Progress (1): 41 kB
Progress (1): 55 kB
Progress (1): 68 kB
                   
Downloaded from central: https://repo.maven.apache.org/maven2/org/jboss/jboss-parent/39/jboss-parent-39.pom (68 kB at 2.3 MB/s)
Downloading from central: https://repo.maven.apache.org/maven2/org/hibernate/common/hibernate-commons-annotations/6.0.6.Final/hibernate-commons-annotations-6.0.6.Final.pom
Progress (1): 1.0 kB
Progress (1): 2.1 kB
                    
Downloaded from central: https://repo.maven.apache.org/maven2/org/hibernate/common/hibernate-commons-annotations/6.0.6.Final/hibernate-commons-annotations-6.0.6.Final.pom (2.1 kB at 99 kB/s)
Downloading from central: https://repo.maven.apache.org/maven2/io/smallrye/jandex/3.1.2/jandex-3.1.2.pom
Progress (1): 1.7 kB
Progress (1): 4.3 kB
Progress (1): 7.0 kB
                    
Downloaded from central: https://repo.maven.apache.org/maven2/io/smallrye/jandex/3.1.2/jandex-3.1.2.pom (7.0 kB at 258 kB/s)
Downloading from central: https://repo.maven.apache.org/maven2/io/smallrye/jandex-parent/3.1.2/jandex-parent-3.1.2.pom
Progress (1): 1.3 kB
Progress (1): 4.9 kB
Progress (1): 7.2 kB
                    
Downloaded from central: https://repo.maven.apache.org/maven2/io/smallrye/jandex-parent/3.1.2/jandex-parent-3.1.2.pom (7.2 kB at 298 kB/s)
Downloading from central: https://repo.maven.apache.org/maven2/io/smallrye/smallrye-build-parent/39/smallrye-build-parent-39.pom
Progress (1): 1.1 kB
Progress (1): 3.1 kB
Progress (1): 5.7 kB
Progress (1): 9.7 kB
Progress (1): 12 kB 
Progress (1): 16 kB
Progress (1): 21 kB
Progress (1): 28 kB
                   
Downloaded from central: https://repo.maven.apache.org/maven2/io/smallrye/smallrye-build-parent/39/smallrye-build-parent-39.pom (28 kB at 1.0 MB/s)
Downloading from central: https://repo.maven.apache.org/maven2/com/fasterxml/classmate/1.7.0/classmate-1.7.0.pom
Progress (1): 1.2 kB
Progress (1): 2.9 kB
Progress (1): 4.9 kB
Progress (1): 7.0 kB
                    
Downloaded from central: https://repo.maven.apache.org/maven2/com/fasterxml/classmate/1.7.0/classmate-1.7.0.pom (7.0 kB at 282 kB/s)
Downloading from central: https://repo.maven.apache.org/maven2/org/glassfish/jaxb/jaxb-runtime/4.0.5/jaxb-runtime-4.0.5.pom
Progress (1): 806 B
Progress (1): 3.1 kB
Progress (1): 6.9 kB
Progress (1): 10 kB 
Progress (1): 11 kB
                   
Downloaded from central: https://repo.maven.apache.org/maven2/org/glassfish/jaxb/jaxb-runtime/4.0.5/jaxb-runtime-4.0.5.pom (11 kB at 433 kB/s)
Downloading from central: https://repo.maven.apache.org/maven2/com/sun/xml/bind/mvn/jaxb-runtime-parent/4.0.5/jaxb-runtime-parent-4.0.5.pom
Progress (1): 932 B
Progress (1): 1.2 kB
                    
Downloaded from central: https://repo.maven.apache.org/maven2/com/sun/xml/bind/mvn/jaxb-runtime-parent/4.0.5/jaxb-runtime-parent-4.0.5.pom (1.2 kB at 37 kB/s)
Downloading from central: https://repo.maven.apache.org/maven2/com/sun/xml/bind/mvn/jaxb-parent/4.0.5/jaxb-parent-4.0.5.pom
Progress (1): 778 B
Progress (1): 2.7 kB
Progress (1): 4.4 kB
Progress (1): 6.6 kB
Progress (1): 12 kB 
Progress (1): 17 kB
Progress (1): 21 kB
Progress (1): 28 kB
Progress (1): 33 kB
Progress (1): 35 kB
                   
Downloaded from central: https://repo.maven.apache.org/maven2/com/sun/xml/bind/mvn/jaxb-parent/4.0.5/jaxb-parent-4.0.5.pom (35 kB at 1.4 MB/s)
Downloading from central: https://repo.maven.apache.org/maven2/com/sun/xml/bind/jaxb-bom-ext/4.0.5/jaxb-bom-ext-4.0.5.pom
Progress (1): 863 B
Progress (1): 3.5 kB
                    
Downloaded from central: https://repo.maven.apache.org/maven2/com/sun/xml/bind/jaxb-bom-ext/4.0.5/jaxb-bom-ext-4.0.5.pom (3.5 kB at 139 kB/s)
Downloading from central: https://repo.maven.apache.org/maven2/org/glassfish/jaxb/jaxb-core/4.0.5/jaxb-core-4.0.5.pom
Progress (1): 898 B
Progress (1): 3.1 kB
Progress (1): 3.7 kB
                    
Downloaded from central: https://repo.maven.apache.org/maven2/org/glassfish/jaxb/jaxb-core/4.0.5/jaxb-core-4.0.5.pom (3.7 kB at 133 kB/s)
Downloading from central: https://repo.maven.apache.org/maven2/org/eclipse/angus/angus-activation/2.0.2/angus-activation-2.0.2.pom
Progress (1): 930 B
Progress (1): 3.4 kB
Progress (1): 4.0 kB
                    
Downloaded from central: https://repo.maven.apache.org/maven2/org/eclipse/angus/angus-activation/2.0.2/angus-activation-2.0.2.pom (4.0 kB at 138 kB/s)
Downloading from central: https://repo.maven.apache.org/maven2/org/eclipse/angus/angus-activation-project/2.0.2/angus-activation-project-2.0.2.pom
Progress (1): 873 B
Progress (1): 2.6 kB
Progress (1): 5.6 kB
Progress (1): 10 kB 
Progress (1): 14 kB
Progress (1): 18 kB
Progress (1): 20 kB
Progress (1): 21 kB
                   
Downloaded from central: https://repo.maven.apache.org/maven2/org/eclipse/angus/angus-activation-project/2.0.2/angus-activation-project-2.0.2.pom (21 kB at 746 kB/s)
Downloading from central: https://repo.maven.apache.org/maven2/org/glassfish/jaxb/txw2/4.0.5/txw2-4.0.5.pom
Progress (1): 931 B
Progress (1): 1.8 kB
                    
Downloaded from central: https://repo.maven.apache.org/maven2/org/glassfish/jaxb/txw2/4.0.5/txw2-4.0.5.pom (1.8 kB at 61 kB/s)
Downloading from central: https://repo.maven.apache.org/maven2/com/sun/xml/bind/mvn/jaxb-txw-parent/4.0.5/jaxb-txw-parent-4.0.5.pom
Progress (1): 930 B
Progress (1): 1.2 kB
                    
Downloaded from central: https://repo.maven.apache.org/maven2/com/sun/xml/bind/mvn/jaxb-txw-parent/4.0.5/jaxb-txw-parent-4.0.5.pom (1.2 kB at 32 kB/s)
Downloading from central: https://repo.maven.apache.org/maven2/com/sun/istack/istack-commons-runtime/4.1.2/istack-commons-runtime-4.1.2.pom
Progress (1): 933 B
Progress (1): 1.6 kB
                    
Downloaded from central: https://repo.maven.apache.org/maven2/com/sun/istack/istack-commons-runtime/4.1.2/istack-commons-runtime-4.1.2.pom (1.6 kB at 70 kB/s)
Downloading from central: https://repo.maven.apache.org/maven2/com/sun/istack/istack-commons/4.1.2/istack-commons-4.1.2.pom
Progress (1): 794 B
Progress (1): 2.6 kB
Progress (1): 4.8 kB
Progress (1): 12 kB 
Progress (1): 17 kB
Progress (1): 21 kB
Progress (1): 26 kB
Progress (1): 26 kB
                   
Downloaded from central: https://repo.maven.apache.org/maven2/com/sun/istack/istack-commons/4.1.2/istack-commons-4.1.2.pom (26 kB at 849 kB/s)
Downloading from central: https://repo.maven.apache.org/maven2/jakarta/inject/jakarta.inject-api/2.0.1/jakarta.inject-api-2.0.1.pom
Progress (1): 1.2 kB
Progress (1): 3.4 kB
Progress (1): 5.4 kB
Progress (1): 5.9 kB
                    
Downloaded from central: https://repo.maven.apache.org/maven2/jakarta/inject/jakarta.inject-api/2.0.1/jakarta.inject-api-2.0.1.pom (5.9 kB at 197 kB/s)
Downloading from central: https://repo.maven.apache.org/maven2/org/antlr/antlr4-runtime/4.13.0/antlr4-runtime-4.13.0.pom
Progress (1): 901 B
Progress (1): 3.0 kB
Progress (1): 3.6 kB
                    
Downloaded from central: https://repo.maven.apache.org/maven2/org/antlr/antlr4-runtime/4.13.0/antlr4-runtime-4.13.0.pom (3.6 kB at 127 kB/s)
Downloading from central: https://repo.maven.apache.org/maven2/org/antlr/antlr4-master/4.13.0/antlr4-master-4.13.0.pom
Progress (1): 964 B
Progress (1): 2.9 kB
Progress (1): 4.8 kB
                    
Downloaded from central: https://repo.maven.apache.org/maven2/org/antlr/antlr4-master/4.13.0/antlr4-master-4.13.0.pom (4.8 kB at 178 kB/s)
Downloading from central: https://repo.maven.apache.org/maven2/org/springframework/data/spring-data-jpa/3.3.0/spring-data-jpa-3.3.0.pom
Progress (1): 1.6 kB
Progress (1): 5.2 kB
Progress (1): 8.4 kB
Progress (1): 11 kB 
                   
Downloaded from central: https://repo.maven.apache.org/maven2/org/springframework/data/spring-data-jpa/3.3.0/spring-data-jpa-3.3.0.pom (11 kB at 435 kB/s)
Downloading from central: https://repo.maven.apache.org/maven2/org/springframework/data/spring-data-jpa-parent/3.3.0/spring-data-jpa-parent-3.3.0.pom
Progress (1): 1.2 kB
Progress (1): 3.6 kB
Progress (1): 6.4 kB
Progress (1): 8.0 kB
                    
Downloaded from central: https://repo.maven.apache.org/maven2/org/springframework/data/spring-data-jpa-parent/3.3.0/spring-data-jpa-parent-3.3.0.pom (8.0 kB at 268 kB/s)
Downloading from central: https://repo.maven.apache.org/maven2/org/springframework/data/build/spring-data-parent/3.3.0/spring-data-parent-3.3.0.pom
Progress (1): 731 B
Progress (1): 2.3 kB
Progress (1): 3.4 kB
Progress (1): 4.7 kB
Progress (1): 6.2 kB
Progress (1): 8.4 kB
Progress (1): 12 kB 
Progress (1): 15 kB
Progress (1): 18 kB
Progress (1): 21 kB
Progress (1): 28 kB
Progress (1): 32 kB
Progress (1): 36 kB
Progress (1): 40 kB
Progress (1): 40 kB
                   
Downloaded from central: https://repo.maven.apache.org/maven2/org/springframework/data/build/spring-data-parent/3.3.0/spring-data-parent-3.3.0.pom (40 kB at 1.0 MB/s)
Downloading from central: https://repo.maven.apache.org/maven2/org/springframework/data/build/spring-data-build/3.3.0/spring-data-build-3.3.0.pom
Progress (1): 959 B
Progress (1): 2.5 kB
Progress (1): 4.6 kB
Progress (1): 7.1 kB
Progress (1): 7.2 kB
                    
Downloaded from central: https://repo.maven.apache.org/maven2/org/springframework/data/build/spring-data-build/3.3.0/spring-data-build-3.3.0.pom (7.2 kB at 257 kB/s)
Downloading from central: https://repo.maven.apache.org/maven2/org/springframework/spring-framework-bom/6.1.7/spring-framework-bom-6.1.7.pom
Progress (1): 978 B
Progress (1): 5.8 kB
                    
Downloaded from central: https://repo.maven.apache.org/maven2/org/springframework/spring-framework-bom/6.1.7/spring-framework-bom-6.1.7.pom (5.8 kB at 194 kB/s)
Downloading from central: https://repo.maven.apache.org/maven2/org/springframework/data/spring-data-commons/3.3.0/spring-data-commons-3.3.0.pom
Progress (1): 1.2 kB
Progress (1): 5.3 kB
Progress (1): 9.2 kB
Progress (1): 9.9 kB
                    
Downloaded from central: https://repo.maven.apache.org/maven2/org/springframework/data/spring-data-commons/3.3.0/spring-data-commons-3.3.0.pom (9.9 kB at 382 kB/s)
Downloading from central: https://repo.maven.apache.org/maven2/org/springframework/spring-orm/6.1.8/spring-orm-6.1.8.pom
Progress (1): 1.1 kB
Progress (1): 2.6 kB
                    
Downloaded from central: https://repo.maven.apache.org/maven2/org/springframework/spring-orm/6.1.8/spring-orm-6.1.8.pom (2.6 kB at 97 kB/s)
Downloading from central: https://repo.maven.apache.org/maven2/org/springframework/spring-aspects/6.1.8/spring-aspects-6.1.8.pom
Progress (1): 1.1 kB
Progress (1): 2.0 kB
                    
Downloaded from central: https://repo.maven.apache.org/maven2/org/springframework/spring-aspects/6.1.8/spring-aspects-6.1.8.pom (2.0 kB at 78 kB/s)
Downloading from central: https://repo.maven.apache.org/maven2/org/postgresql/postgresql/42.7.3/postgresql-42.7.3.pom
Progress (1): 1.3 kB
Progress (1): 3.1 kB
                    
Downloaded from central: https://repo.maven.apache.org/maven2/org/postgresql/postgresql/42.7.3/postgresql-42.7.3.pom (3.1 kB at 84 kB/s)
Downloading from central: https://repo.maven.apache.org/maven2/org/checkerframework/checker-qual/3.42.0/checker-qual-3.42.0.pom
Progress (1): 940 B
Progress (1): 2.1 kB
                    
Downloaded from central: https://repo.maven.apache.org/maven2/org/checkerframework/checker-qual/3.42.0/checker-qual-3.42.0.pom (2.1 kB at 72 kB/s)
Downloading from central: https://repo.maven.apache.org/maven2/org/springframework/boot/spring-boot-starter-validation/3.3.0/spring-boot-starter-validation-3.3.0.pom
Progress (1): 984 B
Progress (1): 2.5 kB
                    
Downloaded from central: https://repo.maven.apache.org/maven2/org/springframework/boot/spring-boot-starter-validation/3.3.0/spring-boot-starter-validation-3.3.0.pom (2.5 kB at 90 kB/s)
Downloading from central: https://repo.maven.apache.org/maven2/org/hibernate/validator/hibernate-validator/8.0.1.Final/hibernate-validator-8.0.1.Final.pom
Progress (1): 973 B
Progress (1): 3.1 kB
Progress (1): 6.2 kB
Progress (1): 9.0 kB
Progress (1): 13 kB 
Progress (1): 15 kB
                   
Downloaded from central: https://repo.maven.apache.org/maven2/org/hibernate/validator/hibernate-validator/8.0.1.Final/hibernate-validator-8.0.1.Final.pom (15 kB at 581 kB/s)
Downloading from central: https://repo.maven.apache.org/maven2/org/hibernate/validator/hibernate-validator-parent/8.0.1.Final/hibernate-validator-parent-8.0.1.Final.pom
Progress (1): 885 B
Progress (1): 3.5 kB
Progress (1): 5.4 kB
Progress (1): 7.5 kB
Progress (1): 9.6 kB
Progress (1): 12 kB 
Progress (1): 14 kB
Progress (1): 16 kB
Progress (1): 18 kB
Progress (1): 24 kB
Progress (1): 31 kB
Progress (1): 35 kB
Progress (1): 38 kB
Progress (1): 41 kB
Progress (1): 47 kB
Progress (1): 48 kB
Progress (1): 52 kB
Progress (1): 56 kB
Progress (1): 60 kB
Progress (1): 67 kB
Progress (1): 70 kB
Progress (1): 73 kB
Progress (1): 78 kB
Progress (1): 81 kB
                   
Downloaded from central: https://repo.maven.apache.org/maven2/org/hibernate/validator/hibernate-validator-parent/8.0.1.Final/hibernate-validator-parent-8.0.1.Final.pom (81 kB at 2.7 MB/s)
Downloading from central: https://repo.maven.apache.org/maven2/org/jboss/arquillian/arquillian-bom/1.7.0.Alpha10/arquillian-bom-1.7.0.Alpha10.pom
Progress (1): 1.0 kB
Progress (1): 6.7 kB
Progress (1): 10 kB 
                   
Downloaded from central: https://repo.maven.apache.org/maven2/org/jboss/arquillian/arquillian-bom/1.7.0.Alpha10/arquillian-bom-1.7.0.Alpha10.pom (10 kB at 434 kB/s)
Downloading from central: https://repo.maven.apache.org/maven2/org/jboss/shrinkwrap/shrinkwrap-bom/1.2.6/shrinkwrap-bom-1.2.6.pom
Progress (1): 986 B
Progress (1): 4.0 kB
                    
Downloaded from central: https://repo.maven.apache.org/maven2/org/jboss/shrinkwrap/shrinkwrap-bom/1.2.6/shrinkwrap-bom-1.2.6.pom (4.0 kB at 93 kB/s)
Downloading from central: https://repo.maven.apache.org/maven2/org/jboss/shrinkwrap/resolver/shrinkwrap-resolver-bom/3.1.4/shrinkwrap-resolver-bom-3.1.4.pom
Progress (1): 975 B
Progress (1): 5.5 kB
Progress (1): 7.0 kB
                    
Downloaded from central: https://repo.maven.apache.org/maven2/org/jboss/shrinkwrap/resolver/shrinkwrap-resolver-bom/3.1.4/shrinkwrap-resolver-bom-3.1.4.pom (7.0 kB at 200 kB/s)
Downloading from central: https://repo.maven.apache.org/maven2/org/apache/maven/maven/3.6.3/maven-3.6.3.pom
Progress (1): 710 B
Progress (1): 1.9 kB
Progress (1): 3.5 kB
Progress (1): 5.5 kB
Progress (1): 11 kB 
Progress (1): 16 kB
Progress (1): 20 kB
Progress (1): 23 kB
Progress (1): 26 kB
Progress (1): 26 kB
                   
Downloaded from central: https://repo.maven.apache.org/maven2/org/apache/maven/maven/3.6.3/maven-3.6.3.pom (26 kB at 912 kB/s)
Downloading from central: https://repo.maven.apache.org/maven2/org/apache/maven/maven-parent/33/maven-parent-33.pom
Progress (1): 774 B
Progress (1): 2.0 kB
Progress (1): 6.0 kB
Progress (1): 9.6 kB
Progress (1): 14 kB 
Progress (1): 19 kB
Progress (1): 23 kB
Progress (1): 25 kB
Progress (1): 27 kB
Progress (1): 30 kB
Progress (1): 33 kB
Progress (1): 36 kB
Progress (1): 39 kB
Progress (1): 44 kB
                   
Downloaded from central: https://repo.maven.apache.org/maven2/org/apache/maven/maven-parent/33/maven-parent-33.pom (44 kB at 1.7 MB/s)
Downloading from central: https://repo.maven.apache.org/maven2/org/jboss/shrinkwrap/descriptors/shrinkwrap-descriptors-bom/2.0.0/shrinkwrap-descriptors-bom-2.0.0.pom
Progress (1): 1.1 kB
Progress (1): 5.2 kB
Progress (1): 5.2 kB
                    
Downloaded from central: https://repo.maven.apache.org/maven2/org/jboss/shrinkwrap/descriptors/shrinkwrap-descriptors-bom/2.0.0/shrinkwrap-descriptors-bom-2.0.0.pom (5.2 kB at 194 kB/s)
Downloading from central: https://repo.maven.apache.org/maven2/jakarta/validation/jakarta.validation-api/3.0.2/jakarta.validation-api-3.0.2.pom
Progress (1): 1.0 kB
Progress (1): 3.7 kB
Progress (1): 6.2 kB
Progress (1): 9.4 kB
Progress (1): 11 kB 
                   
Downloaded from central: https://repo.maven.apache.org/maven2/jakarta/validation/jakarta.validation-api/3.0.2/jakarta.validation-api-3.0.2.pom (11 kB at 366 kB/s)
Downloading from central: https://repo.maven.apache.org/maven2/io/jsonwebtoken/jjwt-api/0.11.5/jjwt-api-0.11.5.pom
Progress (1): 852 B
Progress (1): 1.8 kB
                    
Downloaded from central: https://repo.maven.apache.org/maven2/io/jsonwebtoken/jjwt-api/0.11.5/jjwt-api-0.11.5.pom (1.8 kB at 59 kB/s)
Downloading from central: https://repo.maven.apache.org/maven2/io/jsonwebtoken/jjwt-root/0.11.5/jjwt-root-0.11.5.pom
Progress (1): 732 B
Progress (1): 2.5 kB
Progress (1): 4.9 kB
Progress (1): 7.8 kB
Progress (1): 12 kB 
Progress (1): 16 kB
Progress (1): 18 kB
Progress (1): 23 kB
Progress (1): 27 kB
Progress (1): 29 kB
                   
Downloaded from central: https://repo.maven.apache.org/maven2/io/jsonwebtoken/jjwt-root/0.11.5/jjwt-root-0.11.5.pom (29 kB at 744 kB/s)
Downloading from central: https://repo.maven.apache.org/maven2/io/jsonwebtoken/jjwt-impl/0.11.5/jjwt-impl-0.11.5.pom
Progress (1): 847 B
Progress (1): 2.3 kB
                    
Downloaded from central: https://repo.maven.apache.org/maven2/io/jsonwebtoken/jjwt-impl/0.11.5/jjwt-impl-0.11.5.pom (2.3 kB at 75 kB/s)
Downloading from central: https://repo.maven.apache.org/maven2/io/jsonwebtoken/jjwt-jackson/0.11.5/jjwt-jackson-0.11.5.pom
Progress (1): 840 B
Progress (1): 2.3 kB
Progress (1): 3.3 kB
                    
Downloaded from central: https://repo.maven.apache.org/maven2/io/jsonwebtoken/jjwt-jackson/0.11.5/jjwt-jackson-0.11.5.pom (3.3 kB at 119 kB/s)
Downloading from central: https://repo.maven.apache.org/maven2/org/springframework/security/spring-security-test/6.3.0/spring-security-test-6.3.0.pom
Progress (1): 1.0 kB
Progress (1): 2.7 kB
                    
Downloaded from central: https://repo.maven.apache.org/maven2/org/springframework/security/spring-security-test/6.3.0/spring-security-test-6.3.0.pom (2.7 kB at 89 kB/s)
Downloading from central: https://repo.maven.apache.org/maven2/org/springframework/boot/spring-boot-starter-web/3.3.0/spring-boot-starter-web-3.3.0.jar
Downloading from central: https://repo.maven.apache.org/maven2/org/springframework/boot/spring-boot-starter/3.3.0/spring-boot-starter-3.3.0.jar
Downloading from central: https://repo.maven.apache.org/maven2/org/springframework/boot/spring-boot/3.3.0/spring-boot-3.3.0.jar
Downloading from central: https://repo.maven.apache.org/maven2/org/springframework/boot/spring-boot-autoconfigure/3.3.0/spring-boot-autoconfigure-3.3.0.jar
Downloading from central: https://repo.maven.apache.org/maven2/org/springframework/boot/spring-boot-starter-logging/3.3.0/spring-boot-starter-logging-3.3.0.jar
Progress (1): 4.8 kB
                    
Downloaded from central: https://repo.maven.apache.org/maven2/org/springframework/boot/spring-boot-starter-web/3.3.0/spring-boot-starter-web-3.3.0.jar (4.8 kB at 141 kB/s)
Downloading from central: https://repo.maven.apache.org/maven2/ch/qos/logback/logback-classic/1.5.6/logback-classic-1.5.6.jar
Progress (1): 0/1.6 MB
Progress (1): 0/1.6 MB
Progress (2): 0/1.6 MB | 4.8 kB
Progress (2): 0/1.6 MB | 4.8 kB
                               
Downloaded from central: https://repo.maven.apache.org/maven2/org/springframework/boot/spring-boot-starter/3.3.0/spring-boot-starter-3.3.0.jar (4.8 kB at 129 kB/s)
Downloading from central: https://repo.maven.apache.org/maven2/ch/qos/logback/logback-core/1.5.6/logback-core-1.5.6.jar
Progress (1): 0/1.6 MB
Progress (1): 0.1/1.6 MB
Progress (1): 0.1/1.6 MB
Progress (1): 0.1/1.6 MB
Progress (2): 0.1/1.6 MB | 4.8 kB
Progress (2): 0.1/1.6 MB | 4.8 kB
Progress (3): 0.1/1.6 MB | 4.8 kB | 0/2.0 MB
Progress (3): 0.1/1.6 MB | 4.8 kB | 0/2.0 MB
                                            
Downloaded from central: https://repo.maven.apache.org/maven2/org/springframework/boot/spring-boot-starter-logging/3.3.0/spring-boot-starter-logging-3.3.0.jar (4.8 kB at 106 kB/s)
Downloading from central: https://repo.maven.apache.org/maven2/org/apache/logging/log4j/log4j-to-slf4j/2.23.1/log4j-to-slf4j-2.23.1.jar
Progress (2): 0.1/1.6 MB | 0/2.0 MB
Progress (2): 0.1/1.6 MB | 0/2.0 MB
Progress (2): 0.1/1.6 MB | 0/2.0 MB
Progress (2): 0.1/1.6 MB | 0/2.0 MB
Progress (2): 0.1/1.6 MB | 0/2.0 MB
Progress (2): 0.2/1.6 MB | 0/2.0 MB
Progress (2): 0.2/1.6 MB | 0/2.0 MB
Progress (2): 0.2/1.6 MB | 0.1/2.0 MB
Progress (2): 0.2/1.6 MB | 0.1/2.0 MB
Progress (2): 0.2/1.6 MB | 0.1/2.0 MB
Progress (2): 0.2/1.6 MB | 0.1/2.0 MB
Progress (2): 0.2/1.6 MB | 0.1/2.0 MB
Progress (2): 0.2/1.6 MB | 0.1/2.0 MB
Progress (2): 0.2/1.6 MB | 0.1/2.0 MB
Progress (2): 0.2/1.6 MB | 0.1/2.0 MB
Progress (2): 0.3/1.6 MB | 0.1/2.0 MB
Progress (2): 0.3/1.6 MB | 0.1/2.0 MB
Progress (2): 0.3/1.6 MB | 0.1/2.0 MB
Progress (2): 0.3/1.6 MB | 0.1/2.0 MB
Progress (2): 0.3/1.6 MB | 0.1/2.0 MB
Progress (2): 0.3/1.6 MB | 0.1/2.0 MB
Progress (2): 0.3/1.6 MB | 0.2/2.0 MB
Progress (2): 0.3/1.6 MB | 0.2/2.0 MB
Progress (2): 0.3/1.6 MB | 0.2/2.0 MB
Progress (3): 0.3/1.6 MB | 0.2/2.0 MB | 7.7/610 kB
Progress (3): 0.3/1.6 MB | 0.2/2.0 MB | 16/610 kB 
Progress (4): 0.3/1.6 MB | 0.2/2.0 MB | 16/610 kB | 7.7/294 kB
Progress (4): 0.3/1.6 MB | 0.2/2.0 MB | 16/610 kB | 16/294 kB 
Progress (4): 0.3/1.6 MB | 0.2/2.0 MB | 16/610 kB | 16/294 kB
Progress (4): 0.3/1.6 MB | 0.2/2.0 MB | 16/610 kB | 16/294 kB
Progress (4): 0.3/1.6 MB | 0.2/2.0 MB | 16/610 kB | 16/294 kB
Progress (4): 0.3/1.6 MB | 0.2/2.0 MB | 16/610 kB | 16/294 kB
Progress (4): 0.3/1.6 MB | 0.2/2.0 MB | 16/610 kB | 16/294 kB
Progress (4): 0.3/1.6 MB | 0.3/2.0 MB | 16/610 kB | 16/294 kB
Progress (4): 0.3/1.6 MB | 0.3/2.0 MB | 16/610 kB | 32/294 kB
Progress (4): 0.3/1.6 MB | 0.3/2.0 MB | 16/610 kB | 32/294 kB
Progress (4): 0.3/1.6 MB | 0.3/2.0 MB | 16/610 kB | 49/294 kB
Progress (4): 0.3/1.6 MB | 0.3/2.0 MB | 16/610 kB | 49/294 kB
Progress (4): 0.3/1.6 MB | 0.3/2.0 MB | 32/610 kB | 49/294 kB
Progress (4): 0.4/1.6 MB | 0.3/2.0 MB | 32/610 kB | 49/294 kB
Progress (4): 0.4/1.6 MB | 0.3/2.0 MB | 32/610 kB | 49/294 kB
Progress (4): 0.4/1.6 MB | 0.3/2.0 MB | 32/610 kB | 65/294 kB
Progress (4): 0.4/1.6 MB | 0.3/2.0 MB | 32/610 kB | 65/294 kB
Progress (4): 0.4/1.6 MB | 0.3/2.0 MB | 48/610 kB | 65/294 kB
Progress (4): 0.4/1.6 MB | 0.3/2.0 MB | 48/610 kB | 65/294 kB
Progress (4): 0.4/1.6 MB | 0.3/2.0 MB | 48/610 kB | 81/294 kB
Progress (4): 0.4/1.6 MB | 0.3/2.0 MB | 48/610 kB | 81/294 kB
Progress (4): 0.4/1.6 MB | 0.3/2.0 MB | 48/610 kB | 81/294 kB
Progress (4): 0.4/1.6 MB | 0.3/2.0 MB | 65/610 kB | 81/294 kB
Progress (4): 0.4/1.6 MB | 0.3/2.0 MB | 65/610 kB | 81/294 kB
Progress (4): 0.4/1.6 MB | 0.3/2.0 MB | 81/610 kB | 81/294 kB
Progress (4): 0.4/1.6 MB | 0.3/2.0 MB | 81/610 kB | 81/294 kB
Progress (4): 0.4/1.6 MB | 0.3/2.0 MB | 81/610 kB | 98/294 kB
Progress (4): 0.4/1.6 MB | 0.3/2.0 MB | 81/610 kB | 98/294 kB
Progress (4): 0.4/1.6 MB | 0.4/2.0 MB | 81/610 kB | 98/294 kB
Progress (4): 0.4/1.6 MB | 0.4/2.0 MB | 81/610 kB | 98/294 kB
Progress (4): 0.5/1.6 MB | 0.4/2.0 MB | 81/610 kB | 98/294 kB
Progress (4): 0.5/1.6 MB | 0.4/2.0 MB | 81/610 kB | 98/294 kB
Progress (5): 0.5/1.6 MB | 0.4/2.0 MB | 81/610 kB | 98/294 kB | 7.7/23 kB
Progress (5): 0.5/1.6 MB | 0.4/2.0 MB | 81/610 kB | 98/294 kB | 16/23 kB 
Progress (5): 0.5/1.6 MB | 0.4/2.0 MB | 98/610 kB | 98/294 kB | 16/23 kB
Progress (5): 0.5/1.6 MB | 0.4/2.0 MB | 114/610 kB | 98/294 kB | 16/23 kB
Progress (5): 0.5/1.6 MB | 0.4/2.0 MB | 115/610 kB | 98/294 kB | 16/23 kB
Progress (5): 0.5/1.6 MB | 0.4/2.0 MB | 115/610 kB | 98/294 kB | 16/23 kB
Progress (5): 0.5/1.6 MB | 0.4/2.0 MB | 115/610 kB | 114/294 kB | 16/23 kB
Progress (5): 0.5/1.6 MB | 0.4/2.0 MB | 115/610 kB | 114/294 kB | 16/23 kB
Progress (5): 0.5/1.6 MB | 0.4/2.0 MB | 115/610 kB | 114/294 kB | 16/23 kB
Progress (5): 0.5/1.6 MB | 0.4/2.0 MB | 115/610 kB | 114/294 kB | 23 kB   
Progress (5): 0.5/1.6 MB | 0.4/2.0 MB | 131/610 kB | 114/294 kB | 23 kB
Progress (5): 0.5/1.6 MB | 0.4/2.0 MB | 131/610 kB | 114/294 kB | 23 kB
                                                                       
Downloaded from central: https://repo.maven.apache.org/maven2/org/apache/logging/log4j/log4j-to-slf4j/2.23.1/log4j-to-slf4j-2.23.1.jar (23 kB at 251 kB/s)
Downloading from central: https://repo.maven.apache.org/maven2/org/apache/logging/log4j/log4j-api/2.23.1/log4j-api-2.23.1.jar
Progress (4): 0.5/1.6 MB | 0.4/2.0 MB | 131/610 kB | 114/294 kB
Progress (4): 0.5/1.6 MB | 0.4/2.0 MB | 131/610 kB | 114/294 kB
Progress (4): 0.5/1.6 MB | 0.5/2.0 MB | 131/610 kB | 114/294 kB
Progress (4): 0.5/1.6 MB | 0.5/2.0 MB | 131/610 kB | 131/294 kB
Progress (4): 0.5/1.6 MB | 0.5/2.0 MB | 147/610 kB | 131/294 kB
Progress (4): 0.5/1.6 MB | 0.5/2.0 MB | 147/610 kB | 147/294 kB
Progress (4): 0.5/1.6 MB | 0.5/2.0 MB | 164/610 kB | 147/294 kB
Progress (4): 0.5/1.6 MB | 0.5/2.0 MB | 164/610 kB | 147/294 kB
Progress (4): 0.5/1.6 MB | 0.5/2.0 MB | 164/610 kB | 147/294 kB
Progress (4): 0.5/1.6 MB | 0.5/2.0 MB | 164/610 kB | 147/294 kB
Progress (4): 0.5/1.6 MB | 0.5/2.0 MB | 180/610 kB | 147/294 kB
Progress (4): 0.5/1.6 MB | 0.5/2.0 MB | 180/610 kB | 163/294 kB
Progress (4): 0.5/1.6 MB | 0.5/2.0 MB | 197/610 kB | 163/294 kB
Progress (4): 0.5/1.6 MB | 0.5/2.0 MB | 197/610 kB | 163/294 kB
Progress (4): 0.5/1.6 MB | 0.5/2.0 MB | 197/610 kB | 180/294 kB
Progress (4): 0.5/1.6 MB | 0.5/2.0 MB | 213/610 kB | 180/294 kB
Progress (4): 0.5/1.6 MB | 0.5/2.0 MB | 229/610 kB | 180/294 kB
Progress (4): 0.5/1.6 MB | 0.5/2.0 MB | 229/610 kB | 196/294 kB
Progress (4): 0.5/1.6 MB | 0.5/2.0 MB | 229/610 kB | 196/294 kB
Progress (4): 0.5/1.6 MB | 0.5/2.0 MB | 229/610 kB | 196/294 kB
Progress (4): 0.5/1.6 MB | 0.5/2.0 MB | 229/610 kB | 196/294 kB
Progress (4): 0.6/1.6 MB | 0.5/2.0 MB | 229/610 kB | 196/294 kB
Progress (4): 0.6/1.6 MB | 0.5/2.0 MB | 229/610 kB | 213/294 kB
Progress (4): 0.6/1.6 MB | 0.5/2.0 MB | 246/610 kB | 213/294 kB
Progress (4): 0.6/1.6 MB | 0.5/2.0 MB | 246/610 kB | 213/294 kB
Progress (4): 0.6/1.6 MB | 0.5/2.0 MB | 262/610 kB | 213/294 kB
Progress (4): 0.6/1.6 MB | 0.5/2.0 MB | 279/610 kB | 213/294 kB
Progress (4): 0.6/1.6 MB | 0.5/2.0 MB | 279/610 kB | 229/294 kB
Progress (4): 0.6/1.6 MB | 0.6/2.0 MB | 279/610 kB | 229/294 kB
Progress (4): 0.6/1.6 MB | 0.6/2.0 MB | 279/610 kB | 245/294 kB
Progress (4): 0.6/1.6 MB | 0.6/2.0 MB | 279/610 kB | 245/294 kB
Progress (4): 0.6/1.6 MB | 0.6/2.0 MB | 279/610 kB | 262/294 kB
Progress (4): 0.6/1.6 MB | 0.6/2.0 MB | 279/610 kB | 262/294 kB
Progress (4): 0.6/1.6 MB | 0.6/2.0 MB | 279/610 kB | 262/294 kB
Progress (4): 0.6/1.6 MB | 0.6/2.0 MB | 295/610 kB | 262/294 kB
Progress (4): 0.6/1.6 MB | 0.6/2.0 MB | 295/610 kB | 262/294 kB
Progress (4): 0.6/1.6 MB | 0.6/2.0 MB | 295/610 kB | 278/294 kB
Progress (4): 0.6/1.6 MB | 0.6/2.0 MB | 295/610 kB | 294 kB    
                                                           
Downloaded from central: https://repo.maven.apache.org/maven2/ch/qos/logback/logback-classic/1.5.6/logback-classic-1.5.6.jar (294 kB at 2.6 MB/s)
Downloading from central: https://repo.maven.apache.org/maven2/org/slf4j/jul-to-slf4j/2.0.13/jul-to-slf4j-2.0.13.jar
Progress (3): 0.6/1.6 MB | 0.6/2.0 MB | 295/610 kB
Progress (3): 0.6/1.6 MB | 0.6/2.0 MB | 295/610 kB
Progress (3): 0.6/1.6 MB | 0.6/2.0 MB | 311/610 kB
Progress (3): 0.6/1.6 MB | 0.6/2.0 MB | 311/610 kB
Progress (3): 0.6/1.6 MB | 0.6/2.0 MB | 311/610 kB
Progress (3): 0.6/1.6 MB | 0.6/2.0 MB | 328/610 kB
Progress (3): 0.6/1.6 MB | 0.7/2.0 MB | 328/610 kB
Progress (3): 0.6/1.6 MB | 0.7/2.0 MB | 328/610 kB
Progress (3): 0.6/1.6 MB | 0.7/2.0 MB | 344/610 kB
Progress (3): 0.6/1.6 MB | 0.7/2.0 MB | 344/610 kB
Progress (3): 0.6/1.6 MB | 0.7/2.0 MB | 344/610 kB
Progress (3): 0.6/1.6 MB | 0.7/2.0 MB | 360/610 kB
Progress (3): 0.6/1.6 MB | 0.7/2.0 MB | 360/610 kB
Progress (3): 0.6/1.6 MB | 0.7/2.0 MB | 360/610 kB
Progress (3): 0.6/1.6 MB | 0.7/2.0 MB | 377/610 kB
Progress (3): 0.7/1.6 MB | 0.7/2.0 MB | 377/610 kB
Progress (3): 0.7/1.6 MB | 0.7/2.0 MB | 377/610 kB
Progress (3): 0.7/1.6 MB | 0.7/2.0 MB | 377/610 kB
Progress (3): 0.7/1.6 MB | 0.7/2.0 MB | 393/610 kB
Progress (3): 0.7/1.6 MB | 0.7/2.0 MB | 393/610 kB
Progress (3): 0.7/1.6 MB | 0.7/2.0 MB | 393/610 kB
Progress (3): 0.7/1.6 MB | 0.7/2.0 MB | 410/610 kB
Progress (3): 0.7/1.6 MB | 0.7/2.0 MB | 410/610 kB
Progress (3): 0.7/1.6 MB | 0.7/2.0 MB | 426/610 kB
Progress (3): 0.7/1.6 MB | 0.7/2.0 MB | 426/610 kB
Progress (3): 0.7/1.6 MB | 0.8/2.0 MB | 426/610 kB
Progress (3): 0.7/1.6 MB | 0.8/2.0 MB | 426/610 kB
Progress (3): 0.7/1.6 MB | 0.8/2.0 MB | 442/610 kB
Progress (3): 0.7/1.6 MB | 0.8/2.0 MB | 442/610 kB
Progress (3): 0.7/1.6 MB | 0.8/2.0 MB | 459/610 kB
Progress (3): 0.8/1.6 MB | 0.8/2.0 MB | 459/610 kB
Progress (3): 0.8/1.6 MB | 0.8/2.0 MB | 475/610 kB
Progress (4): 0.8/1.6 MB | 0.8/2.0 MB | 475/610 kB | 7.7/343 kB
Progress (4): 0.8/1.6 MB | 0.8/2.0 MB | 475/610 kB | 16/343 kB 
Progress (4): 0.8/1.6 MB | 0.8/2.0 MB | 475/610 kB | 25/343 kB
Progress (4): 0.8/1.6 MB | 0.8/2.0 MB | 492/610 kB | 25/343 kB
Progress (4): 0.8/1.6 MB | 0.8/2.0 MB | 492/610 kB | 41/343 kB
Progress (4): 0.8/1.6 MB | 0.8/2.0 MB | 492/610 kB | 41/343 kB
Progress (4): 0.8/1.6 MB | 0.8/2.0 MB | 508/610 kB | 41/343 kB
Progress (4): 0.8/1.6 MB | 0.8/2.0 MB | 508/610 kB | 41/343 kB
Progress (4): 0.8/1.6 MB | 0.8/2.0 MB | 508/610 kB | 41/343 kB
Progress (4): 0.8/1.6 MB | 0.8/2.0 MB | 508/610 kB | 57/343 kB
Progress (4): 0.8/1.6 MB | 0.8/2.0 MB | 524/610 kB | 57/343 kB
Progress (4): 0.8/1.6 MB | 0.8/2.0 MB | 524/610 kB | 57/343 kB
Progress (4): 0.8/1.6 MB | 0.8/2.0 MB | 524/610 kB | 57/343 kB
Progress (4): 0.8/1.6 MB | 0.8/2.0 MB | 524/610 kB | 57/343 kB
Progress (4): 0.8/1.6 MB | 0.8/2.0 MB | 541/610 kB | 57/343 kB
Progress (4): 0.8/1.6 MB | 0.8/2.0 MB | 541/610 kB | 57/343 kB
Progress (5): 0.8/1.6 MB | 0.8/2.0 MB | 541/610 kB | 57/343 kB | 6.3 kB
Progress (5): 0.8/1.6 MB | 0.9/2.0 MB | 541/610 kB | 57/343 kB | 6.3 kB
                                                                       
Downloaded from central: https://repo.maven.apache.org/maven2/org/slf4j/jul-to-slf4j/2.0.13/jul-to-slf4j-2.0.13.jar (6.3 kB at 46 kB/s)
Downloading from central: https://repo.maven.apache.org/maven2/jakarta/annotation/jakarta.annotation-api/2.1.1/jakarta.annotation-api-2.1.1.jar
Progress (4): 0.8/1.6 MB | 0.9/2.0 MB | 541/610 kB | 57/343 kB
Progress (4): 0.8/1.6 MB | 0.9/2.0 MB | 541/610 kB | 57/343 kB
Progress (4): 0.8/1.6 MB | 0.9/2.0 MB | 541/610 kB | 57/343 kB
Progress (4): 0.8/1.6 MB | 0.9/2.0 MB | 557/610 kB | 57/343 kB
Progress (4): 0.8/1.6 MB | 0.9/2.0 MB | 557/610 kB | 74/343 kB
Progress (4): 0.8/1.6 MB | 0.9/2.0 MB | 557/610 kB | 74/343 kB
Progress (4): 0.8/1.6 MB | 0.9/2.0 MB | 557/610 kB | 90/343 kB
Progress (4): 0.8/1.6 MB | 0.9/2.0 MB | 573/610 kB | 90/343 kB
Progress (4): 0.8/1.6 MB | 0.9/2.0 MB | 573/610 kB | 90/343 kB
Progress (4): 0.8/1.6 MB | 0.9/2.0 MB | 573/610 kB | 106/343 kB
Progress (4): 0.9/1.6 MB | 0.9/2.0 MB | 573/610 kB | 106/343 kB
Progress (4): 0.9/1.6 MB | 0.9/2.0 MB | 573/610 kB | 106/343 kB
Progress (4): 0.9/1.6 MB | 0.9/2.0 MB | 573/610 kB | 106/343 kB
Progress (4): 0.9/1.6 MB | 0.9/2.0 MB | 590/610 kB | 106/343 kB
Progress (4): 0.9/1.6 MB | 0.9/2.0 MB | 590/610 kB | 106/343 kB
Progress (4): 0.9/1.6 MB | 0.9/2.0 MB | 606/610 kB | 106/343 kB
Progress (4): 0.9/1.6 MB | 0.9/2.0 MB | 610 kB | 106/343 kB    
Progress (4): 0.9/1.6 MB | 0.9/2.0 MB | 610 kB | 123/343 kB
                                                           
Downloaded from central: https://repo.maven.apache.org/maven2/ch/qos/logback/logback-core/1.5.6/logback-core-1.5.6.jar (610 kB at 4.2 MB/s)
Downloading from central: https://repo.maven.apache.org/maven2/org/yaml/snakeyaml/2.2/snakeyaml-2.2.jar
Progress (3): 0.9/1.6 MB | 0.9/2.0 MB | 139/343 kB
Progress (3): 0.9/1.6 MB | 0.9/2.0 MB | 156/343 kB
Progress (3): 0.9/1.6 MB | 1.0/2.0 MB | 156/343 kB
Progress (3): 0.9/1.6 MB | 1.0/2.0 MB | 156/343 kB
Progress (3): 0.9/1.6 MB | 1.0/2.0 MB | 172/343 kB
Progress (3): 0.9/1.6 MB | 1.0/2.0 MB | 172/343 kB
Progress (3): 0.9/1.6 MB | 1.0/2.0 MB | 188/343 kB
Progress (3): 0.9/1.6 MB | 1.0/2.0 MB | 188/343 kB
Progress (3): 0.9/1.6 MB | 1.0/2.0 MB | 188/343 kB
Progress (3): 0.9/1.6 MB | 1.0/2.0 MB | 205/343 kB
Progress (3): 0.9/1.6 MB | 1.0/2.0 MB | 205/343 kB
Progress (3): 0.9/1.6 MB | 1.0/2.0 MB | 205/343 kB
Progress (3): 1.0/1.6 MB | 1.0/2.0 MB | 205/343 kB
Progress (3): 1.0/1.6 MB | 1.0/2.0 MB | 205/343 kB
Progress (3): 1.0/1.6 MB | 1.0/2.0 MB | 205/343 kB
Progress (3): 1.0/1.6 MB | 1.0/2.0 MB | 221/343 kB
Progress (3): 1.0/1.6 MB | 1.0/2.0 MB | 221/343 kB
Progress (3): 1.0/1.6 MB | 1.0/2.0 MB | 221/343 kB
Progress (3): 1.0/1.6 MB | 1.0/2.0 MB | 238/343 kB
Progress (3): 1.0/1.6 MB | 1.0/2.0 MB | 238/343 kB
Progress (3): 1.0/1.6 MB | 1.0/2.0 MB | 238/343 kB
Progress (3): 1.0/1.6 MB | 1.0/2.0 MB | 254/343 kB
Progress (3): 1.0/1.6 MB | 1.0/2.0 MB | 254/343 kB
Progress (3): 1.0/1.6 MB | 1.0/2.0 MB | 270/343 kB
Progress (3): 1.0/1.6 MB | 1.0/2.0 MB | 287/343 kB
Progress (3): 1.0/1.6 MB | 1.1/2.0 MB | 287/343 kB
Progress (3): 1.0/1.6 MB | 1.1/2.0 MB | 287/343 kB
Progress (3): 1.0/1.6 MB | 1.1/2.0 MB | 303/343 kB
Progress (3): 1.0/1.6 MB | 1.1/2.0 MB | 303/343 kB
Progress (3): 1.0/1.6 MB | 1.1/2.0 MB | 319/343 kB
Progress (3): 1.0/1.6 MB | 1.1/2.0 MB | 319/343 kB
Progress (3): 1.0/1.6 MB | 1.1/2.0 MB | 336/343 kB
Progress (3): 1.0/1.6 MB | 1.1/2.0 MB | 336/343 kB
Progress (3): 1.1/1.6 MB | 1.1/2.0 MB | 336/343 kB
Progress (3): 1.1/1.6 MB | 1.1/2.0 MB | 336/343 kB
Progress (3): 1.1/1.6 MB | 1.1/2.0 MB | 343 kB    
Progress (3): 1.1/1.6 MB | 1.1/2.0 MB | 343 kB
                                              
Downloaded from central: https://repo.maven.apache.org/maven2/org/apache/logging/log4j/log4j-api/2.23.1/log4j-api-2.23.1.jar (343 kB at 2.1 MB/s)
Progress (2): 1.1/1.6 MB | 1.1/2.0 MB
                                     
Downloading from central: https://repo.maven.apache.org/maven2/org/springframework/boot/spring-boot-starter-json/3.3.0/spring-boot-starter-json-3.3.0.jar
Progress (2): 1.1/1.6 MB | 1.1/2.0 MB
Progress (2): 1.1/1.6 MB | 1.1/2.0 MB
Progress (2): 1.1/1.6 MB | 1.1/2.0 MB
Progress (2): 1.1/1.6 MB | 1.2/2.0 MB
Progress (2): 1.1/1.6 MB | 1.2/2.0 MB
Progress (2): 1.1/1.6 MB | 1.2/2.0 MB
Progress (2): 1.1/1.6 MB | 1.2/2.0 MB
Progress (2): 1.2/1.6 MB | 1.2/2.0 MB
Progress (2): 1.2/1.6 MB | 1.2/2.0 MB
Progress (2): 1.2/1.6 MB | 1.2/2.0 MB
Progress (2): 1.2/1.6 MB | 1.2/2.0 MB
Progress (2): 1.2/1.6 MB | 1.2/2.0 MB
Progress (2): 1.2/1.6 MB | 1.2/2.0 MB
Progress (2): 1.2/1.6 MB | 1.2/2.0 MB
Progress (2): 1.2/1.6 MB | 1.2/2.0 MB
Progress (2): 1.2/1.6 MB | 1.2/2.0 MB
Progress (2): 1.2/1.6 MB | 1.2/2.0 MB
Progress (2): 1.2/1.6 MB | 1.2/2.0 MB
Progress (3): 1.2/1.6 MB | 1.2/2.0 MB | 7.7/334 kB
Progress (3): 1.2/1.6 MB | 1.3/2.0 MB | 7.7/334 kB
Progress (3): 1.2/1.6 MB | 1.3/2.0 MB | 16/334 kB 
Progress (3): 1.3/1.6 MB | 1.3/2.0 MB | 16/334 kB
Progress (3): 1.3/1.6 MB | 1.3/2.0 MB | 16/334 kB
Progress (3): 1.3/1.6 MB | 1.3/2.0 MB | 32/334 kB
Progress (3): 1.3/1.6 MB | 1.3/2.0 MB | 32/334 kB
Progress (3): 1.3/1.6 MB | 1.3/2.0 MB | 32/334 kB
Progress (3): 1.3/1.6 MB | 1.3/2.0 MB | 48/334 kB
Progress (3): 1.3/1.6 MB | 1.3/2.0 MB | 48/334 kB
Progress (3): 1.3/1.6 MB | 1.3/2.0 MB | 48/334 kB
Progress (3): 1.3/1.6 MB | 1.3/2.0 MB | 48/334 kB
Progress (3): 1.3/1.6 MB | 1.3/2.0 MB | 65/334 kB
Progress (4): 1.3/1.6 MB | 1.3/2.0 MB | 65/334 kB | 7.7/26 kB
Progress (4): 1.3/1.6 MB | 1.3/2.0 MB | 65/334 kB | 7.7/26 kB
Progress (4): 1.3/1.6 MB | 1.3/2.0 MB | 65/334 kB | 16/26 kB 
Progress (4): 1.3/1.6 MB | 1.3/2.0 MB | 65/334 kB | 26 kB   
Progress (4): 1.3/1.6 MB | 1.3/2.0 MB | 65/334 kB | 26 kB
                                                         
Downloaded from central: https://repo.maven.apache.org/maven2/jakarta/annotation/jakarta.annotation-api/2.1.1/jakarta.annotation-api-2.1.1.jar (26 kB at 147 kB/s)
Progress (3): 1.3/1.6 MB | 1.3/2.0 MB | 81/334 kB
                                                 
Downloading from central: https://repo.maven.apache.org/maven2/com/fasterxml/jackson/datatype/jackson-datatype-jdk8/2.17.1/jackson-datatype-jdk8-2.17.1.jar
Progress (3): 1.3/1.6 MB | 1.3/2.0 MB | 98/334 kB
Progress (3): 1.3/1.6 MB | 1.4/2.0 MB | 98/334 kB
Progress (3): 1.3/1.6 MB | 1.4/2.0 MB | 98/334 kB
Progress (3): 1.3/1.6 MB | 1.4/2.0 MB | 98/334 kB
Progress (3): 1.3/1.6 MB | 1.4/2.0 MB | 98/334 kB
Progress (3): 1.3/1.6 MB | 1.4/2.0 MB | 114/334 kB
Progress (3): 1.3/1.6 MB | 1.4/2.0 MB | 114/334 kB
Progress (3): 1.4/1.6 MB | 1.4/2.0 MB | 114/334 kB
Progress (3): 1.4/1.6 MB | 1.4/2.0 MB | 114/334 kB
Progress (3): 1.4/1.6 MB | 1.4/2.0 MB | 114/334 kB
Progress (3): 1.4/1.6 MB | 1.4/2.0 MB | 130/334 kB
Progress (3): 1.4/1.6 MB | 1.4/2.0 MB | 130/334 kB
Progress (3): 1.4/1.6 MB | 1.4/2.0 MB | 130/334 kB
Progress (3): 1.4/1.6 MB | 1.4/2.0 MB | 147/334 kB
Progress (3): 1.4/1.6 MB | 1.4/2.0 MB | 147/334 kB
Progress (3): 1.4/1.6 MB | 1.4/2.0 MB | 147/334 kB
Progress (3): 1.4/1.6 MB | 1.4/2.0 MB | 163/334 kB
Progress (3): 1.4/1.6 MB | 1.4/2.0 MB | 180/334 kB
Progress (3): 1.4/1.6 MB | 1.4/2.0 MB | 180/334 kB
Progress (3): 1.4/1.6 MB | 1.4/2.0 MB | 180/334 kB
Progress (3): 1.4/1.6 MB | 1.5/2.0 MB | 180/334 kB
Progress (3): 1.4/1.6 MB | 1.5/2.0 MB | 197/334 kB
Progress (3): 1.4/1.6 MB | 1.5/2.0 MB | 197/334 kB
Progress (3): 1.4/1.6 MB | 1.5/2.0 MB | 197/334 kB
Progress (3): 1.4/1.6 MB | 1.5/2.0 MB | 197/334 kB
Progress (3): 1.4/1.6 MB | 1.5/2.0 MB | 213/334 kB
Progress (3): 1.4/1.6 MB | 1.5/2.0 MB | 213/334 kB
Progress (3): 1.4/1.6 MB | 1.5/2.0 MB | 229/334 kB
Progress (3): 1.4/1.6 MB | 1.5/2.0 MB | 246/334 kB
Progress (3): 1.4/1.6 MB | 1.5/2.0 MB | 246/334 kB
Progress (3): 1.4/1.6 MB | 1.5/2.0 MB | 246/334 kB
Progress (3): 1.4/1.6 MB | 1.5/2.0 MB | 262/334 kB
Progress (3): 1.4/1.6 MB | 1.5/2.0 MB | 262/334 kB
Progress (3): 1.5/1.6 MB | 1.5/2.0 MB | 262/334 kB
Progress (3): 1.5/1.6 MB | 1.5/2.0 MB | 262/334 kB
Progress (3): 1.5/1.6 MB | 1.5/2.0 MB | 279/334 kB
Progress (3): 1.5/1.6 MB | 1.5/2.0 MB | 279/334 kB
Progress (3): 1.5/1.6 MB | 1.6/2.0 MB | 279/334 kB
Progress (3): 1.5/1.6 MB | 1.6/2.0 MB | 279/334 kB
Progress (4): 1.5/1.6 MB | 1.6/2.0 MB | 279/334 kB | 4.7 kB
Progress (4): 1.5/1.6 MB | 1.6/2.0 MB | 279/334 kB | 4.7 kB
Progress (4): 1.5/1.6 MB | 1.6/2.0 MB | 279/334 kB | 4.7 kB
Progress (4): 1.5/1.6 MB | 1.6/2.0 MB | 295/334 kB | 4.7 kB
                                                           
Downloaded from central: https://repo.maven.apache.org/maven2/org/springframework/boot/spring-boot-starter-json/3.3.0/spring-boot-starter-json-3.3.0.jar (4.7 kB at 24 kB/s)
Downloading from central: https://repo.maven.apache.org/maven2/com/fasterxml/jackson/datatype/jackson-datatype-jsr310/2.17.1/jackson-datatype-jsr310-2.17.1.jar
Progress (3): 1.5/1.6 MB | 1.6/2.0 MB | 311/334 kB
Progress (3): 1.5/1.6 MB | 1.6/2.0 MB | 311/334 kB
Progress (3): 1.5/1.6 MB | 1.6/2.0 MB | 311/334 kB
Progress (3): 1.5/1.6 MB | 1.6/2.0 MB | 328/334 kB
Progress (3): 1.5/1.6 MB | 1.6/2.0 MB | 328/334 kB
Progress (3): 1.5/1.6 MB | 1.6/2.0 MB | 328/334 kB
Progress (3): 1.5/1.6 MB | 1.6/2.0 MB | 334 kB    
Progress (3): 1.5/1.6 MB | 1.6/2.0 MB | 334 kB
                                              
Downloaded from central: https://repo.maven.apache.org/maven2/org/yaml/snakeyaml/2.2/snakeyaml-2.2.jar (334 kB at 1.7 MB/s)
Progress (2): 1.5/1.6 MB | 1.7/2.0 MB
                                     
Downloading from central: https://repo.maven.apache.org/maven2/com/fasterxml/jackson/module/jackson-module-parameter-names/2.17.1/jackson-module-parameter-names-2.17.1.jar
Progress (2): 1.5/1.6 MB | 1.7/2.0 MB
Progress (2): 1.5/1.6 MB | 1.7/2.0 MB
Progress (3): 1.5/1.6 MB | 1.7/2.0 MB | 7.4/36 kB
Progress (3): 1.5/1.6 MB | 1.7/2.0 MB | 7.4/36 kB
Progress (3): 1.5/1.6 MB | 1.7/2.0 MB | 7.4/36 kB
Progress (3): 1.5/1.6 MB | 1.7/2.0 MB | 7.4/36 kB
Progress (3): 1.6/1.6 MB | 1.7/2.0 MB | 7.4/36 kB
Progress (3): 1.6/1.6 MB | 1.7/2.0 MB | 7.4/36 kB
Progress (3): 1.6/1.6 MB | 1.7/2.0 MB | 7.4/36 kB
Progress (3): 1.6/1.6 MB | 1.7/2.0 MB | 7.4/36 kB
Progress (3): 1.6/1.6 MB | 1.7/2.0 MB | 24/36 kB 
Progress (3): 1.6/1.6 MB | 1.7/2.0 MB | 24/36 kB
Progress (3): 1.6 MB | 1.7/2.0 MB | 24/36 kB    
Progress (3): 1.6 MB | 1.7/2.0 MB | 36 kB   
Progress (3): 1.6 MB | 1.8/2.0 MB | 36 kB
                                         
Downloaded from central: https://repo.maven.apache.org/maven2/com/fasterxml/jackson/datatype/jackson-datatype-jdk8/2.17.1/jackson-datatype-jdk8-2.17.1.jar (36 kB at 170 kB/s)
Downloading from central: https://repo.maven.apache.org/maven2/org/springframework/boot/spring-boot-starter-tomcat/3.3.0/spring-boot-starter-tomcat-3.3.0.jar
Downloaded from central: https://repo.maven.apache.org/maven2/org/springframework/boot/spring-boot/3.3.0/spring-boot-3.3.0.jar (1.6 MB at 7.5 MB/s)
Downloading from central: https://repo.maven.apache.org/maven2/org/apache/tomcat/embed/tomcat-embed-core/10.1.24/tomcat-embed-core-10.1.24.jar
Progress (1): 1.8/2.0 MB
Progress (1): 1.8/2.0 MB
Progress (1): 1.8/2.0 MB
Progress (1): 1.8/2.0 MB
Progress (1): 1.8/2.0 MB
Progress (1): 1.9/2.0 MB
Progress (1): 1.9/2.0 MB
Progress (1): 1.9/2.0 MB
Progress (1): 1.9/2.0 MB
Progress (1): 1.9/2.0 MB
Progress (1): 1.9/2.0 MB
Progress (1): 2.0/2.0 MB
Progress (1): 2.0 MB    
                    
Downloaded from central: https://repo.maven.apache.org/maven2/org/springframework/boot/spring-boot-autoconfigure/3.3.0/spring-boot-autoconfigure-3.3.0.jar (2.0 MB at 8.9 MB/s)
Downloading from central: https://repo.maven.apache.org/maven2/org/apache/tomcat/embed/tomcat-embed-websocket/10.1.24/tomcat-embed-websocket-10.1.24.jar
Progress (1): 7.7/10 kB
Progress (1): 10 kB    
                   
Downloaded from central: https://repo.maven.apache.org/maven2/com/fasterxml/jackson/module/jackson-module-parameter-names/2.17.1/jackson-module-parameter-names-2.17.1.jar (10 kB at 45 kB/s)
Downloading from central: https://repo.maven.apache.org/maven2/org/springframework/spring-web/6.1.8/spring-web-6.1.8.jar
Progress (1): 4.8 kB
                    
Downloaded from central: https://repo.maven.apache.org/maven2/org/springframework/boot/spring-boot-starter-tomcat/3.3.0/spring-boot-starter-tomcat-3.3.0.jar (4.8 kB at 20 kB/s)
Downloading from central: https://repo.maven.apache.org/maven2/io/micrometer/micrometer-observation/1.13.0/micrometer-observation-1.13.0.jar
Progress (1): 7.7/132 kB
Progress (1): 16/132 kB 
Progress (1): 32/132 kB
Progress (1): 49/132 kB
Progress (1): 65/132 kB
Progress (1): 81/132 kB
Progress (1): 98/132 kB
Progress (1): 114/132 kB
Progress (1): 131/132 kB
Progress (1): 132 kB    
Progress (2): 132 kB | 0/3.8 MB
Progress (2): 132 kB | 0/3.8 MB
                               
Downloaded from central: https://repo.maven.apache.org/maven2/com/fasterxml/jackson/datatype/jackson-datatype-jsr310/2.17.1/jackson-datatype-jsr310-2.17.1.jar (132 kB at 547 kB/s)
Downloading from central: https://repo.maven.apache.org/maven2/io/micrometer/micrometer-commons/1.13.0/micrometer-commons-1.13.0.jar
Progress (1): 0/3.8 MB
Progress (1): 0/3.8 MB
Progress (1): 0.1/3.8 MB
Progress (1): 0.1/3.8 MB
Progress (1): 0.1/3.8 MB
Progress (1): 0.1/3.8 MB
Progress (1): 0.1/3.8 MB
Progress (1): 0.1/3.8 MB
Progress (1): 0.2/3.8 MB
Progress (1): 0.2/3.8 MB
Progress (1): 0.2/3.8 MB
Progress (1): 0.2/3.8 MB
Progress (1): 0.2/3.8 MB
Progress (1): 0.2/3.8 MB
Progress (1): 0.3/3.8 MB
Progress (1): 0.3/3.8 MB
Progress (1): 0.3/3.8 MB
Progress (1): 0.3/3.8 MB
Progress (1): 0.3/3.8 MB
Progress (1): 0.3/3.8 MB
Progress (1): 0.4/3.8 MB
Progress (1): 0.4/3.8 MB
Progress (1): 0.4/3.8 MB
Progress (1): 0.4/3.8 MB
Progress (2): 0.4/3.8 MB | 7.7/282 kB
Progress (2): 0.4/3.8 MB | 16/282 kB 
Progress (2): 0.4/3.8 MB | 16/282 kB
Progress (2): 0.4/3.8 MB | 29/282 kB
Progress (2): 0.4/3.8 MB | 29/282 kB
Progress (2): 0.5/3.8 MB | 29/282 kB
Progress (2): 0.5/3.8 MB | 29/282 kB
Progress (2): 0.5/3.8 MB | 45/282 kB
Progress (2): 0.5/3.8 MB | 61/282 kB
Progress (2): 0.5/3.8 MB | 61/282 kB
Progress (3): 0.5/3.8 MB | 61/282 kB | 0/1.9 MB
Progress (3): 0.5/3.8 MB | 61/282 kB | 0/1.9 MB
Progress (3): 0.5/3.8 MB | 78/282 kB | 0/1.9 MB
Progress (3): 0.5/3.8 MB | 78/282 kB | 0/1.9 MB
Progress (3): 0.5/3.8 MB | 78/282 kB | 0/1.9 MB
Progress (3): 0.5/3.8 MB | 94/282 kB | 0/1.9 MB
Progress (3): 0.5/3.8 MB | 94/282 kB | 0/1.9 MB
Progress (3): 0.5/3.8 MB | 94/282 kB | 0/1.9 MB
Progress (3): 0.5/3.8 MB | 94/282 kB | 0/1.9 MB
Progress (3): 0.5/3.8 MB | 94/282 kB | 0.1/1.9 MB
Progress (3): 0.5/3.8 MB | 111/282 kB | 0.1/1.9 MB
Progress (3): 0.6/3.8 MB | 111/282 kB | 0.1/1.9 MB
Progress (3): 0.6/3.8 MB | 111/282 kB | 0.1/1.9 MB
Progress (3): 0.6/3.8 MB | 127/282 kB | 0.1/1.9 MB
Progress (3): 0.6/3.8 MB | 127/282 kB | 0.1/1.9 MB
Progress (3): 0.6/3.8 MB | 127/282 kB | 0.1/1.9 MB
Progress (3): 0.6/3.8 MB | 127/282 kB | 0.1/1.9 MB
Progress (3): 0.6/3.8 MB | 127/282 kB | 0.1/1.9 MB
Progress (3): 0.6/3.8 MB | 143/282 kB | 0.1/1.9 MB
Progress (4): 0.6/3.8 MB | 143/282 kB | 0.1/1.9 MB | 7.7/72 kB
Progress (4): 0.6/3.8 MB | 143/282 kB | 0.1/1.9 MB | 16/72 kB 
Progress (4): 0.6/3.8 MB | 143/282 kB | 0.1/1.9 MB | 16/72 kB
Progress (4): 0.6/3.8 MB | 143/282 kB | 0.1/1.9 MB | 16/72 kB
Progress (4): 0.6/3.8 MB | 143/282 kB | 0.1/1.9 MB | 16/72 kB
Progress (4): 0.6/3.8 MB | 143/282 kB | 0.2/1.9 MB | 16/72 kB
Progress (4): 0.6/3.8 MB | 143/282 kB | 0.2/1.9 MB | 16/72 kB
Progress (4): 0.6/3.8 MB | 160/282 kB | 0.2/1.9 MB | 16/72 kB
Progress (4): 0.6/3.8 MB | 176/282 kB | 0.2/1.9 MB | 16/72 kB
Progress (4): 0.6/3.8 MB | 193/282 kB | 0.2/1.9 MB | 16/72 kB
Progress (4): 0.6/3.8 MB | 193/282 kB | 0.2/1.9 MB | 16/72 kB
Progress (4): 0.6/3.8 MB | 209/282 kB | 0.2/1.9 MB | 16/72 kB
Progress (4): 0.6/3.8 MB | 209/282 kB | 0.2/1.9 MB | 32/72 kB
Progress (4): 0.6/3.8 MB | 209/282 kB | 0.2/1.9 MB | 32/72 kB
Progress (4): 0.6/3.8 MB | 209/282 kB | 0.2/1.9 MB | 32/72 kB
Progress (4): 0.7/3.8 MB | 209/282 kB | 0.2/1.9 MB | 32/72 kB
Progress (4): 0.7/3.8 MB | 209/282 kB | 0.2/1.9 MB | 32/72 kB
Progress (4): 0.7/3.8 MB | 209/282 kB | 0.2/1.9 MB | 49/72 kB
Progress (4): 0.7/3.8 MB | 209/282 kB | 0.2/1.9 MB | 49/72 kB
Progress (4): 0.7/3.8 MB | 225/282 kB | 0.2/1.9 MB | 49/72 kB
Progress (4): 0.7/3.8 MB | 225/282 kB | 0.2/1.9 MB | 49/72 kB
Progress (4): 0.7/3.8 MB | 225/282 kB | 0.2/1.9 MB | 49/72 kB
Progress (4): 0.7/3.8 MB | 225/282 kB | 0.2/1.9 MB | 65/72 kB
Progress (4): 0.7/3.8 MB | 225/282 kB | 0.2/1.9 MB | 65/72 kB
Progress (4): 0.7/3.8 MB | 225/282 kB | 0.2/1.9 MB | 72 kB   
                                                          
Downloaded from central: https://repo.maven.apache.org/maven2/io/micrometer/micrometer-observation/1.13.0/micrometer-observation-1.13.0.jar (72 kB at 254 kB/s)
Downloading from central: https://repo.maven.apache.org/maven2/org/springframework/spring-webmvc/6.1.8/spring-webmvc-6.1.8.jar
Progress (3): 0.7/3.8 MB | 225/282 kB | 0.3/1.9 MB
Progress (3): 0.7/3.8 MB | 225/282 kB | 0.3/1.9 MB
Progress (3): 0.7/3.8 MB | 225/282 kB | 0.3/1.9 MB
Progress (4): 0.7/3.8 MB | 225/282 kB | 0.3/1.9 MB | 7.7/48 kB
Progress (4): 0.7/3.8 MB | 225/282 kB | 0.3/1.9 MB | 16/48 kB 
Progress (4): 0.7/3.8 MB | 242/282 kB | 0.3/1.9 MB | 16/48 kB
Progress (4): 0.7/3.8 MB | 242/282 kB | 0.3/1.9 MB | 16/48 kB
Progress (4): 0.7/3.8 MB | 242/282 kB | 0.3/1.9 MB | 32/48 kB
Progress (4): 0.7/3.8 MB | 258/282 kB | 0.3/1.9 MB | 32/48 kB
Progress (4): 0.7/3.8 MB | 258/282 kB | 0.3/1.9 MB | 32/48 kB
Progress (4): 0.7/3.8 MB | 258/282 kB | 0.3/1.9 MB | 32/48 kB
Progress (4): 0.7/3.8 MB | 274/282 kB | 0.3/1.9 MB | 32/48 kB
Progress (4): 0.8/3.8 MB | 274/282 kB | 0.3/1.9 MB | 32/48 kB
Progress (4): 0.8/3.8 MB | 282 kB | 0.3/1.9 MB | 32/48 kB    
                                                         
Downloaded from central: https://repo.maven.apache.org/maven2/org/apache/tomcat/embed/tomcat-embed-websocket/10.1.24/tomcat-embed-websocket-10.1.24.jar (282 kB at 972 kB/s)
Downloading from central: https://repo.maven.apache.org/maven2/org/springframework/boot/spring-boot-starter-security/3.3.0/spring-boot-starter-security-3.3.0.jar
Progress (3): 0.8/3.8 MB | 0.3/1.9 MB | 32/48 kB
Progress (3): 0.8/3.8 MB | 0.3/1.9 MB | 32/48 kB
Progress (3): 0.8/3.8 MB | 0.3/1.9 MB | 32/48 kB
Progress (3): 0.8/3.8 MB | 0.3/1.9 MB | 32/48 kB
Progress (3): 0.8/3.8 MB | 0.3/1.9 MB | 48 kB   
                                             
Downloaded from central: https://repo.maven.apache.org/maven2/io/micrometer/micrometer-commons/1.13.0/micrometer-commons-1.13.0.jar (48 kB at 163 kB/s)
Downloading from central: https://repo.maven.apache.org/maven2/org/springframework/security/spring-security-config/6.3.0/spring-security-config-6.3.0.jar
Progress (2): 0.8/3.8 MB | 0.3/1.9 MB
Progress (2): 0.8/3.8 MB | 0.3/1.9 MB
Progress (2): 0.8/3.8 MB | 0.3/1.9 MB
Progress (2): 0.8/3.8 MB | 0.3/1.9 MB
Progress (2): 0.8/3.8 MB | 0.4/1.9 MB
Progress (2): 0.9/3.8 MB | 0.4/1.9 MB
Progress (2): 0.9/3.8 MB | 0.4/1.9 MB
Progress (2): 0.9/3.8 MB | 0.4/1.9 MB
Progress (2): 0.9/3.8 MB | 0.4/1.9 MB
Progress (2): 0.9/3.8 MB | 0.4/1.9 MB
Progress (2): 0.9/3.8 MB | 0.4/1.9 MB
Progress (2): 0.9/3.8 MB | 0.4/1.9 MB
Progress (2): 0.9/3.8 MB | 0.4/1.9 MB
Progress (2): 0.9/3.8 MB | 0.4/1.9 MB
Progress (2): 0.9/3.8 MB | 0.5/1.9 MB
Progress (2): 0.9/3.8 MB | 0.5/1.9 MB
Progress (2): 0.9/3.8 MB | 0.5/1.9 MB
Progress (2): 0.9/3.8 MB | 0.5/1.9 MB
Progress (2): 0.9/3.8 MB | 0.5/1.9 MB
Progress (2): 0.9/3.8 MB | 0.5/1.9 MB
Progress (2): 0.9/3.8 MB | 0.5/1.9 MB
Progress (2): 0.9/3.8 MB | 0.5/1.9 MB
Progress (2): 1.0/3.8 MB | 0.5/1.9 MB
Progress (2): 1.0/3.8 MB | 0.5/1.9 MB
Progress (2): 1.0/3.8 MB | 0.6/1.9 MB
Progress (2): 1.0/3.8 MB | 0.6/1.9 MB
Progress (2): 1.0/3.8 MB | 0.6/1.9 MB
Progress (2): 1.0/3.8 MB | 0.6/1.9 MB
Progress (2): 1.0/3.8 MB | 0.6/1.9 MB
Progress (2): 1.0/3.8 MB | 0.6/1.9 MB
Progress (2): 1.0/3.8 MB | 0.6/1.9 MB
Progress (2): 1.0/3.8 MB | 0.6/1.9 MB
Progress (2): 1.0/3.8 MB | 0.6/1.9 MB
Progress (2): 1.0/3.8 MB | 0.6/1.9 MB
Progress (2): 1.1/3.8 MB | 0.6/1.9 MB
Progress (3): 1.1/3.8 MB | 0.6/1.9 MB | 0/1.0 MB
Progress (3): 1.1/3.8 MB | 0.6/1.9 MB | 0/1.0 MB
Progress (3): 1.1/3.8 MB | 0.6/1.9 MB | 0/1.0 MB
Progress (3): 1.1/3.8 MB | 0.6/1.9 MB | 0/1.0 MB
Progress (3): 1.1/3.8 MB | 0.6/1.9 MB | 0/1.0 MB
Progress (3): 1.1/3.8 MB | 0.6/1.9 MB | 0/1.0 MB
Progress (3): 1.1/3.8 MB | 0.6/1.9 MB | 0/1.0 MB
Progress (3): 1.1/3.8 MB | 0.6/1.9 MB | 0/1.0 MB
Progress (3): 1.1/3.8 MB | 0.7/1.9 MB | 0/1.0 MB
Progress (3): 1.1/3.8 MB | 0.7/1.9 MB | 0/1.0 MB
Progress (3): 1.1/3.8 MB | 0.7/1.9 MB | 0/1.0 MB
Progress (3): 1.1/3.8 MB | 0.7/1.9 MB | 0/1.0 MB
Progress (3): 1.1/3.8 MB | 0.7/1.9 MB | 0/1.0 MB
Progress (3): 1.1/3.8 MB | 0.7/1.9 MB | 0.1/1.0 MB
Progress (3): 1.1/3.8 MB | 0.7/1.9 MB | 0.1/1.0 MB
Progress (3): 1.1/3.8 MB | 0.7/1.9 MB | 0.1/1.0 MB
Progress (3): 1.1/3.8 MB | 0.7/1.9 MB | 0.1/1.0 MB
Progress (3): 1.1/3.8 MB | 0.7/1.9 MB | 0.1/1.0 MB
Progress (3): 1.1/3.8 MB | 0.8/1.9 MB | 0.1/1.0 MB
Progress (3): 1.1/3.8 MB | 0.8/1.9 MB | 0.1/1.0 MB
Progress (4): 1.1/3.8 MB | 0.8/1.9 MB | 0.1/1.0 MB | 0/1.9 MB
Progress (4): 1.1/3.8 MB | 0.8/1.9 MB | 0.1/1.0 MB | 0/1.9 MB
Progress (4): 1.1/3.8 MB | 0.8/1.9 MB | 0.1/1.0 MB | 0/1.9 MB
Progress (4): 1.1/3.8 MB | 0.8/1.9 MB | 0.1/1.0 MB | 0/1.9 MB
Progress (4): 1.2/3.8 MB | 0.8/1.9 MB | 0.1/1.0 MB | 0/1.9 MB
Progress (4): 1.2/3.8 MB | 0.8/1.9 MB | 0.1/1.0 MB | 0/1.9 MB
Progress (4): 1.2/3.8 MB | 0.8/1.9 MB | 0.1/1.0 MB | 0/1.9 MB
Progress (4): 1.2/3.8 MB | 0.8/1.9 MB | 0.1/1.0 MB | 0/1.9 MB
Progress (4): 1.2/3.8 MB | 0.8/1.9 MB | 0.1/1.0 MB | 0/1.9 MB
Progress (4): 1.2/3.8 MB | 0.8/1.9 MB | 0.1/1.0 MB | 0/1.9 MB
Progress (4): 1.2/3.8 MB | 0.8/1.9 MB | 0.1/1.0 MB | 0/1.9 MB
Progress (4): 1.2/3.8 MB | 0.8/1.9 MB | 0.1/1.0 MB | 0/1.9 MB
Progress (4): 1.2/3.8 MB | 0.8/1.9 MB | 0.1/1.0 MB | 0/1.9 MB
Progress (4): 1.2/3.8 MB | 0.8/1.9 MB | 0.1/1.0 MB | 0.1/1.9 MB
Progress (5): 1.2/3.8 MB | 0.8/1.9 MB | 0.1/1.0 MB | 0.1/1.9 MB | 4.7 kB
Progress (5): 1.2/3.8 MB | 0.9/1.9 MB | 0.1/1.0 MB | 0.1/1.9 MB | 4.7 kB
                                                                        
Downloaded from central: https://repo.maven.apache.org/maven2/org/springframework/boot/spring-boot-starter-security/3.3.0/spring-boot-starter-security-3.3.0.jar (4.7 kB at 14 kB/s)
Downloading from central: https://repo.maven.apache.org/maven2/org/springframework/security/spring-security-web/6.3.0/spring-security-web-6.3.0.jar
Progress (4): 1.2/3.8 MB | 0.9/1.9 MB | 0.1/1.0 MB | 0.1/1.9 MB
Progress (4): 1.2/3.8 MB | 0.9/1.9 MB | 0.1/1.0 MB | 0.1/1.9 MB
Progress (4): 1.2/3.8 MB | 0.9/1.9 MB | 0.1/1.0 MB | 0.1/1.9 MB
Progress (4): 1.2/3.8 MB | 0.9/1.9 MB | 0.2/1.0 MB | 0.1/1.9 MB
Progress (4): 1.2/3.8 MB | 0.9/1.9 MB | 0.2/1.0 MB | 0.1/1.9 MB
Progress (4): 1.2/3.8 MB | 0.9/1.9 MB | 0.2/1.0 MB | 0.1/1.9 MB
Progress (4): 1.2/3.8 MB | 0.9/1.9 MB | 0.2/1.0 MB | 0.1/1.9 MB
Progress (4): 1.2/3.8 MB | 0.9/1.9 MB | 0.2/1.0 MB | 0.1/1.9 MB
Progress (4): 1.2/3.8 MB | 0.9/1.9 MB | 0.2/1.0 MB | 0.1/1.9 MB
Progress (4): 1.2/3.8 MB | 0.9/1.9 MB | 0.2/1.0 MB | 0.1/1.9 MB
Progress (4): 1.2/3.8 MB | 0.9/1.9 MB | 0.2/1.0 MB | 0.1/1.9 MB
Progress (4): 1.2/3.8 MB | 0.9/1.9 MB | 0.2/1.0 MB | 0.1/1.9 MB
Progress (4): 1.2/3.8 MB | 0.9/1.9 MB | 0.2/1.0 MB | 0.1/1.9 MB
Progress (4): 1.2/3.8 MB | 0.9/1.9 MB | 0.2/1.0 MB | 0.1/1.9 MB
Progress (4): 1.2/3.8 MB | 0.9/1.9 MB | 0.2/1.0 MB | 0.1/1.9 MB
Progress (4): 1.2/3.8 MB | 0.9/1.9 MB | 0.2/1.0 MB | 0.1/1.9 MB
Progress (4): 1.2/3.8 MB | 0.9/1.9 MB | 0.2/1.0 MB | 0.1/1.9 MB
Progress (4): 1.3/3.8 MB | 0.9/1.9 MB | 0.2/1.0 MB | 0.1/1.9 MB
Progress (4): 1.3/3.8 MB | 0.9/1.9 MB | 0.2/1.0 MB | 0.1/1.9 MB
Progress (4): 1.3/3.8 MB | 0.9/1.9 MB | 0.2/1.0 MB | 0.1/1.9 MB
Progress (4): 1.3/3.8 MB | 0.9/1.9 MB | 0.2/1.0 MB | 0.1/1.9 MB
Progress (4): 1.3/3.8 MB | 0.9/1.9 MB | 0.2/1.0 MB | 0.1/1.9 MB
Progress (4): 1.3/3.8 MB | 0.9/1.9 MB | 0.2/1.0 MB | 0.1/1.9 MB
Progress (4): 1.3/3.8 MB | 0.9/1.9 MB | 0.3/1.0 MB | 0.1/1.9 MB
Progress (4): 1.3/3.8 MB | 0.9/1.9 MB | 0.3/1.0 MB | 0.1/1.9 MB
Progress (4): 1.3/3.8 MB | 0.9/1.9 MB | 0.3/1.0 MB | 0.2/1.9 MB
Progress (4): 1.3/3.8 MB | 0.9/1.9 MB | 0.3/1.0 MB | 0.2/1.9 MB
Progress (4): 1.3/3.8 MB | 0.9/1.9 MB | 0.3/1.0 MB | 0.2/1.9 MB
Progress (4): 1.3/3.8 MB | 0.9/1.9 MB | 0.3/1.0 MB | 0.2/1.9 MB
Progress (4): 1.3/3.8 MB | 0.9/1.9 MB | 0.3/1.0 MB | 0.2/1.9 MB
Progress (4): 1.3/3.8 MB | 0.9/1.9 MB | 0.3/1.0 MB | 0.2/1.9 MB
Progress (4): 1.3/3.8 MB | 0.9/1.9 MB | 0.3/1.0 MB | 0.2/1.9 MB
Progress (4): 1.3/3.8 MB | 0.9/1.9 MB | 0.3/1.0 MB | 0.2/1.9 MB
Progress (4): 1.3/3.8 MB | 1.0/1.9 MB | 0.3/1.0 MB | 0.2/1.9 MB
Progress (4): 1.3/3.8 MB | 1.0/1.9 MB | 0.3/1.0 MB | 0.2/1.9 MB
Progress (4): 1.3/3.8 MB | 1.0/1.9 MB | 0.3/1.0 MB | 0.2/1.9 MB
Progress (4): 1.3/3.8 MB | 1.0/1.9 MB | 0.3/1.0 MB | 0.2/1.9 MB
Progress (4): 1.3/3.8 MB | 1.0/1.9 MB | 0.3/1.0 MB | 0.2/1.9 MB
Progress (4): 1.3/3.8 MB | 1.0/1.9 MB | 0.3/1.0 MB | 0.3/1.9 MB
Progress (4): 1.3/3.8 MB | 1.0/1.9 MB | 0.3/1.0 MB | 0.3/1.9 MB
Progress (4): 1.3/3.8 MB | 1.0/1.9 MB | 0.3/1.0 MB | 0.3/1.9 MB
Progress (4): 1.3/3.8 MB | 1.0/1.9 MB | 0.3/1.0 MB | 0.3/1.9 MB
Progress (4): 1.4/3.8 MB | 1.0/1.9 MB | 0.3/1.0 MB | 0.3/1.9 MB
Progress (4): 1.4/3.8 MB | 1.0/1.9 MB | 0.3/1.0 MB | 0.3/1.9 MB
Progress (4): 1.4/3.8 MB | 1.0/1.9 MB | 0.3/1.0 MB | 0.3/1.9 MB
Progress (4): 1.4/3.8 MB | 1.0/1.9 MB | 0.3/1.0 MB | 0.3/1.9 MB
Progress (4): 1.4/3.8 MB | 1.0/1.9 MB | 0.3/1.0 MB | 0.3/1.9 MB
Progress (4): 1.4/3.8 MB | 1.0/1.9 MB | 0.3/1.0 MB | 0.3/1.9 MB
Progress (4): 1.4/3.8 MB | 1.0/1.9 MB | 0.3/1.0 MB | 0.3/1.9 MB
Progress (4): 1.4/3.8 MB | 1.0/1.9 MB | 0.3/1.0 MB | 0.3/1.9 MB
Progress (4): 1.4/3.8 MB | 1.0/1.9 MB | 0.3/1.0 MB | 0.3/1.9 MB
Progress (4): 1.4/3.8 MB | 1.0/1.9 MB | 0.3/1.0 MB | 0.3/1.9 MB
Progress (4): 1.4/3.8 MB | 1.0/1.9 MB | 0.3/1.0 MB | 0.3/1.9 MB
Progress (4): 1.4/3.8 MB | 1.0/1.9 MB | 0.3/1.0 MB | 0.3/1.9 MB
Progress (4): 1.4/3.8 MB | 1.1/1.9 MB | 0.3/1.0 MB | 0.3/1.9 MB
Progress (4): 1.4/3.8 MB | 1.1/1.9 MB | 0.4/1.0 MB | 0.3/1.9 MB
Progress (4): 1.4/3.8 MB | 1.1/1.9 MB | 0.4/1.0 MB | 0.3/1.9 MB
Progress (4): 1.4/3.8 MB | 1.1/1.9 MB | 0.4/1.0 MB | 0.3/1.9 MB
Progress (4): 1.4/3.8 MB | 1.1/1.9 MB | 0.4/1.0 MB | 0.3/1.9 MB
Progress (4): 1.4/3.8 MB | 1.1/1.9 MB | 0.4/1.0 MB | 0.3/1.9 MB
Progress (4): 1.4/3.8 MB | 1.1/1.9 MB | 0.4/1.0 MB | 0.3/1.9 MB
Progress (4): 1.4/3.8 MB | 1.1/1.9 MB | 0.4/1.0 MB | 0.3/1.9 MB
Progress (4): 1.4/3.8 MB | 1.1/1.9 MB | 0.4/1.0 MB | 0.3/1.9 MB
Progress (4): 1.4/3.8 MB | 1.2/1.9 MB | 0.4/1.0 MB | 0.3/1.9 MB
Progress (4): 1.4/3.8 MB | 1.2/1.9 MB | 0.4/1.0 MB | 0.3/1.9 MB
Progress (4): 1.4/3.8 MB | 1.2/1.9 MB | 0.4/1.0 MB | 0.3/1.9 MB
Progress (4): 1.4/3.8 MB | 1.2/1.9 MB | 0.4/1.0 MB | 0.4/1.9 MB
Progress (4): 1.4/3.8 MB | 1.2/1.9 MB | 0.4/1.0 MB | 0.4/1.9 MB
Progress (4): 1.4/3.8 MB | 1.2/1.9 MB | 0.4/1.0 MB | 0.4/1.9 MB
Progress (4): 1.4/3.8 MB | 1.2/1.9 MB | 0.4/1.0 MB | 0.4/1.9 MB
Progress (4): 1.4/3.8 MB | 1.2/1.9 MB | 0.4/1.0 MB | 0.4/1.9 MB
Progress (4): 1.4/3.8 MB | 1.2/1.9 MB | 0.4/1.0 MB | 0.4/1.9 MB
Progress (4): 1.4/3.8 MB | 1.2/1.9 MB | 0.4/1.0 MB | 0.4/1.9 MB
Progress (4): 1.4/3.8 MB | 1.2/1.9 MB | 0.4/1.0 MB | 0.4/1.9 MB
Progress (4): 1.4/3.8 MB | 1.2/1.9 MB | 0.4/1.0 MB | 0.4/1.9 MB
Progress (5): 1.4/3.8 MB | 1.2/1.9 MB | 0.4/1.0 MB | 0.4/1.9 MB | 7.7/804 kB
Progress (5): 1.4/3.8 MB | 1.2/1.9 MB | 0.4/1.0 MB | 0.4/1.9 MB | 16/804 kB 
Progress (5): 1.4/3.8 MB | 1.2/1.9 MB | 0.4/1.0 MB | 0.4/1.9 MB | 16/804 kB
Progress (5): 1.4/3.8 MB | 1.2/1.9 MB | 0.4/1.0 MB | 0.5/1.9 MB | 16/804 kB
Progress (5): 1.4/3.8 MB | 1.2/1.9 MB | 0.4/1.0 MB | 0.5/1.9 MB | 16/804 kB
Progress (5): 1.4/3.8 MB | 1.2/1.9 MB | 0.4/1.0 MB | 0.5/1.9 MB | 16/804 kB
Progress (5): 1.4/3.8 MB | 1.2/1.9 MB | 0.4/1.0 MB | 0.5/1.9 MB | 16/804 kB
Progress (5): 1.4/3.8 MB | 1.2/1.9 MB | 0.4/1.0 MB | 0.5/1.9 MB | 16/804 kB
Progress (5): 1.4/3.8 MB | 1.2/1.9 MB | 0.4/1.0 MB | 0.5/1.9 MB | 16/804 kB
Progress (5): 1.4/3.8 MB | 1.2/1.9 MB | 0.4/1.0 MB | 0.5/1.9 MB | 16/804 kB
Progress (5): 1.4/3.8 MB | 1.2/1.9 MB | 0.4/1.0 MB | 0.5/1.9 MB | 32/804 kB
Progress (5): 1.4/3.8 MB | 1.2/1.9 MB | 0.4/1.0 MB | 0.5/1.9 MB | 32/804 kB
Progress (5): 1.4/3.8 MB | 1.2/1.9 MB | 0.4/1.0 MB | 0.5/1.9 MB | 32/804 kB
Progress (5): 1.4/3.8 MB | 1.2/1.9 MB | 0.5/1.0 MB | 0.5/1.9 MB | 32/804 kB
Progress (5): 1.4/3.8 MB | 1.2/1.9 MB | 0.5/1.0 MB | 0.5/1.9 MB | 49/804 kB
Progress (5): 1.4/3.8 MB | 1.2/1.9 MB | 0.5/1.0 MB | 0.5/1.9 MB | 49/804 kB
Progress (5): 1.4/3.8 MB | 1.2/1.9 MB | 0.5/1.0 MB | 0.5/1.9 MB | 49/804 kB
Progress (5): 1.4/3.8 MB | 1.2/1.9 MB | 0.5/1.0 MB | 0.5/1.9 MB | 49/804 kB
Progress (5): 1.5/3.8 MB | 1.2/1.9 MB | 0.5/1.0 MB | 0.5/1.9 MB | 49/804 kB
Progress (5): 1.5/3.8 MB | 1.2/1.9 MB | 0.5/1.0 MB | 0.5/1.9 MB | 49/804 kB
Progress (5): 1.5/3.8 MB | 1.2/1.9 MB | 0.5/1.0 MB | 0.5/1.9 MB | 49/804 kB
Progress (5): 1.5/3.8 MB | 1.2/1.9 MB | 0.5/1.0 MB | 0.5/1.9 MB | 65/804 kB
Progress (5): 1.5/3.8 MB | 1.2/1.9 MB | 0.5/1.0 MB | 0.5/1.9 MB | 65/804 kB
Progress (5): 1.5/3.8 MB | 1.2/1.9 MB | 0.5/1.0 MB | 0.5/1.9 MB | 81/804 kB
Progress (5): 1.5/3.8 MB | 1.2/1.9 MB | 0.5/1.0 MB | 0.5/1.9 MB | 81/804 kB
Progress (5): 1.5/3.8 MB | 1.2/1.9 MB | 0.5/1.0 MB | 0.5/1.9 MB | 81/804 kB
Progress (5): 1.5/3.8 MB | 1.2/1.9 MB | 0.5/1.0 MB | 0.5/1.9 MB | 98/804 kB
Progress (5): 1.5/3.8 MB | 1.2/1.9 MB | 0.5/1.0 MB | 0.5/1.9 MB | 98/804 kB
Progress (5): 1.5/3.8 MB | 1.3/1.9 MB | 0.5/1.0 MB | 0.5/1.9 MB | 98/804 kB
Progress (5): 1.5/3.8 MB | 1.3/1.9 MB | 0.5/1.0 MB | 0.6/1.9 MB | 98/804 kB
Progress (5): 1.5/3.8 MB | 1.3/1.9 MB | 0.5/1.0 MB | 0.6/1.9 MB | 98/804 kB
Progress (5): 1.5/3.8 MB | 1.3/1.9 MB | 0.5/1.0 MB | 0.6/1.9 MB | 98/804 kB
Progress (5): 1.5/3.8 MB | 1.3/1.9 MB | 0.5/1.0 MB | 0.6/1.9 MB | 98/804 kB
Progress (5): 1.5/3.8 MB | 1.3/1.9 MB | 0.5/1.0 MB | 0.6/1.9 MB | 114/804 kB
Progress (5): 1.5/3.8 MB | 1.3/1.9 MB | 0.5/1.0 MB | 0.6/1.9 MB | 114/804 kB
Progress (5): 1.5/3.8 MB | 1.3/1.9 MB | 0.5/1.0 MB | 0.6/1.9 MB | 114/804 kB
Progress (5): 1.5/3.8 MB | 1.3/1.9 MB | 0.5/1.0 MB | 0.6/1.9 MB | 114/804 kB
Progress (5): 1.5/3.8 MB | 1.3/1.9 MB | 0.6/1.0 MB | 0.6/1.9 MB | 114/804 kB
Progress (5): 1.5/3.8 MB | 1.3/1.9 MB | 0.6/1.0 MB | 0.6/1.9 MB | 114/804 kB
Progress (5): 1.5/3.8 MB | 1.3/1.9 MB | 0.6/1.0 MB | 0.6/1.9 MB | 131/804 kB
Progress (5): 1.5/3.8 MB | 1.3/1.9 MB | 0.6/1.0 MB | 0.6/1.9 MB | 131/804 kB
Progress (5): 1.5/3.8 MB | 1.3/1.9 MB | 0.6/1.0 MB | 0.6/1.9 MB | 131/804 kB
Progress (5): 1.5/3.8 MB | 1.3/1.9 MB | 0.6/1.0 MB | 0.6/1.9 MB | 147/804 kB
Progress (5): 1.6/3.8 MB | 1.3/1.9 MB | 0.6/1.0 MB | 0.6/1.9 MB | 147/804 kB
Progress (5): 1.6/3.8 MB | 1.3/1.9 MB | 0.6/1.0 MB | 0.6/1.9 MB | 147/804 kB
Progress (5): 1.6/3.8 MB | 1.3/1.9 MB | 0.6/1.0 MB | 0.6/1.9 MB | 163/804 kB
Progress (5): 1.6/3.8 MB | 1.3/1.9 MB | 0.6/1.0 MB | 0.6/1.9 MB | 180/804 kB
Progress (5): 1.6/3.8 MB | 1.3/1.9 MB | 0.6/1.0 MB | 0.6/1.9 MB | 180/804 kB
Progress (5): 1.6/3.8 MB | 1.3/1.9 MB | 0.6/1.0 MB | 0.6/1.9 MB | 180/804 kB
Progress (5): 1.6/3.8 MB | 1.3/1.9 MB | 0.6/1.0 MB | 0.6/1.9 MB | 180/804 kB
Progress (5): 1.6/3.8 MB | 1.3/1.9 MB | 0.6/1.0 MB | 0.6/1.9 MB | 180/804 kB
Progress (5): 1.6/3.8 MB | 1.3/1.9 MB | 0.6/1.0 MB | 0.6/1.9 MB | 180/804 kB
Progress (5): 1.6/3.8 MB | 1.3/1.9 MB | 0.6/1.0 MB | 0.6/1.9 MB | 180/804 kB
Progress (5): 1.6/3.8 MB | 1.3/1.9 MB | 0.6/1.0 MB | 0.6/1.9 MB | 196/804 kB
Progress (5): 1.6/3.8 MB | 1.3/1.9 MB | 0.6/1.0 MB | 0.6/1.9 MB | 196/804 kB
Progress (5): 1.6/3.8 MB | 1.3/1.9 MB | 0.6/1.0 MB | 0.6/1.9 MB | 196/804 kB
Progress (5): 1.6/3.8 MB | 1.3/1.9 MB | 0.6/1.0 MB | 0.7/1.9 MB | 196/804 kB
Progress (5): 1.6/3.8 MB | 1.3/1.9 MB | 0.6/1.0 MB | 0.7/1.9 MB | 213/804 kB
Progress (5): 1.6/3.8 MB | 1.3/1.9 MB | 0.6/1.0 MB | 0.7/1.9 MB | 213/804 kB
Progress (5): 1.6/3.8 MB | 1.3/1.9 MB | 0.6/1.0 MB | 0.7/1.9 MB | 213/804 kB
Progress (5): 1.6/3.8 MB | 1.3/1.9 MB | 0.6/1.0 MB | 0.7/1.9 MB | 213/804 kB
Progress (5): 1.6/3.8 MB | 1.3/1.9 MB | 0.6/1.0 MB | 0.7/1.9 MB | 213/804 kB
Progress (5): 1.6/3.8 MB | 1.3/1.9 MB | 0.6/1.0 MB | 0.7/1.9 MB | 213/804 kB
Progress (5): 1.6/3.8 MB | 1.3/1.9 MB | 0.6/1.0 MB | 0.7/1.9 MB | 213/804 kB
Progress (5): 1.6/3.8 MB | 1.4/1.9 MB | 0.6/1.0 MB | 0.7/1.9 MB | 213/804 kB
Progress (5): 1.6/3.8 MB | 1.4/1.9 MB | 0.6/1.0 MB | 0.7/1.9 MB | 229/804 kB
Progress (5): 1.6/3.8 MB | 1.4/1.9 MB | 0.7/1.0 MB | 0.7/1.9 MB | 229/804 kB
Progress (5): 1.6/3.8 MB | 1.4/1.9 MB | 0.7/1.0 MB | 0.7/1.9 MB | 229/804 kB
Progress (5): 1.6/3.8 MB | 1.4/1.9 MB | 0.7/1.0 MB | 0.7/1.9 MB | 229/804 kB
Progress (5): 1.6/3.8 MB | 1.4/1.9 MB | 0.7/1.0 MB | 0.7/1.9 MB | 229/804 kB
Progress (5): 1.6/3.8 MB | 1.4/1.9 MB | 0.7/1.0 MB | 0.7/1.9 MB | 229/804 kB
Progress (5): 1.6/3.8 MB | 1.4/1.9 MB | 0.7/1.0 MB | 0.7/1.9 MB | 229/804 kB
Progress (5): 1.6/3.8 MB | 1.4/1.9 MB | 0.7/1.0 MB | 0.7/1.9 MB | 229/804 kB
Progress (5): 1.6/3.8 MB | 1.4/1.9 MB | 0.7/1.0 MB | 0.7/1.9 MB | 245/804 kB
Progress (5): 1.6/3.8 MB | 1.4/1.9 MB | 0.7/1.0 MB | 0.7/1.9 MB | 245/804 kB
Progress (5): 1.6/3.8 MB | 1.4/1.9 MB | 0.7/1.0 MB | 0.7/1.9 MB | 245/804 kB
Progress (5): 1.6/3.8 MB | 1.4/1.9 MB | 0.7/1.0 MB | 0.7/1.9 MB | 262/804 kB
Progress (5): 1.6/3.8 MB | 1.4/1.9 MB | 0.7/1.0 MB | 0.7/1.9 MB | 262/804 kB
Progress (5): 1.7/3.8 MB | 1.4/1.9 MB | 0.7/1.0 MB | 0.7/1.9 MB | 262/804 kB
Progress (5): 1.7/3.8 MB | 1.4/1.9 MB | 0.7/1.0 MB | 0.7/1.9 MB | 262/804 kB
Progress (5): 1.7/3.8 MB | 1.4/1.9 MB | 0.7/1.0 MB | 0.7/1.9 MB | 262/804 kB
Progress (5): 1.7/3.8 MB | 1.4/1.9 MB | 0.7/1.0 MB | 0.7/1.9 MB | 262/804 kB
Progress (5): 1.7/3.8 MB | 1.4/1.9 MB | 0.7/1.0 MB | 0.7/1.9 MB | 262/804 kB
Progress (5): 1.7/3.8 MB | 1.4/1.9 MB | 0.7/1.0 MB | 0.7/1.9 MB | 278/804 kB
Progress (5): 1.7/3.8 MB | 1.5/1.9 MB | 0.7/1.0 MB | 0.7/1.9 MB | 278/804 kB
Progress (5): 1.7/3.8 MB | 1.5/1.9 MB | 0.7/1.0 MB | 0.7/1.9 MB | 278/804 kB
Progress (5): 1.7/3.8 MB | 1.5/1.9 MB | 0.7/1.0 MB | 0.7/1.9 MB | 278/804 kB
Progress (5): 1.7/3.8 MB | 1.5/1.9 MB | 0.7/1.0 MB | 0.7/1.9 MB | 278/804 kB
Progress (5): 1.7/3.8 MB | 1.5/1.9 MB | 0.7/1.0 MB | 0.7/1.9 MB | 294/804 kB
Progress (5): 1.7/3.8 MB | 1.5/1.9 MB | 0.7/1.0 MB | 0.7/1.9 MB | 294/804 kB
Progress (5): 1.7/3.8 MB | 1.5/1.9 MB | 0.7/1.0 MB | 0.8/1.9 MB | 294/804 kB
Progress (5): 1.7/3.8 MB | 1.5/1.9 MB | 0.7/1.0 MB | 0.8/1.9 MB | 294/804 kB
Progress (5): 1.7/3.8 MB | 1.5/1.9 MB | 0.7/1.0 MB | 0.8/1.9 MB | 294/804 kB
Progress (5): 1.7/3.8 MB | 1.5/1.9 MB | 0.7/1.0 MB | 0.8/1.9 MB | 294/804 kB
Progress (5): 1.7/3.8 MB | 1.5/1.9 MB | 0.7/1.0 MB | 0.8/1.9 MB | 311/804 kB
Progress (5): 1.7/3.8 MB | 1.5/1.9 MB | 0.7/1.0 MB | 0.8/1.9 MB | 311/804 kB
Progress (5): 1.7/3.8 MB | 1.5/1.9 MB | 0.7/1.0 MB | 0.8/1.9 MB | 311/804 kB
Progress (5): 1.7/3.8 MB | 1.5/1.9 MB | 0.7/1.0 MB | 0.8/1.9 MB | 311/804 kB
Progress (5): 1.7/3.8 MB | 1.5/1.9 MB | 0.7/1.0 MB | 0.8/1.9 MB | 311/804 kB
Progress (5): 1.7/3.8 MB | 1.5/1.9 MB | 0.8/1.0 MB | 0.8/1.9 MB | 311/804 kB
Progress (5): 1.7/3.8 MB | 1.5/1.9 MB | 0.8/1.0 MB | 0.8/1.9 MB | 311/804 kB
Progress (5): 1.7/3.8 MB | 1.5/1.9 MB | 0.8/1.0 MB | 0.8/1.9 MB | 311/804 kB
Progress (5): 1.7/3.8 MB | 1.5/1.9 MB | 0.8/1.0 MB | 0.8/1.9 MB | 311/804 kB
Progress (5): 1.7/3.8 MB | 1.5/1.9 MB | 0.8/1.0 MB | 0.8/1.9 MB | 327/804 kB
Progress (5): 1.7/3.8 MB | 1.5/1.9 MB | 0.8/1.0 MB | 0.8/1.9 MB | 327/804 kB
Progress (5): 1.7/3.8 MB | 1.5/1.9 MB | 0.8/1.0 MB | 0.8/1.9 MB | 327/804 kB
Progress (5): 1.7/3.8 MB | 1.5/1.9 MB | 0.8/1.0 MB | 0.8/1.9 MB | 327/804 kB
Progress (5): 1.7/3.8 MB | 1.5/1.9 MB | 0.8/1.0 MB | 0.8/1.9 MB | 327/804 kB
Progress (5): 1.7/3.8 MB | 1.5/1.9 MB | 0.8/1.0 MB | 0.8/1.9 MB | 327/804 kB
Progress (5): 1.7/3.8 MB | 1.5/1.9 MB | 0.8/1.0 MB | 0.8/1.9 MB | 327/804 kB
Progress (5): 1.7/3.8 MB | 1.5/1.9 MB | 0.8/1.0 MB | 0.8/1.9 MB | 344/804 kB
Progress (5): 1.7/3.8 MB | 1.5/1.9 MB | 0.8/1.0 MB | 0.8/1.9 MB | 360/804 kB
Progress (5): 1.7/3.8 MB | 1.6/1.9 MB | 0.8/1.0 MB | 0.8/1.9 MB | 360/804 kB
Progress (5): 1.7/3.8 MB | 1.6/1.9 MB | 0.8/1.0 MB | 0.8/1.9 MB | 360/804 kB
Progress (5): 1.8/3.8 MB | 1.6/1.9 MB | 0.8/1.0 MB | 0.8/1.9 MB | 360/804 kB
Progress (5): 1.8/3.8 MB | 1.6/1.9 MB | 0.8/1.0 MB | 0.8/1.9 MB | 360/804 kB
Progress (5): 1.8/3.8 MB | 1.6/1.9 MB | 0.8/1.0 MB | 0.8/1.9 MB | 360/804 kB
Progress (5): 1.8/3.8 MB | 1.6/1.9 MB | 0.8/1.0 MB | 0.8/1.9 MB | 360/804 kB
Progress (5): 1.8/3.8 MB | 1.6/1.9 MB | 0.8/1.0 MB | 0.8/1.9 MB | 376/804 kB
Progress (5): 1.8/3.8 MB | 1.6/1.9 MB | 0.8/1.0 MB | 0.8/1.9 MB | 376/804 kB
Progress (5): 1.8/3.8 MB | 1.6/1.9 MB | 0.8/1.0 MB | 0.8/1.9 MB | 376/804 kB
Progress (5): 1.8/3.8 MB | 1.6/1.9 MB | 0.8/1.0 MB | 0.8/1.9 MB | 376/804 kB
Progress (5): 1.8/3.8 MB | 1.6/1.9 MB | 0.9/1.0 MB | 0.8/1.9 MB | 376/804 kB
Progress (5): 1.8/3.8 MB | 1.6/1.9 MB | 0.9/1.0 MB | 0.8/1.9 MB | 376/804 kB
Progress (5): 1.8/3.8 MB | 1.6/1.9 MB | 0.9/1.0 MB | 0.8/1.9 MB | 376/804 kB
Progress (5): 1.8/3.8 MB | 1.6/1.9 MB | 0.9/1.0 MB | 0.8/1.9 MB | 376/804 kB
Progress (5): 1.8/3.8 MB | 1.6/1.9 MB | 0.9/1.0 MB | 0.8/1.9 MB | 376/804 kB
Progress (5): 1.8/3.8 MB | 1.6/1.9 MB | 0.9/1.0 MB | 0.9/1.9 MB | 376/804 kB
Progress (5): 1.8/3.8 MB | 1.6/1.9 MB | 0.9/1.0 MB | 0.9/1.9 MB | 376/804 kB
Progress (5): 1.8/3.8 MB | 1.6/1.9 MB | 0.9/1.0 MB | 0.9/1.9 MB | 376/804 kB
Progress (5): 1.8/3.8 MB | 1.6/1.9 MB | 0.9/1.0 MB | 0.9/1.9 MB | 393/804 kB
Progress (5): 1.8/3.8 MB | 1.7/1.9 MB | 0.9/1.0 MB | 0.9/1.9 MB | 393/804 kB
Progress (5): 1.8/3.8 MB | 1.7/1.9 MB | 0.9/1.0 MB | 0.9/1.9 MB | 409/804 kB
Progress (5): 1.8/3.8 MB | 1.7/1.9 MB | 0.9/1.0 MB | 0.9/1.9 MB | 409/804 kB
Progress (5): 1.8/3.8 MB | 1.7/1.9 MB | 0.9/1.0 MB | 0.9/1.9 MB | 409/804 kB
Progress (5): 1.8/3.8 MB | 1.7/1.9 MB | 0.9/1.0 MB | 0.9/1.9 MB | 409/804 kB
Progress (5): 1.8/3.8 MB | 1.7/1.9 MB | 0.9/1.0 MB | 0.9/1.9 MB | 426/804 kB
Progress (5): 1.8/3.8 MB | 1.7/1.9 MB | 0.9/1.0 MB | 0.9/1.9 MB | 426/804 kB
Progress (5): 1.8/3.8 MB | 1.7/1.9 MB | 0.9/1.0 MB | 0.9/1.9 MB | 426/804 kB
Progress (5): 1.8/3.8 MB | 1.7/1.9 MB | 0.9/1.0 MB | 0.9/1.9 MB | 426/804 kB
Progress (5): 1.8/3.8 MB | 1.7/1.9 MB | 0.9/1.0 MB | 0.9/1.9 MB | 442/804 kB
Progress (5): 1.8/3.8 MB | 1.7/1.9 MB | 0.9/1.0 MB | 0.9/1.9 MB | 442/804 kB
Progress (5): 1.8/3.8 MB | 1.7/1.9 MB | 0.9/1.0 MB | 0.9/1.9 MB | 442/804 kB
Progress (5): 1.8/3.8 MB | 1.7/1.9 MB | 0.9/1.0 MB | 0.9/1.9 MB | 458/804 kB
Progress (5): 1.8/3.8 MB | 1.7/1.9 MB | 0.9/1.0 MB | 0.9/1.9 MB | 458/804 kB
Progress (5): 1.8/3.8 MB | 1.7/1.9 MB | 0.9/1.0 MB | 0.9/1.9 MB | 458/804 kB
Progress (5): 1.9/3.8 MB | 1.7/1.9 MB | 0.9/1.0 MB | 0.9/1.9 MB | 458/804 kB
Progress (5): 1.9/3.8 MB | 1.7/1.9 MB | 0.9/1.0 MB | 0.9/1.9 MB | 475/804 kB
Progress (5): 1.9/3.8 MB | 1.7/1.9 MB | 0.9/1.0 MB | 0.9/1.9 MB | 475/804 kB
Progress (5): 1.9/3.8 MB | 1.7/1.9 MB | 0.9/1.0 MB | 0.9/1.9 MB | 475/804 kB
Progress (5): 1.9/3.8 MB | 1.7/1.9 MB | 0.9/1.0 MB | 0.9/1.9 MB | 475/804 kB
Progress (5): 1.9/3.8 MB | 1.7/1.9 MB | 0.9/1.0 MB | 0.9/1.9 MB | 475/804 kB
Progress (5): 1.9/3.8 MB | 1.7/1.9 MB | 0.9/1.0 MB | 0.9/1.9 MB | 475/804 kB
Progress (5): 1.9/3.8 MB | 1.7/1.9 MB | 0.9/1.0 MB | 0.9/1.9 MB | 475/804 kB
Progress (5): 1.9/3.8 MB | 1.7/1.9 MB | 0.9/1.0 MB | 0.9/1.9 MB | 475/804 kB
Progress (5): 1.9/3.8 MB | 1.7/1.9 MB | 1.0/1.0 MB | 0.9/1.9 MB | 475/804 kB
Progress (5): 1.9/3.8 MB | 1.7/1.9 MB | 1.0/1.0 MB | 0.9/1.9 MB | 475/804 kB
Progress (5): 1.9/3.8 MB | 1.7/1.9 MB | 1.0/1.0 MB | 0.9/1.9 MB | 491/804 kB
Progress (5): 1.9/3.8 MB | 1.7/1.9 MB | 1.0/1.0 MB | 0.9/1.9 MB | 491/804 kB
Progress (5): 1.9/3.8 MB | 1.7/1.9 MB | 1.0/1.0 MB | 0.9/1.9 MB | 491/804 kB
Progress (5): 1.9/3.8 MB | 1.7/1.9 MB | 1.0/1.0 MB | 0.9/1.9 MB | 491/804 kB
Progress (5): 1.9/3.8 MB | 1.7/1.9 MB | 1.0/1.0 MB | 0.9/1.9 MB | 491/804 kB
Progress (5): 1.9/3.8 MB | 1.7/1.9 MB | 1.0/1.0 MB | 0.9/1.9 MB | 507/804 kB
Progress (5): 1.9/3.8 MB | 1.7/1.9 MB | 1.0/1.0 MB | 1.0/1.9 MB | 507/804 kB
Progress (5): 1.9/3.8 MB | 1.7/1.9 MB | 1.0/1.0 MB | 1.0/1.9 MB | 507/804 kB
Progress (5): 1.9/3.8 MB | 1.7/1.9 MB | 1.0/1.0 MB | 1.0/1.9 MB | 507/804 kB
Progress (5): 1.9/3.8 MB | 1.7/1.9 MB | 1.0/1.0 MB | 1.0/1.9 MB | 507/804 kB
Progress (5): 1.9/3.8 MB | 1.8/1.9 MB | 1.0/1.0 MB | 1.0/1.9 MB | 507/804 kB
Progress (5): 1.9/3.8 MB | 1.8/1.9 MB | 1.0/1.0 MB | 1.0/1.9 MB | 524/804 kB
Progress (5): 1.9/3.8 MB | 1.8/1.9 MB | 1.0/1.0 MB | 1.0/1.9 MB | 524/804 kB
Progress (5): 1.9/3.8 MB | 1.8/1.9 MB | 1.0/1.0 MB | 1.0/1.9 MB | 524/804 kB
Progress (5): 2.0/3.8 MB | 1.8/1.9 MB | 1.0/1.0 MB | 1.0/1.9 MB | 524/804 kB
Progress (5): 2.0/3.8 MB | 1.8/1.9 MB | 1.0/1.0 MB | 1.0/1.9 MB | 524/804 kB
Progress (5): 2.0/3.8 MB | 1.8/1.9 MB | 1.0/1.0 MB | 1.0/1.9 MB | 524/804 kB
Progress (5): 2.0/3.8 MB | 1.8/1.9 MB | 1.0 MB | 1.0/1.9 MB | 524/804 kB    
Progress (5): 2.0/3.8 MB | 1.8/1.9 MB | 1.0 MB | 1.0/1.9 MB | 524/804 kB
Progress (5): 2.0/3.8 MB | 1.8/1.9 MB | 1.0 MB | 1.0/1.9 MB | 540/804 kB
                                                                        
Downloaded from central: https://repo.maven.apache.org/maven2/org/springframework/spring-webmvc/6.1.8/spring-webmvc-6.1.8.jar (1.0 MB at 2.2 MB/s)
Downloading from central: https://repo.maven.apache.org/maven2/org/springframework/boot/spring-boot-starter-data-jpa/3.3.0/spring-boot-starter-data-jpa-3.3.0.jar
Progress (4): 2.0/3.8 MB | 1.8/1.9 MB | 1.0/1.9 MB | 557/804 kB
Progress (4): 2.0/3.8 MB | 1.8/1.9 MB | 1.0/1.9 MB | 573/804 kB
Progress (4): 2.0/3.8 MB | 1.8/1.9 MB | 1.0/1.9 MB | 573/804 kB
Progress (4): 2.0/3.8 MB | 1.8/1.9 MB | 1.0/1.9 MB | 573/804 kB
Progress (4): 2.0/3.8 MB | 1.8/1.9 MB | 1.0/1.9 MB | 573/804 kB
Progress (4): 2.0/3.8 MB | 1.8/1.9 MB | 1.0/1.9 MB | 589/804 kB
Progress (4): 2.0/3.8 MB | 1.8/1.9 MB | 1.0/1.9 MB | 589/804 kB
Progress (4): 2.0/3.8 MB | 1.8/1.9 MB | 1.0/1.9 MB | 589/804 kB
Progress (4): 2.0/3.8 MB | 1.8/1.9 MB | 1.0/1.9 MB | 589/804 kB
Progress (4): 2.0/3.8 MB | 1.8/1.9 MB | 1.0/1.9 MB | 589/804 kB
Progress (4): 2.0/3.8 MB | 1.8/1.9 MB | 1.0/1.9 MB | 589/804 kB
Progress (4): 2.0/3.8 MB | 1.8/1.9 MB | 1.0/1.9 MB | 589/804 kB
Progress (4): 2.0/3.8 MB | 1.8/1.9 MB | 1.0/1.9 MB | 606/804 kB
Progress (4): 2.0/3.8 MB | 1.8/1.9 MB | 1.0/1.9 MB | 606/804 kB
Progress (4): 2.0/3.8 MB | 1.8/1.9 MB | 1.1/1.9 MB | 606/804 kB
Progress (4): 2.0/3.8 MB | 1.9/1.9 MB | 1.1/1.9 MB | 606/804 kB
Progress (4): 2.0/3.8 MB | 1.9/1.9 MB | 1.1/1.9 MB | 622/804 kB
Progress (4): 2.0/3.8 MB | 1.9/1.9 MB | 1.1/1.9 MB | 622/804 kB
Progress (4): 2.0/3.8 MB | 1.9/1.9 MB | 1.1/1.9 MB | 622/804 kB
Progress (4): 2.0/3.8 MB | 1.9/1.9 MB | 1.1/1.9 MB | 639/804 kB
Progress (4): 2.0/3.8 MB | 1.9/1.9 MB | 1.1/1.9 MB | 639/804 kB
Progress (4): 2.0/3.8 MB | 1.9/1.9 MB | 1.1/1.9 MB | 639/804 kB
Progress (4): 2.0/3.8 MB | 1.9/1.9 MB | 1.1/1.9 MB | 639/804 kB
Progress (4): 2.0/3.8 MB | 1.9/1.9 MB | 1.1/1.9 MB | 655/804 kB
Progress (4): 2.0/3.8 MB | 1.9/1.9 MB | 1.1/1.9 MB | 655/804 kB
Progress (4): 2.1/3.8 MB | 1.9/1.9 MB | 1.1/1.9 MB | 655/804 kB
Progress (4): 2.1/3.8 MB | 1.9/1.9 MB | 1.1/1.9 MB | 655/804 kB
Progress (4): 2.1/3.8 MB | 1.9/1.9 MB | 1.1/1.9 MB | 655/804 kB
Progress (4): 2.1/3.8 MB | 1.9/1.9 MB | 1.1/1.9 MB | 671/804 kB
Progress (4): 2.1/3.8 MB | 1.9/1.9 MB | 1.1/1.9 MB | 688/804 kB
Progress (4): 2.1/3.8 MB | 1.9 MB | 1.1/1.9 MB | 688/804 kB    
Progress (4): 2.1/3.8 MB | 1.9 MB | 1.1/1.9 MB | 688/804 kB
                                                           
Downloaded from central: https://repo.maven.apache.org/maven2/org/springframework/spring-web/6.1.8/spring-web-6.1.8.jar (1.9 MB at 3.9 MB/s)
Downloading from central: https://repo.maven.apache.org/maven2/org/springframework/boot/spring-boot-starter-aop/3.3.0/spring-boot-starter-aop-3.3.0.jar
Progress (3): 2.1/3.8 MB | 1.2/1.9 MB | 688/804 kB
Progress (3): 2.1/3.8 MB | 1.2/1.9 MB | 688/804 kB
Progress (3): 2.1/3.8 MB | 1.2/1.9 MB | 704/804 kB
Progress (3): 2.1/3.8 MB | 1.2/1.9 MB | 704/804 kB
Progress (3): 2.1/3.8 MB | 1.2/1.9 MB | 704/804 kB
Progress (3): 2.1/3.8 MB | 1.2/1.9 MB | 720/804 kB
Progress (3): 2.1/3.8 MB | 1.2/1.9 MB | 720/804 kB
Progress (3): 2.1/3.8 MB | 1.2/1.9 MB | 737/804 kB
Progress (3): 2.1/3.8 MB | 1.2/1.9 MB | 737/804 kB
Progress (3): 2.1/3.8 MB | 1.2/1.9 MB | 737/804 kB
Progress (3): 2.1/3.8 MB | 1.2/1.9 MB | 737/804 kB
Progress (3): 2.1/3.8 MB | 1.2/1.9 MB | 737/804 kB
Progress (3): 2.1/3.8 MB | 1.2/1.9 MB | 753/804 kB
Progress (3): 2.1/3.8 MB | 1.2/1.9 MB | 753/804 kB
Progress (3): 2.2/3.8 MB | 1.2/1.9 MB | 753/804 kB
Progress (3): 2.2/3.8 MB | 1.2/1.9 MB | 770/804 kB
Progress (3): 2.2/3.8 MB | 1.2/1.9 MB | 786/804 kB
Progress (3): 2.2/3.8 MB | 1.2/1.9 MB | 786/804 kB
Progress (3): 2.2/3.8 MB | 1.2/1.9 MB | 786/804 kB
Progress (3): 2.2/3.8 MB | 1.2/1.9 MB | 802/804 kB
Progress (3): 2.2/3.8 MB | 1.2/1.9 MB | 804 kB    
Progress (3): 2.2/3.8 MB | 1.2/1.9 MB | 804 kB
Progress (3): 2.2/3.8 MB | 1.2/1.9 MB | 804 kB
                                              
Downloaded from central: https://repo.maven.apache.org/maven2/org/springframework/security/spring-security-web/6.3.0/spring-security-web-6.3.0.jar (804 kB at 1.6 MB/s)
Downloading from central: https://repo.maven.apache.org/maven2/org/aspectj/aspectjweaver/1.9.22/aspectjweaver-1.9.22.jar
Progress (2): 2.2/3.8 MB | 1.3/1.9 MB
Progress (2): 2.2/3.8 MB | 1.3/1.9 MB
Progress (2): 2.2/3.8 MB | 1.3/1.9 MB
Progress (2): 2.2/3.8 MB | 1.3/1.9 MB
Progress (2): 2.2/3.8 MB | 1.3/1.9 MB
Progress (2): 2.2/3.8 MB | 1.3/1.9 MB
Progress (2): 2.2/3.8 MB | 1.3/1.9 MB
Progress (2): 2.2/3.8 MB | 1.3/1.9 MB
Progress (2): 2.2/3.8 MB | 1.3/1.9 MB
Progress (2): 2.3/3.8 MB | 1.3/1.9 MB
Progress (2): 2.3/3.8 MB | 1.4/1.9 MB
Progress (3): 2.3/3.8 MB | 1.4/1.9 MB | 4.8 kB
Progress (3): 2.3/3.8 MB | 1.4/1.9 MB | 4.8 kB
                                              
Downloaded from central: https://repo.maven.apache.org/maven2/org/springframework/boot/spring-boot-starter-data-jpa/3.3.0/spring-boot-starter-data-jpa-3.3.0.jar (4.8 kB at 9.6 kB/s)
Downloading from central: https://repo.maven.apache.org/maven2/org/springframework/boot/spring-boot-starter-jdbc/3.3.0/spring-boot-starter-jdbc-3.3.0.jar
Progress (2): 2.3/3.8 MB | 1.4/1.9 MB
Progress (2): 2.3/3.8 MB | 1.4/1.9 MB
Progress (2): 2.3/3.8 MB | 1.4/1.9 MB
Progress (2): 2.3/3.8 MB | 1.4/1.9 MB
Progress (2): 2.3/3.8 MB | 1.4/1.9 MB
Progress (2): 2.3/3.8 MB | 1.4/1.9 MB
Progress (2): 2.3/3.8 MB | 1.4/1.9 MB
Progress (2): 2.3/3.8 MB | 1.4/1.9 MB
Progress (2): 2.3/3.8 MB | 1.4/1.9 MB
Progress (2): 2.3/3.8 MB | 1.5/1.9 MB
Progress (2): 2.3/3.8 MB | 1.5/1.9 MB
Progress (2): 2.4/3.8 MB | 1.5/1.9 MB
Progress (2): 2.4/3.8 MB | 1.5/1.9 MB
Progress (2): 2.4/3.8 MB | 1.5/1.9 MB
Progress (2): 2.4/3.8 MB | 1.5/1.9 MB
Progress (2): 2.4/3.8 MB | 1.5/1.9 MB
Progress (2): 2.4/3.8 MB | 1.5/1.9 MB
Progress (2): 2.4/3.8 MB | 1.5/1.9 MB
Progress (2): 2.4/3.8 MB | 1.5/1.9 MB
Progress (2): 2.4/3.8 MB | 1.5/1.9 MB
Progress (2): 2.4/3.8 MB | 1.6/1.9 MB
Progress (2): 2.4/3.8 MB | 1.6/1.9 MB
Progress (2): 2.4/3.8 MB | 1.6/1.9 MB
Progress (2): 2.4/3.8 MB | 1.6/1.9 MB
Progress (3): 2.4/3.8 MB | 1.6/1.9 MB | 4.8 kB
Progress (3): 2.5/3.8 MB | 1.6/1.9 MB | 4.8 kB
                                              
Downloaded from central: https://repo.maven.apache.org/maven2/org/springframework/boot/spring-boot-starter-aop/3.3.0/spring-boot-starter-aop-3.3.0.jar (4.8 kB at 9.3 kB/s)
Progress (2): 2.5/3.8 MB | 1.6/1.9 MB
                                     
Downloading from central: https://repo.maven.apache.org/maven2/com/zaxxer/HikariCP/5.1.0/HikariCP-5.1.0.jar
Progress (2): 2.5/3.8 MB | 1.6/1.9 MB
Progress (2): 2.5/3.8 MB | 1.6/1.9 MB
Progress (2): 2.5/3.8 MB | 1.6/1.9 MB
Progress (2): 2.5/3.8 MB | 1.7/1.9 MB
Progress (2): 2.5/3.8 MB | 1.7/1.9 MB
Progress (2): 2.5/3.8 MB | 1.7/1.9 MB
Progress (2): 2.5/3.8 MB | 1.7/1.9 MB
Progress (2): 2.5/3.8 MB | 1.7/1.9 MB
Progress (2): 2.5/3.8 MB | 1.7/1.9 MB
Progress (2): 2.5/3.8 MB | 1.7/1.9 MB
Progress (2): 2.6/3.8 MB | 1.7/1.9 MB
Progress (2): 2.6/3.8 MB | 1.7/1.9 MB
Progress (2): 2.6/3.8 MB | 1.7/1.9 MB
Progress (2): 2.6/3.8 MB | 1.7/1.9 MB
Progress (2): 2.6/3.8 MB | 1.7/1.9 MB
Progress (2): 2.6/3.8 MB | 1.7/1.9 MB
Progress (2): 2.6/3.8 MB | 1.8/1.9 MB
Progress (3): 2.6/3.8 MB | 1.8/1.9 MB | 4.8 kB
Progress (3): 2.6/3.8 MB | 1.8/1.9 MB | 4.8 kB
                                              
Downloaded from central: https://repo.maven.apache.org/maven2/org/springframework/boot/spring-boot-starter-jdbc/3.3.0/spring-boot-starter-jdbc-3.3.0.jar (4.8 kB at 9.1 kB/s)
Downloading from central: https://repo.maven.apache.org/maven2/org/springframework/spring-jdbc/6.1.8/spring-jdbc-6.1.8.jar
Progress (2): 2.6/3.8 MB | 1.8/1.9 MB
Progress (2): 2.6/3.8 MB | 1.8/1.9 MB
Progress (2): 2.6/3.8 MB | 1.8/1.9 MB
Progress (2): 2.6/3.8 MB | 1.8/1.9 MB
Progress (2): 2.6/3.8 MB | 1.8/1.9 MB
Progress (2): 2.7/3.8 MB | 1.8/1.9 MB
Progress (2): 2.7/3.8 MB | 1.8/1.9 MB
Progress (2): 2.7/3.8 MB | 1.8/1.9 MB
Progress (2): 2.7/3.8 MB | 1.8/1.9 MB
Progress (2): 2.7/3.8 MB | 1.8/1.9 MB
Progress (3): 2.7/3.8 MB | 1.8/1.9 MB | 0/2.2 MB
Progress (3): 2.7/3.8 MB | 1.8/1.9 MB | 0/2.2 MB
Progress (3): 2.7/3.8 MB | 1.8/1.9 MB | 0/2.2 MB
Progress (3): 2.7/3.8 MB | 1.8/1.9 MB | 0/2.2 MB
Progress (3): 2.7/3.8 MB | 1.9/1.9 MB | 0/2.2 MB
Progress (3): 2.7/3.8 MB | 1.9/1.9 MB | 0/2.2 MB
Progress (3): 2.7/3.8 MB | 1.9/1.9 MB | 0/2.2 MB
Progress (3): 2.7/3.8 MB | 1.9/1.9 MB | 0/2.2 MB
Progress (3): 2.8/3.8 MB | 1.9/1.9 MB | 0/2.2 MB
Progress (3): 2.8/3.8 MB | 1.9/1.9 MB | 0/2.2 MB
Progress (3): 2.8/3.8 MB | 1.9/1.9 MB | 0.1/2.2 MB
Progress (3): 2.8/3.8 MB | 1.9/1.9 MB | 0.1/2.2 MB
Progress (3): 2.8/3.8 MB | 1.9/1.9 MB | 0.1/2.2 MB
Progress (3): 2.8/3.8 MB | 1.9/1.9 MB | 0.1/2.2 MB
Progress (3): 2.8/3.8 MB | 1.9 MB | 0.1/2.2 MB    
Progress (3): 2.8/3.8 MB | 1.9 MB | 0.1/2.2 MB
                                              
Downloaded from central: https://repo.maven.apache.org/maven2/org/springframework/security/spring-security-config/6.3.0/spring-security-config-6.3.0.jar (1.9 MB at 3.6 MB/s)
Downloading from central: https://repo.maven.apache.org/maven2/org/hibernate/orm/hibernate-core/6.5.2.Final/hibernate-core-6.5.2.Final.jar
Progress (2): 2.8/3.8 MB | 0.1/2.2 MB
Progress (2): 2.8/3.8 MB | 0.1/2.2 MB
Progress (2): 2.8/3.8 MB | 0.1/2.2 MB
Progress (2): 2.8/3.8 MB | 0.1/2.2 MB
Progress (2): 2.8/3.8 MB | 0.1/2.2 MB
Progress (2): 2.8/3.8 MB | 0.2/2.2 MB
Progress (2): 2.8/3.8 MB | 0.2/2.2 MB
Progress (2): 2.8/3.8 MB | 0.2/2.2 MB
Progress (2): 2.8/3.8 MB | 0.2/2.2 MB
Progress (2): 2.8/3.8 MB | 0.2/2.2 MB
Progress (3): 2.8/3.8 MB | 0.2/2.2 MB | 7.7/162 kB
Progress (3): 2.8/3.8 MB | 0.2/2.2 MB | 12/162 kB 
Progress (3): 2.8/3.8 MB | 0.2/2.2 MB | 12/162 kB
Progress (3): 2.8/3.8 MB | 0.2/2.2 MB | 12/162 kB
Progress (3): 2.8/3.8 MB | 0.2/2.2 MB | 12/162 kB
Progress (3): 2.8/3.8 MB | 0.2/2.2 MB | 12/162 kB
Progress (3): 2.8/3.8 MB | 0.2/2.2 MB | 28/162 kB
Progress (3): 2.9/3.8 MB | 0.2/2.2 MB | 28/162 kB
Progress (3): 2.9/3.8 MB | 0.2/2.2 MB | 28/162 kB
Progress (3): 2.9/3.8 MB | 0.3/2.2 MB | 28/162 kB
Progress (3): 2.9/3.8 MB | 0.3/2.2 MB | 44/162 kB
Progress (4): 2.9/3.8 MB | 0.3/2.2 MB | 44/162 kB | 7.7/467 kB
Progress (4): 2.9/3.8 MB | 0.3/2.2 MB | 44/162 kB | 16/467 kB 
Progress (4): 2.9/3.8 MB | 0.3/2.2 MB | 44/162 kB | 16/467 kB
Progress (4): 2.9/3.8 MB | 0.3/2.2 MB | 44/162 kB | 32/467 kB
Progress (4): 2.9/3.8 MB | 0.3/2.2 MB | 44/162 kB | 32/467 kB
Progress (4): 2.9/3.8 MB | 0.3/2.2 MB | 61/162 kB | 32/467 kB
Progress (4): 2.9/3.8 MB | 0.3/2.2 MB | 77/162 kB | 32/467 kB
Progress (4): 2.9/3.8 MB | 0.3/2.2 MB | 77/162 kB | 32/467 kB
Progress (4): 2.9/3.8 MB | 0.3/2.2 MB | 77/162 kB | 32/467 kB
Progress (4): 2.9/3.8 MB | 0.3/2.2 MB | 77/162 kB | 32/467 kB
Progress (4): 2.9/3.8 MB | 0.3/2.2 MB | 77/162 kB | 49/467 kB
Progress (4): 2.9/3.8 MB | 0.3/2.2 MB | 93/162 kB | 49/467 kB
Progress (4): 2.9/3.8 MB | 0.3/2.2 MB | 93/162 kB | 49/467 kB
Progress (4): 2.9/3.8 MB | 0.3/2.2 MB | 93/162 kB | 49/467 kB
Progress (4): 2.9/3.8 MB | 0.3/2.2 MB | 93/162 kB | 65/467 kB
Progress (4): 2.9/3.8 MB | 0.3/2.2 MB | 110/162 kB | 65/467 kB
Progress (4): 2.9/3.8 MB | 0.3/2.2 MB | 110/162 kB | 81/467 kB
Progress (4): 2.9/3.8 MB | 0.3/2.2 MB | 110/162 kB | 81/467 kB
Progress (4): 2.9/3.8 MB | 0.3/2.2 MB | 110/162 kB | 81/467 kB
Progress (4): 2.9/3.8 MB | 0.3/2.2 MB | 126/162 kB | 81/467 kB
Progress (4): 2.9/3.8 MB | 0.3/2.2 MB | 126/162 kB | 81/467 kB
Progress (4): 2.9/3.8 MB | 0.3/2.2 MB | 126/162 kB | 98/467 kB
Progress (4): 2.9/3.8 MB | 0.4/2.2 MB | 126/162 kB | 98/467 kB
Progress (4): 2.9/3.8 MB | 0.4/2.2 MB | 143/162 kB | 98/467 kB
Progress (4): 3.0/3.8 MB | 0.4/2.2 MB | 143/162 kB | 98/467 kB
Progress (4): 3.0/3.8 MB | 0.4/2.2 MB | 159/162 kB | 98/467 kB
Progress (4): 3.0/3.8 MB | 0.4/2.2 MB | 162 kB | 98/467 kB    
Progress (4): 3.0/3.8 MB | 0.4/2.2 MB | 162 kB | 114/467 kB
Progress (4): 3.0/3.8 MB | 0.4/2.2 MB | 162 kB | 114/467 kB
                                                           
Downloaded from central: https://repo.maven.apache.org/maven2/com/zaxxer/HikariCP/5.1.0/HikariCP-5.1.0.jar (162 kB at 287 kB/s)
Downloading from central: https://repo.maven.apache.org/maven2/jakarta/persistence/jakarta.persistence-api/3.1.0/jakarta.persistence-api-3.1.0.jar
Progress (3): 3.0/3.8 MB | 0.4/2.2 MB | 114/467 kB
Progress (3): 3.0/3.8 MB | 0.4/2.2 MB | 114/467 kB
Progress (3): 3.0/3.8 MB | 0.4/2.2 MB | 131/467 kB
Progress (3): 3.0/3.8 MB | 0.4/2.2 MB | 131/467 kB
Progress (3): 3.0/3.8 MB | 0.4/2.2 MB | 131/467 kB
Progress (3): 3.0/3.8 MB | 0.4/2.2 MB | 131/467 kB
Progress (3): 3.0/3.8 MB | 0.4/2.2 MB | 131/467 kB
Progress (3): 3.0/3.8 MB | 0.4/2.2 MB | 147/467 kB
Progress (3): 3.0/3.8 MB | 0.4/2.2 MB | 147/467 kB
Progress (3): 3.0/3.8 MB | 0.4/2.2 MB | 147/467 kB
Progress (3): 3.1/3.8 MB | 0.4/2.2 MB | 147/467 kB
Progress (3): 3.1/3.8 MB | 0.4/2.2 MB | 147/467 kB
Progress (3): 3.1/3.8 MB | 0.4/2.2 MB | 147/467 kB
Progress (4): 3.1/3.8 MB | 0.4/2.2 MB | 147/467 kB | 0/12 MB
Progress (4): 3.1/3.8 MB | 0.5/2.2 MB | 147/467 kB | 0/12 MB
Progress (4): 3.1/3.8 MB | 0.5/2.2 MB | 147/467 kB | 0/12 MB
Progress (4): 3.1/3.8 MB | 0.5/2.2 MB | 163/467 kB | 0/12 MB
Progress (4): 3.1/3.8 MB | 0.5/2.2 MB | 163/467 kB | 0/12 MB
Progress (4): 3.1/3.8 MB | 0.5/2.2 MB | 163/467 kB | 0/12 MB
Progress (4): 3.1/3.8 MB | 0.5/2.2 MB | 180/467 kB | 0/12 MB
Progress (4): 3.1/3.8 MB | 0.5/2.2 MB | 196/467 kB | 0/12 MB
Progress (4): 3.1/3.8 MB | 0.5/2.2 MB | 196/467 kB | 0/12 MB
Progress (4): 3.1/3.8 MB | 0.5/2.2 MB | 196/467 kB | 0/12 MB
Progress (4): 3.1/3.8 MB | 0.5/2.2 MB | 196/467 kB | 0/12 MB
Progress (4): 3.1/3.8 MB | 0.5/2.2 MB | 196/467 kB | 0/12 MB
Progress (4): 3.1/3.8 MB | 0.5/2.2 MB | 196/467 kB | 0/12 MB
Progress (4): 3.1/3.8 MB | 0.5/2.2 MB | 196/467 kB | 0/12 MB
Progress (4): 3.1/3.8 MB | 0.5/2.2 MB | 196/467 kB | 0/12 MB
Progress (4): 3.1/3.8 MB | 0.5/2.2 MB | 196/467 kB | 0/12 MB
Progress (4): 3.1/3.8 MB | 0.5/2.2 MB | 196/467 kB | 0.1/12 MB
Progress (4): 3.1/3.8 MB | 0.5/2.2 MB | 196/467 kB | 0.1/12 MB
Progress (4): 3.1/3.8 MB | 0.5/2.2 MB | 213/467 kB | 0.1/12 MB
Progress (4): 3.1/3.8 MB | 0.5/2.2 MB | 213/467 kB | 0.1/12 MB
Progress (4): 3.1/3.8 MB | 0.5/2.2 MB | 213/467 kB | 0.1/12 MB
Progress (4): 3.2/3.8 MB | 0.5/2.2 MB | 213/467 kB | 0.1/12 MB
Progress (4): 3.2/3.8 MB | 0.5/2.2 MB | 229/467 kB | 0.1/12 MB
Progress (4): 3.2/3.8 MB | 0.5/2.2 MB | 229/467 kB | 0.1/12 MB
Progress (4): 3.2/3.8 MB | 0.5/2.2 MB | 229/467 kB | 0.1/12 MB
Progress (4): 3.2/3.8 MB | 0.5/2.2 MB | 245/467 kB | 0.1/12 MB
Progress (4): 3.2/3.8 MB | 0.6/2.2 MB | 245/467 kB | 0.1/12 MB
Progress (4): 3.2/3.8 MB | 0.6/2.2 MB | 245/467 kB | 0.1/12 MB
Progress (4): 3.2/3.8 MB | 0.6/2.2 MB | 245/467 kB | 0.1/12 MB
Progress (4): 3.2/3.8 MB | 0.6/2.2 MB | 245/467 kB | 0.1/12 MB
Progress (4): 3.2/3.8 MB | 0.6/2.2 MB | 245/467 kB | 0.1/12 MB
Progress (4): 3.2/3.8 MB | 0.6/2.2 MB | 262/467 kB | 0.1/12 MB
Progress (4): 3.2/3.8 MB | 0.6/2.2 MB | 262/467 kB | 0.1/12 MB
Progress (4): 3.2/3.8 MB | 0.6/2.2 MB | 262/467 kB | 0.1/12 MB
Progress (4): 3.2/3.8 MB | 0.6/2.2 MB | 262/467 kB | 0.1/12 MB
Progress (4): 3.2/3.8 MB | 0.6/2.2 MB | 262/467 kB | 0.1/12 MB
Progress (4): 3.2/3.8 MB | 0.6/2.2 MB | 262/467 kB | 0.1/12 MB
Progress (4): 3.2/3.8 MB | 0.6/2.2 MB | 278/467 kB | 0.1/12 MB
Progress (4): 3.2/3.8 MB | 0.6/2.2 MB | 294/467 kB | 0.1/12 MB
Progress (4): 3.2/3.8 MB | 0.6/2.2 MB | 294/467 kB | 0.1/12 MB
Progress (4): 3.2/3.8 MB | 0.6/2.2 MB | 294/467 kB | 0.1/12 MB
Progress (4): 3.2/3.8 MB | 0.6/2.2 MB | 294/467 kB | 0.1/12 MB
Progress (4): 3.2/3.8 MB | 0.6/2.2 MB | 294/467 kB | 0.1/12 MB
Progress (4): 3.3/3.8 MB | 0.6/2.2 MB | 294/467 kB | 0.1/12 MB
Progress (4): 3.3/3.8 MB | 0.7/2.2 MB | 294/467 kB | 0.1/12 MB
Progress (5): 3.3/3.8 MB | 0.7/2.2 MB | 294/467 kB | 0.1/12 MB | 7.7/165 kB
Progress (5): 3.3/3.8 MB | 0.7/2.2 MB | 294/467 kB | 0.1/12 MB | 16/165 kB 
Progress (5): 3.3/3.8 MB | 0.7/2.2 MB | 311/467 kB | 0.1/12 MB | 16/165 kB
Progress (5): 3.3/3.8 MB | 0.7/2.2 MB | 311/467 kB | 0.1/12 MB | 16/165 kB
Progress (5): 3.3/3.8 MB | 0.7/2.2 MB | 311/467 kB | 0.1/12 MB | 16/165 kB
Progress (5): 3.3/3.8 MB | 0.7/2.2 MB | 311/467 kB | 0.2/12 MB | 16/165 kB
Progress (5): 3.3/3.8 MB | 0.7/2.2 MB | 327/467 kB | 0.2/12 MB | 16/165 kB
Progress (5): 3.3/3.8 MB | 0.7/2.2 MB | 344/467 kB | 0.2/12 MB | 16/165 kB
Progress (5): 3.3/3.8 MB | 0.7/2.2 MB | 344/467 kB | 0.2/12 MB | 16/165 kB
Progress (5): 3.3/3.8 MB | 0.7/2.2 MB | 344/467 kB | 0.2/12 MB | 28/165 kB
Progress (5): 3.3/3.8 MB | 0.7/2.2 MB | 344/467 kB | 0.2/12 MB | 28/165 kB
Progress (5): 3.3/3.8 MB | 0.7/2.2 MB | 360/467 kB | 0.2/12 MB | 28/165 kB
Progress (5): 3.3/3.8 MB | 0.7/2.2 MB | 360/467 kB | 0.2/12 MB | 28/165 kB
Progress (5): 3.3/3.8 MB | 0.7/2.2 MB | 360/467 kB | 0.2/12 MB | 28/165 kB
Progress (5): 3.3/3.8 MB | 0.7/2.2 MB | 376/467 kB | 0.2/12 MB | 28/165 kB
Progress (5): 3.3/3.8 MB | 0.7/2.2 MB | 376/467 kB | 0.2/12 MB | 28/165 kB
Progress (5): 3.3/3.8 MB | 0.7/2.2 MB | 376/467 kB | 0.2/12 MB | 28/165 kB
Progress (5): 3.3/3.8 MB | 0.7/2.2 MB | 393/467 kB | 0.2/12 MB | 28/165 kB
Progress (5): 3.3/3.8 MB | 0.7/2.2 MB | 393/467 kB | 0.2/12 MB | 44/165 kB
Progress (5): 3.3/3.8 MB | 0.7/2.2 MB | 393/467 kB | 0.2/12 MB | 44/165 kB
Progress (5): 3.3/3.8 MB | 0.7/2.2 MB | 393/467 kB | 0.2/12 MB | 44/165 kB
Progress (5): 3.3/3.8 MB | 0.7/2.2 MB | 393/467 kB | 0.2/12 MB | 44/165 kB
Progress (5): 3.3/3.8 MB | 0.7/2.2 MB | 409/467 kB | 0.2/12 MB | 44/165 kB
Progress (5): 3.3/3.8 MB | 0.7/2.2 MB | 409/467 kB | 0.2/12 MB | 44/165 kB
Progress (5): 3.3/3.8 MB | 0.7/2.2 MB | 409/467 kB | 0.2/12 MB | 44/165 kB
Progress (5): 3.3/3.8 MB | 0.7/2.2 MB | 409/467 kB | 0.2/12 MB | 44/165 kB
Progress (5): 3.3/3.8 MB | 0.7/2.2 MB | 409/467 kB | 0.2/12 MB | 61/165 kB
Progress (5): 3.3/3.8 MB | 0.7/2.2 MB | 409/467 kB | 0.2/12 MB | 61/165 kB
Progress (5): 3.3/3.8 MB | 0.7/2.2 MB | 426/467 kB | 0.2/12 MB | 61/165 kB
Progress (5): 3.3/3.8 MB | 0.7/2.2 MB | 426/467 kB | 0.3/12 MB | 61/165 kB
Progress (5): 3.3/3.8 MB | 0.7/2.2 MB | 442/467 kB | 0.3/12 MB | 61/165 kB
Progress (5): 3.3/3.8 MB | 0.7/2.2 MB | 442/467 kB | 0.3/12 MB | 77/165 kB
Progress (5): 3.3/3.8 MB | 0.7/2.2 MB | 442/467 kB | 0.3/12 MB | 93/165 kB
Progress (5): 3.3/3.8 MB | 0.7/2.2 MB | 442/467 kB | 0.3/12 MB | 93/165 kB
Progress (5): 3.3/3.8 MB | 0.8/2.2 MB | 442/467 kB | 0.3/12 MB | 93/165 kB
Progress (5): 3.3/3.8 MB | 0.8/2.2 MB | 442/467 kB | 0.3/12 MB | 110/165 kB
Progress (5): 3.3/3.8 MB | 0.8/2.2 MB | 442/467 kB | 0.3/12 MB | 110/165 kB
Progress (5): 3.3/3.8 MB | 0.8/2.2 MB | 442/467 kB | 0.3/12 MB | 126/165 kB
Progress (5): 3.3/3.8 MB | 0.8/2.2 MB | 442/467 kB | 0.3/12 MB | 126/165 kB
Progress (5): 3.3/3.8 MB | 0.8/2.2 MB | 458/467 kB | 0.3/12 MB | 126/165 kB
Progress (5): 3.4/3.8 MB | 0.8/2.2 MB | 458/467 kB | 0.3/12 MB | 126/165 kB
Progress (5): 3.4/3.8 MB | 0.8/2.2 MB | 458/467 kB | 0.3/12 MB | 143/165 kB
Progress (5): 3.4/3.8 MB | 0.8/2.2 MB | 458/467 kB | 0.3/12 MB | 143/165 kB
Progress (5): 3.4/3.8 MB | 0.8/2.2 MB | 458/467 kB | 0.3/12 MB | 159/165 kB
Progress (5): 3.4/3.8 MB | 0.8/2.2 MB | 458/467 kB | 0.3/12 MB | 165 kB    
Progress (5): 3.4/3.8 MB | 0.8/2.2 MB | 458/467 kB | 0.3/12 MB | 165 kB
Progress (5): 3.4/3.8 MB | 0.8/2.2 MB | 467 kB | 0.3/12 MB | 165 kB    
Progress (5): 3.4/3.8 MB | 0.8/2.2 MB | 467 kB | 0.3/12 MB | 165 kB
                                                                   
Downloaded from central: https://repo.maven.apache.org/maven2/jakarta/persistence/jakarta.persistence-api/3.1.0/jakarta.persistence-api-3.1.0.jar (165 kB at 268 kB/s)
Downloading from central: https://repo.maven.apache.org/maven2/jakarta/transaction/jakarta.transaction-api/2.0.1/jakarta.transaction-api-2.0.1.jar
Progress (4): 3.4/3.8 MB | 0.8/2.2 MB | 467 kB | 0.3/12 MB
                                                          
Downloaded from central: https://repo.maven.apache.org/maven2/org/springframework/spring-jdbc/6.1.8/spring-jdbc-6.1.8.jar (467 kB at 759 kB/s)
Downloading from central: https://repo.maven.apache.org/maven2/org/jboss/logging/jboss-logging/3.5.3.Final/jboss-logging-3.5.3.Final.jar
Progress (3): 3.4/3.8 MB | 0.8/2.2 MB | 0.3/12 MB
Progress (3): 3.4/3.8 MB | 0.8/2.2 MB | 0.3/12 MB
Progress (3): 3.4/3.8 MB | 0.8/2.2 MB | 0.3/12 MB
Progress (3): 3.4/3.8 MB | 0.8/2.2 MB | 0.3/12 MB
Progress (3): 3.4/3.8 MB | 0.8/2.2 MB | 0.3/12 MB
Progress (3): 3.4/3.8 MB | 0.8/2.2 MB | 0.3/12 MB
Progress (3): 3.4/3.8 MB | 0.8/2.2 MB | 0.3/12 MB
Progress (3): 3.4/3.8 MB | 0.8/2.2 MB | 0.3/12 MB
Progress (3): 3.4/3.8 MB | 0.8/2.2 MB | 0.3/12 MB
Progress (3): 3.4/3.8 MB | 0.8/2.2 MB | 0.3/12 MB
Progress (3): 3.4/3.8 MB | 0.9/2.2 MB | 0.3/12 MB
Progress (3): 3.4/3.8 MB | 0.9/2.2 MB | 0.3/12 MB
Progress (3): 3.4/3.8 MB | 0.9/2.2 MB | 0.4/12 MB
Progress (3): 3.4/3.8 MB | 0.9/2.2 MB | 0.4/12 MB
Progress (3): 3.5/3.8 MB | 0.9/2.2 MB | 0.4/12 MB
Progress (3): 3.5/3.8 MB | 0.9/2.2 MB | 0.4/12 MB
Progress (3): 3.5/3.8 MB | 0.9/2.2 MB | 0.4/12 MB
Progress (3): 3.5/3.8 MB | 0.9/2.2 MB | 0.4/12 MB
Progress (3): 3.5/3.8 MB | 0.9/2.2 MB | 0.4/12 MB
Progress (3): 3.5/3.8 MB | 0.9/2.2 MB | 0.4/12 MB
Progress (3): 3.5/3.8 MB | 1.0/2.2 MB | 0.4/12 MB
Progress (3): 3.5/3.8 MB | 1.0/2.2 MB | 0.4/12 MB
Progress (3): 3.5/3.8 MB | 1.0/2.2 MB | 0.4/12 MB
Progress (3): 3.5/3.8 MB | 1.0/2.2 MB | 0.4/12 MB
Progress (3): 3.5/3.8 MB | 1.0/2.2 MB | 0.4/12 MB
Progress (3): 3.5/3.8 MB | 1.0/2.2 MB | 0.4/12 MB
Progress (3): 3.5/3.8 MB | 1.0/2.2 MB | 0.4/12 MB
Progress (3): 3.5/3.8 MB | 1.0/2.2 MB | 0.4/12 MB
Progress (3): 3.5/3.8 MB | 1.0/2.2 MB | 0.4/12 MB
Progress (3): 3.5/3.8 MB | 1.0/2.2 MB | 0.4/12 MB
Progress (3): 3.5/3.8 MB | 1.0/2.2 MB | 0.4/12 MB
Progress (3): 3.5/3.8 MB | 1.0/2.2 MB | 0.4/12 MB
Progress (3): 3.5/3.8 MB | 1.0/2.2 MB | 0.4/12 MB
Progress (3): 3.5/3.8 MB | 1.0/2.2 MB | 0.5/12 MB
Progress (3): 3.5/3.8 MB | 1.0/2.2 MB | 0.5/12 MB
Progress (3): 3.6/3.8 MB | 1.0/2.2 MB | 0.5/12 MB
Progress (3): 3.6/3.8 MB | 1.0/2.2 MB | 0.5/12 MB
Progress (3): 3.6/3.8 MB | 1.0/2.2 MB | 0.5/12 MB
Progress (3): 3.6/3.8 MB | 1.0/2.2 MB | 0.5/12 MB
Progress (3): 3.6/3.8 MB | 1.0/2.2 MB | 0.5/12 MB
Progress (3): 3.6/3.8 MB | 1.0/2.2 MB | 0.5/12 MB
Progress (3): 3.6/3.8 MB | 1.1/2.2 MB | 0.5/12 MB
Progress (3): 3.6/3.8 MB | 1.1/2.2 MB | 0.5/12 MB
Progress (3): 3.6/3.8 MB | 1.1/2.2 MB | 0.5/12 MB
Progress (3): 3.6/3.8 MB | 1.1/2.2 MB | 0.5/12 MB
Progress (3): 3.6/3.8 MB | 1.1/2.2 MB | 0.5/12 MB
Progress (3): 3.6/3.8 MB | 1.1/2.2 MB | 0.5/12 MB
Progress (3): 3.6/3.8 MB | 1.1/2.2 MB | 0.5/12 MB
Progress (3): 3.6/3.8 MB | 1.1/2.2 MB | 0.5/12 MB
Progress (3): 3.7/3.8 MB | 1.1/2.2 MB | 0.5/12 MB
Progress (3): 3.7/3.8 MB | 1.1/2.2 MB | 0.5/12 MB
Progress (4): 3.7/3.8 MB | 1.1/2.2 MB | 0.5/12 MB | 7.7/29 kB
Progress (4): 3.7/3.8 MB | 1.1/2.2 MB | 0.5/12 MB | 16/29 kB 
Progress (5): 3.7/3.8 MB | 1.1/2.2 MB | 0.5/12 MB | 16/29 kB | 7.7/59 kB
Progress (5): 3.7/3.8 MB | 1.1/2.2 MB | 0.5/12 MB | 16/29 kB | 7.7/59 kB
Progress (5): 3.7/3.8 MB | 1.1/2.2 MB | 0.5/12 MB | 16/29 kB | 16/59 kB 
Progress (5): 3.7/3.8 MB | 1.1/2.2 MB | 0.5/12 MB | 16/29 kB | 25/59 kB
Progress (5): 3.7/3.8 MB | 1.1/2.2 MB | 0.5/12 MB | 29 kB | 25/59 kB   
Progress (5): 3.7/3.8 MB | 1.1/2.2 MB | 0.6/12 MB | 29 kB | 25/59 kB
                                                                    
Downloaded from central: https://repo.maven.apache.org/maven2/jakarta/transaction/jakarta.transaction-api/2.0.1/jakarta.transaction-api-2.0.1.jar (29 kB at 44 kB/s)
Downloading from central: https://repo.maven.apache.org/maven2/org/hibernate/common/hibernate-commons-annotations/6.0.6.Final/hibernate-commons-annotations-6.0.6.Final.jar
Progress (4): 3.7/3.8 MB | 1.1/2.2 MB | 0.6/12 MB | 25/59 kB
Progress (4): 3.7/3.8 MB | 1.1/2.2 MB | 0.6/12 MB | 41/59 kB
Progress (4): 3.7/3.8 MB | 1.1/2.2 MB | 0.6/12 MB | 41/59 kB
Progress (4): 3.7/3.8 MB | 1.1/2.2 MB | 0.6/12 MB | 41/59 kB
Progress (4): 3.7/3.8 MB | 1.1/2.2 MB | 0.6/12 MB | 41/59 kB
Progress (4): 3.7/3.8 MB | 1.1/2.2 MB | 0.6/12 MB | 41/59 kB
Progress (4): 3.7/3.8 MB | 1.1/2.2 MB | 0.6/12 MB | 41/59 kB
Progress (4): 3.7/3.8 MB | 1.1/2.2 MB | 0.6/12 MB | 57/59 kB
Progress (4): 3.7/3.8 MB | 1.1/2.2 MB | 0.6/12 MB | 59 kB   
Progress (4): 3.7/3.8 MB | 1.1/2.2 MB | 0.6/12 MB | 59 kB
                                                         
Downloaded from central: https://repo.maven.apache.org/maven2/org/jboss/logging/jboss-logging/3.5.3.Final/jboss-logging-3.5.3.Final.jar (59 kB at 91 kB/s)
Downloading from central: https://repo.maven.apache.org/maven2/io/smallrye/jandex/3.1.2/jandex-3.1.2.jar
Progress (3): 3.7/3.8 MB | 1.2/2.2 MB | 0.6/12 MB
Progress (3): 3.7/3.8 MB | 1.2/2.2 MB | 0.6/12 MB
Progress (3): 3.7/3.8 MB | 1.2/2.2 MB | 0.6/12 MB
Progress (3): 3.7/3.8 MB | 1.2/2.2 MB | 0.6/12 MB
Progress (3): 3.7/3.8 MB | 1.2/2.2 MB | 0.6/12 MB
Progress (3): 3.7/3.8 MB | 1.2/2.2 MB | 0.6/12 MB
Progress (3): 3.7/3.8 MB | 1.2/2.2 MB | 0.6/12 MB
Progress (3): 3.7/3.8 MB | 1.2/2.2 MB | 0.6/12 MB
Progress (3): 3.7/3.8 MB | 1.2/2.2 MB | 0.6/12 MB
Progress (3): 3.7/3.8 MB | 1.2/2.2 MB | 0.6/12 MB
Progress (3): 3.7/3.8 MB | 1.2/2.2 MB | 0.7/12 MB
Progress (3): 3.7/3.8 MB | 1.2/2.2 MB | 0.7/12 MB
Progress (3): 3.8/3.8 MB | 1.2/2.2 MB | 0.7/12 MB
Progress (3): 3.8/3.8 MB | 1.2/2.2 MB | 0.7/12 MB
Progress (3): 3.8/3.8 MB | 1.2/2.2 MB | 0.7/12 MB
Progress (3): 3.8/3.8 MB | 1.2/2.2 MB | 0.7/12 MB
Progress (3): 3.8/3.8 MB | 1.2/2.2 MB | 0.7/12 MB
Progress (3): 3.8/3.8 MB | 1.2/2.2 MB | 0.7/12 MB
Progress (3): 3.8/3.8 MB | 1.2/2.2 MB | 0.7/12 MB
Progress (3): 3.8/3.8 MB | 1.2/2.2 MB | 0.7/12 MB
Progress (3): 3.8/3.8 MB | 1.2/2.2 MB | 0.7/12 MB
Progress (3): 3.8/3.8 MB | 1.3/2.2 MB | 0.7/12 MB
Progress (3): 3.8/3.8 MB | 1.3/2.2 MB | 0.7/12 MB
Progress (3): 3.8/3.8 MB | 1.3/2.2 MB | 0.7/12 MB
Progress (3): 3.8/3.8 MB | 1.3/2.2 MB | 0.7/12 MB
Progress (3): 3.8 MB | 1.3/2.2 MB | 0.7/12 MB    
Progress (3): 3.8 MB | 1.3/2.2 MB | 0.8/12 MB
Progress (3): 3.8 MB | 1.3/2.2 MB | 0.8/12 MB
                                             
Downloaded from central: https://repo.maven.apache.org/maven2/org/apache/tomcat/embed/tomcat-embed-core/10.1.24/tomcat-embed-core-10.1.24.jar (3.8 MB at 5.8 MB/s)
Downloading from central: https://repo.maven.apache.org/maven2/com/fasterxml/classmate/1.7.0/classmate-1.7.0.jar
Progress (2): 1.3/2.2 MB | 0.8/12 MB
Progress (2): 1.3/2.2 MB | 0.8/12 MB
Progress (2): 1.3/2.2 MB | 0.8/12 MB
Progress (2): 1.3/2.2 MB | 0.8/12 MB
Progress (2): 1.3/2.2 MB | 0.8/12 MB
Progress (2): 1.3/2.2 MB | 0.8/12 MB
Progress (2): 1.4/2.2 MB | 0.8/12 MB
Progress (2): 1.4/2.2 MB | 0.8/12 MB
Progress (2): 1.4/2.2 MB | 0.8/12 MB
Progress (2): 1.4/2.2 MB | 0.8/12 MB
Progress (3): 1.4/2.2 MB | 0.8/12 MB | 7.5/68 kB
Progress (3): 1.4/2.2 MB | 0.8/12 MB | 7.5/68 kB
Progress (3): 1.4/2.2 MB | 0.8/12 MB | 24/68 kB 
Progress (3): 1.4/2.2 MB | 0.8/12 MB | 24/68 kB
Progress (3): 1.4/2.2 MB | 0.8/12 MB | 24/68 kB
Progress (3): 1.4/2.2 MB | 0.8/12 MB | 24/68 kB
Progress (3): 1.4/2.2 MB | 0.8/12 MB | 40/68 kB
Progress (3): 1.4/2.2 MB | 0.8/12 MB | 57/68 kB
Progress (3): 1.4/2.2 MB | 0.8/12 MB | 68 kB   
Progress (3): 1.4/2.2 MB | 0.9/12 MB | 68 kB
                                            
Downloaded from central: https://repo.maven.apache.org/maven2/org/hibernate/common/hibernate-commons-annotations/6.0.6.Final/hibernate-commons-annotations-6.0.6.Final.jar (68 kB at 100 kB/s)
Downloading from central: https://repo.maven.apache.org/maven2/net/bytebuddy/byte-buddy/1.14.16/byte-buddy-1.14.16.jar
Progress (2): 1.4/2.2 MB | 0.9/12 MB
Progress (2): 1.4/2.2 MB | 0.9/12 MB
Progress (2): 1.4/2.2 MB | 0.9/12 MB
Progress (2): 1.5/2.2 MB | 0.9/12 MB
Progress (2): 1.5/2.2 MB | 0.9/12 MB
Progress (2): 1.5/2.2 MB | 0.9/12 MB
Progress (3): 1.5/2.2 MB | 0.9/12 MB | 7.7/327 kB
Progress (3): 1.5/2.2 MB | 0.9/12 MB | 16/327 kB 
Progress (3): 1.5/2.2 MB | 0.9/12 MB | 32/327 kB
Progress (3): 1.5/2.2 MB | 0.9/12 MB | 32/327 kB
Progress (3): 1.5/2.2 MB | 0.9/12 MB | 49/327 kB
Progress (3): 1.5/2.2 MB | 0.9/12 MB | 49/327 kB
Progress (3): 1.5/2.2 MB | 0.9/12 MB | 65/327 kB
Progress (3): 1.5/2.2 MB | 0.9/12 MB | 65/327 kB
Progress (3): 1.5/2.2 MB | 0.9/12 MB | 65/327 kB
Progress (3): 1.5/2.2 MB | 0.9/12 MB | 65/327 kB
Progress (3): 1.5/2.2 MB | 0.9/12 MB | 65/327 kB
Progress (3): 1.5/2.2 MB | 0.9/12 MB | 81/327 kB
Progress (3): 1.5/2.2 MB | 0.9/12 MB | 81/327 kB
Progress (3): 1.5/2.2 MB | 0.9/12 MB | 98/327 kB
Progress (3): 1.6/2.2 MB | 0.9/12 MB | 98/327 kB
Progress (3): 1.6/2.2 MB | 0.9/12 MB | 114/327 kB
Progress (3): 1.6/2.2 MB | 1.0/12 MB | 114/327 kB
Progress (3): 1.6/2.2 MB | 1.0/12 MB | 131/327 kB
Progress (3): 1.6/2.2 MB | 1.0/12 MB | 131/327 kB
Progress (3): 1.6/2.2 MB | 1.0/12 MB | 147/327 kB
Progress (3): 1.6/2.2 MB | 1.0/12 MB | 147/327 kB
Progress (3): 1.6/2.2 MB | 1.0/12 MB | 147/327 kB
Progress (3): 1.6/2.2 MB | 1.0/12 MB | 163/327 kB
Progress (3): 1.6/2.2 MB | 1.0/12 MB | 163/327 kB
Progress (4): 1.6/2.2 MB | 1.0/12 MB | 163/327 kB | 3.4/69 kB
Progress (4): 1.6/2.2 MB | 1.0/12 MB | 163/327 kB | 3.4/69 kB
Progress (4): 1.6/2.2 MB | 1.0/12 MB | 163/327 kB | 3.4/69 kB
Progress (4): 1.6/2.2 MB | 1.0/12 MB | 163/327 kB | 3.4/69 kB
Progress (4): 1.6/2.2 MB | 1.0/12 MB | 163/327 kB | 20/69 kB 
Progress (4): 1.6/2.2 MB | 1.0/12 MB | 163/327 kB | 20/69 kB
Progress (4): 1.6/2.2 MB | 1.0/12 MB | 163/327 kB | 36/69 kB
Progress (4): 1.6/2.2 MB | 1.0/12 MB | 163/327 kB | 36/69 kB
Progress (4): 1.6/2.2 MB | 1.0/12 MB | 163/327 kB | 53/69 kB
Progress (4): 1.6/2.2 MB | 1.0/12 MB | 180/327 kB | 53/69 kB
Progress (4): 1.6/2.2 MB | 1.0/12 MB | 180/327 kB | 61/69 kB
Progress (4): 1.6/2.2 MB | 1.0/12 MB | 180/327 kB | 61/69 kB
Progress (4): 1.6/2.2 MB | 1.0/12 MB | 180/327 kB | 69 kB   
                                                         
Downloaded from central: https://repo.maven.apache.org/maven2/com/fasterxml/classmate/1.7.0/classmate-1.7.0.jar (69 kB at 98 kB/s)
Progress (3): 1.7/2.2 MB | 1.0/12 MB | 180/327 kB
Progress (3): 1.7/2.2 MB | 1.0/12 MB | 180/327 kB
                                                 
Downloading from central: https://repo.maven.apache.org/maven2/org/glassfish/jaxb/jaxb-runtime/4.0.5/jaxb-runtime-4.0.5.jar
Progress (3): 1.7/2.2 MB | 1.0/12 MB | 196/327 kB
Progress (4): 1.7/2.2 MB | 1.0/12 MB | 196/327 kB | 0/4.2 MB
Progress (4): 1.7/2.2 MB | 1.0/12 MB | 196/327 kB | 0/4.2 MB
Progress (4): 1.7/2.2 MB | 1.1/12 MB | 196/327 kB | 0/4.2 MB
Progress (4): 1.7/2.2 MB | 1.1/12 MB | 196/327 kB | 0/4.2 MB
Progress (4): 1.7/2.2 MB | 1.1/12 MB | 196/327 kB | 0/4.2 MB
Progress (4): 1.7/2.2 MB | 1.1/12 MB | 213/327 kB | 0/4.2 MB
Progress (4): 1.7/2.2 MB | 1.1/12 MB | 213/327 kB | 0/4.2 MB
Progress (4): 1.7/2.2 MB | 1.1/12 MB | 229/327 kB | 0/4.2 MB
Progress (4): 1.7/2.2 MB | 1.1/12 MB | 229/327 kB | 0/4.2 MB
Progress (4): 1.7/2.2 MB | 1.1/12 MB | 229/327 kB | 0/4.2 MB
Progress (4): 1.7/2.2 MB | 1.1/12 MB | 229/327 kB | 0/4.2 MB
Progress (4): 1.7/2.2 MB | 1.1/12 MB | 229/327 kB | 0/4.2 MB
Progress (4): 1.7/2.2 MB | 1.1/12 MB | 229/327 kB | 0/4.2 MB
Progress (4): 1.7/2.2 MB | 1.1/12 MB | 229/327 kB | 0.1/4.2 MB
Progress (4): 1.7/2.2 MB | 1.1/12 MB | 229/327 kB | 0.1/4.2 MB
Progress (4): 1.7/2.2 MB | 1.1/12 MB | 245/327 kB | 0.1/4.2 MB
Progress (4): 1.7/2.2 MB | 1.1/12 MB | 245/327 kB | 0.1/4.2 MB
Progress (4): 1.7/2.2 MB | 1.1/12 MB | 262/327 kB | 0.1/4.2 MB
Progress (4): 1.7/2.2 MB | 1.1/12 MB | 262/327 kB | 0.1/4.2 MB
Progress (4): 1.7/2.2 MB | 1.1/12 MB | 278/327 kB | 0.1/4.2 MB
Progress (4): 1.7/2.2 MB | 1.1/12 MB | 278/327 kB | 0.1/4.2 MB
Progress (4): 1.7/2.2 MB | 1.2/12 MB | 278/327 kB | 0.1/4.2 MB
Progress (4): 1.7/2.2 MB | 1.2/12 MB | 294/327 kB | 0.1/4.2 MB
Progress (4): 1.7/2.2 MB | 1.2/12 MB | 311/327 kB | 0.1/4.2 MB
Progress (4): 1.7/2.2 MB | 1.2/12 MB | 327/327 kB | 0.1/4.2 MB
Progress (4): 1.7/2.2 MB | 1.2/12 MB | 327 kB | 0.1/4.2 MB    
Progress (4): 1.7/2.2 MB | 1.2/12 MB | 327 kB | 0.1/4.2 MB
                                                          
Downloaded from central: https://repo.maven.apache.org/maven2/io/smallrye/jandex/3.1.2/jandex-3.1.2.jar (327 kB at 459 kB/s)
Downloading from central: https://repo.maven.apache.org/maven2/org/glassfish/jaxb/jaxb-core/4.0.5/jaxb-core-4.0.5.jar
Progress (3): 1.7/2.2 MB | 1.2/12 MB | 0.1/4.2 MB
Progress (3): 1.7/2.2 MB | 1.2/12 MB | 0.1/4.2 MB
Progress (3): 1.7/2.2 MB | 1.2/12 MB | 0.1/4.2 MB
Progress (3): 1.7/2.2 MB | 1.2/12 MB | 0.1/4.2 MB
Progress (3): 1.7/2.2 MB | 1.2/12 MB | 0.1/4.2 MB
Progress (3): 1.8/2.2 MB | 1.2/12 MB | 0.1/4.2 MB
Progress (3): 1.8/2.2 MB | 1.2/12 MB | 0.1/4.2 MB
Progress (3): 1.8/2.2 MB | 1.2/12 MB | 0.2/4.2 MB
Progress (3): 1.8/2.2 MB | 1.2/12 MB | 0.2/4.2 MB
Progress (3): 1.8/2.2 MB | 1.2/12 MB | 0.2/4.2 MB
Progress (3): 1.8/2.2 MB | 1.2/12 MB | 0.2/4.2 MB
Progress (3): 1.8/2.2 MB | 1.2/12 MB | 0.2/4.2 MB
Progress (3): 1.8/2.2 MB | 1.2/12 MB | 0.2/4.2 MB
Progress (3): 1.8/2.2 MB | 1.2/12 MB | 0.2/4.2 MB
Progress (3): 1.8/2.2 MB | 1.2/12 MB | 0.2/4.2 MB
Progress (3): 1.8/2.2 MB | 1.3/12 MB | 0.2/4.2 MB
Progress (3): 1.8/2.2 MB | 1.3/12 MB | 0.2/4.2 MB
Progress (3): 1.8/2.2 MB | 1.3/12 MB | 0.2/4.2 MB
Progress (3): 1.8/2.2 MB | 1.3/12 MB | 0.2/4.2 MB
Progress (3): 1.8/2.2 MB | 1.3/12 MB | 0.2/4.2 MB
Progress (3): 1.8/2.2 MB | 1.3/12 MB | 0.2/4.2 MB
Progress (3): 1.8/2.2 MB | 1.3/12 MB | 0.2/4.2 MB
Progress (3): 1.8/2.2 MB | 1.3/12 MB | 0.2/4.2 MB
Progress (3): 1.8/2.2 MB | 1.3/12 MB | 0.2/4.2 MB
Progress (3): 1.8/2.2 MB | 1.3/12 MB | 0.2/4.2 MB
Progress (3): 1.8/2.2 MB | 1.3/12 MB | 0.3/4.2 MB
Progress (3): 1.8/2.2 MB | 1.3/12 MB | 0.3/4.2 MB
Progress (3): 1.8/2.2 MB | 1.3/12 MB | 0.3/4.2 MB
Progress (3): 1.9/2.2 MB | 1.3/12 MB | 0.3/4.2 MB
Progress (3): 1.9/2.2 MB | 1.3/12 MB | 0.3/4.2 MB
Progress (3): 1.9/2.2 MB | 1.3/12 MB | 0.3/4.2 MB
Progress (3): 1.9/2.2 MB | 1.3/12 MB | 0.3/4.2 MB
Progress (3): 1.9/2.2 MB | 1.3/12 MB | 0.3/4.2 MB
Progress (3): 1.9/2.2 MB | 1.3/12 MB | 0.3/4.2 MB
Progress (3): 1.9/2.2 MB | 1.3/12 MB | 0.3/4.2 MB
Progress (3): 1.9/2.2 MB | 1.4/12 MB | 0.3/4.2 MB
Progress (3): 1.9/2.2 MB | 1.4/12 MB | 0.3/4.2 MB
Progress (3): 1.9/2.2 MB | 1.4/12 MB | 0.3/4.2 MB
Progress (3): 1.9/2.2 MB | 1.4/12 MB | 0.3/4.2 MB
Progress (3): 1.9/2.2 MB | 1.4/12 MB | 0.3/4.2 MB
Progress (3): 1.9/2.2 MB | 1.4/12 MB | 0.3/4.2 MB
Progress (3): 1.9/2.2 MB | 1.4/12 MB | 0.3/4.2 MB
Progress (3): 1.9/2.2 MB | 1.4/12 MB | 0.3/4.2 MB
Progress (3): 1.9/2.2 MB | 1.4/12 MB | 0.3/4.2 MB
Progress (3): 1.9/2.2 MB | 1.4/12 MB | 0.4/4.2 MB
Progress (3): 2.0/2.2 MB | 1.4/12 MB | 0.4/4.2 MB
Progress (3): 2.0/2.2 MB | 1.4/12 MB | 0.4/4.2 MB
Progress (3): 2.0/2.2 MB | 1.4/12 MB | 0.4/4.2 MB
Progress (3): 2.0/2.2 MB | 1.4/12 MB | 0.4/4.2 MB
Progress (3): 2.0/2.2 MB | 1.4/12 MB | 0.4/4.2 MB
Progress (3): 2.0/2.2 MB | 1.5/12 MB | 0.4/4.2 MB
Progress (3): 2.0/2.2 MB | 1.5/12 MB | 0.4/4.2 MB
Progress (3): 2.0/2.2 MB | 1.5/12 MB | 0.4/4.2 MB
Progress (3): 2.0/2.2 MB | 1.5/12 MB | 0.4/4.2 MB
Progress (3): 2.0/2.2 MB | 1.5/12 MB | 0.4/4.2 MB
Progress (3): 2.0/2.2 MB | 1.5/12 MB | 0.4/4.2 MB
Progress (3): 2.0/2.2 MB | 1.5/12 MB | 0.4/4.2 MB
Progress (3): 2.0/2.2 MB | 1.5/12 MB | 0.4/4.2 MB
Progress (3): 2.0/2.2 MB | 1.5/12 MB | 0.4/4.2 MB
Progress (3): 2.0/2.2 MB | 1.5/12 MB | 0.4/4.2 MB
Progress (3): 2.0/2.2 MB | 1.5/12 MB | 0.4/4.2 MB
Progress (3): 2.0/2.2 MB | 1.5/12 MB | 0.4/4.2 MB
Progress (3): 2.0/2.2 MB | 1.5/12 MB | 0.4/4.2 MB
Progress (3): 2.0/2.2 MB | 1.5/12 MB | 0.4/4.2 MB
Progress (3): 2.0/2.2 MB | 1.5/12 MB | 0.4/4.2 MB
Progress (3): 2.1/2.2 MB | 1.5/12 MB | 0.4/4.2 MB
Progress (3): 2.1/2.2 MB | 1.6/12 MB | 0.4/4.2 MB
Progress (4): 2.1/2.2 MB | 1.6/12 MB | 0.4/4.2 MB | 7.7/920 kB
Progress (4): 2.1/2.2 MB | 1.6/12 MB | 0.4/4.2 MB | 16/920 kB 
Progress (4): 2.1/2.2 MB | 1.6/12 MB | 0.4/4.2 MB | 16/920 kB
Progress (4): 2.1/2.2 MB | 1.6/12 MB | 0.4/4.2 MB | 16/920 kB
Progress (4): 2.1/2.2 MB | 1.6/12 MB | 0.4/4.2 MB | 32/920 kB
Progress (4): 2.1/2.2 MB | 1.6/12 MB | 0.5/4.2 MB | 32/920 kB
Progress (4): 2.1/2.2 MB | 1.6/12 MB | 0.5/4.2 MB | 32/920 kB
Progress (4): 2.1/2.2 MB | 1.6/12 MB | 0.5/4.2 MB | 32/920 kB
Progress (4): 2.1/2.2 MB | 1.6/12 MB | 0.5/4.2 MB | 32/920 kB
Progress (4): 2.1/2.2 MB | 1.6/12 MB | 0.5/4.2 MB | 32/920 kB
Progress (4): 2.1/2.2 MB | 1.6/12 MB | 0.5/4.2 MB | 49/920 kB
Progress (4): 2.1/2.2 MB | 1.6/12 MB | 0.5/4.2 MB | 49/920 kB
Progress (4): 2.1/2.2 MB | 1.6/12 MB | 0.5/4.2 MB | 65/920 kB
Progress (4): 2.1/2.2 MB | 1.6/12 MB | 0.5/4.2 MB | 65/920 kB
Progress (4): 2.1/2.2 MB | 1.6/12 MB | 0.5/4.2 MB | 65/920 kB
Progress (4): 2.1/2.2 MB | 1.6/12 MB | 0.5/4.2 MB | 65/920 kB
Progress (4): 2.1/2.2 MB | 1.6/12 MB | 0.5/4.2 MB | 65/920 kB
Progress (4): 2.2/2.2 MB | 1.6/12 MB | 0.5/4.2 MB | 65/920 kB
Progress (4): 2.2/2.2 MB | 1.6/12 MB | 0.5/4.2 MB | 65/920 kB
Progress (4): 2.2 MB | 1.6/12 MB | 0.5/4.2 MB | 65/920 kB    
Progress (4): 2.2 MB | 1.6/12 MB | 0.5/4.2 MB | 81/920 kB
Progress (4): 2.2 MB | 1.6/12 MB | 0.5/4.2 MB | 81/920 kB
                                                         
Downloaded from central: https://repo.maven.apache.org/maven2/org/aspectj/aspectjweaver/1.9.22/aspectjweaver-1.9.22.jar (2.2 MB at 2.9 MB/s)
Downloading from central: https://repo.maven.apache.org/maven2/org/eclipse/angus/angus-activation/2.0.2/angus-activation-2.0.2.jar
Progress (3): 1.6/12 MB | 0.5/4.2 MB | 81/920 kB
Progress (4): 1.6/12 MB | 0.5/4.2 MB | 81/920 kB | 7.7/139 kB
Progress (4): 1.6/12 MB | 0.5/4.2 MB | 81/920 kB | 16/139 kB 
Progress (4): 1.7/12 MB | 0.5/4.2 MB | 81/920 kB | 16/139 kB
Progress (4): 1.7/12 MB | 0.5/4.2 MB | 81/920 kB | 16/139 kB
Progress (4): 1.7/12 MB | 0.5/4.2 MB | 98/920 kB | 16/139 kB
Progress (4): 1.7/12 MB | 0.5/4.2 MB | 98/920 kB | 16/139 kB
Progress (4): 1.7/12 MB | 0.5/4.2 MB | 98/920 kB | 32/139 kB
Progress (4): 1.7/12 MB | 0.5/4.2 MB | 98/920 kB | 32/139 kB
Progress (4): 1.7/12 MB | 0.5/4.2 MB | 114/920 kB | 32/139 kB
Progress (4): 1.7/12 MB | 0.5/4.2 MB | 114/920 kB | 32/139 kB
Progress (4): 1.7/12 MB | 0.5/4.2 MB | 131/920 kB | 32/139 kB
Progress (4): 1.7/12 MB | 0.5/4.2 MB | 131/920 kB | 32/139 kB
Progress (4): 1.7/12 MB | 0.5/4.2 MB | 131/920 kB | 49/139 kB
Progress (4): 1.7/12 MB | 0.5/4.2 MB | 131/920 kB | 65/139 kB
Progress (4): 1.7/12 MB | 0.5/4.2 MB | 131/920 kB | 65/139 kB
Progress (4): 1.7/12 MB | 0.6/4.2 MB | 131/920 kB | 65/139 kB
Progress (4): 1.7/12 MB | 0.6/4.2 MB | 131/920 kB | 65/139 kB
Progress (4): 1.7/12 MB | 0.6/4.2 MB | 131/920 kB | 65/139 kB
Progress (4): 1.7/12 MB | 0.6/4.2 MB | 131/920 kB | 81/139 kB
Progress (4): 1.7/12 MB | 0.6/4.2 MB | 147/920 kB | 81/139 kB
Progress (4): 1.7/12 MB | 0.6/4.2 MB | 147/920 kB | 81/139 kB
Progress (4): 1.8/12 MB | 0.6/4.2 MB | 147/920 kB | 81/139 kB
Progress (4): 1.8/12 MB | 0.6/4.2 MB | 147/920 kB | 98/139 kB
Progress (4): 1.8/12 MB | 0.6/4.2 MB | 163/920 kB | 98/139 kB
Progress (4): 1.8/12 MB | 0.6/4.2 MB | 163/920 kB | 98/139 kB
Progress (4): 1.8/12 MB | 0.6/4.2 MB | 163/920 kB | 98/139 kB
Progress (4): 1.8/12 MB | 0.6/4.2 MB | 180/920 kB | 98/139 kB
Progress (4): 1.8/12 MB | 0.6/4.2 MB | 180/920 kB | 98/139 kB
Progress (4): 1.8/12 MB | 0.6/4.2 MB | 180/920 kB | 98/139 kB
Progress (4): 1.8/12 MB | 0.6/4.2 MB | 180/920 kB | 98/139 kB
Progress (4): 1.8/12 MB | 0.6/4.2 MB | 180/920 kB | 114/139 kB
Progress (4): 1.8/12 MB | 0.6/4.2 MB | 196/920 kB | 114/139 kB
Progress (4): 1.8/12 MB | 0.7/4.2 MB | 196/920 kB | 114/139 kB
Progress (4): 1.8/12 MB | 0.7/4.2 MB | 196/920 kB | 131/139 kB
Progress (4): 1.8/12 MB | 0.7/4.2 MB | 196/920 kB | 131/139 kB
Progress (4): 1.8/12 MB | 0.7/4.2 MB | 196/920 kB | 139 kB    
Progress (4): 1.8/12 MB | 0.7/4.2 MB | 196/920 kB | 139 kB
                                                          
Downloaded from central: https://repo.maven.apache.org/maven2/org/glassfish/jaxb/jaxb-core/4.0.5/jaxb-core-4.0.5.jar (139 kB at 179 kB/s)
Downloading from central: https://repo.maven.apache.org/maven2/org/glassfish/jaxb/txw2/4.0.5/txw2-4.0.5.jar
Progress (3): 1.8/12 MB | 0.7/4.2 MB | 196/920 kB
Progress (3): 1.8/12 MB | 0.7/4.2 MB | 196/920 kB
Progress (3): 1.8/12 MB | 0.7/4.2 MB | 213/920 kB
Progress (3): 1.8/12 MB | 0.7/4.2 MB | 229/920 kB
Progress (3): 1.8/12 MB | 0.7/4.2 MB | 229/920 kB
Progress (3): 1.8/12 MB | 0.7/4.2 MB | 229/920 kB
Progress (3): 1.8/12 MB | 0.7/4.2 MB | 245/920 kB
Progress (3): 1.8/12 MB | 0.7/4.2 MB | 245/920 kB
Progress (3): 1.8/12 MB | 0.7/4.2 MB | 262/920 kB
Progress (3): 1.9/12 MB | 0.7/4.2 MB | 262/920 kB
Progress (3): 1.9/12 MB | 0.7/4.2 MB | 262/920 kB
Progress (3): 1.9/12 MB | 0.7/4.2 MB | 262/920 kB
Progress (3): 1.9/12 MB | 0.7/4.2 MB | 278/920 kB
Progress (3): 1.9/12 MB | 0.8/4.2 MB | 278/920 kB
Progress (3): 1.9/12 MB | 0.8/4.2 MB | 294/920 kB
Progress (3): 1.9/12 MB | 0.8/4.2 MB | 294/920 kB
Progress (3): 1.9/12 MB | 0.8/4.2 MB | 294/920 kB
Progress (3): 1.9/12 MB | 0.8/4.2 MB | 294/920 kB
Progress (3): 1.9/12 MB | 0.8/4.2 MB | 311/920 kB
Progress (3): 1.9/12 MB | 0.8/4.2 MB | 311/920 kB
Progress (3): 1.9/12 MB | 0.8/4.2 MB | 311/920 kB
Progress (3): 1.9/12 MB | 0.8/4.2 MB | 311/920 kB
Progress (3): 1.9/12 MB | 0.8/4.2 MB | 327/920 kB
Progress (3): 1.9/12 MB | 0.8/4.2 MB | 327/920 kB
Progress (3): 1.9/12 MB | 0.8/4.2 MB | 327/920 kB
Progress (3): 2.0/12 MB | 0.8/4.2 MB | 327/920 kB
Progress (3): 2.0/12 MB | 0.8/4.2 MB | 344/920 kB
Progress (3): 2.0/12 MB | 0.8/4.2 MB | 344/920 kB
Progress (3): 2.0/12 MB | 0.8/4.2 MB | 344/920 kB
Progress (3): 2.0/12 MB | 0.8/4.2 MB | 360/920 kB
Progress (3): 2.0/12 MB | 0.8/4.2 MB | 360/920 kB
Progress (3): 2.0/12 MB | 0.8/4.2 MB | 360/920 kB
Progress (3): 2.0/12 MB | 0.8/4.2 MB | 376/920 kB
Progress (3): 2.0/12 MB | 0.8/4.2 MB | 376/920 kB
Progress (3): 2.0/12 MB | 0.9/4.2 MB | 376/920 kB
Progress (4): 2.0/12 MB | 0.9/4.2 MB | 376/920 kB | 7.7/27 kB
Progress (4): 2.0/12 MB | 0.9/4.2 MB | 376/920 kB | 7.7/27 kB
Progress (4): 2.0/12 MB | 0.9/4.2 MB | 376/920 kB | 16/27 kB 
Progress (4): 2.0/12 MB | 0.9/4.2 MB | 376/920 kB | 16/27 kB
Progress (4): 2.0/12 MB | 0.9/4.2 MB | 376/920 kB | 27 kB   
                                                         
Downloaded from central: https://repo.maven.apache.org/maven2/org/eclipse/angus/angus-activation/2.0.2/angus-activation-2.0.2.jar (27 kB at 34 kB/s)
Downloading from central: https://repo.maven.apache.org/maven2/com/sun/istack/istack-commons-runtime/4.1.2/istack-commons-runtime-4.1.2.jar
Progress (3): 2.0/12 MB | 0.9/4.2 MB | 393/920 kB
Progress (3): 2.0/12 MB | 0.9/4.2 MB | 393/920 kB
Progress (3): 2.0/12 MB | 0.9/4.2 MB | 393/920 kB
Progress (3): 2.0/12 MB | 0.9/4.2 MB | 393/920 kB
Progress (3): 2.0/12 MB | 0.9/4.2 MB | 409/920 kB
Progress (3): 2.0/12 MB | 0.9/4.2 MB | 409/920 kB
Progress (3): 2.0/12 MB | 0.9/4.2 MB | 426/920 kB
Progress (3): 2.0/12 MB | 0.9/4.2 MB | 426/920 kB
Progress (3): 2.0/12 MB | 1.0/4.2 MB | 426/920 kB
Progress (3): 2.1/12 MB | 1.0/4.2 MB | 426/920 kB
Progress (3): 2.1/12 MB | 1.0/4.2 MB | 426/920 kB
Progress (3): 2.1/12 MB | 1.0/4.2 MB | 442/920 kB
Progress (3): 2.1/12 MB | 1.0/4.2 MB | 458/920 kB
Progress (3): 2.1/12 MB | 1.0/4.2 MB | 458/920 kB
Progress (3): 2.1/12 MB | 1.0/4.2 MB | 458/920 kB
Progress (3): 2.1/12 MB | 1.0/4.2 MB | 475/920 kB
Progress (3): 2.1/12 MB | 1.0/4.2 MB | 475/920 kB
Progress (3): 2.1/12 MB | 1.0/4.2 MB | 475/920 kB
Progress (3): 2.1/12 MB | 1.0/4.2 MB | 475/920 kB
Progress (3): 2.1/12 MB | 1.0/4.2 MB | 475/920 kB
Progress (3): 2.1/12 MB | 1.0/4.2 MB | 475/920 kB
Progress (3): 2.1/12 MB | 1.0/4.2 MB | 491/920 kB
Progress (3): 2.1/12 MB | 1.0/4.2 MB | 491/920 kB
Progress (3): 2.1/12 MB | 1.0/4.2 MB | 491/920 kB
Progress (3): 2.1/12 MB | 1.0/4.2 MB | 507/920 kB
Progress (3): 2.2/12 MB | 1.0/4.2 MB | 507/920 kB
Progress (4): 2.2/12 MB | 1.0/4.2 MB | 507/920 kB | 7.7/73 kB
Progress (4): 2.2/12 MB | 1.0/4.2 MB | 507/920 kB | 16/73 kB 
Progress (4): 2.2/12 MB | 1.0/4.2 MB | 507/920 kB | 32/73 kB
Progress (4): 2.2/12 MB | 1.0/4.2 MB | 524/920 kB | 32/73 kB
Progress (4): 2.2/12 MB | 1.0/4.2 MB | 524/920 kB | 32/73 kB
Progress (4): 2.2/12 MB | 1.0/4.2 MB | 524/920 kB | 32/73 kB
Progress (4): 2.2/12 MB | 1.0/4.2 MB | 524/920 kB | 32/73 kB
Progress (4): 2.2/12 MB | 1.0/4.2 MB | 540/920 kB | 32/73 kB
Progress (4): 2.2/12 MB | 1.1/4.2 MB | 540/920 kB | 32/73 kB
Progress (4): 2.2/12 MB | 1.1/4.2 MB | 557/920 kB | 32/73 kB
Progress (4): 2.2/12 MB | 1.1/4.2 MB | 557/920 kB | 49/73 kB
Progress (4): 2.2/12 MB | 1.1/4.2 MB | 557/920 kB | 65/73 kB
Progress (4): 2.2/12 MB | 1.1/4.2 MB | 557/920 kB | 65/73 kB
Progress (4): 2.2/12 MB | 1.1/4.2 MB | 557/920 kB | 73 kB   
Progress (4): 2.2/12 MB | 1.1/4.2 MB | 573/920 kB | 73 kB
                                                         
Downloaded from central: https://repo.maven.apache.org/maven2/org/glassfish/jaxb/txw2/4.0.5/txw2-4.0.5.jar (73 kB at 90 kB/s)
Downloading from central: https://repo.maven.apache.org/maven2/jakarta/inject/jakarta.inject-api/2.0.1/jakarta.inject-api-2.0.1.jar
Progress (3): 2.2/12 MB | 1.1/4.2 MB | 589/920 kB
Progress (3): 2.2/12 MB | 1.1/4.2 MB | 589/920 kB
Progress (3): 2.2/12 MB | 1.1/4.2 MB | 589/920 kB
Progress (3): 2.2/12 MB | 1.1/4.2 MB | 589/920 kB
Progress (3): 2.2/12 MB | 1.1/4.2 MB | 606/920 kB
Progress (3): 2.2/12 MB | 1.1/4.2 MB | 606/920 kB
Progress (3): 2.2/12 MB | 1.1/4.2 MB | 622/920 kB
Progress (3): 2.2/12 MB | 1.1/4.2 MB | 622/920 kB
Progress (3): 2.3/12 MB | 1.1/4.2 MB | 622/920 kB
Progress (3): 2.3/12 MB | 1.1/4.2 MB | 639/920 kB
Progress (3): 2.3/12 MB | 1.1/4.2 MB | 639/920 kB
Progress (3): 2.3/12 MB | 1.1/4.2 MB | 655/920 kB
Progress (3): 2.3/12 MB | 1.1/4.2 MB | 655/920 kB
Progress (3): 2.3/12 MB | 1.1/4.2 MB | 655/920 kB
Progress (3): 2.3/12 MB | 1.1/4.2 MB | 655/920 kB
Progress (3): 2.3/12 MB | 1.1/4.2 MB | 655/920 kB
Progress (3): 2.3/12 MB | 1.1/4.2 MB | 655/920 kB
Progress (3): 2.3/12 MB | 1.2/4.2 MB | 655/920 kB
Progress (3): 2.3/12 MB | 1.2/4.2 MB | 671/920 kB
Progress (3): 2.3/12 MB | 1.2/4.2 MB | 671/920 kB
Progress (3): 2.3/12 MB | 1.2/4.2 MB | 671/920 kB
Progress (3): 2.3/12 MB | 1.2/4.2 MB | 688/920 kB
Progress (3): 2.3/12 MB | 1.2/4.2 MB | 704/920 kB
Progress (3): 2.3/12 MB | 1.2/4.2 MB | 720/920 kB
Progress (3): 2.4/12 MB | 1.2/4.2 MB | 720/920 kB
Progress (3): 2.4/12 MB | 1.2/4.2 MB | 720/920 kB
Progress (3): 2.4/12 MB | 1.2/4.2 MB | 720/920 kB
Progress (3): 2.4/12 MB | 1.2/4.2 MB | 720/920 kB
Progress (3): 2.4/12 MB | 1.2/4.2 MB | 737/920 kB
Progress (3): 2.4/12 MB | 1.2/4.2 MB | 737/920 kB
Progress (3): 2.4/12 MB | 1.2/4.2 MB | 737/920 kB
Progress (3): 2.4/12 MB | 1.2/4.2 MB | 753/920 kB
Progress (3): 2.4/12 MB | 1.2/4.2 MB | 753/920 kB
Progress (3): 2.4/12 MB | 1.2/4.2 MB | 753/920 kB
Progress (3): 2.4/12 MB | 1.2/4.2 MB | 770/920 kB
Progress (3): 2.4/12 MB | 1.2/4.2 MB | 770/920 kB
Progress (3): 2.4/12 MB | 1.3/4.2 MB | 770/920 kB
Progress (3): 2.4/12 MB | 1.3/4.2 MB | 770/920 kB
Progress (3): 2.4/12 MB | 1.3/4.2 MB | 786/920 kB
Progress (3): 2.4/12 MB | 1.3/4.2 MB | 786/920 kB
Progress (3): 2.4/12 MB | 1.3/4.2 MB | 786/920 kB
Progress (3): 2.4/12 MB | 1.3/4.2 MB | 802/920 kB
Progress (3): 2.4/12 MB | 1.3/4.2 MB | 819/920 kB
Progress (3): 2.4/12 MB | 1.3/4.2 MB | 835/920 kB
Progress (3): 2.4/12 MB | 1.3/4.2 MB | 851/920 kB
Progress (4): 2.4/12 MB | 1.3/4.2 MB | 851/920 kB | 7.7/26 kB
Progress (4): 2.4/12 MB | 1.3/4.2 MB | 851/920 kB | 7.7/26 kB
Progress (4): 2.4/12 MB | 1.3/4.2 MB | 851/920 kB | 12/26 kB 
Progress (4): 2.5/12 MB | 1.3/4.2 MB | 851/920 kB | 12/26 kB
Progress (4): 2.5/12 MB | 1.3/4.2 MB | 851/920 kB | 12/26 kB
Progress (4): 2.5/12 MB | 1.3/4.2 MB | 868/920 kB | 12/26 kB
Progress (4): 2.5/12 MB | 1.3/4.2 MB | 868/920 kB | 26 kB   
Progress (4): 2.5/12 MB | 1.3/4.2 MB | 884/920 kB | 26 kB
                                                         
Downloaded from central: https://repo.maven.apache.org/maven2/com/sun/istack/istack-commons-runtime/4.1.2/istack-commons-runtime-4.1.2.jar (26 kB at 31 kB/s)
Downloading from central: https://repo.maven.apache.org/maven2/org/antlr/antlr4-runtime/4.13.0/antlr4-runtime-4.13.0.jar
Progress (3): 2.5/12 MB | 1.3/4.2 MB | 884/920 kB
Progress (3): 2.5/12 MB | 1.3/4.2 MB | 901/920 kB
Progress (3): 2.5/12 MB | 1.3/4.2 MB | 901/920 kB
Progress (3): 2.5/12 MB | 1.3/4.2 MB | 917/920 kB
Progress (3): 2.5/12 MB | 1.3/4.2 MB | 917/920 kB
Progress (3): 2.5/12 MB | 1.3/4.2 MB | 920 kB    
                                             
Downloaded from central: https://repo.maven.apache.org/maven2/org/glassfish/jaxb/jaxb-runtime/4.0.5/jaxb-runtime-4.0.5.jar (920 kB at 1.1 MB/s)
Progress (2): 2.5/12 MB | 1.3/4.2 MB
                                    
Downloading from central: https://repo.maven.apache.org/maven2/org/springframework/data/spring-data-jpa/3.3.0/spring-data-jpa-3.3.0.jar
Progress (2): 2.5/12 MB | 1.4/4.2 MB
Progress (2): 2.5/12 MB | 1.4/4.2 MB
Progress (2): 2.5/12 MB | 1.4/4.2 MB
Progress (2): 2.5/12 MB | 1.4/4.2 MB
Progress (3): 2.5/12 MB | 1.4/4.2 MB | 7.7/11 kB
Progress (3): 2.5/12 MB | 1.4/4.2 MB | 11 kB    
Progress (3): 2.5/12 MB | 1.4/4.2 MB | 11 kB
                                            
Downloaded from central: https://repo.maven.apache.org/maven2/jakarta/inject/jakarta.inject-api/2.0.1/jakarta.inject-api-2.0.1.jar (11 kB at 13 kB/s)
Downloading from central: https://repo.maven.apache.org/maven2/org/springframework/data/spring-data-commons/3.3.0/spring-data-commons-3.3.0.jar
Progress (2): 2.5/12 MB | 1.4/4.2 MB
Progress (2): 2.6/12 MB | 1.4/4.2 MB
Progress (2): 2.6/12 MB | 1.4/4.2 MB
Progress (2): 2.6/12 MB | 1.4/4.2 MB
Progress (2): 2.6/12 MB | 1.4/4.2 MB
Progress (2): 2.6/12 MB | 1.5/4.2 MB
Progress (2): 2.6/12 MB | 1.5/4.2 MB
Progress (2): 2.6/12 MB | 1.5/4.2 MB
Progress (2): 2.6/12 MB | 1.5/4.2 MB
Progress (2): 2.6/12 MB | 1.5/4.2 MB
Progress (2): 2.6/12 MB | 1.5/4.2 MB
Progress (2): 2.6/12 MB | 1.5/4.2 MB
Progress (2): 2.6/12 MB | 1.5/4.2 MB
Progress (2): 2.6/12 MB | 1.5/4.2 MB
Progress (2): 2.6/12 MB | 1.5/4.2 MB
Progress (2): 2.7/12 MB | 1.5/4.2 MB
Progress (2): 2.7/12 MB | 1.5/4.2 MB
Progress (2): 2.7/12 MB | 1.5/4.2 MB
Progress (2): 2.7/12 MB | 1.5/4.2 MB
Progress (2): 2.7/12 MB | 1.6/4.2 MB
Progress (2): 2.7/12 MB | 1.6/4.2 MB
Progress (2): 2.7/12 MB | 1.6/4.2 MB
Progress (2): 2.7/12 MB | 1.6/4.2 MB
Progress (2): 2.7/12 MB | 1.6/4.2 MB
Progress (2): 2.7/12 MB | 1.6/4.2 MB
Progress (2): 2.8/12 MB | 1.6/4.2 MB
Progress (2): 2.8/12 MB | 1.6/4.2 MB
Progress (2): 2.8/12 MB | 1.6/4.2 MB
Progress (2): 2.8/12 MB | 1.6/4.2 MB
Progress (2): 2.8/12 MB | 1.6/4.2 MB
Progress (2): 2.8/12 MB | 1.6/4.2 MB
Progress (2): 2.8/12 MB | 1.7/4.2 MB
Progress (2): 2.8/12 MB | 1.7/4.2 MB
Progress (2): 2.8/12 MB | 1.7/4.2 MB
Progress (2): 2.8/12 MB | 1.7/4.2 MB
Progress (2): 2.8/12 MB | 1.7/4.2 MB
Progress (2): 2.8/12 MB | 1.7/4.2 MB
Progress (2): 2.8/12 MB | 1.7/4.2 MB
Progress (2): 2.8/12 MB | 1.7/4.2 MB
Progress (2): 2.8/12 MB | 1.7/4.2 MB
Progress (2): 2.9/12 MB | 1.7/4.2 MB
Progress (2): 2.9/12 MB | 1.8/4.2 MB
Progress (2): 2.9/12 MB | 1.8/4.2 MB
Progress (2): 2.9/12 MB | 1.8/4.2 MB
Progress (2): 2.9/12 MB | 1.8/4.2 MB
Progress (2): 2.9/12 MB | 1.8/4.2 MB
Progress (2): 2.9/12 MB | 1.8/4.2 MB
Progress (2): 2.9/12 MB | 1.8/4.2 MB
Progress (2): 2.9/12 MB | 1.8/4.2 MB
Progress (2): 2.9/12 MB | 1.8/4.2 MB
Progress (2): 2.9/12 MB | 1.8/4.2 MB
Progress (2): 3.0/12 MB | 1.8/4.2 MB
Progress (2): 3.0/12 MB | 1.8/4.2 MB
Progress (2): 3.0/12 MB | 1.9/4.2 MB
Progress (2): 3.0/12 MB | 1.9/4.2 MB
Progress (3): 3.0/12 MB | 1.9/4.2 MB | 0/1.5 MB
Progress (3): 3.0/12 MB | 1.9/4.2 MB | 0/1.5 MB
Progress (4): 3.0/12 MB | 1.9/4.2 MB | 0/1.5 MB | 3.4/326 kB
Progress (4): 3.0/12 MB | 1.9/4.2 MB | 0/1.5 MB | 3.4/326 kB
Progress (4): 3.0/12 MB | 1.9/4.2 MB | 0/1.5 MB | 3.4/326 kB
Progress (4): 3.0/12 MB | 1.9/4.2 MB | 0/1.5 MB | 3.4/326 kB
Progress (4): 3.0/12 MB | 1.9/4.2 MB | 0/1.5 MB | 3.4/326 kB
Progress (4): 3.0/12 MB | 1.9/4.2 MB | 0/1.5 MB | 20/326 kB 
Progress (4): 3.0/12 MB | 1.9/4.2 MB | 0/1.5 MB | 20/326 kB
Progress (4): 3.0/12 MB | 1.9/4.2 MB | 0/1.5 MB | 20/326 kB
Progress (4): 3.0/12 MB | 1.9/4.2 MB | 0/1.5 MB | 36/326 kB
Progress (4): 3.0/12 MB | 1.9/4.2 MB | 0/1.5 MB | 36/326 kB
Progress (4): 3.0/12 MB | 1.9/4.2 MB | 0/1.5 MB | 36/326 kB
Progress (4): 3.0/12 MB | 1.9/4.2 MB | 0/1.5 MB | 53/326 kB
Progress (4): 3.0/12 MB | 1.9/4.2 MB | 0/1.5 MB | 61/326 kB
Progress (4): 3.0/12 MB | 1.9/4.2 MB | 0/1.5 MB | 61/326 kB
Progress (4): 3.1/12 MB | 1.9/4.2 MB | 0/1.5 MB | 61/326 kB
Progress (4): 3.1/12 MB | 1.9/4.2 MB | 0/1.5 MB | 61/326 kB
Progress (4): 3.1/12 MB | 1.9/4.2 MB | 0.1/1.5 MB | 61/326 kB
Progress (4): 3.1/12 MB | 1.9/4.2 MB | 0.1/1.5 MB | 61/326 kB
Progress (4): 3.1/12 MB | 1.9/4.2 MB | 0.1/1.5 MB | 77/326 kB
Progress (4): 3.1/12 MB | 1.9/4.2 MB | 0.1/1.5 MB | 77/326 kB
Progress (4): 3.1/12 MB | 1.9/4.2 MB | 0.1/1.5 MB | 77/326 kB
Progress (4): 3.1/12 MB | 1.9/4.2 MB | 0.1/1.5 MB | 77/326 kB
Progress (4): 3.1/12 MB | 1.9/4.2 MB | 0.1/1.5 MB | 77/326 kB
Progress (4): 3.1/12 MB | 1.9/4.2 MB | 0.1/1.5 MB | 77/326 kB
Progress (4): 3.1/12 MB | 1.9/4.2 MB | 0.1/1.5 MB | 77/326 kB
Progress (4): 3.1/12 MB | 1.9/4.2 MB | 0.1/1.5 MB | 77/326 kB
Progress (4): 3.1/12 MB | 1.9/4.2 MB | 0.1/1.5 MB | 93/326 kB
Progress (4): 3.1/12 MB | 2.0/4.2 MB | 0.1/1.5 MB | 93/326 kB
Progress (4): 3.1/12 MB | 2.0/4.2 MB | 0.1/1.5 MB | 110/326 kB
Progress (4): 3.1/12 MB | 2.0/4.2 MB | 0.1/1.5 MB | 110/326 kB
Progress (4): 3.1/12 MB | 2.0/4.2 MB | 0.2/1.5 MB | 110/326 kB
Progress (4): 3.1/12 MB | 2.0/4.2 MB | 0.2/1.5 MB | 126/326 kB
Progress (4): 3.1/12 MB | 2.0/4.2 MB | 0.2/1.5 MB | 126/326 kB
Progress (4): 3.1/12 MB | 2.0/4.2 MB | 0.2/1.5 MB | 126/326 kB
Progress (4): 3.1/12 MB | 2.0/4.2 MB | 0.2/1.5 MB | 143/326 kB
Progress (4): 3.1/12 MB | 2.0/4.2 MB | 0.2/1.5 MB | 159/326 kB
Progress (4): 3.1/12 MB | 2.0/4.2 MB | 0.2/1.5 MB | 159/326 kB
Progress (4): 3.1/12 MB | 2.0/4.2 MB | 0.2/1.5 MB | 159/326 kB
Progress (4): 3.1/12 MB | 2.0/4.2 MB | 0.2/1.5 MB | 159/326 kB
Progress (4): 3.1/12 MB | 2.0/4.2 MB | 0.2/1.5 MB | 159/326 kB
Progress (4): 3.1/12 MB | 2.0/4.2 MB | 0.2/1.5 MB | 159/326 kB
Progress (5): 3.1/12 MB | 2.0/4.2 MB | 0.2/1.5 MB | 159/326 kB | 0/1.5 MB
Progress (5): 3.1/12 MB | 2.0/4.2 MB | 0.2/1.5 MB | 159/326 kB | 0/1.5 MB
Progress (5): 3.1/12 MB | 2.0/4.2 MB | 0.2/1.5 MB | 175/326 kB | 0/1.5 MB
Progress (5): 3.1/12 MB | 2.0/4.2 MB | 0.2/1.5 MB | 175/326 kB | 0/1.5 MB
Progress (5): 3.1/12 MB | 2.0/4.2 MB | 0.2/1.5 MB | 175/326 kB | 0/1.5 MB
Progress (5): 3.1/12 MB | 2.0/4.2 MB | 0.2/1.5 MB | 175/326 kB | 0/1.5 MB
Progress (5): 3.1/12 MB | 2.0/4.2 MB | 0.2/1.5 MB | 192/326 kB | 0/1.5 MB
Progress (5): 3.1/12 MB | 2.0/4.2 MB | 0.2/1.5 MB | 192/326 kB | 0/1.5 MB
Progress (5): 3.1/12 MB | 2.0/4.2 MB | 0.2/1.5 MB | 192/326 kB | 0/1.5 MB
Progress (5): 3.1/12 MB | 2.0/4.2 MB | 0.2/1.5 MB | 192/326 kB | 0/1.5 MB
Progress (5): 3.1/12 MB | 2.0/4.2 MB | 0.3/1.5 MB | 192/326 kB | 0/1.5 MB
Progress (5): 3.1/12 MB | 2.0/4.2 MB | 0.3/1.5 MB | 192/326 kB | 0/1.5 MB
Progress (5): 3.1/12 MB | 2.0/4.2 MB | 0.3/1.5 MB | 192/326 kB | 0.1/1.5 MB
Progress (5): 3.1/12 MB | 2.0/4.2 MB | 0.3/1.5 MB | 208/326 kB | 0.1/1.5 MB
Progress (5): 3.1/12 MB | 2.0/4.2 MB | 0.3/1.5 MB | 208/326 kB | 0.1/1.5 MB
Progress (5): 3.1/12 MB | 2.0/4.2 MB | 0.3/1.5 MB | 225/326 kB | 0.1/1.5 MB
Progress (5): 3.2/12 MB | 2.0/4.2 MB | 0.3/1.5 MB | 225/326 kB | 0.1/1.5 MB
Progress (5): 3.2/12 MB | 2.0/4.2 MB | 0.3/1.5 MB | 225/326 kB | 0.1/1.5 MB
Progress (5): 3.2/12 MB | 2.0/4.2 MB | 0.3/1.5 MB | 225/326 kB | 0.1/1.5 MB
Progress (5): 3.2/12 MB | 2.0/4.2 MB | 0.3/1.5 MB | 241/326 kB | 0.1/1.5 MB
Progress (5): 3.2/12 MB | 2.0/4.2 MB | 0.3/1.5 MB | 241/326 kB | 0.1/1.5 MB
Progress (5): 3.2/12 MB | 2.0/4.2 MB | 0.3/1.5 MB | 257/326 kB | 0.1/1.5 MB
Progress (5): 3.2/12 MB | 2.0/4.2 MB | 0.3/1.5 MB | 257/326 kB | 0.1/1.5 MB
Progress (5): 3.2/12 MB | 2.0/4.2 MB | 0.3/1.5 MB | 257/326 kB | 0.1/1.5 MB
Progress (5): 3.2/12 MB | 2.0/4.2 MB | 0.3/1.5 MB | 257/326 kB | 0.1/1.5 MB
Progress (5): 3.2/12 MB | 2.1/4.2 MB | 0.3/1.5 MB | 257/326 kB | 0.1/1.5 MB
Progress (5): 3.2/12 MB | 2.1/4.2 MB | 0.3/1.5 MB | 257/326 kB | 0.1/1.5 MB
Progress (5): 3.2/12 MB | 2.1/4.2 MB | 0.3/1.5 MB | 257/326 kB | 0.1/1.5 MB
Progress (5): 3.2/12 MB | 2.1/4.2 MB | 0.3/1.5 MB | 257/326 kB | 0.1/1.5 MB
Progress (5): 3.2/12 MB | 2.1/4.2 MB | 0.3/1.5 MB | 274/326 kB | 0.1/1.5 MB
Progress (5): 3.2/12 MB | 2.1/4.2 MB | 0.3/1.5 MB | 274/326 kB | 0.1/1.5 MB
Progress (5): 3.2/12 MB | 2.1/4.2 MB | 0.3/1.5 MB | 274/326 kB | 0.1/1.5 MB
Progress (5): 3.2/12 MB | 2.1/4.2 MB | 0.3/1.5 MB | 274/326 kB | 0.1/1.5 MB
Progress (5): 3.2/12 MB | 2.1/4.2 MB | 0.3/1.5 MB | 274/326 kB | 0.1/1.5 MB
Progress (5): 3.2/12 MB | 2.1/4.2 MB | 0.3/1.5 MB | 274/326 kB | 0.1/1.5 MB
Progress (5): 3.2/12 MB | 2.1/4.2 MB | 0.3/1.5 MB | 274/326 kB | 0.1/1.5 MB
Progress (5): 3.2/12 MB | 2.1/4.2 MB | 0.3/1.5 MB | 290/326 kB | 0.1/1.5 MB
Progress (5): 3.2/12 MB | 2.1/4.2 MB | 0.3/1.5 MB | 290/326 kB | 0.1/1.5 MB
Progress (5): 3.2/12 MB | 2.1/4.2 MB | 0.3/1.5 MB | 290/326 kB | 0.1/1.5 MB
Progress (5): 3.2/12 MB | 2.1/4.2 MB | 0.3/1.5 MB | 290/326 kB | 0.1/1.5 MB
Progress (5): 3.2/12 MB | 2.1/4.2 MB | 0.3/1.5 MB | 290/326 kB | 0.1/1.5 MB
Progress (5): 3.3/12 MB | 2.1/4.2 MB | 0.3/1.5 MB | 290/326 kB | 0.1/1.5 MB
Progress (5): 3.3/12 MB | 2.1/4.2 MB | 0.3/1.5 MB | 290/326 kB | 0.1/1.5 MB
Progress (5): 3.3/12 MB | 2.1/4.2 MB | 0.3/1.5 MB | 306/326 kB | 0.1/1.5 MB
Progress (5): 3.3/12 MB | 2.1/4.2 MB | 0.4/1.5 MB | 306/326 kB | 0.1/1.5 MB
Progress (5): 3.3/12 MB | 2.1/4.2 MB | 0.4/1.5 MB | 306/326 kB | 0.1/1.5 MB
Progress (5): 3.3/12 MB | 2.1/4.2 MB | 0.4/1.5 MB | 306/326 kB | 0.1/1.5 MB
Progress (5): 3.3/12 MB | 2.1/4.2 MB | 0.4/1.5 MB | 306/326 kB | 0.1/1.5 MB
Progress (5): 3.3/12 MB | 2.1/4.2 MB | 0.4/1.5 MB | 306/326 kB | 0.1/1.5 MB
Progress (5): 3.3/12 MB | 2.1/4.2 MB | 0.4/1.5 MB | 306/326 kB | 0.2/1.5 MB
Progress (5): 3.3/12 MB | 2.1/4.2 MB | 0.4/1.5 MB | 306/326 kB | 0.2/1.5 MB
Progress (5): 3.3/12 MB | 2.2/4.2 MB | 0.4/1.5 MB | 306/326 kB | 0.2/1.5 MB
Progress (5): 3.3/12 MB | 2.2/4.2 MB | 0.4/1.5 MB | 306/326 kB | 0.2/1.5 MB
Progress (5): 3.3/12 MB | 2.2/4.2 MB | 0.4/1.5 MB | 323/326 kB | 0.2/1.5 MB
Progress (5): 3.3/12 MB | 2.2/4.2 MB | 0.4/1.5 MB | 326 kB | 0.2/1.5 MB    
Progress (5): 3.3/12 MB | 2.2/4.2 MB | 0.4/1.5 MB | 326 kB | 0.2/1.5 MB
                                                                       
Downloaded from central: https://repo.maven.apache.org/maven2/org/antlr/antlr4-runtime/4.13.0/antlr4-runtime-4.13.0.jar (326 kB at 355 kB/s)
Downloading from central: https://repo.maven.apache.org/maven2/org/springframework/spring-orm/6.1.8/spring-orm-6.1.8.jar
Progress (4): 3.3/12 MB | 2.2/4.2 MB | 0.4/1.5 MB | 0.2/1.5 MB
Progress (4): 3.3/12 MB | 2.2/4.2 MB | 0.4/1.5 MB | 0.2/1.5 MB
Progress (4): 3.3/12 MB | 2.2/4.2 MB | 0.4/1.5 MB | 0.2/1.5 MB
Progress (4): 3.3/12 MB | 2.2/4.2 MB | 0.4/1.5 MB | 0.2/1.5 MB
Progress (4): 3.3/12 MB | 2.2/4.2 MB | 0.4/1.5 MB | 0.2/1.5 MB
Progress (4): 3.3/12 MB | 2.2/4.2 MB | 0.4/1.5 MB | 0.2/1.5 MB
Progress (4): 3.3/12 MB | 2.2/4.2 MB | 0.4/1.5 MB | 0.2/1.5 MB
Progress (4): 3.3/12 MB | 2.2/4.2 MB | 0.4/1.5 MB | 0.2/1.5 MB
Progress (4): 3.3/12 MB | 2.2/4.2 MB | 0.4/1.5 MB | 0.2/1.5 MB
Progress (4): 3.3/12 MB | 2.2/4.2 MB | 0.4/1.5 MB | 0.2/1.5 MB
Progress (4): 3.3/12 MB | 2.2/4.2 MB | 0.4/1.5 MB | 0.2/1.5 MB
Progress (4): 3.3/12 MB | 2.2/4.2 MB | 0.4/1.5 MB | 0.2/1.5 MB
Progress (4): 3.3/12 MB | 2.2/4.2 MB | 0.4/1.5 MB | 0.2/1.5 MB
Progress (4): 3.3/12 MB | 2.2/4.2 MB | 0.4/1.5 MB | 0.2/1.5 MB
Progress (4): 3.3/12 MB | 2.2/4.2 MB | 0.5/1.5 MB | 0.2/1.5 MB
Progress (4): 3.3/12 MB | 2.2/4.2 MB | 0.5/1.5 MB | 0.2/1.5 MB
Progress (4): 3.3/12 MB | 2.3/4.2 MB | 0.5/1.5 MB | 0.2/1.5 MB
Progress (4): 3.3/12 MB | 2.3/4.2 MB | 0.5/1.5 MB | 0.2/1.5 MB
Progress (4): 3.4/12 MB | 2.3/4.2 MB | 0.5/1.5 MB | 0.2/1.5 MB
Progress (4): 3.4/12 MB | 2.3/4.2 MB | 0.5/1.5 MB | 0.2/1.5 MB
Progress (4): 3.4/12 MB | 2.3/4.2 MB | 0.5/1.5 MB | 0.2/1.5 MB
Progress (4): 3.4/12 MB | 2.3/4.2 MB | 0.5/1.5 MB | 0.2/1.5 MB
Progress (4): 3.4/12 MB | 2.3/4.2 MB | 0.5/1.5 MB | 0.2/1.5 MB
Progress (4): 3.4/12 MB | 2.3/4.2 MB | 0.5/1.5 MB | 0.2/1.5 MB
Progress (4): 3.4/12 MB | 2.3/4.2 MB | 0.5/1.5 MB | 0.2/1.5 MB
Progress (4): 3.4/12 MB | 2.3/4.2 MB | 0.5/1.5 MB | 0.3/1.5 MB
Progress (4): 3.4/12 MB | 2.3/4.2 MB | 0.5/1.5 MB | 0.3/1.5 MB
Progress (4): 3.4/12 MB | 2.3/4.2 MB | 0.5/1.5 MB | 0.3/1.5 MB
Progress (4): 3.4/12 MB | 2.3/4.2 MB | 0.5/1.5 MB | 0.3/1.5 MB
Progress (4): 3.4/12 MB | 2.3/4.2 MB | 0.5/1.5 MB | 0.3/1.5 MB
Progress (4): 3.4/12 MB | 2.3/4.2 MB | 0.5/1.5 MB | 0.3/1.5 MB
Progress (4): 3.4/12 MB | 2.3/4.2 MB | 0.5/1.5 MB | 0.3/1.5 MB
Progress (4): 3.4/12 MB | 2.3/4.2 MB | 0.5/1.5 MB | 0.3/1.5 MB
Progress (4): 3.4/12 MB | 2.3/4.2 MB | 0.6/1.5 MB | 0.3/1.5 MB
Progress (4): 3.4/12 MB | 2.3/4.2 MB | 0.6/1.5 MB | 0.3/1.5 MB
Progress (4): 3.4/12 MB | 2.3/4.2 MB | 0.6/1.5 MB | 0.3/1.5 MB
Progress (4): 3.4/12 MB | 2.3/4.2 MB | 0.6/1.5 MB | 0.3/1.5 MB
Progress (4): 3.4/12 MB | 2.3/4.2 MB | 0.6/1.5 MB | 0.3/1.5 MB
Progress (4): 3.4/12 MB | 2.4/4.2 MB | 0.6/1.5 MB | 0.3/1.5 MB
Progress (4): 3.4/12 MB | 2.4/4.2 MB | 0.6/1.5 MB | 0.3/1.5 MB
Progress (4): 3.5/12 MB | 2.4/4.2 MB | 0.6/1.5 MB | 0.3/1.5 MB
Progress (4): 3.5/12 MB | 2.4/4.2 MB | 0.6/1.5 MB | 0.3/1.5 MB
Progress (4): 3.5/12 MB | 2.4/4.2 MB | 0.6/1.5 MB | 0.3/1.5 MB
Progress (4): 3.5/12 MB | 2.4/4.2 MB | 0.6/1.5 MB | 0.3/1.5 MB
Progress (4): 3.5/12 MB | 2.4/4.2 MB | 0.6/1.5 MB | 0.3/1.5 MB
Progress (4): 3.5/12 MB | 2.4/4.2 MB | 0.6/1.5 MB | 0.3/1.5 MB
Progress (4): 3.5/12 MB | 2.4/4.2 MB | 0.6/1.5 MB | 0.3/1.5 MB
Progress (4): 3.5/12 MB | 2.4/4.2 MB | 0.6/1.5 MB | 0.3/1.5 MB
Progress (4): 3.5/12 MB | 2.4/4.2 MB | 0.6/1.5 MB | 0.3/1.5 MB
Progress (4): 3.5/12 MB | 2.4/4.2 MB | 0.6/1.5 MB | 0.3/1.5 MB
Progress (4): 3.5/12 MB | 2.4/4.2 MB | 0.6/1.5 MB | 0.3/1.5 MB
Progress (4): 3.5/12 MB | 2.4/4.2 MB | 0.6/1.5 MB | 0.4/1.5 MB
Progress (4): 3.5/12 MB | 2.4/4.2 MB | 0.6/1.5 MB | 0.4/1.5 MB
Progress (4): 3.5/12 MB | 2.4/4.2 MB | 0.6/1.5 MB | 0.4/1.5 MB
Progress (4): 3.5/12 MB | 2.4/4.2 MB | 0.6/1.5 MB | 0.4/1.5 MB
Progress (4): 3.5/12 MB | 2.4/4.2 MB | 0.6/1.5 MB | 0.4/1.5 MB
Progress (4): 3.5/12 MB | 2.4/4.2 MB | 0.6/1.5 MB | 0.4/1.5 MB
Progress (4): 3.5/12 MB | 2.4/4.2 MB | 0.6/1.5 MB | 0.4/1.5 MB
Progress (4): 3.5/12 MB | 2.4/4.2 MB | 0.6/1.5 MB | 0.4/1.5 MB
Progress (4): 3.5/12 MB | 2.4/4.2 MB | 0.6/1.5 MB | 0.4/1.5 MB
Progress (4): 3.5/12 MB | 2.4/4.2 MB | 0.6/1.5 MB | 0.4/1.5 MB
Progress (4): 3.5/12 MB | 2.4/4.2 MB | 0.7/1.5 MB | 0.4/1.5 MB
Progress (4): 3.5/12 MB | 2.4/4.2 MB | 0.7/1.5 MB | 0.4/1.5 MB
Progress (4): 3.5/12 MB | 2.4/4.2 MB | 0.7/1.5 MB | 0.4/1.5 MB
Progress (4): 3.5/12 MB | 2.4/4.2 MB | 0.7/1.5 MB | 0.4/1.5 MB
Progress (4): 3.5/12 MB | 2.4/4.2 MB | 0.7/1.5 MB | 0.4/1.5 MB
Progress (4): 3.5/12 MB | 2.4/4.2 MB | 0.7/1.5 MB | 0.4/1.5 MB
Progress (4): 3.5/12 MB | 2.4/4.2 MB | 0.7/1.5 MB | 0.4/1.5 MB
Progress (4): 3.5/12 MB | 2.5/4.2 MB | 0.7/1.5 MB | 0.4/1.5 MB
Progress (4): 3.5/12 MB | 2.5/4.2 MB | 0.7/1.5 MB | 0.4/1.5 MB
Progress (4): 3.6/12 MB | 2.5/4.2 MB | 0.7/1.5 MB | 0.4/1.5 MB
Progress (4): 3.6/12 MB | 2.5/4.2 MB | 0.7/1.5 MB | 0.5/1.5 MB
Progress (4): 3.6/12 MB | 2.5/4.2 MB | 0.7/1.5 MB | 0.5/1.5 MB
Progress (4): 3.6/12 MB | 2.5/4.2 MB | 0.7/1.5 MB | 0.5/1.5 MB
Progress (4): 3.6/12 MB | 2.5/4.2 MB | 0.7/1.5 MB | 0.5/1.5 MB
Progress (4): 3.6/12 MB | 2.5/4.2 MB | 0.7/1.5 MB | 0.5/1.5 MB
Progress (4): 3.6/12 MB | 2.5/4.2 MB | 0.7/1.5 MB | 0.5/1.5 MB
Progress (4): 3.6/12 MB | 2.5/4.2 MB | 0.7/1.5 MB | 0.5/1.5 MB
Progress (4): 3.6/12 MB | 2.5/4.2 MB | 0.7/1.5 MB | 0.5/1.5 MB
Progress (4): 3.6/12 MB | 2.5/4.2 MB | 0.7/1.5 MB | 0.5/1.5 MB
Progress (4): 3.6/12 MB | 2.5/4.2 MB | 0.7/1.5 MB | 0.5/1.5 MB
Progress (4): 3.6/12 MB | 2.5/4.2 MB | 0.7/1.5 MB | 0.5/1.5 MB
Progress (4): 3.6/12 MB | 2.5/4.2 MB | 0.8/1.5 MB | 0.5/1.5 MB
Progress (4): 3.6/12 MB | 2.5/4.2 MB | 0.8/1.5 MB | 0.5/1.5 MB
Progress (4): 3.6/12 MB | 2.5/4.2 MB | 0.8/1.5 MB | 0.5/1.5 MB
Progress (5): 3.6/12 MB | 2.5/4.2 MB | 0.8/1.5 MB | 0.5/1.5 MB | 7.7/237 kB
Progress (5): 3.6/12 MB | 2.5/4.2 MB | 0.8/1.5 MB | 0.5/1.5 MB | 16/237 kB 
Progress (5): 3.6/12 MB | 2.5/4.2 MB | 0.8/1.5 MB | 0.5/1.5 MB | 16/237 kB
Progress (5): 3.6/12 MB | 2.5/4.2 MB | 0.8/1.5 MB | 0.5/1.5 MB | 16/237 kB
Progress (5): 3.6/12 MB | 2.5/4.2 MB | 0.8/1.5 MB | 0.5/1.5 MB | 16/237 kB
Progress (5): 3.6/12 MB | 2.5/4.2 MB | 0.8/1.5 MB | 0.5/1.5 MB | 16/237 kB
Progress (5): 3.6/12 MB | 2.5/4.2 MB | 0.8/1.5 MB | 0.5/1.5 MB | 28/237 kB
Progress (5): 3.6/12 MB | 2.5/4.2 MB | 0.8/1.5 MB | 0.5/1.5 MB | 28/237 kB
Progress (5): 3.6/12 MB | 2.5/4.2 MB | 0.8/1.5 MB | 0.5/1.5 MB | 28/237 kB
Progress (5): 3.7/12 MB | 2.5/4.2 MB | 0.8/1.5 MB | 0.5/1.5 MB | 28/237 kB
Progress (5): 3.7/12 MB | 2.6/4.2 MB | 0.8/1.5 MB | 0.5/1.5 MB | 28/237 kB
Progress (5): 3.7/12 MB | 2.6/4.2 MB | 0.8/1.5 MB | 0.5/1.5 MB | 28/237 kB
Progress (5): 3.7/12 MB | 2.6/4.2 MB | 0.8/1.5 MB | 0.5/1.5 MB | 28/237 kB
Progress (5): 3.7/12 MB | 2.6/4.2 MB | 0.8/1.5 MB | 0.5/1.5 MB | 28/237 kB
Progress (5): 3.7/12 MB | 2.6/4.2 MB | 0.8/1.5 MB | 0.5/1.5 MB | 28/237 kB
Progress (5): 3.7/12 MB | 2.6/4.2 MB | 0.8/1.5 MB | 0.5/1.5 MB | 44/237 kB
Progress (5): 3.7/12 MB | 2.6/4.2 MB | 0.8/1.5 MB | 0.6/1.5 MB | 44/237 kB
Progress (5): 3.7/12 MB | 2.6/4.2 MB | 0.8/1.5 MB | 0.6/1.5 MB | 44/237 kB
Progress (5): 3.7/12 MB | 2.6/4.2 MB | 0.8/1.5 MB | 0.6/1.5 MB | 44/237 kB
Progress (5): 3.7/12 MB | 2.6/4.2 MB | 0.8/1.5 MB | 0.6/1.5 MB | 61/237 kB
Progress (5): 3.7/12 MB | 2.6/4.2 MB | 0.8/1.5 MB | 0.6/1.5 MB | 61/237 kB
Progress (5): 3.7/12 MB | 2.6/4.2 MB | 0.8/1.5 MB | 0.6/1.5 MB | 77/237 kB
Progress (5): 3.7/12 MB | 2.6/4.2 MB | 0.8/1.5 MB | 0.6/1.5 MB | 77/237 kB
Progress (5): 3.7/12 MB | 2.6/4.2 MB | 0.8/1.5 MB | 0.6/1.5 MB | 77/237 kB
Progress (5): 3.7/12 MB | 2.6/4.2 MB | 0.8/1.5 MB | 0.6/1.5 MB | 77/237 kB
Progress (5): 3.7/12 MB | 2.6/4.2 MB | 0.8/1.5 MB | 0.6/1.5 MB | 77/237 kB
Progress (5): 3.7/12 MB | 2.6/4.2 MB | 0.8/1.5 MB | 0.6/1.5 MB | 77/237 kB
Progress (5): 3.7/12 MB | 2.6/4.2 MB | 0.8/1.5 MB | 0.6/1.5 MB | 93/237 kB
Progress (5): 3.7/12 MB | 2.6/4.2 MB | 0.9/1.5 MB | 0.6/1.5 MB | 93/237 kB
Progress (5): 3.7/12 MB | 2.6/4.2 MB | 0.9/1.5 MB | 0.6/1.5 MB | 93/237 kB
Progress (5): 3.7/12 MB | 2.6/4.2 MB | 0.9/1.5 MB | 0.6/1.5 MB | 93/237 kB
Progress (5): 3.7/12 MB | 2.6/4.2 MB | 0.9/1.5 MB | 0.6/1.5 MB | 93/237 kB
Progress (5): 3.7/12 MB | 2.6/4.2 MB | 0.9/1.5 MB | 0.6/1.5 MB | 93/237 kB
Progress (5): 3.7/12 MB | 2.6/4.2 MB | 0.9/1.5 MB | 0.6/1.5 MB | 93/237 kB
Progress (5): 3.7/12 MB | 2.6/4.2 MB | 0.9/1.5 MB | 0.6/1.5 MB | 110/237 kB
Progress (5): 3.7/12 MB | 2.6/4.2 MB | 0.9/1.5 MB | 0.6/1.5 MB | 110/237 kB
Progress (5): 3.8/12 MB | 2.6/4.2 MB | 0.9/1.5 MB | 0.6/1.5 MB | 110/237 kB
Progress (5): 3.8/12 MB | 2.6/4.2 MB | 0.9/1.5 MB | 0.6/1.5 MB | 110/237 kB
Progress (5): 3.8/12 MB | 2.6/4.2 MB | 0.9/1.5 MB | 0.6/1.5 MB | 126/237 kB
Progress (5): 3.8/12 MB | 2.6/4.2 MB | 0.9/1.5 MB | 0.6/1.5 MB | 126/237 kB
Progress (5): 3.8/12 MB | 2.6/4.2 MB | 0.9/1.5 MB | 0.6/1.5 MB | 126/237 kB
Progress (5): 3.8/12 MB | 2.6/4.2 MB | 0.9/1.5 MB | 0.6/1.5 MB | 143/237 kB
Progress (5): 3.8/12 MB | 2.6/4.2 MB | 0.9/1.5 MB | 0.6/1.5 MB | 143/237 kB
Progress (5): 3.8/12 MB | 2.6/4.2 MB | 0.9/1.5 MB | 0.6/1.5 MB | 143/237 kB
Progress (5): 3.8/12 MB | 2.6/4.2 MB | 0.9/1.5 MB | 0.6/1.5 MB | 143/237 kB
Progress (5): 3.8/12 MB | 2.6/4.2 MB | 0.9/1.5 MB | 0.6/1.5 MB | 143/237 kB
Progress (5): 3.8/12 MB | 2.7/4.2 MB | 0.9/1.5 MB | 0.6/1.5 MB | 143/237 kB
Progress (5): 3.8/12 MB | 2.7/4.2 MB | 0.9/1.5 MB | 0.7/1.5 MB | 143/237 kB
Progress (5): 3.8/12 MB | 2.7/4.2 MB | 0.9/1.5 MB | 0.7/1.5 MB | 159/237 kB
Progress (5): 3.8/12 MB | 2.7/4.2 MB | 0.9/1.5 MB | 0.7/1.5 MB | 159/237 kB
Progress (5): 3.8/12 MB | 2.7/4.2 MB | 0.9/1.5 MB | 0.7/1.5 MB | 175/237 kB
Progress (5): 3.8/12 MB | 2.7/4.2 MB | 0.9/1.5 MB | 0.7/1.5 MB | 175/237 kB
Progress (5): 3.8/12 MB | 2.7/4.2 MB | 0.9/1.5 MB | 0.7/1.5 MB | 175/237 kB
Progress (5): 3.8/12 MB | 2.7/4.2 MB | 0.9/1.5 MB | 0.7/1.5 MB | 192/237 kB
Progress (5): 3.8/12 MB | 2.7/4.2 MB | 0.9/1.5 MB | 0.7/1.5 MB | 208/237 kB
Progress (5): 3.8/12 MB | 2.7/4.2 MB | 0.9/1.5 MB | 0.7/1.5 MB | 208/237 kB
Progress (5): 3.8/12 MB | 2.7/4.2 MB | 1.0/1.5 MB | 0.7/1.5 MB | 208/237 kB
Progress (5): 3.8/12 MB | 2.7/4.2 MB | 1.0/1.5 MB | 0.7/1.5 MB | 208/237 kB
Progress (5): 3.8/12 MB | 2.7/4.2 MB | 1.0/1.5 MB | 0.7/1.5 MB | 225/237 kB
Progress (5): 3.8/12 MB | 2.7/4.2 MB | 1.0/1.5 MB | 0.7/1.5 MB | 237 kB    
                                                                       
Downloaded from central: https://repo.maven.apache.org/maven2/org/springframework/spring-orm/6.1.8/spring-orm-6.1.8.jar (237 kB at 241 kB/s)
Downloading from central: https://repo.maven.apache.org/maven2/org/springframework/spring-tx/6.1.8/spring-tx-6.1.8.jar
Progress (4): 3.8/12 MB | 2.7/4.2 MB | 1.0/1.5 MB | 0.7/1.5 MB
Progress (4): 3.8/12 MB | 2.7/4.2 MB | 1.0/1.5 MB | 0.7/1.5 MB
Progress (4): 3.8/12 MB | 2.7/4.2 MB | 1.0/1.5 MB | 0.7/1.5 MB
Progress (4): 3.8/12 MB | 2.7/4.2 MB | 1.0/1.5 MB | 0.7/1.5 MB
Progress (4): 3.8/12 MB | 2.7/4.2 MB | 1.0/1.5 MB | 0.7/1.5 MB
Progress (4): 3.8/12 MB | 2.7/4.2 MB | 1.0/1.5 MB | 0.7/1.5 MB
Progress (4): 3.8/12 MB | 2.7/4.2 MB | 1.0/1.5 MB | 0.7/1.5 MB
Progress (4): 3.9/12 MB | 2.7/4.2 MB | 1.0/1.5 MB | 0.7/1.5 MB
Progress (4): 3.9/12 MB | 2.7/4.2 MB | 1.0/1.5 MB | 0.7/1.5 MB
Progress (4): 3.9/12 MB | 2.7/4.2 MB | 1.0/1.5 MB | 0.7/1.5 MB
Progress (4): 3.9/12 MB | 2.7/4.2 MB | 1.0/1.5 MB | 0.7/1.5 MB
Progress (4): 3.9/12 MB | 2.7/4.2 MB | 1.0/1.5 MB | 0.7/1.5 MB
Progress (4): 3.9/12 MB | 2.7/4.2 MB | 1.0/1.5 MB | 0.7/1.5 MB
Progress (4): 3.9/12 MB | 2.7/4.2 MB | 1.0/1.5 MB | 0.7/1.5 MB
Progress (4): 3.9/12 MB | 2.7/4.2 MB | 1.0/1.5 MB | 0.7/1.5 MB
Progress (4): 3.9/12 MB | 2.7/4.2 MB | 1.0/1.5 MB | 0.7/1.5 MB
Progress (4): 3.9/12 MB | 2.7/4.2 MB | 1.0/1.5 MB | 0.7/1.5 MB
Progress (4): 3.9/12 MB | 2.7/4.2 MB | 1.0/1.5 MB | 0.7/1.5 MB
Progress (4): 3.9/12 MB | 2.8/4.2 MB | 1.0/1.5 MB | 0.7/1.5 MB
Progress (4): 3.9/12 MB | 2.8/4.2 MB | 1.0/1.5 MB | 0.7/1.5 MB
Progress (4): 3.9/12 MB | 2.8/4.2 MB | 1.1/1.5 MB | 0.7/1.5 MB
Progress (4): 3.9/12 MB | 2.8/4.2 MB | 1.1/1.5 MB | 0.7/1.5 MB
Progress (4): 3.9/12 MB | 2.8/4.2 MB | 1.1/1.5 MB | 0.7/1.5 MB
Progress (4): 3.9/12 MB | 2.8/4.2 MB | 1.1/1.5 MB | 0.7/1.5 MB
Progress (4): 3.9/12 MB | 2.8/4.2 MB | 1.1/1.5 MB | 0.8/1.5 MB
Progress (4): 3.9/12 MB | 2.8/4.2 MB | 1.1/1.5 MB | 0.8/1.5 MB
Progress (4): 3.9/12 MB | 2.8/4.2 MB | 1.1/1.5 MB | 0.8/1.5 MB
Progress (4): 3.9/12 MB | 2.8/4.2 MB | 1.1/1.5 MB | 0.8/1.5 MB
Progress (4): 3.9/12 MB | 2.8/4.2 MB | 1.1/1.5 MB | 0.8/1.5 MB
Progress (4): 3.9/12 MB | 2.8/4.2 MB | 1.1/1.5 MB | 0.8/1.5 MB
Progress (4): 3.9/12 MB | 2.8/4.2 MB | 1.1/1.5 MB | 0.8/1.5 MB
Progress (4): 3.9/12 MB | 2.8/4.2 MB | 1.1/1.5 MB | 0.8/1.5 MB
Progress (4): 3.9/12 MB | 2.8/4.2 MB | 1.1/1.5 MB | 0.8/1.5 MB
Progress (4): 3.9/12 MB | 2.8/4.2 MB | 1.1/1.5 MB | 0.8/1.5 MB
Progress (4): 3.9/12 MB | 2.8/4.2 MB | 1.1/1.5 MB | 0.8/1.5 MB
Progress (4): 3.9/12 MB | 2.8/4.2 MB | 1.2/1.5 MB | 0.8/1.5 MB
Progress (4): 4.0/12 MB | 2.8/4.2 MB | 1.2/1.5 MB | 0.8/1.5 MB
Progress (4): 4.0/12 MB | 2.8/4.2 MB | 1.2/1.5 MB | 0.8/1.5 MB
Progress (4): 4.0/12 MB | 2.8/4.2 MB | 1.2/1.5 MB | 0.8/1.5 MB
Progress (4): 4.0/12 MB | 2.8/4.2 MB | 1.2/1.5 MB | 0.8/1.5 MB
Progress (4): 4.0/12 MB | 2.8/4.2 MB | 1.2/1.5 MB | 0.8/1.5 MB
Progress (4): 4.0/12 MB | 2.8/4.2 MB | 1.2/1.5 MB | 0.8/1.5 MB
Progress (4): 4.0/12 MB | 2.8/4.2 MB | 1.2/1.5 MB | 0.8/1.5 MB
Progress (4): 4.0/12 MB | 2.8/4.2 MB | 1.2/1.5 MB | 0.8/1.5 MB
Progress (4): 4.0/12 MB | 2.9/4.2 MB | 1.2/1.5 MB | 0.8/1.5 MB
Progress (4): 4.0/12 MB | 2.9/4.2 MB | 1.2/1.5 MB | 0.8/1.5 MB
Progress (4): 4.0/12 MB | 2.9/4.2 MB | 1.2/1.5 MB | 0.8/1.5 MB
Progress (4): 4.0/12 MB | 2.9/4.2 MB | 1.2/1.5 MB | 0.8/1.5 MB
Progress (4): 4.0/12 MB | 2.9/4.2 MB | 1.2/1.5 MB | 0.8/1.5 MB
Progress (4): 4.0/12 MB | 2.9/4.2 MB | 1.2/1.5 MB | 0.8/1.5 MB
Progress (4): 4.0/12 MB | 2.9/4.2 MB | 1.2/1.5 MB | 0.8/1.5 MB
Progress (4): 4.0/12 MB | 2.9/4.2 MB | 1.2/1.5 MB | 0.8/1.5 MB
Progress (4): 4.0/12 MB | 2.9/4.2 MB | 1.2/1.5 MB | 0.8/1.5 MB
Progress (4): 4.0/12 MB | 2.9/4.2 MB | 1.2/1.5 MB | 0.8/1.5 MB
Progress (4): 4.0/12 MB | 2.9/4.2 MB | 1.3/1.5 MB | 0.8/1.5 MB
Progress (4): 4.0/12 MB | 2.9/4.2 MB | 1.3/1.5 MB | 0.8/1.5 MB
Progress (4): 4.0/12 MB | 2.9/4.2 MB | 1.3/1.5 MB | 0.8/1.5 MB
Progress (4): 4.0/12 MB | 2.9/4.2 MB | 1.3/1.5 MB | 0.8/1.5 MB
Progress (4): 4.0/12 MB | 2.9/4.2 MB | 1.3/1.5 MB | 0.9/1.5 MB
Progress (4): 4.0/12 MB | 2.9/4.2 MB | 1.3/1.5 MB | 0.9/1.5 MB
Progress (4): 4.0/12 MB | 2.9/4.2 MB | 1.3/1.5 MB | 0.9/1.5 MB
Progress (4): 4.0/12 MB | 2.9/4.2 MB | 1.3/1.5 MB | 0.9/1.5 MB
Progress (4): 4.0/12 MB | 2.9/4.2 MB | 1.3/1.5 MB | 0.9/1.5 MB
Progress (4): 4.0/12 MB | 3.0/4.2 MB | 1.3/1.5 MB | 0.9/1.5 MB
Progress (4): 4.0/12 MB | 3.0/4.2 MB | 1.3/1.5 MB | 0.9/1.5 MB
Progress (4): 4.1/12 MB | 3.0/4.2 MB | 1.3/1.5 MB | 0.9/1.5 MB
Progress (4): 4.1/12 MB | 3.0/4.2 MB | 1.3/1.5 MB | 0.9/1.5 MB
Progress (4): 4.1/12 MB | 3.0/4.2 MB | 1.3/1.5 MB | 0.9/1.5 MB
Progress (4): 4.1/12 MB | 3.0/4.2 MB | 1.3/1.5 MB | 0.9/1.5 MB
Progress (4): 4.1/12 MB | 3.0/4.2 MB | 1.3/1.5 MB | 0.9/1.5 MB
Progress (4): 4.1/12 MB | 3.0/4.2 MB | 1.3/1.5 MB | 0.9/1.5 MB
Progress (5): 4.1/12 MB | 3.0/4.2 MB | 1.3/1.5 MB | 0.9/1.5 MB | 7.7/285 kB
Progress (5): 4.1/12 MB | 3.0/4.2 MB | 1.3/1.5 MB | 0.9/1.5 MB | 16/285 kB 
Progress (5): 4.1/12 MB | 3.0/4.2 MB | 1.3/1.5 MB | 0.9/1.5 MB | 16/285 kB
Progress (5): 4.1/12 MB | 3.0/4.2 MB | 1.3/1.5 MB | 0.9/1.5 MB | 16/285 kB
Progress (5): 4.1/12 MB | 3.0/4.2 MB | 1.3/1.5 MB | 0.9/1.5 MB | 16/285 kB
Progress (5): 4.1/12 MB | 3.0/4.2 MB | 1.3/1.5 MB | 0.9/1.5 MB | 16/285 kB
Progress (5): 4.1/12 MB | 3.0/4.2 MB | 1.3/1.5 MB | 0.9/1.5 MB | 32/285 kB
Progress (5): 4.1/12 MB | 3.0/4.2 MB | 1.4/1.5 MB | 0.9/1.5 MB | 32/285 kB
Progress (5): 4.1/12 MB | 3.0/4.2 MB | 1.4/1.5 MB | 0.9/1.5 MB | 32/285 kB
Progress (5): 4.1/12 MB | 3.0/4.2 MB | 1.4/1.5 MB | 0.9/1.5 MB | 32/285 kB
Progress (5): 4.1/12 MB | 3.0/4.2 MB | 1.4/1.5 MB | 0.9/1.5 MB | 32/285 kB
Progress (5): 4.1/12 MB | 3.0/4.2 MB | 1.4/1.5 MB | 0.9/1.5 MB | 49/285 kB
Progress (5): 4.1/12 MB | 3.0/4.2 MB | 1.4/1.5 MB | 0.9/1.5 MB | 49/285 kB
Progress (5): 4.1/12 MB | 3.0/4.2 MB | 1.4/1.5 MB | 0.9/1.5 MB | 49/285 kB
Progress (5): 4.1/12 MB | 3.0/4.2 MB | 1.4/1.5 MB | 0.9/1.5 MB | 65/285 kB
Progress (5): 4.1/12 MB | 3.0/4.2 MB | 1.4/1.5 MB | 0.9/1.5 MB | 81/285 kB
Progress (5): 4.1/12 MB | 3.0/4.2 MB | 1.4/1.5 MB | 0.9/1.5 MB | 81/285 kB
Progress (5): 4.1/12 MB | 3.0/4.2 MB | 1.4/1.5 MB | 0.9/1.5 MB | 81/285 kB
Progress (5): 4.1/12 MB | 3.1/4.2 MB | 1.4/1.5 MB | 0.9/1.5 MB | 81/285 kB
Progress (5): 4.1/12 MB | 3.1/4.2 MB | 1.4/1.5 MB | 0.9/1.5 MB | 81/285 kB
Progress (5): 4.2/12 MB | 3.1/4.2 MB | 1.4/1.5 MB | 0.9/1.5 MB | 81/285 kB
Progress (5): 4.2/12 MB | 3.1/4.2 MB | 1.4/1.5 MB | 0.9/1.5 MB | 81/285 kB
Progress (5): 4.2/12 MB | 3.1/4.2 MB | 1.4/1.5 MB | 0.9/1.5 MB | 98/285 kB
Progress (5): 4.2/12 MB | 3.1/4.2 MB | 1.4/1.5 MB | 0.9/1.5 MB | 98/285 kB
Progress (5): 4.2/12 MB | 3.1/4.2 MB | 1.4/1.5 MB | 0.9/1.5 MB | 98/285 kB
Progress (5): 4.2/12 MB | 3.1/4.2 MB | 1.4/1.5 MB | 0.9/1.5 MB | 98/285 kB
Progress (5): 4.2/12 MB | 3.1/4.2 MB | 1.4/1.5 MB | 0.9/1.5 MB | 98/285 kB
Progress (5): 4.2/12 MB | 3.1/4.2 MB | 1.4/1.5 MB | 0.9/1.5 MB | 98/285 kB
Progress (5): 4.2/12 MB | 3.1/4.2 MB | 1.4/1.5 MB | 0.9/1.5 MB | 98/285 kB
Progress (5): 4.2/12 MB | 3.1/4.2 MB | 1.4/1.5 MB | 0.9/1.5 MB | 98/285 kB
Progress (5): 4.2/12 MB | 3.1/4.2 MB | 1.4/1.5 MB | 1.0/1.5 MB | 98/285 kB
Progress (5): 4.2/12 MB | 3.1/4.2 MB | 1.4/1.5 MB | 1.0/1.5 MB | 114/285 kB
Progress (5): 4.2/12 MB | 3.1/4.2 MB | 1.4/1.5 MB | 1.0/1.5 MB | 114/285 kB
Progress (5): 4.2/12 MB | 3.1/4.2 MB | 1.4/1.5 MB | 1.0/1.5 MB | 114/285 kB
Progress (5): 4.2/12 MB | 3.1/4.2 MB | 1.4/1.5 MB | 1.0/1.5 MB | 114/285 kB
Progress (5): 4.2/12 MB | 3.1/4.2 MB | 1.4/1.5 MB | 1.0/1.5 MB | 114/285 kB
Progress (5): 4.2/12 MB | 3.2/4.2 MB | 1.4/1.5 MB | 1.0/1.5 MB | 114/285 kB
Progress (5): 4.2/12 MB | 3.2/4.2 MB | 1.4/1.5 MB | 1.0/1.5 MB | 114/285 kB
Progress (5): 4.2/12 MB | 3.2/4.2 MB | 1.4/1.5 MB | 1.0/1.5 MB | 131/285 kB
Progress (5): 4.2/12 MB | 3.2/4.2 MB | 1.4/1.5 MB | 1.0/1.5 MB | 131/285 kB
Progress (5): 4.2/12 MB | 3.2/4.2 MB | 1.4/1.5 MB | 1.0/1.5 MB | 131/285 kB
Progress (5): 4.2/12 MB | 3.2/4.2 MB | 1.4/1.5 MB | 1.0/1.5 MB | 131/285 kB
Progress (5): 4.2/12 MB | 3.2/4.2 MB | 1.4/1.5 MB | 1.0/1.5 MB | 147/285 kB
Progress (5): 4.2/12 MB | 3.2/4.2 MB | 1.4/1.5 MB | 1.0/1.5 MB | 147/285 kB
Progress (5): 4.2/12 MB | 3.2/4.2 MB | 1.4/1.5 MB | 1.0/1.5 MB | 147/285 kB
Progress (5): 4.2/12 MB | 3.2/4.2 MB | 1.4/1.5 MB | 1.0/1.5 MB | 147/285 kB
Progress (5): 4.2/12 MB | 3.2/4.2 MB | 1.4/1.5 MB | 1.0/1.5 MB | 147/285 kB
Progress (5): 4.2/12 MB | 3.2/4.2 MB | 1.4/1.5 MB | 1.0/1.5 MB | 163/285 kB
Progress (5): 4.2/12 MB | 3.2/4.2 MB | 1.4/1.5 MB | 1.0/1.5 MB | 163/285 kB
Progress (5): 4.2/12 MB | 3.2/4.2 MB | 1.4/1.5 MB | 1.0/1.5 MB | 163/285 kB
Progress (5): 4.2/12 MB | 3.2/4.2 MB | 1.5/1.5 MB | 1.0/1.5 MB | 163/285 kB
Progress (5): 4.2/12 MB | 3.2/4.2 MB | 1.5/1.5 MB | 1.0/1.5 MB | 163/285 kB
Progress (5): 4.2/12 MB | 3.2/4.2 MB | 1.5/1.5 MB | 1.0/1.5 MB | 180/285 kB
Progress (5): 4.2/12 MB | 3.2/4.2 MB | 1.5/1.5 MB | 1.0/1.5 MB | 180/285 kB
Progress (5): 4.3/12 MB | 3.2/4.2 MB | 1.5/1.5 MB | 1.0/1.5 MB | 180/285 kB
Progress (5): 4.3/12 MB | 3.2/4.2 MB | 1.5/1.5 MB | 1.0/1.5 MB | 180/285 kB
Progress (5): 4.3/12 MB | 3.2/4.2 MB | 1.5/1.5 MB | 1.1/1.5 MB | 180/285 kB
Progress (5): 4.3/12 MB | 3.2/4.2 MB | 1.5/1.5 MB | 1.1/1.5 MB | 180/285 kB
Progress (5): 4.3/12 MB | 3.2/4.2 MB | 1.5/1.5 MB | 1.1/1.5 MB | 180/285 kB
Progress (5): 4.3/12 MB | 3.2/4.2 MB | 1.5/1.5 MB | 1.1/1.5 MB | 180/285 kB
Progress (5): 4.3/12 MB | 3.2/4.2 MB | 1.5/1.5 MB | 1.1/1.5 MB | 196/285 kB
Progress (5): 4.3/12 MB | 3.2/4.2 MB | 1.5/1.5 MB | 1.1/1.5 MB | 196/285 kB
Progress (5): 4.3/12 MB | 3.2/4.2 MB | 1.5/1.5 MB | 1.1/1.5 MB | 196/285 kB
Progress (5): 4.3/12 MB | 3.2/4.2 MB | 1.5/1.5 MB | 1.1/1.5 MB | 196/285 kB
Progress (5): 4.3/12 MB | 3.2/4.2 MB | 1.5/1.5 MB | 1.1/1.5 MB | 196/285 kB
Progress (5): 4.3/12 MB | 3.2/4.2 MB | 1.5/1.5 MB | 1.1/1.5 MB | 196/285 kB
Progress (5): 4.3/12 MB | 3.2/4.2 MB | 1.5/1.5 MB | 1.1/1.5 MB | 196/285 kB
Progress (5): 4.3/12 MB | 3.2/4.2 MB | 1.5/1.5 MB | 1.1/1.5 MB | 196/285 kB
Progress (5): 4.3/12 MB | 3.3/4.2 MB | 1.5/1.5 MB | 1.1/1.5 MB | 196/285 kB
Progress (5): 4.3/12 MB | 3.3/4.2 MB | 1.5/1.5 MB | 1.1/1.5 MB | 213/285 kB
Progress (5): 4.3/12 MB | 3.3/4.2 MB | 1.5/1.5 MB | 1.1/1.5 MB | 213/285 kB
Progress (5): 4.3/12 MB | 3.3/4.2 MB | 1.5/1.5 MB | 1.1/1.5 MB | 229/285 kB
Progress (5): 4.4/12 MB | 3.3/4.2 MB | 1.5/1.5 MB | 1.1/1.5 MB | 229/285 kB
Progress (5): 4.4/12 MB | 3.3/4.2 MB | 1.5/1.5 MB | 1.1/1.5 MB | 245/285 kB
Progress (5): 4.4/12 MB | 3.3/4.2 MB | 1.5/1.5 MB | 1.1/1.5 MB | 245/285 kB
Progress (5): 4.4/12 MB | 3.3/4.2 MB | 1.5/1.5 MB | 1.1/1.5 MB | 245/285 kB
Progress (5): 4.4/12 MB | 3.3/4.2 MB | 1.5/1.5 MB | 1.1/1.5 MB | 245/285 kB
Progress (5): 4.4/12 MB | 3.3/4.2 MB | 1.5/1.5 MB | 1.1/1.5 MB | 245/285 kB
Progress (5): 4.4/12 MB | 3.3/4.2 MB | 1.5/1.5 MB | 1.1/1.5 MB | 262/285 kB
Progress (5): 4.4/12 MB | 3.3/4.2 MB | 1.5/1.5 MB | 1.1/1.5 MB | 262/285 kB
Progress (5): 4.4/12 MB | 3.3/4.2 MB | 1.5/1.5 MB | 1.1/1.5 MB | 262/285 kB
Progress (5): 4.4/12 MB | 3.3/4.2 MB | 1.5 MB | 1.1/1.5 MB | 262/285 kB    
Progress (5): 4.4/12 MB | 3.3/4.2 MB | 1.5 MB | 1.1/1.5 MB | 262/285 kB
                                                                       
Downloaded from central: https://repo.maven.apache.org/maven2/org/springframework/data/spring-data-jpa/3.3.0/spring-data-jpa-3.3.0.jar (1.5 MB at 1.5 MB/s)
Downloading from central: https://repo.maven.apache.org/maven2/org/slf4j/slf4j-api/2.0.13/slf4j-api-2.0.13.jar
Progress (4): 4.4/12 MB | 3.3/4.2 MB | 1.1/1.5 MB | 262/285 kB
Progress (4): 4.4/12 MB | 3.3/4.2 MB | 1.1/1.5 MB | 278/285 kB
Progress (4): 4.4/12 MB | 3.3/4.2 MB | 1.2/1.5 MB | 278/285 kB
Progress (4): 4.4/12 MB | 3.3/4.2 MB | 1.2/1.5 MB | 278/285 kB
Progress (4): 4.4/12 MB | 3.3/4.2 MB | 1.2/1.5 MB | 285 kB    
Progress (4): 4.4/12 MB | 3.3/4.2 MB | 1.2/1.5 MB | 285 kB
Progress (4): 4.4/12 MB | 3.3/4.2 MB | 1.2/1.5 MB | 285 kB
Progress (4): 4.4/12 MB | 3.3/4.2 MB | 1.2/1.5 MB | 285 kB
                                                          
Downloaded from central: https://repo.maven.apache.org/maven2/org/springframework/spring-tx/6.1.8/spring-tx-6.1.8.jar (285 kB at 268 kB/s)
Downloading from central: https://repo.maven.apache.org/maven2/org/springframework/spring-aspects/6.1.8/spring-aspects-6.1.8.jar
Progress (3): 4.4/12 MB | 3.3/4.2 MB | 1.2/1.5 MB
Progress (3): 4.4/12 MB | 3.3/4.2 MB | 1.2/1.5 MB
Progress (3): 4.4/12 MB | 3.3/4.2 MB | 1.2/1.5 MB
Progress (3): 4.4/12 MB | 3.3/4.2 MB | 1.2/1.5 MB
Progress (3): 4.4/12 MB | 3.3/4.2 MB | 1.2/1.5 MB
Progress (3): 4.4/12 MB | 3.3/4.2 MB | 1.2/1.5 MB
Progress (3): 4.4/12 MB | 3.3/4.2 MB | 1.3/1.5 MB
Progress (3): 4.4/12 MB | 3.3/4.2 MB | 1.3/1.5 MB
Progress (3): 4.4/12 MB | 3.3/4.2 MB | 1.3/1.5 MB
Progress (3): 4.4/12 MB | 3.3/4.2 MB | 1.3/1.5 MB
Progress (3): 4.5/12 MB | 3.3/4.2 MB | 1.3/1.5 MB
Progress (3): 4.5/12 MB | 3.3/4.2 MB | 1.3/1.5 MB
Progress (3): 4.5/12 MB | 3.3/4.2 MB | 1.3/1.5 MB
Progress (3): 4.5/12 MB | 3.3/4.2 MB | 1.3/1.5 MB
Progress (3): 4.5/12 MB | 3.3/4.2 MB | 1.3/1.5 MB
Progress (3): 4.5/12 MB | 3.3/4.2 MB | 1.3/1.5 MB
Progress (3): 4.5/12 MB | 3.4/4.2 MB | 1.3/1.5 MB
Progress (3): 4.5/12 MB | 3.4/4.2 MB | 1.3/1.5 MB
Progress (3): 4.5/12 MB | 3.4/4.2 MB | 1.3/1.5 MB
Progress (3): 4.5/12 MB | 3.4/4.2 MB | 1.3/1.5 MB
Progress (3): 4.5/12 MB | 3.4/4.2 MB | 1.3/1.5 MB
Progress (3): 4.5/12 MB | 3.4/4.2 MB | 1.4/1.5 MB
Progress (3): 4.5/12 MB | 3.4/4.2 MB | 1.4/1.5 MB
Progress (3): 4.5/12 MB | 3.4/4.2 MB | 1.4/1.5 MB
Progress (3): 4.5/12 MB | 3.4/4.2 MB | 1.4/1.5 MB
Progress (3): 4.6/12 MB | 3.4/4.2 MB | 1.4/1.5 MB
Progress (3): 4.6/12 MB | 3.4/4.2 MB | 1.4/1.5 MB
Progress (3): 4.6/12 MB | 3.4/4.2 MB | 1.4/1.5 MB
Progress (3): 4.6/12 MB | 3.4/4.2 MB | 1.4/1.5 MB
Progress (3): 4.6/12 MB | 3.4/4.2 MB | 1.4/1.5 MB
Progress (3): 4.6/12 MB | 3.4/4.2 MB | 1.4/1.5 MB
Progress (3): 4.6/12 MB | 3.4/4.2 MB | 1.4/1.5 MB
Progress (3): 4.6/12 MB | 3.4/4.2 MB | 1.4/1.5 MB
Progress (3): 4.6/12 MB | 3.4/4.2 MB | 1.4/1.5 MB
Progress (3): 4.6/12 MB | 3.4/4.2 MB | 1.4/1.5 MB
Progress (3): 4.6/12 MB | 3.4/4.2 MB | 1.4/1.5 MB
Progress (3): 4.6/12 MB | 3.4/4.2 MB | 1.5/1.5 MB
Progress (3): 4.6/12 MB | 3.4/4.2 MB | 1.5 MB    
Progress (3): 4.6/12 MB | 3.4/4.2 MB | 1.5 MB
Progress (3): 4.6/12 MB | 3.5/4.2 MB | 1.5 MB
                                             
Downloaded from central: https://repo.maven.apache.org/maven2/org/springframework/data/spring-data-commons/3.3.0/spring-data-commons-3.3.0.jar (1.5 MB at 1.4 MB/s)
Downloading from central: https://repo.maven.apache.org/maven2/org/postgresql/postgresql/42.7.3/postgresql-42.7.3.jar
Progress (2): 4.6/12 MB | 3.5/4.2 MB
Progress (2): 4.7/12 MB | 3.5/4.2 MB
Progress (2): 4.7/12 MB | 3.5/4.2 MB
Progress (2): 4.7/12 MB | 3.5/4.2 MB
Progress (3): 4.7/12 MB | 3.5/4.2 MB | 7.7/69 kB
Progress (3): 4.7/12 MB | 3.5/4.2 MB | 16/69 kB 
Progress (3): 4.7/12 MB | 3.5/4.2 MB | 16/69 kB
Progress (3): 4.7/12 MB | 3.5/4.2 MB | 16/69 kB
Progress (3): 4.7/12 MB | 3.5/4.2 MB | 16/69 kB
Progress (3): 4.7/12 MB | 3.5/4.2 MB | 32/69 kB
Progress (3): 4.7/12 MB | 3.5/4.2 MB | 32/69 kB
Progress (3): 4.7/12 MB | 3.5/4.2 MB | 48/69 kB
Progress (3): 4.7/12 MB | 3.5/4.2 MB | 48/69 kB
Progress (3): 4.7/12 MB | 3.5/4.2 MB | 65/69 kB
Progress (3): 4.7/12 MB | 3.5/4.2 MB | 69 kB   
Progress (3): 4.7/12 MB | 3.5/4.2 MB | 69 kB
                                            
Downloaded from central: https://repo.maven.apache.org/maven2/org/slf4j/slf4j-api/2.0.13/slf4j-api-2.0.13.jar (69 kB at 63 kB/s)
Downloading from central: https://repo.maven.apache.org/maven2/org/checkerframework/checker-qual/3.42.0/checker-qual-3.42.0.jar
Progress (2): 4.7/12 MB | 3.5/4.2 MB
Progress (2): 4.7/12 MB | 3.5/4.2 MB
Progress (2): 4.7/12 MB | 3.5/4.2 MB
Progress (2): 4.7/12 MB | 3.6/4.2 MB
Progress (2): 4.8/12 MB | 3.6/4.2 MB
Progress (2): 4.8/12 MB | 3.6/4.2 MB
Progress (2): 4.8/12 MB | 3.6/4.2 MB
Progress (2): 4.8/12 MB | 3.6/4.2 MB
Progress (3): 4.8/12 MB | 3.6/4.2 MB | 7.7/50 kB
Progress (3): 4.8/12 MB | 3.6/4.2 MB | 16/50 kB 
Progress (3): 4.8/12 MB | 3.6/4.2 MB | 16/50 kB
Progress (3): 4.8/12 MB | 3.6/4.2 MB | 16/50 kB
Progress (3): 4.8/12 MB | 3.6/4.2 MB | 16/50 kB
Progress (3): 4.8/12 MB | 3.6/4.2 MB | 16/50 kB
Progress (3): 4.8/12 MB | 3.6/4.2 MB | 32/50 kB
Progress (3): 4.8/12 MB | 3.6/4.2 MB | 32/50 kB
Progress (3): 4.8/12 MB | 3.6/4.2 MB | 32/50 kB
Progress (3): 4.8/12 MB | 3.6/4.2 MB | 49/50 kB
Progress (3): 4.8/12 MB | 3.6/4.2 MB | 50 kB   
Progress (3): 4.8/12 MB | 3.7/4.2 MB | 50 kB
                                            
Downloaded from central: https://repo.maven.apache.org/maven2/org/springframework/spring-aspects/6.1.8/spring-aspects-6.1.8.jar (50 kB at 45 kB/s)
Downloading from central: https://repo.maven.apache.org/maven2/org/springframework/boot/spring-boot-starter-validation/3.3.0/spring-boot-starter-validation-3.3.0.jar
Progress (2): 4.8/12 MB | 3.7/4.2 MB
Progress (2): 4.8/12 MB | 3.7/4.2 MB
Progress (2): 4.8/12 MB | 3.7/4.2 MB
Progress (2): 4.8/12 MB | 3.7/4.2 MB
Progress (2): 4.9/12 MB | 3.7/4.2 MB
Progress (2): 4.9/12 MB | 3.7/4.2 MB
Progress (2): 4.9/12 MB | 3.7/4.2 MB
Progress (2): 4.9/12 MB | 3.7/4.2 MB
Progress (2): 4.9/12 MB | 3.7/4.2 MB
Progress (2): 4.9/12 MB | 3.7/4.2 MB
Progress (2): 4.9/12 MB | 3.8/4.2 MB
Progress (2): 4.9/12 MB | 3.8/4.2 MB
Progress (2): 4.9/12 MB | 3.8/4.2 MB
Progress (2): 4.9/12 MB | 3.8/4.2 MB
Progress (2): 4.9/12 MB | 3.8/4.2 MB
Progress (2): 4.9/12 MB | 3.8/4.2 MB
Progress (2): 4.9/12 MB | 3.8/4.2 MB
Progress (2): 4.9/12 MB | 3.8/4.2 MB
Progress (2): 4.9/12 MB | 3.9/4.2 MB
Progress (2): 4.9/12 MB | 3.9/4.2 MB
Progress (2): 5.0/12 MB | 3.9/4.2 MB
Progress (2): 5.0/12 MB | 3.9/4.2 MB
Progress (2): 5.0/12 MB | 3.9/4.2 MB
Progress (2): 5.0/12 MB | 3.9/4.2 MB
Progress (2): 5.0/12 MB | 3.9/4.2 MB
Progress (2): 5.0/12 MB | 3.9/4.2 MB
Progress (2): 5.0/12 MB | 3.9/4.2 MB
Progress (2): 5.0/12 MB | 4.0/4.2 MB
Progress (2): 5.0/12 MB | 4.0/4.2 MB
Progress (2): 5.0/12 MB | 4.0/4.2 MB
Progress (3): 5.0/12 MB | 4.0/4.2 MB | 0/1.1 MB
Progress (3): 5.0/12 MB | 4.0/4.2 MB | 0/1.1 MB
Progress (3): 5.0/12 MB | 4.0/4.2 MB | 0/1.1 MB
Progress (3): 5.0/12 MB | 4.0/4.2 MB | 0/1.1 MB
Progress (4): 5.0/12 MB | 4.0/4.2 MB | 0/1.1 MB | 7.7/231 kB
Progress (4): 5.0/12 MB | 4.0/4.2 MB | 0/1.1 MB | 16/231 kB 
Progress (4): 5.0/12 MB | 4.0/4.2 MB | 0/1.1 MB | 16/231 kB
Progress (4): 5.0/12 MB | 4.0/4.2 MB | 0/1.1 MB | 16/231 kB
Progress (4): 5.0/12 MB | 4.0/4.2 MB | 0/1.1 MB | 16/231 kB
Progress (4): 5.0/12 MB | 4.0/4.2 MB | 0/1.1 MB | 25/231 kB
Progress (4): 5.0/12 MB | 4.0/4.2 MB | 0/1.1 MB | 41/231 kB
Progress (4): 5.0/12 MB | 4.0/4.2 MB | 0/1.1 MB | 41/231 kB
Progress (4): 5.0/12 MB | 4.0/4.2 MB | 0/1.1 MB | 41/231 kB
Progress (4): 5.0/12 MB | 4.0/4.2 MB | 0/1.1 MB | 57/231 kB
Progress (4): 5.0/12 MB | 4.0/4.2 MB | 0/1.1 MB | 57/231 kB
Progress (4): 5.0/12 MB | 4.0/4.2 MB | 0.1/1.1 MB | 57/231 kB
Progress (4): 5.0/12 MB | 4.0/4.2 MB | 0.1/1.1 MB | 57/231 kB
Progress (4): 5.0/12 MB | 4.0/4.2 MB | 0.1/1.1 MB | 74/231 kB
Progress (4): 5.1/12 MB | 4.0/4.2 MB | 0.1/1.1 MB | 74/231 kB
Progress (4): 5.1/12 MB | 4.1/4.2 MB | 0.1/1.1 MB | 74/231 kB
Progress (4): 5.1/12 MB | 4.1/4.2 MB | 0.1/1.1 MB | 90/231 kB
Progress (4): 5.1/12 MB | 4.1/4.2 MB | 0.1/1.1 MB | 90/231 kB
Progress (4): 5.1/12 MB | 4.1/4.2 MB | 0.1/1.1 MB | 106/231 kB
Progress (4): 5.1/12 MB | 4.1/4.2 MB | 0.1/1.1 MB | 106/231 kB
Progress (4): 5.1/12 MB | 4.1/4.2 MB | 0.1/1.1 MB | 106/231 kB
Progress (4): 5.1/12 MB | 4.1/4.2 MB | 0.1/1.1 MB | 123/231 kB
Progress (4): 5.1/12 MB | 4.1/4.2 MB | 0.1/1.1 MB | 123/231 kB
Progress (4): 5.1/12 MB | 4.1/4.2 MB | 0.1/1.1 MB | 123/231 kB
Progress (4): 5.1/12 MB | 4.1/4.2 MB | 0.1/1.1 MB | 139/231 kB
Progress (4): 5.1/12 MB | 4.1/4.2 MB | 0.1/1.1 MB | 139/231 kB
Progress (4): 5.1/12 MB | 4.1/4.2 MB | 0.1/1.1 MB | 139/231 kB
Progress (4): 5.1/12 MB | 4.1/4.2 MB | 0.1/1.1 MB | 139/231 kB
Progress (4): 5.1/12 MB | 4.1/4.2 MB | 0.1/1.1 MB | 139/231 kB
Progress (5): 5.1/12 MB | 4.1/4.2 MB | 0.1/1.1 MB | 139/231 kB | 4.8 kB
                                                                       
Downloaded from central: https://repo.maven.apache.org/maven2/org/springframework/boot/spring-boot-starter-validation/3.3.0/spring-boot-starter-validation-3.3.0.jar (4.8 kB at 4.2 kB/s)
Downloading from central: https://repo.maven.apache.org/maven2/org/apache/tomcat/embed/tomcat-embed-el/10.1.24/tomcat-embed-el-10.1.24.jar
Progress (4): 5.1/12 MB | 4.1/4.2 MB | 0.1/1.1 MB | 139/231 kB
Progress (4): 5.1/12 MB | 4.1/4.2 MB | 0.1/1.1 MB | 139/231 kB
Progress (4): 5.1/12 MB | 4.1/4.2 MB | 0.1/1.1 MB | 156/231 kB
Progress (4): 5.1/12 MB | 4.1/4.2 MB | 0.1/1.1 MB | 156/231 kB
Progress (4): 5.1/12 MB | 4.1/4.2 MB | 0.1/1.1 MB | 156/231 kB
Progress (4): 5.1/12 MB | 4.1/4.2 MB | 0.1/1.1 MB | 156/231 kB
Progress (4): 5.1/12 MB | 4.1/4.2 MB | 0.1/1.1 MB | 172/231 kB
Progress (4): 5.1/12 MB | 4.1/4.2 MB | 0.2/1.1 MB | 172/231 kB
Progress (4): 5.1/12 MB | 4.1/4.2 MB | 0.2/1.1 MB | 172/231 kB
Progress (4): 5.1/12 MB | 4.1/4.2 MB | 0.2/1.1 MB | 188/231 kB
Progress (4): 5.1/12 MB | 4.1/4.2 MB | 0.2/1.1 MB | 188/231 kB
Progress (4): 5.1/12 MB | 4.2/4.2 MB | 0.2/1.1 MB | 188/231 kB
Progress (4): 5.1/12 MB | 4.2/4.2 MB | 0.2/1.1 MB | 205/231 kB
Progress (4): 5.1/12 MB | 4.2/4.2 MB | 0.2/1.1 MB | 205/231 kB
Progress (4): 5.1/12 MB | 4.2/4.2 MB | 0.2/1.1 MB | 205/231 kB
Progress (4): 5.1/12 MB | 4.2/4.2 MB | 0.2/1.1 MB | 205/231 kB
Progress (4): 5.1/12 MB | 4.2/4.2 MB | 0.2/1.1 MB | 221/231 kB
Progress (4): 5.1/12 MB | 4.2/4.2 MB | 0.2/1.1 MB | 221/231 kB
Progress (4): 5.2/12 MB | 4.2/4.2 MB | 0.2/1.1 MB | 221/231 kB
Progress (4): 5.2/12 MB | 4.2/4.2 MB | 0.2/1.1 MB | 221/231 kB
Progress (4): 5.2/12 MB | 4.2/4.2 MB | 0.2/1.1 MB | 221/231 kB
Progress (4): 5.2/12 MB | 4.2/4.2 MB | 0.3/1.1 MB | 221/231 kB
Progress (4): 5.2/12 MB | 4.2/4.2 MB | 0.3/1.1 MB | 221/231 kB
Progress (4): 5.2/12 MB | 4.2/4.2 MB | 0.3/1.1 MB | 221/231 kB
Progress (4): 5.2/12 MB | 4.2/4.2 MB | 0.3/1.1 MB | 221/231 kB
Progress (4): 5.2/12 MB | 4.2/4.2 MB | 0.3/1.1 MB | 221/231 kB
Progress (4): 5.2/12 MB | 4.2/4.2 MB | 0.3/1.1 MB | 231 kB    
                                                          
Downloaded from central: https://repo.maven.apache.org/maven2/org/checkerframework/checker-qual/3.42.0/checker-qual-3.42.0.jar (231 kB at 201 kB/s)
Downloading from central: https://repo.maven.apache.org/maven2/org/hibernate/validator/hibernate-validator/8.0.1.Final/hibernate-validator-8.0.1.Final.jar
Progress (3): 5.2/12 MB | 4.2/4.2 MB | 0.3/1.1 MB
Progress (3): 5.2/12 MB | 4.2/4.2 MB | 0.3/1.1 MB
Progress (3): 5.2/12 MB | 4.2/4.2 MB | 0.3/1.1 MB
Progress (3): 5.2/12 MB | 4.2/4.2 MB | 0.3/1.1 MB
Progress (3): 5.2/12 MB | 4.2/4.2 MB | 0.3/1.1 MB
Progress (3): 5.2/12 MB | 4.2/4.2 MB | 0.3/1.1 MB
Progress (3): 5.2/12 MB | 4.2 MB | 0.3/1.1 MB    
Progress (3): 5.2/12 MB | 4.2 MB | 0.3/1.1 MB
                                             
Downloaded from central: https://repo.maven.apache.org/maven2/net/bytebuddy/byte-buddy/1.14.16/byte-buddy-1.14.16.jar (4.2 MB at 3.7 MB/s)
Downloading from central: https://repo.maven.apache.org/maven2/jakarta/validation/jakarta.validation-api/3.0.2/jakarta.validation-api-3.0.2.jar
Progress (2): 5.2/12 MB | 0.4/1.1 MB
Progress (2): 5.2/12 MB | 0.4/1.1 MB
Progress (2): 5.2/12 MB | 0.4/1.1 MB
Progress (2): 5.2/12 MB | 0.4/1.1 MB
Progress (2): 5.2/12 MB | 0.4/1.1 MB
Progress (2): 5.2/12 MB | 0.4/1.1 MB
Progress (2): 5.2/12 MB | 0.4/1.1 MB
Progress (2): 5.3/12 MB | 0.4/1.1 MB
Progress (2): 5.3/12 MB | 0.5/1.1 MB
Progress (2): 5.3/12 MB | 0.5/1.1 MB
Progress (2): 5.3/12 MB | 0.5/1.1 MB
Progress (2): 5.3/12 MB | 0.5/1.1 MB
Progress (2): 5.3/12 MB | 0.5/1.1 MB
Progress (2): 5.3/12 MB | 0.5/1.1 MB
Progress (2): 5.3/12 MB | 0.5/1.1 MB
Progress (2): 5.3/12 MB | 0.5/1.1 MB
Progress (2): 5.3/12 MB | 0.5/1.1 MB
Progress (2): 5.3/12 MB | 0.6/1.1 MB
Progress (2): 5.3/12 MB | 0.6/1.1 MB
Progress (2): 5.3/12 MB | 0.6/1.1 MB
Progress (2): 5.3/12 MB | 0.6/1.1 MB
Progress (2): 5.3/12 MB | 0.6/1.1 MB
Progress (2): 5.3/12 MB | 0.6/1.1 MB
Progress (2): 5.3/12 MB | 0.6/1.1 MB
Progress (2): 5.4/12 MB | 0.6/1.1 MB
Progress (2): 5.4/12 MB | 0.6/1.1 MB
Progress (2): 5.4/12 MB | 0.6/1.1 MB
Progress (2): 5.4/12 MB | 0.6/1.1 MB
Progress (2): 5.4/12 MB | 0.7/1.1 MB
Progress (2): 5.4/12 MB | 0.7/1.1 MB
Progress (2): 5.4/12 MB | 0.7/1.1 MB
Progress (2): 5.4/12 MB | 0.7/1.1 MB
Progress (2): 5.4/12 MB | 0.7/1.1 MB
Progress (2): 5.4/12 MB | 0.7/1.1 MB
Progress (2): 5.4/12 MB | 0.7/1.1 MB
Progress (2): 5.4/12 MB | 0.7/1.1 MB
Progress (2): 5.4/12 MB | 0.7/1.1 MB
Progress (2): 5.4/12 MB | 0.7/1.1 MB
Progress (2): 5.5/12 MB | 0.7/1.1 MB
Progress (2): 5.5/12 MB | 0.7/1.1 MB
Progress (3): 5.5/12 MB | 0.7/1.1 MB | 7.7/261 kB
Progress (3): 5.5/12 MB | 0.7/1.1 MB | 16/261 kB 
Progress (3): 5.5/12 MB | 0.7/1.1 MB | 16/261 kB
Progress (3): 5.5/12 MB | 0.7/1.1 MB | 16/261 kB
Progress (3): 5.5/12 MB | 0.8/1.1 MB | 16/261 kB
Progress (3): 5.5/12 MB | 0.8/1.1 MB | 16/261 kB
Progress (3): 5.5/12 MB | 0.8/1.1 MB | 16/261 kB
Progress (3): 5.5/12 MB | 0.8/1.1 MB | 32/261 kB
Progress (3): 5.5/12 MB | 0.8/1.1 MB | 32/261 kB
Progress (3): 5.5/12 MB | 0.8/1.1 MB | 49/261 kB
Progress (3): 5.5/12 MB | 0.8/1.1 MB | 49/261 kB
Progress (3): 5.5/12 MB | 0.8/1.1 MB | 49/261 kB
Progress (3): 5.5/12 MB | 0.8/1.1 MB | 65/261 kB
Progress (3): 5.5/12 MB | 0.8/1.1 MB | 65/261 kB
Progress (3): 5.6/12 MB | 0.8/1.1 MB | 65/261 kB
Progress (3): 5.6/12 MB | 0.8/1.1 MB | 65/261 kB
Progress (3): 5.6/12 MB | 0.8/1.1 MB | 65/261 kB
Progress (3): 5.6/12 MB | 0.8/1.1 MB | 65/261 kB
Progress (3): 5.6/12 MB | 0.8/1.1 MB | 81/261 kB
Progress (4): 5.6/12 MB | 0.8/1.1 MB | 81/261 kB | 0/1.3 MB
Progress (4): 5.6/12 MB | 0.8/1.1 MB | 81/261 kB | 0/1.3 MB
Progress (4): 5.6/12 MB | 0.8/1.1 MB | 81/261 kB | 0/1.3 MB
Progress (4): 5.6/12 MB | 0.8/1.1 MB | 81/261 kB | 0/1.3 MB
Progress (5): 5.6/12 MB | 0.8/1.1 MB | 81/261 kB | 0/1.3 MB | 7.7/93 kB
Progress (5): 5.6/12 MB | 0.8/1.1 MB | 81/261 kB | 0/1.3 MB | 16/93 kB 
Progress (5): 5.6/12 MB | 0.8/1.1 MB | 81/261 kB | 0/1.3 MB | 16/93 kB
Progress (5): 5.6/12 MB | 0.8/1.1 MB | 98/261 kB | 0/1.3 MB | 16/93 kB
Progress (5): 5.6/12 MB | 0.8/1.1 MB | 98/261 kB | 0/1.3 MB | 16/93 kB
Progress (5): 5.6/12 MB | 0.8/1.1 MB | 98/261 kB | 0/1.3 MB | 25/93 kB
Progress (5): 5.6/12 MB | 0.8/1.1 MB | 114/261 kB | 0/1.3 MB | 25/93 kB
Progress (5): 5.6/12 MB | 0.8/1.1 MB | 114/261 kB | 0/1.3 MB | 25/93 kB
Progress (5): 5.6/12 MB | 0.8/1.1 MB | 114/261 kB | 0/1.3 MB | 41/93 kB
Progress (5): 5.6/12 MB | 0.9/1.1 MB | 114/261 kB | 0/1.3 MB | 41/93 kB
Progress (5): 5.6/12 MB | 0.9/1.1 MB | 114/261 kB | 0/1.3 MB | 41/93 kB
Progress (5): 5.6/12 MB | 0.9/1.1 MB | 114/261 kB | 0/1.3 MB | 41/93 kB
Progress (5): 5.6/12 MB | 0.9/1.1 MB | 131/261 kB | 0/1.3 MB | 41/93 kB
Progress (5): 5.6/12 MB | 0.9/1.1 MB | 131/261 kB | 0/1.3 MB | 57/93 kB
Progress (5): 5.6/12 MB | 0.9/1.1 MB | 147/261 kB | 0/1.3 MB | 57/93 kB
Progress (5): 5.6/12 MB | 0.9/1.1 MB | 147/261 kB | 0/1.3 MB | 74/93 kB
Progress (5): 5.6/12 MB | 0.9/1.1 MB | 147/261 kB | 0/1.3 MB | 74/93 kB
Progress (5): 5.6/12 MB | 0.9/1.1 MB | 147/261 kB | 0.1/1.3 MB | 74/93 kB
Progress (5): 5.6/12 MB | 0.9/1.1 MB | 163/261 kB | 0.1/1.3 MB | 74/93 kB
Progress (5): 5.7/12 MB | 0.9/1.1 MB | 163/261 kB | 0.1/1.3 MB | 74/93 kB
Progress (5): 5.7/12 MB | 0.9/1.1 MB | 163/261 kB | 0.1/1.3 MB | 74/93 kB
Progress (5): 5.7/12 MB | 0.9/1.1 MB | 163/261 kB | 0.1/1.3 MB | 74/93 kB
Progress (5): 5.7/12 MB | 0.9/1.1 MB | 180/261 kB | 0.1/1.3 MB | 74/93 kB
Progress (5): 5.7/12 MB | 0.9/1.1 MB | 180/261 kB | 0.1/1.3 MB | 90/93 kB
Progress (5): 5.7/12 MB | 0.9/1.1 MB | 180/261 kB | 0.1/1.3 MB | 93 kB   
Progress (5): 5.7/12 MB | 0.9/1.1 MB | 196/261 kB | 0.1/1.3 MB | 93 kB
                                                                      
Downloaded from central: https://repo.maven.apache.org/maven2/jakarta/validation/jakarta.validation-api/3.0.2/jakarta.validation-api-3.0.2.jar (93 kB at 78 kB/s)
Downloading from central: https://repo.maven.apache.org/maven2/io/jsonwebtoken/jjwt-api/0.11.5/jjwt-api-0.11.5.jar
Progress (4): 5.7/12 MB | 0.9/1.1 MB | 196/261 kB | 0.1/1.3 MB
Progress (4): 5.7/12 MB | 0.9/1.1 MB | 213/261 kB | 0.1/1.3 MB
Progress (4): 5.7/12 MB | 0.9/1.1 MB | 229/261 kB | 0.1/1.3 MB
Progress (4): 5.7/12 MB | 0.9/1.1 MB | 245/261 kB | 0.1/1.3 MB
Progress (4): 5.7/12 MB | 0.9/1.1 MB | 245/261 kB | 0.1/1.3 MB
Progress (4): 5.7/12 MB | 0.9/1.1 MB | 245/261 kB | 0.1/1.3 MB
Progress (4): 5.7/12 MB | 0.9/1.1 MB | 245/261 kB | 0.1/1.3 MB
Progress (4): 5.7/12 MB | 0.9/1.1 MB | 245/261 kB | 0.1/1.3 MB
Progress (4): 5.7/12 MB | 0.9/1.1 MB | 261 kB | 0.1/1.3 MB    
Progress (4): 5.7/12 MB | 0.9/1.1 MB | 261 kB | 0.1/1.3 MB
                                                          
Downloaded from central: https://repo.maven.apache.org/maven2/org/apache/tomcat/embed/tomcat-embed-el/10.1.24/tomcat-embed-el-10.1.24.jar (261 kB at 217 kB/s)
Progress (3): 5.7/12 MB | 0.9/1.1 MB | 0.1/1.3 MB
                                                 
Downloading from central: https://repo.maven.apache.org/maven2/io/jsonwebtoken/jjwt-impl/0.11.5/jjwt-impl-0.11.5.jar
Progress (3): 5.7/12 MB | 0.9/1.1 MB | 0.1/1.3 MB
Progress (3): 5.7/12 MB | 0.9/1.1 MB | 0.1/1.3 MB
Progress (3): 5.7/12 MB | 0.9/1.1 MB | 0.2/1.3 MB
Progress (3): 5.7/12 MB | 0.9/1.1 MB | 0.2/1.3 MB
Progress (3): 5.7/12 MB | 0.9/1.1 MB | 0.2/1.3 MB
Progress (3): 5.7/12 MB | 0.9/1.1 MB | 0.2/1.3 MB
Progress (3): 5.7/12 MB | 0.9/1.1 MB | 0.2/1.3 MB
Progress (3): 5.7/12 MB | 0.9/1.1 MB | 0.2/1.3 MB
Progress (3): 5.8/12 MB | 0.9/1.1 MB | 0.2/1.3 MB
Progress (3): 5.8/12 MB | 1.0/1.1 MB | 0.2/1.3 MB
Progress (3): 5.8/12 MB | 1.0/1.1 MB | 0.2/1.3 MB
Progress (3): 5.8/12 MB | 1.0/1.1 MB | 0.2/1.3 MB
Progress (3): 5.8/12 MB | 1.0/1.1 MB | 0.2/1.3 MB
Progress (3): 5.8/12 MB | 1.0/1.1 MB | 0.2/1.3 MB
Progress (3): 5.8/12 MB | 1.0/1.1 MB | 0.2/1.3 MB
Progress (3): 5.8/12 MB | 1.0/1.1 MB | 0.2/1.3 MB
Progress (3): 5.8/12 MB | 1.0/1.1 MB | 0.2/1.3 MB
Progress (3): 5.8/12 MB | 1.0/1.1 MB | 0.2/1.3 MB
Progress (3): 5.8/12 MB | 1.0/1.1 MB | 0.2/1.3 MB
Progress (3): 5.8/12 MB | 1.0/1.1 MB | 0.2/1.3 MB
Progress (3): 5.8/12 MB | 1.0/1.1 MB | 0.2/1.3 MB
Progress (3): 5.8/12 MB | 1.0/1.1 MB | 0.2/1.3 MB
Progress (3): 5.9/12 MB | 1.0/1.1 MB | 0.2/1.3 MB
Progress (3): 5.9/12 MB | 1.0/1.1 MB | 0.2/1.3 MB
Progress (3): 5.9/12 MB | 1.0/1.1 MB | 0.2/1.3 MB
Progress (3): 5.9/12 MB | 1.0/1.1 MB | 0.2/1.3 MB
Progress (3): 5.9/12 MB | 1.0/1.1 MB | 0.2/1.3 MB
Progress (3): 5.9/12 MB | 1.1/1.1 MB | 0.2/1.3 MB
Progress (3): 5.9/12 MB | 1.1/1.1 MB | 0.3/1.3 MB
Progress (3): 5.9/12 MB | 1.1/1.1 MB | 0.3/1.3 MB
Progress (3): 5.9/12 MB | 1.1 MB | 0.3/1.3 MB    
Progress (3): 5.9/12 MB | 1.1 MB | 0.3/1.3 MB
                                             
Downloaded from central: https://repo.maven.apache.org/maven2/org/postgresql/postgresql/42.7.3/postgresql-42.7.3.jar (1.1 MB at 886 kB/s)
Downloading from central: https://repo.maven.apache.org/maven2/io/jsonwebtoken/jjwt-jackson/0.11.5/jjwt-jackson-0.11.5.jar
Progress (2): 5.9/12 MB | 0.3/1.3 MB
Progress (3): 5.9/12 MB | 0.3/1.3 MB | 7.7/77 kB
Progress (3): 5.9/12 MB | 0.3/1.3 MB | 16/77 kB 
Progress (3): 5.9/12 MB | 0.3/1.3 MB | 16/77 kB
Progress (3): 5.9/12 MB | 0.3/1.3 MB | 16/77 kB
Progress (3): 5.9/12 MB | 0.3/1.3 MB | 16/77 kB
Progress (3): 5.9/12 MB | 0.3/1.3 MB | 16/77 kB
Progress (3): 6.0/12 MB | 0.3/1.3 MB | 16/77 kB
Progress (3): 6.0/12 MB | 0.3/1.3 MB | 16/77 kB
Progress (3): 6.0/12 MB | 0.3/1.3 MB | 16/77 kB
Progress (3): 6.0/12 MB | 0.3/1.3 MB | 16/77 kB
Progress (3): 6.0/12 MB | 0.3/1.3 MB | 32/77 kB
Progress (3): 6.0/12 MB | 0.3/1.3 MB | 32/77 kB
Progress (3): 6.0/12 MB | 0.3/1.3 MB | 32/77 kB
Progress (3): 6.0/12 MB | 0.3/1.3 MB | 49/77 kB
Progress (3): 6.0/12 MB | 0.3/1.3 MB | 49/77 kB
Progress (3): 6.0/12 MB | 0.3/1.3 MB | 49/77 kB
Progress (3): 6.0/12 MB | 0.3/1.3 MB | 65/77 kB
Progress (3): 6.0/12 MB | 0.3/1.3 MB | 65/77 kB
Progress (3): 6.0/12 MB | 0.3/1.3 MB | 77 kB   
Progress (3): 6.0/12 MB | 0.4/1.3 MB | 77 kB
                                            
Downloaded from central: https://repo.maven.apache.org/maven2/io/jsonwebtoken/jjwt-api/0.11.5/jjwt-api-0.11.5.jar (77 kB at 63 kB/s)
Downloading from central: https://repo.maven.apache.org/maven2/com/fasterxml/jackson/core/jackson-databind/2.17.1/jackson-databind-2.17.1.jar
Progress (2): 6.1/12 MB | 0.4/1.3 MB
Progress (2): 6.1/12 MB | 0.4/1.3 MB
Progress (2): 6.1/12 MB | 0.4/1.3 MB
Progress (3): 6.1/12 MB | 0.4/1.3 MB | 7.7/81 kB
Progress (3): 6.1/12 MB | 0.4/1.3 MB | 12/81 kB 
Progress (3): 6.1/12 MB | 0.4/1.3 MB | 12/81 kB
Progress (3): 6.1/12 MB | 0.4/1.3 MB | 28/81 kB
Progress (3): 6.1/12 MB | 0.4/1.3 MB | 44/81 kB
Progress (3): 6.1/12 MB | 0.4/1.3 MB | 44/81 kB
Progress (3): 6.1/12 MB | 0.4/1.3 MB | 44/81 kB
Progress (3): 6.1/12 MB | 0.4/1.3 MB | 61/81 kB
Progress (3): 6.1/12 MB | 0.4/1.3 MB | 61/81 kB
Progress (3): 6.1/12 MB | 0.4/1.3 MB | 61/81 kB
Progress (3): 6.1/12 MB | 0.4/1.3 MB | 77/81 kB
Progress (3): 6.1/12 MB | 0.4/1.3 MB | 81 kB   
Progress (3): 6.1/12 MB | 0.4/1.3 MB | 81 kB
                                            
Downloaded from central: https://repo.maven.apache.org/maven2/io/jsonwebtoken/jjwt-impl/0.11.5/jjwt-impl-0.11.5.jar (81 kB at 65 kB/s)
Downloading from central: https://repo.maven.apache.org/maven2/com/fasterxml/jackson/core/jackson-annotations/2.17.1/jackson-annotations-2.17.1.jar
Progress (2): 6.1/12 MB | 0.4/1.3 MB
Progress (2): 6.1/12 MB | 0.4/1.3 MB
Progress (2): 6.2/12 MB | 0.4/1.3 MB
Progress (2): 6.2/12 MB | 0.5/1.3 MB
Progress (2): 6.2/12 MB | 0.5/1.3 MB
Progress (2): 6.2/12 MB | 0.5/1.3 MB
Progress (2): 6.2/12 MB | 0.5/1.3 MB
Progress (2): 6.2/12 MB | 0.5/1.3 MB
Progress (2): 6.2/12 MB | 0.5/1.3 MB
Progress (2): 6.2/12 MB | 0.5/1.3 MB
Progress (2): 6.2/12 MB | 0.5/1.3 MB
Progress (2): 6.2/12 MB | 0.5/1.3 MB
Progress (2): 6.2/12 MB | 0.5/1.3 MB
Progress (2): 6.2/12 MB | 0.5/1.3 MB
Progress (2): 6.2/12 MB | 0.6/1.3 MB
Progress (2): 6.2/12 MB | 0.6/1.3 MB
Progress (2): 6.3/12 MB | 0.6/1.3 MB
Progress (2): 6.3/12 MB | 0.6/1.3 MB
Progress (2): 6.3/12 MB | 0.6/1.3 MB
Progress (2): 6.3/12 MB | 0.6/1.3 MB
Progress (2): 6.3/12 MB | 0.6/1.3 MB
Progress (2): 6.3/12 MB | 0.6/1.3 MB
Progress (2): 6.3/12 MB | 0.6/1.3 MB
Progress (2): 6.3/12 MB | 0.6/1.3 MB
Progress (2): 6.3/12 MB | 0.6/1.3 MB
Progress (2): 6.4/12 MB | 0.6/1.3 MB
Progress (2): 6.4/12 MB | 0.6/1.3 MB
Progress (2): 6.4/12 MB | 0.6/1.3 MB
Progress (2): 6.4/12 MB | 0.6/1.3 MB
Progress (2): 6.4/12 MB | 0.7/1.3 MB
Progress (2): 6.4/12 MB | 0.7/1.3 MB
Progress (2): 6.4/12 MB | 0.7/1.3 MB
Progress (2): 6.4/12 MB | 0.7/1.3 MB
Progress (3): 6.4/12 MB | 0.7/1.3 MB | 7.7/8.2 kB
Progress (3): 6.4/12 MB | 0.7/1.3 MB | 7.7/8.2 kB
Progress (3): 6.4/12 MB | 0.7/1.3 MB | 8.2 kB    
                                             
Downloaded from central: https://repo.maven.apache.org/maven2/io/jsonwebtoken/jjwt-jackson/0.11.5/jjwt-jackson-0.11.5.jar (8.2 kB at 6.5 kB/s)
Downloading from central: https://repo.maven.apache.org/maven2/com/fasterxml/jackson/core/jackson-core/2.17.1/jackson-core-2.17.1.jar
Progress (2): 6.4/12 MB | 0.7/1.3 MB
Progress (2): 6.4/12 MB | 0.7/1.3 MB
Progress (2): 6.4/12 MB | 0.7/1.3 MB
Progress (3): 6.4/12 MB | 0.7/1.3 MB | 0/1.6 MB
Progress (3): 6.4/12 MB | 0.7/1.3 MB | 0/1.6 MB
Progress (3): 6.4/12 MB | 0.7/1.3 MB | 0/1.6 MB
Progress (3): 6.4/12 MB | 0.7/1.3 MB | 0/1.6 MB
Progress (3): 6.4/12 MB | 0.8/1.3 MB | 0/1.6 MB
Progress (3): 6.5/12 MB | 0.8/1.3 MB | 0/1.6 MB
Progress (3): 6.5/12 MB | 0.8/1.3 MB | 0/1.6 MB
Progress (3): 6.5/12 MB | 0.8/1.3 MB | 0/1.6 MB
Progress (3): 6.5/12 MB | 0.8/1.3 MB | 0/1.6 MB
Progress (3): 6.5/12 MB | 0.8/1.3 MB | 0/1.6 MB
Progress (3): 6.5/12 MB | 0.8/1.3 MB | 0/1.6 MB
Progress (3): 6.5/12 MB | 0.8/1.3 MB | 0/1.6 MB
Progress (3): 6.5/12 MB | 0.8/1.3 MB | 0.1/1.6 MB
Progress (3): 6.5/12 MB | 0.8/1.3 MB | 0.1/1.6 MB
Progress (3): 6.5/12 MB | 0.8/1.3 MB | 0.1/1.6 MB
Progress (3): 6.5/12 MB | 0.8/1.3 MB | 0.1/1.6 MB
Progress (3): 6.5/12 MB | 0.8/1.3 MB | 0.1/1.6 MB
Progress (3): 6.5/12 MB | 0.8/1.3 MB | 0.1/1.6 MB
Progress (3): 6.5/12 MB | 0.8/1.3 MB | 0.1/1.6 MB
Progress (3): 6.5/12 MB | 0.8/1.3 MB | 0.1/1.6 MB
Progress (3): 6.6/12 MB | 0.8/1.3 MB | 0.1/1.6 MB
Progress (3): 6.6/12 MB | 0.8/1.3 MB | 0.1/1.6 MB
Progress (3): 6.6/12 MB | 0.9/1.3 MB | 0.1/1.6 MB
Progress (3): 6.6/12 MB | 0.9/1.3 MB | 0.1/1.6 MB
Progress (3): 6.6/12 MB | 0.9/1.3 MB | 0.1/1.6 MB
Progress (3): 6.6/12 MB | 0.9/1.3 MB | 0.1/1.6 MB
Progress (3): 6.6/12 MB | 0.9/1.3 MB | 0.1/1.6 MB
Progress (3): 6.6/12 MB | 0.9/1.3 MB | 0.1/1.6 MB
Progress (3): 6.6/12 MB | 0.9/1.3 MB | 0.1/1.6 MB
Progress (3): 6.6/12 MB | 0.9/1.3 MB | 0.1/1.6 MB
Progress (3): 6.6/12 MB | 0.9/1.3 MB | 0.1/1.6 MB
Progress (3): 6.6/12 MB | 0.9/1.3 MB | 0.1/1.6 MB
Progress (3): 6.6/12 MB | 0.9/1.3 MB | 0.1/1.6 MB
Progress (3): 6.6/12 MB | 0.9/1.3 MB | 0.1/1.6 MB
Progress (4): 6.6/12 MB | 0.9/1.3 MB | 0.1/1.6 MB | 7.7/78 kB
Progress (4): 6.6/12 MB | 0.9/1.3 MB | 0.1/1.6 MB | 16/78 kB 
Progress (4): 6.6/12 MB | 0.9/1.3 MB | 0.1/1.6 MB | 16/78 kB
Progress (4): 6.6/12 MB | 0.9/1.3 MB | 0.1/1.6 MB | 16/78 kB
Progress (4): 6.6/12 MB | 0.9/1.3 MB | 0.2/1.6 MB | 16/78 kB
Progress (4): 6.6/12 MB | 1.0/1.3 MB | 0.2/1.6 MB | 16/78 kB
Progress (4): 6.7/12 MB | 1.0/1.3 MB | 0.2/1.6 MB | 16/78 kB
Progress (4): 6.7/12 MB | 1.0/1.3 MB | 0.2/1.6 MB | 16/78 kB
Progress (4): 6.7/12 MB | 1.0/1.3 MB | 0.2/1.6 MB | 32/78 kB
Progress (5): 6.7/12 MB | 1.0/1.3 MB | 0.2/1.6 MB | 32/78 kB | 7.7/582 kB
Progress (5): 6.7/12 MB | 1.0/1.3 MB | 0.2/1.6 MB | 32/78 kB | 12/582 kB 
Progress (5): 6.7/12 MB | 1.0/1.3 MB | 0.2/1.6 MB | 32/78 kB | 12/582 kB
Progress (5): 6.7/12 MB | 1.0/1.3 MB | 0.2/1.6 MB | 32/78 kB | 28/582 kB
Progress (5): 6.7/12 MB | 1.0/1.3 MB | 0.2/1.6 MB | 32/78 kB | 28/582 kB
Progress (5): 6.7/12 MB | 1.0/1.3 MB | 0.2/1.6 MB | 32/78 kB | 44/582 kB
Progress (5): 6.7/12 MB | 1.0/1.3 MB | 0.2/1.6 MB | 32/78 kB | 44/582 kB
Progress (5): 6.7/12 MB | 1.0/1.3 MB | 0.2/1.6 MB | 32/78 kB | 44/582 kB
Progress (5): 6.7/12 MB | 1.0/1.3 MB | 0.2/1.6 MB | 32/78 kB | 44/582 kB
Progress (5): 6.7/12 MB | 1.0/1.3 MB | 0.2/1.6 MB | 49/78 kB | 44/582 kB
Progress (5): 6.7/12 MB | 1.0/1.3 MB | 0.2/1.6 MB | 49/78 kB | 44/582 kB
Progress (5): 6.7/12 MB | 1.0/1.3 MB | 0.2/1.6 MB | 49/78 kB | 44/582 kB
Progress (5): 6.7/12 MB | 1.0/1.3 MB | 0.2/1.6 MB | 49/78 kB | 44/582 kB
Progress (5): 6.7/12 MB | 1.0/1.3 MB | 0.2/1.6 MB | 49/78 kB | 61/582 kB
Progress (5): 6.7/12 MB | 1.0/1.3 MB | 0.2/1.6 MB | 49/78 kB | 66/582 kB
Progress (5): 6.7/12 MB | 1.0/1.3 MB | 0.2/1.6 MB | 49/78 kB | 66/582 kB
Progress (5): 6.7/12 MB | 1.0/1.3 MB | 0.2/1.6 MB | 49/78 kB | 66/582 kB
Progress (5): 6.7/12 MB | 1.0/1.3 MB | 0.2/1.6 MB | 49/78 kB | 66/582 kB
Progress (5): 6.7/12 MB | 1.0/1.3 MB | 0.2/1.6 MB | 65/78 kB | 66/582 kB
Progress (5): 6.7/12 MB | 1.0/1.3 MB | 0.2/1.6 MB | 65/78 kB | 66/582 kB
Progress (5): 6.7/12 MB | 1.0/1.3 MB | 0.2/1.6 MB | 65/78 kB | 82/582 kB
Progress (5): 6.8/12 MB | 1.0/1.3 MB | 0.2/1.6 MB | 65/78 kB | 82/582 kB
Progress (5): 6.8/12 MB | 1.0/1.3 MB | 0.2/1.6 MB | 65/78 kB | 82/582 kB
Progress (5): 6.8/12 MB | 1.0/1.3 MB | 0.2/1.6 MB | 78 kB | 82/582 kB   
Progress (5): 6.8/12 MB | 1.0/1.3 MB | 0.2/1.6 MB | 78 kB | 82/582 kB
                                                                     
Downloaded from central: https://repo.maven.apache.org/maven2/com/fasterxml/jackson/core/jackson-annotations/2.17.1/jackson-annotations-2.17.1.jar (78 kB at 61 kB/s)
Downloading from central: https://repo.maven.apache.org/maven2/org/springframework/boot/spring-boot-starter-test/3.3.0/spring-boot-starter-test-3.3.0.jar
Progress (4): 6.8/12 MB | 1.0/1.3 MB | 0.2/1.6 MB | 82/582 kB
Progress (4): 6.8/12 MB | 1.0/1.3 MB | 0.3/1.6 MB | 82/582 kB
Progress (4): 6.8/12 MB | 1.0/1.3 MB | 0.3/1.6 MB | 82/582 kB
Progress (4): 6.8/12 MB | 1.1/1.3 MB | 0.3/1.6 MB | 82/582 kB
Progress (4): 6.8/12 MB | 1.1/1.3 MB | 0.3/1.6 MB | 82/582 kB
Progress (4): 6.8/12 MB | 1.1/1.3 MB | 0.3/1.6 MB | 98/582 kB
Progress (4): 6.8/12 MB | 1.1/1.3 MB | 0.3/1.6 MB | 98/582 kB
Progress (4): 6.8/12 MB | 1.1/1.3 MB | 0.3/1.6 MB | 98/582 kB
Progress (4): 6.8/12 MB | 1.1/1.3 MB | 0.3/1.6 MB | 98/582 kB
Progress (4): 6.8/12 MB | 1.1/1.3 MB | 0.3/1.6 MB | 98/582 kB
Progress (4): 6.8/12 MB | 1.1/1.3 MB | 0.3/1.6 MB | 98/582 kB
Progress (4): 6.8/12 MB | 1.1/1.3 MB | 0.3/1.6 MB | 98/582 kB
Progress (4): 6.8/12 MB | 1.1/1.3 MB | 0.3/1.6 MB | 115/582 kB
Progress (4): 6.8/12 MB | 1.1/1.3 MB | 0.3/1.6 MB | 131/582 kB
Progress (4): 6.8/12 MB | 1.1/1.3 MB | 0.3/1.6 MB | 131/582 kB
Progress (4): 6.8/12 MB | 1.1/1.3 MB | 0.3/1.6 MB | 147/582 kB
Progress (4): 6.8/12 MB | 1.1/1.3 MB | 0.3/1.6 MB | 147/582 kB
Progress (4): 6.8/12 MB | 1.1/1.3 MB | 0.3/1.6 MB | 147/582 kB
Progress (4): 6.8/12 MB | 1.1/1.3 MB | 0.3/1.6 MB | 147/582 kB
Progress (4): 6.8/12 MB | 1.1/1.3 MB | 0.3/1.6 MB | 164/582 kB
Progress (4): 6.8/12 MB | 1.1/1.3 MB | 0.3/1.6 MB | 164/582 kB
Progress (4): 6.8/12 MB | 1.1/1.3 MB | 0.3/1.6 MB | 164/582 kB
Progress (4): 6.8/12 MB | 1.1/1.3 MB | 0.3/1.6 MB | 164/582 kB
Progress (4): 6.8/12 MB | 1.1/1.3 MB | 0.3/1.6 MB | 164/582 kB
Progress (4): 6.8/12 MB | 1.1/1.3 MB | 0.4/1.6 MB | 164/582 kB
Progress (4): 6.8/12 MB | 1.2/1.3 MB | 0.4/1.6 MB | 164/582 kB
Progress (4): 6.8/12 MB | 1.2/1.3 MB | 0.4/1.6 MB | 164/582 kB
Progress (4): 6.8/12 MB | 1.2/1.3 MB | 0.4/1.6 MB | 164/582 kB
Progress (4): 6.9/12 MB | 1.2/1.3 MB | 0.4/1.6 MB | 164/582 kB
Progress (4): 6.9/12 MB | 1.2/1.3 MB | 0.4/1.6 MB | 180/582 kB
Progress (4): 6.9/12 MB | 1.2/1.3 MB | 0.4/1.6 MB | 180/582 kB
Progress (4): 6.9/12 MB | 1.2/1.3 MB | 0.4/1.6 MB | 180/582 kB
Progress (4): 6.9/12 MB | 1.2/1.3 MB | 0.4/1.6 MB | 180/582 kB
Progress (4): 6.9/12 MB | 1.2/1.3 MB | 0.4/1.6 MB | 180/582 kB
Progress (4): 6.9/12 MB | 1.2/1.3 MB | 0.4/1.6 MB | 180/582 kB
Progress (4): 6.9/12 MB | 1.2/1.3 MB | 0.4/1.6 MB | 197/582 kB
Progress (4): 6.9/12 MB | 1.2/1.3 MB | 0.4/1.6 MB | 197/582 kB
Progress (4): 6.9/12 MB | 1.2/1.3 MB | 0.4/1.6 MB | 197/582 kB
Progress (4): 6.9/12 MB | 1.2/1.3 MB | 0.4/1.6 MB | 197/582 kB
Progress (4): 6.9/12 MB | 1.2/1.3 MB | 0.4/1.6 MB | 213/582 kB
Progress (4): 6.9/12 MB | 1.2/1.3 MB | 0.4/1.6 MB | 213/582 kB
Progress (4): 6.9/12 MB | 1.2/1.3 MB | 0.4/1.6 MB | 213/582 kB
Progress (4): 6.9/12 MB | 1.2/1.3 MB | 0.4/1.6 MB | 213/582 kB
Progress (4): 6.9/12 MB | 1.2/1.3 MB | 0.4/1.6 MB | 229/582 kB
Progress (4): 6.9/12 MB | 1.2/1.3 MB | 0.4/1.6 MB | 229/582 kB
Progress (4): 6.9/12 MB | 1.2/1.3 MB | 0.4/1.6 MB | 246/582 kB
Progress (4): 6.9/12 MB | 1.3/1.3 MB | 0.4/1.6 MB | 246/582 kB
Progress (4): 6.9/12 MB | 1.3/1.3 MB | 0.4/1.6 MB | 246/582 kB
Progress (4): 7.0/12 MB | 1.3/1.3 MB | 0.4/1.6 MB | 246/582 kB
Progress (4): 7.0/12 MB | 1.3/1.3 MB | 0.4/1.6 MB | 246/582 kB
Progress (4): 7.0/12 MB | 1.3/1.3 MB | 0.4/1.6 MB | 246/582 kB
Progress (4): 7.0/12 MB | 1.3/1.3 MB | 0.4/1.6 MB | 246/582 kB
Progress (4): 7.0/12 MB | 1.3/1.3 MB | 0.5/1.6 MB | 246/582 kB
Progress (4): 7.0/12 MB | 1.3/1.3 MB | 0.5/1.6 MB | 246/582 kB
Progress (4): 7.0/12 MB | 1.3/1.3 MB | 0.5/1.6 MB | 246/582 kB
Progress (4): 7.0/12 MB | 1.3/1.3 MB | 0.5/1.6 MB | 262/582 kB
Progress (4): 7.0/12 MB | 1.3/1.3 MB | 0.5/1.6 MB | 262/582 kB
Progress (4): 7.0/12 MB | 1.3/1.3 MB | 0.5/1.6 MB | 279/582 kB
Progress (4): 7.0/12 MB | 1.3/1.3 MB | 0.5/1.6 MB | 279/582 kB
Progress (4): 7.0/12 MB | 1.3/1.3 MB | 0.5/1.6 MB | 279/582 kB
Progress (4): 7.0/12 MB | 1.3 MB | 0.5/1.6 MB | 279/582 kB    
Progress (4): 7.0/12 MB | 1.3 MB | 0.5/1.6 MB | 279/582 kB
                                                          
Downloaded from central: https://repo.maven.apache.org/maven2/org/hibernate/validator/hibernate-validator/8.0.1.Final/hibernate-validator-8.0.1.Final.jar (1.3 MB at 1000 kB/s)
Downloading from central: https://repo.maven.apache.org/maven2/org/springframework/boot/spring-boot-test/3.3.0/spring-boot-test-3.3.0.jar
Progress (3): 7.0/12 MB | 0.5/1.6 MB | 279/582 kB
Progress (3): 7.0/12 MB | 0.5/1.6 MB | 295/582 kB
Progress (3): 7.0/12 MB | 0.5/1.6 MB | 295/582 kB
Progress (3): 7.0/12 MB | 0.5/1.6 MB | 311/582 kB
Progress (3): 7.0/12 MB | 0.5/1.6 MB | 311/582 kB
Progress (4): 7.0/12 MB | 0.5/1.6 MB | 311/582 kB | 4.8 kB
Progress (4): 7.0/12 MB | 0.5/1.6 MB | 311/582 kB | 4.8 kB
                                                          
Downloaded from central: https://repo.maven.apache.org/maven2/org/springframework/boot/spring-boot-starter-test/3.3.0/spring-boot-starter-test-3.3.0.jar (4.8 kB at 3.6 kB/s)
Downloading from central: https://repo.maven.apache.org/maven2/org/springframework/boot/spring-boot-test-autoconfigure/3.3.0/spring-boot-test-autoconfigure-3.3.0.jar
Progress (3): 7.0/12 MB | 0.5/1.6 MB | 311/582 kB
Progress (3): 7.0/12 MB | 0.5/1.6 MB | 328/582 kB
Progress (3): 7.0/12 MB | 0.5/1.6 MB | 344/582 kB
Progress (3): 7.1/12 MB | 0.5/1.6 MB | 344/582 kB
Progress (3): 7.1/12 MB | 0.5/1.6 MB | 344/582 kB
Progress (3): 7.1/12 MB | 0.5/1.6 MB | 344/582 kB
Progress (3): 7.1/12 MB | 0.5/1.6 MB | 360/582 kB
Progress (3): 7.1/12 MB | 0.6/1.6 MB | 360/582 kB
Progress (3): 7.1/12 MB | 0.6/1.6 MB | 360/582 kB
Progress (3): 7.1/12 MB | 0.6/1.6 MB | 360/582 kB
Progress (3): 7.1/12 MB | 0.6/1.6 MB | 377/582 kB
Progress (3): 7.1/12 MB | 0.6/1.6 MB | 377/582 kB
Progress (3): 7.1/12 MB | 0.6/1.6 MB | 377/582 kB
Progress (3): 7.1/12 MB | 0.6/1.6 MB | 377/582 kB
Progress (3): 7.1/12 MB | 0.6/1.6 MB | 377/582 kB
Progress (3): 7.2/12 MB | 0.6/1.6 MB | 377/582 kB
Progress (3): 7.2/12 MB | 0.6/1.6 MB | 377/582 kB
Progress (3): 7.2/12 MB | 0.6/1.6 MB | 393/582 kB
Progress (3): 7.2/12 MB | 0.6/1.6 MB | 393/582 kB
Progress (3): 7.2/12 MB | 0.6/1.6 MB | 393/582 kB
Progress (3): 7.2/12 MB | 0.6/1.6 MB | 410/582 kB
Progress (3): 7.2/12 MB | 0.7/1.6 MB | 410/582 kB
Progress (3): 7.2/12 MB | 0.7/1.6 MB | 410/582 kB
Progress (3): 7.2/12 MB | 0.7/1.6 MB | 426/582 kB
Progress (3): 7.2/12 MB | 0.7/1.6 MB | 442/582 kB
Progress (3): 7.2/12 MB | 0.7/1.6 MB | 459/582 kB
Progress (3): 7.2/12 MB | 0.7/1.6 MB | 459/582 kB
Progress (3): 7.2/12 MB | 0.7/1.6 MB | 459/582 kB
Progress (3): 7.2/12 MB | 0.7/1.6 MB | 459/582 kB
Progress (3): 7.2/12 MB | 0.7/1.6 MB | 475/582 kB
Progress (3): 7.2/12 MB | 0.7/1.6 MB | 475/582 kB
Progress (3): 7.2/12 MB | 0.7/1.6 MB | 492/582 kB
Progress (3): 7.2/12 MB | 0.7/1.6 MB | 508/582 kB
Progress (3): 7.2/12 MB | 0.7/1.6 MB | 508/582 kB
Progress (3): 7.2/12 MB | 0.7/1.6 MB | 524/582 kB
Progress (3): 7.2/12 MB | 0.7/1.6 MB | 524/582 kB
Progress (3): 7.2/12 MB | 0.7/1.6 MB | 524/582 kB
Progress (3): 7.3/12 MB | 0.7/1.6 MB | 524/582 kB
Progress (3): 7.3/12 MB | 0.7/1.6 MB | 524/582 kB
Progress (3): 7.3/12 MB | 0.7/1.6 MB | 524/582 kB
Progress (3): 7.3/12 MB | 0.7/1.6 MB | 524/582 kB
Progress (3): 7.3/12 MB | 0.7/1.6 MB | 541/582 kB
Progress (3): 7.3/12 MB | 0.7/1.6 MB | 541/582 kB
Progress (3): 7.3/12 MB | 0.7/1.6 MB | 557/582 kB
Progress (3): 7.3/12 MB | 0.7/1.6 MB | 573/582 kB
Progress (3): 7.3/12 MB | 0.7/1.6 MB | 582 kB    
Progress (3): 7.3/12 MB | 0.7/1.6 MB | 582 kB
Progress (3): 7.3/12 MB | 0.8/1.6 MB | 582 kB
                                             
Downloaded from central: https://repo.maven.apache.org/maven2/com/fasterxml/jackson/core/jackson-core/2.17.1/jackson-core-2.17.1.jar (582 kB at 428 kB/s)
Downloading from central: https://repo.maven.apache.org/maven2/com/jayway/jsonpath/json-path/2.9.0/json-path-2.9.0.jar
Progress (2): 7.3/12 MB | 0.8/1.6 MB
Progress (3): 7.3/12 MB | 0.8/1.6 MB | 7.7/246 kB
Progress (3): 7.3/12 MB | 0.8/1.6 MB | 16/246 kB 
Progress (3): 7.3/12 MB | 0.8/1.6 MB | 16/246 kB
Progress (3): 7.3/12 MB | 0.8/1.6 MB | 16/246 kB
Progress (3): 7.3/12 MB | 0.8/1.6 MB | 32/246 kB
Progress (3): 7.3/12 MB | 0.8/1.6 MB | 48/246 kB
Progress (3): 7.3/12 MB | 0.8/1.6 MB | 48/246 kB
Progress (4): 7.3/12 MB | 0.8/1.6 MB | 48/246 kB | 7.7/219 kB
Progress (4): 7.3/12 MB | 0.8/1.6 MB | 48/246 kB | 16/219 kB 
Progress (4): 7.3/12 MB | 0.8/1.6 MB | 48/246 kB | 16/219 kB
Progress (4): 7.3/12 MB | 0.8/1.6 MB | 65/246 kB | 16/219 kB
Progress (4): 7.3/12 MB | 0.8/1.6 MB | 65/246 kB | 16/219 kB
Progress (4): 7.3/12 MB | 0.8/1.6 MB | 65/246 kB | 16/219 kB
Progress (4): 7.3/12 MB | 0.8/1.6 MB | 81/246 kB | 16/219 kB
Progress (4): 7.4/12 MB | 0.8/1.6 MB | 81/246 kB | 16/219 kB
Progress (4): 7.4/12 MB | 0.9/1.6 MB | 81/246 kB | 16/219 kB
Progress (4): 7.4/12 MB | 0.9/1.6 MB | 98/246 kB | 16/219 kB
Progress (4): 7.4/12 MB | 0.9/1.6 MB | 98/246 kB | 32/219 kB
Progress (4): 7.4/12 MB | 0.9/1.6 MB | 98/246 kB | 32/219 kB
Progress (4): 7.4/12 MB | 0.9/1.6 MB | 114/246 kB | 32/219 kB
Progress (4): 7.4/12 MB | 0.9/1.6 MB | 114/246 kB | 49/219 kB
Progress (4): 7.4/12 MB | 0.9/1.6 MB | 114/246 kB | 49/219 kB
Progress (4): 7.4/12 MB | 0.9/1.6 MB | 114/246 kB | 65/219 kB
Progress (4): 7.4/12 MB | 0.9/1.6 MB | 114/246 kB | 65/219 kB
Progress (4): 7.4/12 MB | 0.9/1.6 MB | 130/246 kB | 65/219 kB
Progress (4): 7.4/12 MB | 0.9/1.6 MB | 130/246 kB | 65/219 kB
Progress (4): 7.4/12 MB | 0.9/1.6 MB | 130/246 kB | 81/219 kB
Progress (4): 7.4/12 MB | 0.9/1.6 MB | 130/246 kB | 81/219 kB
Progress (4): 7.4/12 MB | 0.9/1.6 MB | 130/246 kB | 81/219 kB
Progress (4): 7.4/12 MB | 0.9/1.6 MB | 147/246 kB | 81/219 kB
Progress (4): 7.4/12 MB | 0.9/1.6 MB | 147/246 kB | 98/219 kB
Progress (4): 7.4/12 MB | 0.9/1.6 MB | 147/246 kB | 114/219 kB
Progress (4): 7.4/12 MB | 0.9/1.6 MB | 147/246 kB | 114/219 kB
Progress (4): 7.4/12 MB | 0.9/1.6 MB | 163/246 kB | 114/219 kB
Progress (4): 7.4/12 MB | 0.9/1.6 MB | 163/246 kB | 114/219 kB
Progress (4): 7.4/12 MB | 0.9/1.6 MB | 163/246 kB | 114/219 kB
Progress (4): 7.5/12 MB | 0.9/1.6 MB | 163/246 kB | 114/219 kB
Progress (4): 7.5/12 MB | 0.9/1.6 MB | 163/246 kB | 114/219 kB
Progress (4): 7.5/12 MB | 0.9/1.6 MB | 163/246 kB | 114/219 kB
Progress (4): 7.5/12 MB | 0.9/1.6 MB | 163/246 kB | 131/219 kB
Progress (4): 7.5/12 MB | 0.9/1.6 MB | 179/246 kB | 131/219 kB
Progress (4): 7.5/12 MB | 0.9/1.6 MB | 179/246 kB | 131/219 kB
Progress (4): 7.5/12 MB | 0.9/1.6 MB | 179/246 kB | 131/219 kB
Progress (4): 7.5/12 MB | 1.0/1.6 MB | 179/246 kB | 131/219 kB
Progress (4): 7.5/12 MB | 1.0/1.6 MB | 196/246 kB | 131/219 kB
Progress (4): 7.5/12 MB | 1.0/1.6 MB | 196/246 kB | 131/219 kB
Progress (4): 7.5/12 MB | 1.0/1.6 MB | 196/246 kB | 131/219 kB
Progress (4): 7.5/12 MB | 1.0/1.6 MB | 212/246 kB | 131/219 kB
Progress (4): 7.5/12 MB | 1.0/1.6 MB | 212/246 kB | 147/219 kB
Progress (4): 7.5/12 MB | 1.0/1.6 MB | 229/246 kB | 147/219 kB
Progress (5): 7.5/12 MB | 1.0/1.6 MB | 229/246 kB | 147/219 kB | 7.7/277 kB
Progress (5): 7.5/12 MB | 1.0/1.6 MB | 229/246 kB | 147/219 kB | 16/277 kB 
Progress (5): 7.5/12 MB | 1.0/1.6 MB | 229/246 kB | 147/219 kB | 16/277 kB
Progress (5): 7.5/12 MB | 1.0/1.6 MB | 229/246 kB | 147/219 kB | 16/277 kB
Progress (5): 7.5/12 MB | 1.0/1.6 MB | 229/246 kB | 163/219 kB | 16/277 kB
Progress (5): 7.5/12 MB | 1.0/1.6 MB | 229/246 kB | 163/219 kB | 32/277 kB
Progress (5): 7.5/12 MB | 1.0/1.6 MB | 229/246 kB | 163/219 kB | 32/277 kB
Progress (5): 7.5/12 MB | 1.0/1.6 MB | 229/246 kB | 163/219 kB | 32/277 kB
Progress (5): 7.5/12 MB | 1.0/1.6 MB | 229/246 kB | 163/219 kB | 48/277 kB
Progress (5): 7.5/12 MB | 1.0/1.6 MB | 229/246 kB | 163/219 kB | 65/277 kB
Progress (5): 7.5/12 MB | 1.0/1.6 MB | 245/246 kB | 163/219 kB | 65/277 kB
Progress (5): 7.5/12 MB | 1.0/1.6 MB | 246 kB | 163/219 kB | 65/277 kB    
                                                                      
Downloaded from central: https://repo.maven.apache.org/maven2/org/springframework/boot/spring-boot-test/3.3.0/spring-boot-test-3.3.0.jar (246 kB at 176 kB/s)
Downloading from central: https://repo.maven.apache.org/maven2/jakarta/xml/bind/jakarta.xml.bind-api/4.0.2/jakarta.xml.bind-api-4.0.2.jar
Progress (4): 7.5/12 MB | 1.0/1.6 MB | 163/219 kB | 65/277 kB
Progress (4): 7.5/12 MB | 1.0/1.6 MB | 163/219 kB | 65/277 kB
Progress (4): 7.6/12 MB | 1.0/1.6 MB | 163/219 kB | 65/277 kB
Progress (4): 7.6/12 MB | 1.1/1.6 MB | 163/219 kB | 65/277 kB
Progress (4): 7.6/12 MB | 1.1/1.6 MB | 163/219 kB | 81/277 kB
Progress (4): 7.6/12 MB | 1.1/1.6 MB | 163/219 kB | 81/277 kB
Progress (4): 7.6/12 MB | 1.1/1.6 MB | 163/219 kB | 98/277 kB
Progress (4): 7.6/12 MB | 1.1/1.6 MB | 163/219 kB | 114/277 kB
Progress (4): 7.6/12 MB | 1.1/1.6 MB | 180/219 kB | 114/277 kB
Progress (4): 7.6/12 MB | 1.1/1.6 MB | 196/219 kB | 114/277 kB
Progress (4): 7.6/12 MB | 1.1/1.6 MB | 196/219 kB | 130/277 kB
Progress (4): 7.6/12 MB | 1.1/1.6 MB | 213/219 kB | 130/277 kB
Progress (4): 7.6/12 MB | 1.1/1.6 MB | 213/219 kB | 130/277 kB
Progress (4): 7.6/12 MB | 1.1/1.6 MB | 213/219 kB | 130/277 kB
Progress (4): 7.6/12 MB | 1.1/1.6 MB | 213/219 kB | 130/277 kB
Progress (4): 7.6/12 MB | 1.1/1.6 MB | 219 kB | 130/277 kB    
Progress (4): 7.6/12 MB | 1.1/1.6 MB | 219 kB | 147/277 kB
                                                          
Downloaded from central: https://repo.maven.apache.org/maven2/org/springframework/boot/spring-boot-test-autoconfigure/3.3.0/spring-boot-test-autoconfigure-3.3.0.jar (219 kB at 156 kB/s)
Downloading from central: https://repo.maven.apache.org/maven2/jakarta/activation/jakarta.activation-api/2.1.3/jakarta.activation-api-2.1.3.jar
Progress (3): 7.6/12 MB | 1.1/1.6 MB | 147/277 kB
Progress (3): 7.6/12 MB | 1.1/1.6 MB | 163/277 kB
Progress (3): 7.6/12 MB | 1.1/1.6 MB | 163/277 kB
Progress (3): 7.6/12 MB | 1.1/1.6 MB | 180/277 kB
Progress (3): 7.6/12 MB | 1.1/1.6 MB | 180/277 kB
Progress (3): 7.6/12 MB | 1.1/1.6 MB | 180/277 kB
Progress (3): 7.6/12 MB | 1.1/1.6 MB | 196/277 kB
Progress (3): 7.6/12 MB | 1.1/1.6 MB | 196/277 kB
Progress (3): 7.6/12 MB | 1.2/1.6 MB | 196/277 kB
Progress (3): 7.6/12 MB | 1.2/1.6 MB | 196/277 kB
Progress (3): 7.6/12 MB | 1.2/1.6 MB | 196/277 kB
Progress (3): 7.6/12 MB | 1.2/1.6 MB | 196/277 kB
Progress (3): 7.6/12 MB | 1.2/1.6 MB | 212/277 kB
Progress (3): 7.6/12 MB | 1.2/1.6 MB | 229/277 kB
Progress (3): 7.7/12 MB | 1.2/1.6 MB | 229/277 kB
Progress (3): 7.7/12 MB | 1.2/1.6 MB | 229/277 kB
Progress (3): 7.7/12 MB | 1.2/1.6 MB | 229/277 kB
Progress (3): 7.7/12 MB | 1.2/1.6 MB | 245/277 kB
Progress (3): 7.7/12 MB | 1.2/1.6 MB | 245/277 kB
Progress (3): 7.7/12 MB | 1.2/1.6 MB | 245/277 kB
Progress (3): 7.7/12 MB | 1.3/1.6 MB | 245/277 kB
Progress (3): 7.7/12 MB | 1.3/1.6 MB | 261/277 kB
Progress (3): 7.7/12 MB | 1.3/1.6 MB | 277 kB    
Progress (3): 7.7/12 MB | 1.3/1.6 MB | 277 kB
Progress (3): 7.7/12 MB | 1.3/1.6 MB | 277 kB
Progress (3): 7.7/12 MB | 1.3/1.6 MB | 277 kB
                                             
Downloaded from central: https://repo.maven.apache.org/maven2/com/jayway/jsonpath/json-path/2.9.0/json-path-2.9.0.jar (277 kB at 195 kB/s)
Downloading from central: https://repo.maven.apache.org/maven2/net/minidev/json-smart/2.5.1/json-smart-2.5.1.jar
Progress (2): 7.7/12 MB | 1.3/1.6 MB
Progress (2): 7.7/12 MB | 1.3/1.6 MB
Progress (2): 7.7/12 MB | 1.3/1.6 MB
Progress (2): 7.7/12 MB | 1.3/1.6 MB
Progress (2): 7.7/12 MB | 1.3/1.6 MB
Progress (2): 7.7/12 MB | 1.3/1.6 MB
Progress (2): 7.7/12 MB | 1.3/1.6 MB
Progress (2): 7.8/12 MB | 1.3/1.6 MB
Progress (2): 7.8/12 MB | 1.4/1.6 MB
Progress (2): 7.8/12 MB | 1.4/1.6 MB
Progress (2): 7.8/12 MB | 1.4/1.6 MB
Progress (2): 7.8/12 MB | 1.4/1.6 MB
Progress (2): 7.8/12 MB | 1.4/1.6 MB
Progress (2): 7.8/12 MB | 1.4/1.6 MB
Progress (2): 7.8/12 MB | 1.4/1.6 MB
Progress (2): 7.8/12 MB | 1.4/1.6 MB
Progress (2): 7.8/12 MB | 1.4/1.6 MB
Progress (2): 7.8/12 MB | 1.4/1.6 MB
Progress (2): 7.8/12 MB | 1.4/1.6 MB
Progress (2): 7.9/12 MB | 1.4/1.6 MB
Progress (2): 7.9/12 MB | 1.5/1.6 MB
Progress (2): 7.9/12 MB | 1.5/1.6 MB
Progress (2): 7.9/12 MB | 1.5/1.6 MB
Progress (2): 7.9/12 MB | 1.5/1.6 MB
Progress (2): 7.9/12 MB | 1.5/1.6 MB
Progress (2): 7.9/12 MB | 1.5/1.6 MB
Progress (2): 7.9/12 MB | 1.5/1.6 MB
Progress (2): 7.9/12 MB | 1.5/1.6 MB
Progress (2): 7.9/12 MB | 1.5/1.6 MB
Progress (2): 7.9/12 MB | 1.5/1.6 MB
Progress (2): 7.9/12 MB | 1.6/1.6 MB
Progress (2): 7.9/12 MB | 1.6/1.6 MB
Progress (3): 7.9/12 MB | 1.6/1.6 MB | 7.7/131 kB
Progress (3): 7.9/12 MB | 1.6/1.6 MB | 16/131 kB 
Progress (3): 7.9/12 MB | 1.6/1.6 MB | 16/131 kB
Progress (3): 7.9/12 MB | 1.6/1.6 MB | 25/131 kB
Progress (3): 8.0/12 MB | 1.6/1.6 MB | 25/131 kB
Progress (3): 8.0/12 MB | 1.6/1.6 MB | 25/131 kB
Progress (3): 8.0/12 MB | 1.6/1.6 MB | 41/131 kB
Progress (3): 8.0/12 MB | 1.6/1.6 MB | 41/131 kB
Progress (3): 8.0/12 MB | 1.6/1.6 MB | 41/131 kB
Progress (3): 8.0/12 MB | 1.6/1.6 MB | 57/131 kB
Progress (3): 8.0/12 MB | 1.6/1.6 MB | 57/131 kB
Progress (3): 8.0/12 MB | 1.6/1.6 MB | 57/131 kB
Progress (3): 8.0/12 MB | 1.6/1.6 MB | 74/131 kB
Progress (3): 8.0/12 MB | 1.6/1.6 MB | 74/131 kB
Progress (3): 8.0/12 MB | 1.6/1.6 MB | 74/131 kB
Progress (3): 8.0/12 MB | 1.6/1.6 MB | 90/131 kB
Progress (3): 8.0/12 MB | 1.6/1.6 MB | 90/131 kB
Progress (3): 8.0/12 MB | 1.6 MB | 90/131 kB    
Progress (4): 8.0/12 MB | 1.6 MB | 90/131 kB | 7.7/67 kB
                                                        
Downloaded from central: https://repo.maven.apache.org/maven2/com/fasterxml/jackson/core/jackson-databind/2.17.1/jackson-databind-2.17.1.jar (1.6 MB at 1.1 MB/s)
Progress (3): 8.0/12 MB | 90/131 kB | 12/67 kB
                                              
Downloading from central: https://repo.maven.apache.org/maven2/net/minidev/accessors-smart/2.5.1/accessors-smart-2.5.1.jar
Progress (3): 8.0/12 MB | 90/131 kB | 28/67 kB
Progress (3): 8.0/12 MB | 90/131 kB | 28/67 kB
Progress (3): 8.1/12 MB | 90/131 kB | 28/67 kB
Progress (4): 8.1/12 MB | 90/131 kB | 28/67 kB | 3.4/122 kB
Progress (4): 8.1/12 MB | 106/131 kB | 28/67 kB | 3.4/122 kB
Progress (4): 8.1/12 MB | 106/131 kB | 28/67 kB | 3.4/122 kB
Progress (4): 8.1/12 MB | 106/131 kB | 44/67 kB | 3.4/122 kB
Progress (4): 8.1/12 MB | 106/131 kB | 61/67 kB | 3.4/122 kB
Progress (4): 8.1/12 MB | 106/131 kB | 61/67 kB | 20/122 kB 
Progress (4): 8.1/12 MB | 106/131 kB | 61/67 kB | 20/122 kB
Progress (4): 8.1/12 MB | 106/131 kB | 67 kB | 20/122 kB   
Progress (4): 8.1/12 MB | 106/131 kB | 67 kB | 20/122 kB
                                                        
Downloaded from central: https://repo.maven.apache.org/maven2/jakarta/activation/jakarta.activation-api/2.1.3/jakarta.activation-api-2.1.3.jar (67 kB at 46 kB/s)
Downloading from central: https://repo.maven.apache.org/maven2/org/ow2/asm/asm/9.6/asm-9.6.jar
Progress (3): 8.1/12 MB | 123/131 kB | 20/122 kB
Progress (3): 8.1/12 MB | 123/131 kB | 36/122 kB
Progress (3): 8.1/12 MB | 131 kB | 36/122 kB    
Progress (3): 8.1/12 MB | 131 kB | 36/122 kB
                                            
Downloaded from central: https://repo.maven.apache.org/maven2/jakarta/xml/bind/jakarta.xml.bind-api/4.0.2/jakarta.xml.bind-api-4.0.2.jar (131 kB at 91 kB/s)
Downloading from central: https://repo.maven.apache.org/maven2/org/assertj/assertj-core/3.25.3/assertj-core-3.25.3.jar
Progress (2): 8.1/12 MB | 53/122 kB
Progress (2): 8.1/12 MB | 53/122 kB
Progress (2): 8.1/12 MB | 61/122 kB
Progress (2): 8.2/12 MB | 61/122 kB
Progress (2): 8.2/12 MB | 61/122 kB
Progress (2): 8.2/12 MB | 77/122 kB
Progress (2): 8.2/12 MB | 93/122 kB
Progress (2): 8.2/12 MB | 93/122 kB
Progress (2): 8.2/12 MB | 93/122 kB
Progress (2): 8.2/12 MB | 93/122 kB
Progress (2): 8.2/12 MB | 110/122 kB
Progress (2): 8.2/12 MB | 122 kB    
Progress (2): 8.2/12 MB | 122 kB
Progress (2): 8.3/12 MB | 122 kB
                                
Downloaded from central: https://repo.maven.apache.org/maven2/net/minidev/json-smart/2.5.1/json-smart-2.5.1.jar (122 kB at 84 kB/s)
Progress (1): 8.3/12 MB
                       
Downloading from central: https://repo.maven.apache.org/maven2/org/awaitility/awaitility/4.2.1/awaitility-4.2.1.jar
Progress (1): 8.3/12 MB
Progress (1): 8.3/12 MB
Progress (1): 8.3/12 MB
Progress (1): 8.3/12 MB
Progress (1): 8.3/12 MB
Progress (1): 8.4/12 MB
Progress (1): 8.4/12 MB
Progress (1): 8.4/12 MB
Progress (1): 8.4/12 MB
Progress (1): 8.4/12 MB
Progress (1): 8.4/12 MB
Progress (1): 8.5/12 MB
Progress (1): 8.5/12 MB
Progress (1): 8.5/12 MB
Progress (1): 8.5/12 MB
Progress (1): 8.5/12 MB
Progress (1): 8.5/12 MB
Progress (1): 8.6/12 MB
Progress (1): 8.6/12 MB
Progress (1): 8.6/12 MB
Progress (1): 8.6/12 MB
Progress (1): 8.6/12 MB
Progress (1): 8.6/12 MB
Progress (1): 8.7/12 MB
Progress (2): 8.7/12 MB | 7.7/30 kB
Progress (2): 8.7/12 MB | 16/30 kB 
Progress (2): 8.7/12 MB | 30 kB   
Progress (2): 8.7/12 MB | 30 kB
                               
Downloaded from central: https://repo.maven.apache.org/maven2/net/minidev/accessors-smart/2.5.1/accessors-smart-2.5.1.jar (30 kB at 21 kB/s)
Downloading from central: https://repo.maven.apache.org/maven2/org/hamcrest/hamcrest/2.2/hamcrest-2.2.jar
Progress (1): 8.7/12 MB
Progress (1): 8.7/12 MB
Progress (1): 8.7/12 MB
Progress (1): 8.7/12 MB
Progress (1): 8.7/12 MB
Progress (1): 8.8/12 MB
Progress (1): 8.8/12 MB
Progress (1): 8.8/12 MB
Progress (1): 8.8/12 MB
Progress (1): 8.8/12 MB
Progress (1): 8.8/12 MB
Progress (1): 8.9/12 MB
Progress (1): 8.9/12 MB
Progress (1): 8.9/12 MB
Progress (2): 8.9/12 MB | 7.7/97 kB
Progress (2): 8.9/12 MB | 12/97 kB 
Progress (2): 8.9/12 MB | 28/97 kB
Progress (2): 8.9/12 MB | 28/97 kB
Progress (2): 8.9/12 MB | 28/97 kB
Progress (2): 8.9/12 MB | 44/97 kB
Progress (2): 8.9/12 MB | 44/97 kB
Progress (2): 9.0/12 MB | 44/97 kB
Progress (2): 9.0/12 MB | 44/97 kB
Progress (2): 9.0/12 MB | 61/97 kB
Progress (3): 9.0/12 MB | 61/97 kB | 0/1.4 MB
Progress (3): 9.0/12 MB | 61/97 kB | 0/1.4 MB
Progress (3): 9.0/12 MB | 77/97 kB | 0/1.4 MB
Progress (3): 9.0/12 MB | 93/97 kB | 0/1.4 MB
Progress (3): 9.0/12 MB | 97 kB | 0/1.4 MB   
Progress (3): 9.0/12 MB | 97 kB | 0/1.4 MB
                                          
Downloaded from central: https://repo.maven.apache.org/maven2/org/awaitility/awaitility/4.2.1/awaitility-4.2.1.jar (97 kB at 66 kB/s)
Downloading from central: https://repo.maven.apache.org/maven2/org/junit/jupiter/junit-jupiter/5.10.2/junit-jupiter-5.10.2.jar
Progress (2): 9.0/12 MB | 0/1.4 MB
Progress (2): 9.0/12 MB | 0/1.4 MB
Progress (2): 9.0/12 MB | 0/1.4 MB
Progress (2): 9.0/12 MB | 0.1/1.4 MB
Progress (2): 9.0/12 MB | 0.1/1.4 MB
Progress (2): 9.0/12 MB | 0.1/1.4 MB
Progress (2): 9.1/12 MB | 0.1/1.4 MB
Progress (2): 9.1/12 MB | 0.1/1.4 MB
Progress (2): 9.1/12 MB | 0.1/1.4 MB
Progress (2): 9.1/12 MB | 0.1/1.4 MB
Progress (2): 9.1/12 MB | 0.1/1.4 MB
Progress (2): 9.1/12 MB | 0.1/1.4 MB
Progress (2): 9.1/12 MB | 0.1/1.4 MB
Progress (2): 9.1/12 MB | 0.1/1.4 MB
Progress (2): 9.1/12 MB | 0.1/1.4 MB
Progress (2): 9.2/12 MB | 0.1/1.4 MB
Progress (3): 9.2/12 MB | 0.1/1.4 MB | 7.7/123 kB
Progress (3): 9.2/12 MB | 0.1/1.4 MB | 16/123 kB 
Progress (4): 9.2/12 MB | 0.1/1.4 MB | 16/123 kB | 7.7/124 kB
Progress (4): 9.2/12 MB | 0.1/1.4 MB | 16/123 kB | 16/124 kB 
Progress (4): 9.2/12 MB | 0.1/1.4 MB | 16/123 kB | 16/124 kB
Progress (4): 9.2/12 MB | 0.1/1.4 MB | 16/123 kB | 16/124 kB
Progress (4): 9.2/12 MB | 0.1/1.4 MB | 16/123 kB | 16/124 kB
Progress (4): 9.2/12 MB | 0.2/1.4 MB | 16/123 kB | 16/124 kB
Progress (4): 9.2/12 MB | 0.2/1.4 MB | 16/123 kB | 16/124 kB
Progress (4): 9.2/12 MB | 0.2/1.4 MB | 16/123 kB | 16/124 kB
Progress (4): 9.2/12 MB | 0.2/1.4 MB | 16/123 kB | 16/124 kB
Progress (4): 9.2/12 MB | 0.2/1.4 MB | 16/123 kB | 16/124 kB
Progress (4): 9.2/12 MB | 0.2/1.4 MB | 16/123 kB | 32/124 kB
Progress (4): 9.2/12 MB | 0.2/1.4 MB | 16/123 kB | 32/124 kB
Progress (4): 9.2/12 MB | 0.2/1.4 MB | 32/123 kB | 32/124 kB
Progress (4): 9.2/12 MB | 0.2/1.4 MB | 49/123 kB | 32/124 kB
Progress (4): 9.2/12 MB | 0.2/1.4 MB | 49/123 kB | 49/124 kB
Progress (4): 9.2/12 MB | 0.2/1.4 MB | 49/123 kB | 49/124 kB
Progress (4): 9.2/12 MB | 0.2/1.4 MB | 49/123 kB | 49/124 kB
Progress (4): 9.2/12 MB | 0.2/1.4 MB | 49/123 kB | 65/124 kB
Progress (4): 9.2/12 MB | 0.2/1.4 MB | 49/123 kB | 81/124 kB
Progress (4): 9.2/12 MB | 0.3/1.4 MB | 49/123 kB | 81/124 kB
Progress (4): 9.2/12 MB | 0.3/1.4 MB | 65/123 kB | 81/124 kB
Progress (4): 9.2/12 MB | 0.3/1.4 MB | 65/123 kB | 81/124 kB
Progress (4): 9.2/12 MB | 0.3/1.4 MB | 81/123 kB | 81/124 kB
Progress (4): 9.2/12 MB | 0.3/1.4 MB | 81/123 kB | 81/124 kB
Progress (4): 9.2/12 MB | 0.3/1.4 MB | 81/123 kB | 81/124 kB
Progress (4): 9.2/12 MB | 0.3/1.4 MB | 98/123 kB | 81/124 kB
Progress (4): 9.2/12 MB | 0.3/1.4 MB | 98/123 kB | 98/124 kB
Progress (4): 9.2/12 MB | 0.3/1.4 MB | 98/123 kB | 98/124 kB
Progress (4): 9.2/12 MB | 0.3/1.4 MB | 98/123 kB | 98/124 kB
Progress (4): 9.2/12 MB | 0.3/1.4 MB | 114/123 kB | 98/124 kB
Progress (4): 9.2/12 MB | 0.3/1.4 MB | 123 kB | 98/124 kB    
Progress (4): 9.2/12 MB | 0.3/1.4 MB | 123 kB | 114/124 kB
Progress (4): 9.2/12 MB | 0.3/1.4 MB | 123 kB | 114/124 kB
Progress (4): 9.2/12 MB | 0.3/1.4 MB | 123 kB | 114/124 kB
                                                          
Downloaded from central: https://repo.maven.apache.org/maven2/org/hamcrest/hamcrest/2.2/hamcrest-2.2.jar (123 kB at 81 kB/s)
Downloading from central: https://repo.maven.apache.org/maven2/org/junit/jupiter/junit-jupiter-api/5.10.2/junit-jupiter-api-5.10.2.jar
Progress (3): 9.2/12 MB | 0.4/1.4 MB | 114/124 kB
Progress (3): 9.2/12 MB | 0.4/1.4 MB | 114/124 kB
Progress (3): 9.2/12 MB | 0.4/1.4 MB | 124 kB    
                                             
Downloaded from central: https://repo.maven.apache.org/maven2/org/ow2/asm/asm/9.6/asm-9.6.jar (124 kB at 81 kB/s)
Downloading from central: https://repo.maven.apache.org/maven2/org/opentest4j/opentest4j/1.3.0/opentest4j-1.3.0.jar
Progress (2): 9.3/12 MB | 0.4/1.4 MB
Progress (2): 9.3/12 MB | 0.4/1.4 MB
Progress (2): 9.3/12 MB | 0.4/1.4 MB
Progress (2): 9.3/12 MB | 0.4/1.4 MB
Progress (3): 9.3/12 MB | 0.4/1.4 MB | 6.4 kB
Progress (3): 9.3/12 MB | 0.4/1.4 MB | 6.4 kB
                                             
Downloaded from central: https://repo.maven.apache.org/maven2/org/junit/jupiter/junit-jupiter/5.10.2/junit-jupiter-5.10.2.jar (6.4 kB at 4.2 kB/s)
Downloading from central: https://repo.maven.apache.org/maven2/org/junit/platform/junit-platform-commons/1.10.2/junit-platform-commons-1.10.2.jar
Progress (2): 9.3/12 MB | 0.4/1.4 MB
Progress (2): 9.3/12 MB | 0.4/1.4 MB
Progress (2): 9.3/12 MB | 0.4/1.4 MB
Progress (2): 9.3/12 MB | 0.5/1.4 MB
Progress (2): 9.3/12 MB | 0.5/1.4 MB
Progress (2): 9.3/12 MB | 0.5/1.4 MB
Progress (2): 9.3/12 MB | 0.5/1.4 MB
Progress (2): 9.4/12 MB | 0.5/1.4 MB
Progress (2): 9.4/12 MB | 0.5/1.4 MB
Progress (2): 9.4/12 MB | 0.5/1.4 MB
Progress (2): 9.4/12 MB | 0.5/1.4 MB
Progress (2): 9.4/12 MB | 0.5/1.4 MB
Progress (2): 9.4/12 MB | 0.5/1.4 MB
Progress (2): 9.4/12 MB | 0.5/1.4 MB
Progress (2): 9.4/12 MB | 0.5/1.4 MB
Progress (2): 9.4/12 MB | 0.5/1.4 MB
Progress (2): 9.4/12 MB | 0.6/1.4 MB
Progress (2): 9.4/12 MB | 0.6/1.4 MB
Progress (2): 9.4/12 MB | 0.6/1.4 MB
Progress (2): 9.4/12 MB | 0.6/1.4 MB
Progress (2): 9.4/12 MB | 0.6/1.4 MB
Progress (2): 9.4/12 MB | 0.6/1.4 MB
Progress (2): 9.5/12 MB | 0.6/1.4 MB
Progress (2): 9.5/12 MB | 0.6/1.4 MB
Progress (2): 9.5/12 MB | 0.6/1.4 MB
Progress (2): 9.5/12 MB | 0.7/1.4 MB
Progress (2): 9.5/12 MB | 0.7/1.4 MB
Progress (2): 9.5/12 MB | 0.7/1.4 MB
Progress (2): 9.5/12 MB | 0.7/1.4 MB
Progress (2): 9.5/12 MB | 0.7/1.4 MB
Progress (2): 9.5/12 MB | 0.7/1.4 MB
Progress (2): 9.5/12 MB | 0.7/1.4 MB
Progress (2): 9.5/12 MB | 0.7/1.4 MB
Progress (2): 9.5/12 MB | 0.7/1.4 MB
Progress (2): 9.6/12 MB | 0.7/1.4 MB
Progress (2): 9.6/12 MB | 0.7/1.4 MB
Progress (2): 9.6/12 MB | 0.7/1.4 MB
Progress (3): 9.6/12 MB | 0.7/1.4 MB | 7.7/211 kB
Progress (3): 9.6/12 MB | 0.7/1.4 MB | 16/211 kB 
Progress (3): 9.6/12 MB | 0.7/1.4 MB | 32/211 kB
Progress (3): 9.6/12 MB | 0.7/1.4 MB | 32/211 kB
Progress (3): 9.6/12 MB | 0.7/1.4 MB | 48/211 kB
Progress (3): 9.6/12 MB | 0.8/1.4 MB | 48/211 kB
Progress (3): 9.6/12 MB | 0.8/1.4 MB | 65/211 kB
Progress (3): 9.6/12 MB | 0.8/1.4 MB | 81/211 kB
Progress (3): 9.6/12 MB | 0.8/1.4 MB | 81/211 kB
Progress (3): 9.6/12 MB | 0.8/1.4 MB | 81/211 kB
Progress (3): 9.6/12 MB | 0.8/1.4 MB | 98/211 kB
Progress (3): 9.6/12 MB | 0.8/1.4 MB | 114/211 kB
Progress (3): 9.6/12 MB | 0.8/1.4 MB | 115/211 kB
Progress (3): 9.6/12 MB | 0.8/1.4 MB | 115/211 kB
Progress (3): 9.6/12 MB | 0.8/1.4 MB | 115/211 kB
Progress (3): 9.6/12 MB | 0.8/1.4 MB | 131/211 kB
Progress (3): 9.6/12 MB | 0.8/1.4 MB | 147/211 kB
Progress (3): 9.6/12 MB | 0.8/1.4 MB | 164/211 kB
Progress (3): 9.6/12 MB | 0.8/1.4 MB | 180/211 kB
Progress (3): 9.6/12 MB | 0.8/1.4 MB | 197/211 kB
Progress (3): 9.6/12 MB | 0.8/1.4 MB | 211 kB    
                                             
Downloaded from central: https://repo.maven.apache.org/maven2/org/junit/jupiter/junit-jupiter-api/5.10.2/junit-jupiter-api-5.10.2.jar (211 kB at 136 kB/s)
Progress (2): 9.6/12 MB | 0.8/1.4 MB
                                    
Downloading from central: https://repo.maven.apache.org/maven2/org/apiguardian/apiguardian-api/1.1.2/apiguardian-api-1.1.2.jar
Progress (3): 9.6/12 MB | 0.8/1.4 MB | 7.7/14 kB
Progress (3): 9.6/12 MB | 0.8/1.4 MB | 14 kB    
Progress (3): 9.7/12 MB | 0.8/1.4 MB | 14 kB
                                            
Downloaded from central: https://repo.maven.apache.org/maven2/org/opentest4j/opentest4j/1.3.0/opentest4j-1.3.0.jar (14 kB at 9.2 kB/s)
Downloading from central: https://repo.maven.apache.org/maven2/org/junit/jupiter/junit-jupiter-params/5.10.2/junit-jupiter-params-5.10.2.jar
Progress (3): 9.7/12 MB | 0.8/1.4 MB | 7.7/106 kB
Progress (3): 9.7/12 MB | 0.8/1.4 MB | 12/106 kB 
Progress (3): 9.7/12 MB | 0.8/1.4 MB | 12/106 kB
Progress (3): 9.7/12 MB | 0.8/1.4 MB | 29/106 kB
Progress (3): 9.7/12 MB | 0.8/1.4 MB | 29/106 kB
Progress (3): 9.7/12 MB | 0.8/1.4 MB | 45/106 kB
Progress (3): 9.7/12 MB | 0.8/1.4 MB | 45/106 kB
Progress (3): 9.7/12 MB | 0.8/1.4 MB | 45/106 kB
Progress (3): 9.7/12 MB | 0.8/1.4 MB | 45/106 kB
Progress (3): 9.7/12 MB | 0.9/1.4 MB | 45/106 kB
Progress (3): 9.7/12 MB | 0.9/1.4 MB | 45/106 kB
Progress (3): 9.7/12 MB | 0.9/1.4 MB | 45/106 kB
Progress (3): 9.7/12 MB | 0.9/1.4 MB | 45/106 kB
Progress (3): 9.7/12 MB | 0.9/1.4 MB | 45/106 kB
Progress (3): 9.7/12 MB | 0.9/1.4 MB | 61/106 kB
Progress (3): 9.7/12 MB | 0.9/1.4 MB | 61/106 kB
Progress (3): 9.7/12 MB | 0.9/1.4 MB | 61/106 kB
Progress (3): 9.7/12 MB | 0.9/1.4 MB | 61/106 kB
Progress (3): 9.7/12 MB | 0.9/1.4 MB | 78/106 kB
Progress (3): 9.7/12 MB | 0.9/1.4 MB | 78/106 kB
Progress (3): 9.7/12 MB | 0.9/1.4 MB | 78/106 kB
Progress (3): 9.7/12 MB | 0.9/1.4 MB | 78/106 kB
Progress (3): 9.7/12 MB | 1.0/1.4 MB | 78/106 kB
Progress (3): 9.8/12 MB | 1.0/1.4 MB | 78/106 kB
Progress (3): 9.8/12 MB | 1.0/1.4 MB | 78/106 kB
Progress (3): 9.8/12 MB | 1.0/1.4 MB | 94/106 kB
Progress (3): 9.8/12 MB | 1.0/1.4 MB | 94/106 kB
Progress (3): 9.8/12 MB | 1.0/1.4 MB | 106 kB   
Progress (3): 9.8/12 MB | 1.0/1.4 MB | 106 kB
                                             
Downloaded from central: https://repo.maven.apache.org/maven2/org/junit/platform/junit-platform-commons/1.10.2/junit-platform-commons-1.10.2.jar (106 kB at 68 kB/s)
Downloading from central: https://repo.maven.apache.org/maven2/org/junit/jupiter/junit-jupiter-engine/5.10.2/junit-jupiter-engine-5.10.2.jar
Progress (2): 9.8/12 MB | 1.0/1.4 MB
Progress (2): 9.8/12 MB | 1.0/1.4 MB
Progress (2): 9.8/12 MB | 1.0/1.4 MB
Progress (2): 9.8/12 MB | 1.0/1.4 MB
Progress (2): 9.8/12 MB | 1.0/1.4 MB
Progress (2): 9.8/12 MB | 1.0/1.4 MB
Progress (2): 9.8/12 MB | 1.1/1.4 MB
Progress (2): 9.8/12 MB | 1.1/1.4 MB
Progress (2): 9.9/12 MB | 1.1/1.4 MB
Progress (2): 9.9/12 MB | 1.1/1.4 MB
Progress (2): 9.9/12 MB | 1.1/1.4 MB
Progress (2): 9.9/12 MB | 1.1/1.4 MB
Progress (2): 9.9/12 MB | 1.1/1.4 MB
Progress (2): 9.9/12 MB | 1.1/1.4 MB
Progress (2): 9.9/12 MB | 1.1/1.4 MB
Progress (2): 9.9/12 MB | 1.1/1.4 MB
Progress (2): 9.9/12 MB | 1.1/1.4 MB
Progress (2): 9.9/12 MB | 1.1/1.4 MB
Progress (2): 10.0/12 MB | 1.1/1.4 MB
Progress (2): 10.0/12 MB | 1.1/1.4 MB
Progress (2): 10.0/12 MB | 1.1/1.4 MB
Progress (3): 10.0/12 MB | 1.1/1.4 MB | 6.8 kB
Progress (3): 10.0/12 MB | 1.1/1.4 MB | 6.8 kB
Progress (3): 10.0/12 MB | 1.2/1.4 MB | 6.8 kB
                                              
Downloaded from central: https://repo.maven.apache.org/maven2/org/apiguardian/apiguardian-api/1.1.2/apiguardian-api-1.1.2.jar (6.8 kB at 4.3 kB/s)
Downloading from central: https://repo.maven.apache.org/maven2/org/junit/platform/junit-platform-engine/1.10.2/junit-platform-engine-1.10.2.jar
Progress (2): 10.0/12 MB | 1.2/1.4 MB
Progress (2): 10/12 MB | 1.2/1.4 MB  
Progress (2): 10/12 MB | 1.2/1.4 MB
Progress (2): 10/12 MB | 1.2/1.4 MB
Progress (2): 10/12 MB | 1.2/1.4 MB
Progress (2): 10/12 MB | 1.2/1.4 MB
Progress (2): 10/12 MB | 1.2/1.4 MB
Progress (2): 10/12 MB | 1.2/1.4 MB
Progress (2): 10/12 MB | 1.2/1.4 MB
Progress (2): 10/12 MB | 1.2/1.4 MB
Progress (2): 10/12 MB | 1.3/1.4 MB
Progress (2): 10/12 MB | 1.3/1.4 MB
Progress (2): 10/12 MB | 1.3/1.4 MB
Progress (2): 10/12 MB | 1.3/1.4 MB
Progress (2): 10/12 MB | 1.3/1.4 MB
Progress (2): 10/12 MB | 1.3/1.4 MB
Progress (2): 10/12 MB | 1.3/1.4 MB
Progress (2): 10/12 MB | 1.3/1.4 MB
Progress (2): 10/12 MB | 1.3/1.4 MB
Progress (2): 10/12 MB | 1.3/1.4 MB
Progress (2): 10/12 MB | 1.3/1.4 MB
Progress (2): 10/12 MB | 1.3/1.4 MB
Progress (2): 10/12 MB | 1.3/1.4 MB
Progress (3): 10/12 MB | 1.3/1.4 MB | 7.7/245 kB
Progress (3): 10/12 MB | 1.3/1.4 MB | 16/245 kB 
Progress (3): 10/12 MB | 1.3/1.4 MB | 16/245 kB
Progress (3): 10/12 MB | 1.3/1.4 MB | 25/245 kB
Progress (4): 10/12 MB | 1.3/1.4 MB | 25/245 kB | 7.7/586 kB
Progress (4): 10/12 MB | 1.3/1.4 MB | 25/245 kB | 16/586 kB 
Progress (4): 10/12 MB | 1.3/1.4 MB | 41/245 kB | 16/586 kB
Progress (4): 10/12 MB | 1.4/1.4 MB | 41/245 kB | 16/586 kB
Progress (4): 10/12 MB | 1.4/1.4 MB | 41/245 kB | 16/586 kB
Progress (4): 10/12 MB | 1.4/1.4 MB | 41/245 kB | 32/586 kB
Progress (4): 10/12 MB | 1.4/1.4 MB | 57/245 kB | 32/586 kB
Progress (4): 10/12 MB | 1.4/1.4 MB | 57/245 kB | 49/586 kB
Progress (4): 10/12 MB | 1.4/1.4 MB | 57/245 kB | 65/586 kB
Progress (4): 10/12 MB | 1.4 MB | 57/245 kB | 65/586 kB    
Progress (4): 10/12 MB | 1.4 MB | 57/245 kB | 65/586 kB
Progress (4): 10/12 MB | 1.4 MB | 74/245 kB | 65/586 kB
                                                       
Downloaded from central: https://repo.maven.apache.org/maven2/org/assertj/assertj-core/3.25.3/assertj-core-3.25.3.jar (1.4 MB at 856 kB/s)
Downloading from central: https://repo.maven.apache.org/maven2/org/mockito/mockito-core/5.11.0/mockito-core-5.11.0.jar
Progress (3): 10/12 MB | 90/245 kB | 65/586 kB
Progress (3): 10/12 MB | 90/245 kB | 65/586 kB
Progress (3): 10/12 MB | 90/245 kB | 81/586 kB
Progress (3): 10/12 MB | 106/245 kB | 81/586 kB
Progress (3): 10/12 MB | 106/245 kB | 81/586 kB
Progress (3): 10/12 MB | 123/245 kB | 81/586 kB
Progress (3): 10/12 MB | 123/245 kB | 81/586 kB
Progress (3): 10/12 MB | 123/245 kB | 98/586 kB
Progress (3): 10/12 MB | 123/245 kB | 98/586 kB
Progress (3): 10/12 MB | 123/245 kB | 98/586 kB
Progress (3): 10/12 MB | 131/245 kB | 98/586 kB
Progress (3): 10/12 MB | 131/245 kB | 114/586 kB
Progress (3): 10/12 MB | 131/245 kB | 114/586 kB
Progress (3): 10/12 MB | 131/245 kB | 114/586 kB
Progress (3): 10/12 MB | 131/245 kB | 131/586 kB
Progress (3): 10/12 MB | 147/245 kB | 131/586 kB
Progress (3): 10/12 MB | 164/245 kB | 131/586 kB
Progress (3): 10/12 MB | 164/245 kB | 131/586 kB
Progress (3): 10/12 MB | 164/245 kB | 147/586 kB
Progress (3): 10/12 MB | 164/245 kB | 163/586 kB
Progress (3): 10/12 MB | 180/245 kB | 163/586 kB
Progress (3): 10/12 MB | 197/245 kB | 163/586 kB
Progress (3): 10/12 MB | 213/245 kB | 163/586 kB
Progress (3): 10/12 MB | 213/245 kB | 180/586 kB
Progress (3): 10/12 MB | 213/245 kB | 196/586 kB
Progress (3): 10/12 MB | 213/245 kB | 196/586 kB
Progress (4): 10/12 MB | 213/245 kB | 196/586 kB | 7.7/205 kB
Progress (4): 10/12 MB | 213/245 kB | 213/586 kB | 7.7/205 kB
Progress (4): 10/12 MB | 213/245 kB | 213/586 kB | 16/205 kB 
Progress (4): 10/12 MB | 213/245 kB | 229/586 kB | 16/205 kB
Progress (4): 10/12 MB | 213/245 kB | 245/586 kB | 16/205 kB
Progress (4): 10/12 MB | 213/245 kB | 245/586 kB | 32/205 kB
Progress (4): 10/12 MB | 229/245 kB | 245/586 kB | 32/205 kB
Progress (4): 10/12 MB | 229/245 kB | 262/586 kB | 32/205 kB
Progress (4): 10/12 MB | 229/245 kB | 262/586 kB | 32/205 kB
Progress (4): 10/12 MB | 229/245 kB | 278/586 kB | 32/205 kB
Progress (4): 10/12 MB | 245 kB | 278/586 kB | 32/205 kB    
Progress (4): 10/12 MB | 245 kB | 278/586 kB | 32/205 kB
Progress (4): 10/12 MB | 245 kB | 294/586 kB | 32/205 kB
Progress (4): 10/12 MB | 245 kB | 294/586 kB | 49/205 kB
                                                        
Downloaded from central: https://repo.maven.apache.org/maven2/org/junit/jupiter/junit-jupiter-engine/5.10.2/junit-jupiter-engine-5.10.2.jar (245 kB at 151 kB/s)
Downloading from central: https://repo.maven.apache.org/maven2/net/bytebuddy/byte-buddy-agent/1.14.16/byte-buddy-agent-1.14.16.jar
Progress (3): 10/12 MB | 311/586 kB | 49/205 kB
Progress (3): 10/12 MB | 311/586 kB | 65/205 kB
Progress (3): 10/12 MB | 311/586 kB | 65/205 kB
Progress (3): 10/12 MB | 311/586 kB | 65/205 kB
Progress (3): 10/12 MB | 311/586 kB | 65/205 kB
Progress (3): 10/12 MB | 327/586 kB | 65/205 kB
Progress (3): 10/12 MB | 327/586 kB | 81/205 kB
Progress (3): 10/12 MB | 327/586 kB | 98/205 kB
Progress (3): 10/12 MB | 327/586 kB | 98/205 kB
Progress (3): 10/12 MB | 344/586 kB | 98/205 kB
Progress (3): 10/12 MB | 344/586 kB | 114/205 kB
Progress (3): 10/12 MB | 344/586 kB | 131/205 kB
Progress (3): 10/12 MB | 344/586 kB | 131/205 kB
Progress (3): 10/12 MB | 344/586 kB | 147/205 kB
Progress (3): 10/12 MB | 360/586 kB | 147/205 kB
Progress (3): 10/12 MB | 360/586 kB | 163/205 kB
Progress (4): 10/12 MB | 360/586 kB | 163/205 kB | 7.7/704 kB
Progress (4): 10/12 MB | 360/586 kB | 163/205 kB | 12/704 kB 
Progress (4): 10/12 MB | 360/586 kB | 163/205 kB | 29/704 kB
Progress (4): 10/12 MB | 360/586 kB | 163/205 kB | 45/704 kB
Progress (4): 10/12 MB | 376/586 kB | 163/205 kB | 45/704 kB
Progress (4): 10/12 MB | 376/586 kB | 180/205 kB | 45/704 kB
Progress (4): 11/12 MB | 376/586 kB | 180/205 kB | 45/704 kB
Progress (4): 11/12 MB | 376/586 kB | 196/205 kB | 45/704 kB
Progress (4): 11/12 MB | 376/586 kB | 196/205 kB | 45/704 kB
Progress (4): 11/12 MB | 393/586 kB | 196/205 kB | 45/704 kB
Progress (4): 11/12 MB | 393/586 kB | 205 kB | 45/704 kB    
Progress (4): 11/12 MB | 393/586 kB | 205 kB | 61/704 kB
                                                        
Downloaded from central: https://repo.maven.apache.org/maven2/org/junit/platform/junit-platform-engine/1.10.2/junit-platform-engine-1.10.2.jar (205 kB at 125 kB/s)
Downloading from central: https://repo.maven.apache.org/maven2/org/objenesis/objenesis/3.3/objenesis-3.3.jar
Progress (3): 11/12 MB | 409/586 kB | 61/704 kB
Progress (3): 11/12 MB | 426/586 kB | 61/704 kB
Progress (3): 11/12 MB | 442/586 kB | 61/704 kB
Progress (3): 11/12 MB | 442/586 kB | 78/704 kB
Progress (3): 11/12 MB | 442/586 kB | 94/704 kB
Progress (3): 11/12 MB | 442/586 kB | 111/704 kB
Progress (3): 11/12 MB | 442/586 kB | 111/704 kB
Progress (3): 11/12 MB | 458/586 kB | 111/704 kB
Progress (3): 11/12 MB | 458/586 kB | 111/704 kB
Progress (3): 11/12 MB | 458/586 kB | 127/704 kB
Progress (3): 11/12 MB | 475/586 kB | 127/704 kB
Progress (3): 11/12 MB | 491/586 kB | 127/704 kB
Progress (3): 11/12 MB | 491/586 kB | 127/704 kB
Progress (3): 11/12 MB | 507/586 kB | 127/704 kB
Progress (3): 11/12 MB | 507/586 kB | 143/704 kB
Progress (3): 11/12 MB | 507/586 kB | 143/704 kB
Progress (3): 11/12 MB | 524/586 kB | 143/704 kB
Progress (3): 11/12 MB | 524/586 kB | 143/704 kB
Progress (3): 11/12 MB | 524/586 kB | 160/704 kB
Progress (3): 11/12 MB | 540/586 kB | 160/704 kB
Progress (3): 11/12 MB | 540/586 kB | 160/704 kB
Progress (3): 11/12 MB | 540/586 kB | 160/704 kB
Progress (3): 11/12 MB | 557/586 kB | 160/704 kB
Progress (3): 11/12 MB | 557/586 kB | 160/704 kB
Progress (3): 11/12 MB | 557/586 kB | 176/704 kB
Progress (3): 11/12 MB | 557/586 kB | 176/704 kB
Progress (3): 11/12 MB | 557/586 kB | 193/704 kB
Progress (4): 11/12 MB | 557/586 kB | 193/704 kB | 7.7/258 kB
Progress (4): 11/12 MB | 557/586 kB | 193/704 kB | 16/258 kB 
Progress (4): 11/12 MB | 573/586 kB | 193/704 kB | 16/258 kB
Progress (4): 11/12 MB | 586 kB | 193/704 kB | 16/258 kB    
Progress (4): 11/12 MB | 586 kB | 209/704 kB | 16/258 kB
Progress (4): 11/12 MB | 586 kB | 209/704 kB | 32/258 kB
Progress (4): 11/12 MB | 586 kB | 213/704 kB | 32/258 kB
Progress (4): 11/12 MB | 586 kB | 213/704 kB | 32/258 kB
                                                        
Downloaded from central: https://repo.maven.apache.org/maven2/org/junit/jupiter/junit-jupiter-params/5.10.2/junit-jupiter-params-5.10.2.jar (586 kB at 355 kB/s)
Downloading from central: https://repo.maven.apache.org/maven2/org/mockito/mockito-junit-jupiter/5.11.0/mockito-junit-jupiter-5.11.0.jar
Progress (3): 11/12 MB | 213/704 kB | 49/258 kB
Progress (3): 11/12 MB | 213/704 kB | 49/258 kB
Progress (3): 11/12 MB | 229/704 kB | 49/258 kB
Progress (3): 11/12 MB | 246/704 kB | 49/258 kB
Progress (3): 11/12 MB | 246/704 kB | 65/258 kB
Progress (3): 11/12 MB | 246/704 kB | 65/258 kB
Progress (3): 11/12 MB | 262/704 kB | 65/258 kB
Progress (3): 11/12 MB | 279/704 kB | 65/258 kB
Progress (3): 11/12 MB | 279/704 kB | 65/258 kB
Progress (3): 11/12 MB | 295/704 kB | 65/258 kB
Progress (3): 11/12 MB | 295/704 kB | 81/258 kB
Progress (3): 11/12 MB | 295/704 kB | 98/258 kB
Progress (3): 11/12 MB | 295/704 kB | 98/258 kB
Progress (3): 11/12 MB | 311/704 kB | 98/258 kB
Progress (3): 11/12 MB | 311/704 kB | 98/258 kB
Progress (3): 11/12 MB | 311/704 kB | 114/258 kB
Progress (3): 11/12 MB | 328/704 kB | 114/258 kB
Progress (3): 11/12 MB | 328/704 kB | 131/258 kB
Progress (3): 11/12 MB | 328/704 kB | 131/258 kB
Progress (4): 11/12 MB | 328/704 kB | 131/258 kB | 7.7/49 kB
Progress (4): 11/12 MB | 328/704 kB | 131/258 kB | 16/49 kB 
Progress (4): 11/12 MB | 328/704 kB | 147/258 kB | 16/49 kB
Progress (4): 11/12 MB | 344/704 kB | 147/258 kB | 16/49 kB
Progress (4): 11/12 MB | 344/704 kB | 147/258 kB | 16/49 kB
Progress (4): 11/12 MB | 344/704 kB | 147/258 kB | 32/49 kB
Progress (4): 11/12 MB | 344/704 kB | 163/258 kB | 32/49 kB
Progress (4): 11/12 MB | 360/704 kB | 163/258 kB | 32/49 kB
Progress (4): 11/12 MB | 377/704 kB | 163/258 kB | 32/49 kB
Progress (4): 11/12 MB | 377/704 kB | 163/258 kB | 48/49 kB
Progress (4): 11/12 MB | 377/704 kB | 163/258 kB | 49 kB   
Progress (4): 11/12 MB | 377/704 kB | 180/258 kB | 49 kB
Progress (4): 11/12 MB | 393/704 kB | 180/258 kB | 49 kB
                                                        
Downloaded from central: https://repo.maven.apache.org/maven2/org/objenesis/objenesis/3.3/objenesis-3.3.jar (49 kB at 30 kB/s)
Downloading from central: https://repo.maven.apache.org/maven2/org/skyscreamer/jsonassert/1.5.1/jsonassert-1.5.1.jar
Progress (3): 11/12 MB | 393/704 kB | 196/258 kB
Progress (3): 11/12 MB | 410/704 kB | 196/258 kB
Progress (3): 11/12 MB | 410/704 kB | 196/258 kB
Progress (3): 11/12 MB | 426/704 kB | 196/258 kB
Progress (3): 11/12 MB | 426/704 kB | 213/258 kB
Progress (3): 11/12 MB | 426/704 kB | 213/258 kB
Progress (3): 11/12 MB | 442/704 kB | 213/258 kB
Progress (3): 11/12 MB | 442/704 kB | 229/258 kB
Progress (3): 11/12 MB | 442/704 kB | 229/258 kB
Progress (3): 11/12 MB | 459/704 kB | 229/258 kB
Progress (3): 11/12 MB | 459/704 kB | 245/258 kB
Progress (3): 11/12 MB | 459/704 kB | 245/258 kB
Progress (3): 11/12 MB | 475/704 kB | 245/258 kB
Progress (3): 11/12 MB | 475/704 kB | 258 kB    
                                            
Downloaded from central: https://repo.maven.apache.org/maven2/net/bytebuddy/byte-buddy-agent/1.14.16/byte-buddy-agent-1.14.16.jar (258 kB at 154 kB/s)
Downloading from central: https://repo.maven.apache.org/maven2/com/vaadin/external/google/android-json/0.0.20131108.vaadin1/android-json-0.0.20131108.vaadin1.jar
Progress (2): 11/12 MB | 475/704 kB
Progress (2): 11/12 MB | 475/704 kB
Progress (2): 11/12 MB | 492/704 kB
Progress (2): 11/12 MB | 508/704 kB
Progress (2): 11/12 MB | 512/704 kB
Progress (2): 11/12 MB | 528/704 kB
Progress (2): 11/12 MB | 541/704 kB
Progress (2): 11/12 MB | 557/704 kB
Progress (2): 11/12 MB | 573/704 kB
Progress (2): 11/12 MB | 573/704 kB
Progress (2): 11/12 MB | 590/704 kB
Progress (2): 11/12 MB | 590/704 kB
Progress (2): 11/12 MB | 606/704 kB
Progress (2): 11/12 MB | 606/704 kB
Progress (2): 11/12 MB | 623/704 kB
Progress (2): 11/12 MB | 623/704 kB
Progress (2): 11/12 MB | 639/704 kB
Progress (2): 11/12 MB | 639/704 kB
Progress (2): 11/12 MB | 639/704 kB
Progress (2): 11/12 MB | 655/704 kB
Progress (2): 11/12 MB | 655/704 kB
Progress (2): 11/12 MB | 672/704 kB
Progress (3): 11/12 MB | 672/704 kB | 7.7/8.9 kB
Progress (3): 11/12 MB | 672/704 kB | 8.9 kB    
                                            
Downloaded from central: https://repo.maven.apache.org/maven2/org/mockito/mockito-junit-jupiter/5.11.0/mockito-junit-jupiter-5.11.0.jar (8.9 kB at 5.2 kB/s)
Downloading from central: https://repo.maven.apache.org/maven2/org/springframework/spring-test/6.1.8/spring-test-6.1.8.jar
Progress (2): 11/12 MB | 688/704 kB
Progress (2): 11/12 MB | 688/704 kB
Progress (2): 11/12 MB | 688/704 kB
Progress (2): 11/12 MB | 704 kB    
Progress (2): 11/12 MB | 704 kB
                               
Downloaded from central: https://repo.maven.apache.org/maven2/org/mockito/mockito-core/5.11.0/mockito-core-5.11.0.jar (704 kB at 416 kB/s)
Downloading from central: https://repo.maven.apache.org/maven2/org/xmlunit/xmlunit-core/2.9.1/xmlunit-core-2.9.1.jar
Progress (1): 11/12 MB
Progress (1): 11/12 MB
Progress (1): 11/12 MB
Progress (1): 11/12 MB
Progress (1): 11/12 MB
Progress (2): 11/12 MB | 7.7/31 kB
Progress (2): 11/12 MB | 16/31 kB 
Progress (2): 11/12 MB | 16/31 kB
Progress (2): 11/12 MB | 31 kB   
                              
Downloaded from central: https://repo.maven.apache.org/maven2/org/skyscreamer/jsonassert/1.5.1/jsonassert-1.5.1.jar (31 kB at 18 kB/s)
Downloading from central: https://repo.maven.apache.org/maven2/org/springframework/security/spring-security-test/6.3.0/spring-security-test-6.3.0.jar
Progress (1): 11/12 MB
Progress (1): 11/12 MB
Progress (1): 11/12 MB
Progress (1): 11/12 MB
Progress (2): 11/12 MB | 7.7/18 kB
Progress (2): 11/12 MB | 16/18 kB 
Progress (2): 11/12 MB | 18 kB   
Progress (2): 11/12 MB | 18 kB
                              
Downloaded from central: https://repo.maven.apache.org/maven2/com/vaadin/external/google/android-json/0.0.20131108.vaadin1/android-json-0.0.20131108.vaadin1.jar (18 kB at 11 kB/s)
Downloading from central: https://repo.maven.apache.org/maven2/org/springframework/security/spring-security-core/6.3.0/spring-security-core-6.3.0.jar
Progress (1): 11/12 MB
Progress (1): 11/12 MB
Progress (1): 11/12 MB
Progress (1): 11/12 MB
Progress (1): 11/12 MB
Progress (1): 11/12 MB
Progress (1): 11/12 MB
Progress (1): 11/12 MB
Progress (1): 11/12 MB
Progress (1): 11/12 MB
Progress (1): 11/12 MB
Progress (1): 11/12 MB
Progress (1): 11/12 MB
Progress (1): 11/12 MB
Progress (1): 11/12 MB
Progress (1): 12/12 MB
Progress (1): 12/12 MB
Progress (1): 12/12 MB
Progress (1): 12/12 MB
Progress (1): 12/12 MB
Progress (1): 12/12 MB
Progress (1): 12/12 MB
Progress (1): 12/12 MB
Progress (1): 12/12 MB
Progress (1): 12/12 MB
Progress (1): 12/12 MB
Progress (1): 12/12 MB
Progress (2): 12/12 MB | 7.7/175 kB
Progress (2): 12/12 MB | 16/175 kB 
Progress (2): 12/12 MB | 16/175 kB
Progress (2): 12/12 MB | 32/175 kB
Progress (2): 12/12 MB | 32/175 kB
Progress (3): 12/12 MB | 32/175 kB | 7.7/132 kB
Progress (3): 12/12 MB | 32/175 kB | 12/132 kB 
Progress (3): 12/12 MB | 32/175 kB | 12/132 kB
Progress (3): 12/12 MB | 48/175 kB | 12/132 kB
Progress (3): 12/12 MB | 48/175 kB | 28/132 kB
Progress (3): 12/12 MB | 65/175 kB | 28/132 kB
Progress (3): 12/12 MB | 81/175 kB | 28/132 kB
Progress (4): 12/12 MB | 81/175 kB | 28/132 kB | 7.7/856 kB
Progress (4): 12/12 MB | 81/175 kB | 28/132 kB | 16/856 kB 
Progress (4): 12/12 MB | 98/175 kB | 28/132 kB | 16/856 kB
Progress (4): 12/12 MB | 98/175 kB | 44/132 kB | 16/856 kB
Progress (4): 12/12 MB | 98/175 kB | 44/132 kB | 32/856 kB
Progress (4): 12/12 MB | 98/175 kB | 44/132 kB | 32/856 kB
Progress (4): 12/12 MB | 98/175 kB | 44/132 kB | 32/856 kB
Progress (4): 12 MB | 98/175 kB | 44/132 kB | 32/856 kB   
                                                       
Downloaded from central: https://repo.maven.apache.org/maven2/org/hibernate/orm/hibernate-core/6.5.2.Final/hibernate-core-6.5.2.Final.jar (12 MB at 6.8 MB/s)
Downloading from central: https://repo.maven.apache.org/maven2/org/springframework/security/spring-security-crypto/6.3.0/spring-security-crypto-6.3.0.jar
Progress (3): 98/175 kB | 44/132 kB | 49/856 kB
Progress (3): 98/175 kB | 61/132 kB | 49/856 kB
Progress (4): 98/175 kB | 61/132 kB | 49/856 kB | 7.7/559 kB
Progress (4): 98/175 kB | 61/132 kB | 49/856 kB | 16/559 kB 
Progress (4): 114/175 kB | 61/132 kB | 49/856 kB | 16/559 kB
Progress (4): 114/175 kB | 77/132 kB | 49/856 kB | 16/559 kB
Progress (4): 114/175 kB | 77/132 kB | 65/856 kB | 16/559 kB
Progress (4): 114/175 kB | 77/132 kB | 65/856 kB | 32/559 kB
Progress (4): 130/175 kB | 77/132 kB | 65/856 kB | 32/559 kB
Progress (4): 130/175 kB | 93/132 kB | 65/856 kB | 32/559 kB
Progress (4): 130/175 kB | 93/132 kB | 81/856 kB | 32/559 kB
Progress (4): 130/175 kB | 93/132 kB | 81/856 kB | 48/559 kB
Progress (4): 130/175 kB | 93/132 kB | 81/856 kB | 65/559 kB
Progress (4): 130/175 kB | 93/132 kB | 98/856 kB | 65/559 kB
Progress (4): 130/175 kB | 110/132 kB | 98/856 kB | 65/559 kB
Progress (4): 130/175 kB | 110/132 kB | 114/856 kB | 65/559 kB
Progress (4): 147/175 kB | 110/132 kB | 114/856 kB | 65/559 kB
Progress (4): 147/175 kB | 110/132 kB | 114/856 kB | 81/559 kB
Progress (4): 163/175 kB | 110/132 kB | 114/856 kB | 81/559 kB
Progress (4): 175 kB | 110/132 kB | 114/856 kB | 81/559 kB    
Progress (4): 175 kB | 126/132 kB | 114/856 kB | 81/559 kB
                                                          
Downloaded from central: https://repo.maven.apache.org/maven2/org/xmlunit/xmlunit-core/2.9.1/xmlunit-core-2.9.1.jar (175 kB at 100 kB/s)
Progress (3): 132 kB | 114/856 kB | 81/559 kB
Progress (3): 132 kB | 114/856 kB | 98/559 kB
                                             
Downloaded from central: https://repo.maven.apache.org/maven2/org/springframework/security/spring-security-test/6.3.0/spring-security-test-6.3.0.jar (132 kB at 76 kB/s)
Progress (2): 114/856 kB | 114/559 kB
Progress (2): 131/856 kB | 114/559 kB
Progress (2): 131/856 kB | 130/559 kB
Progress (2): 147/856 kB | 130/559 kB
Progress (2): 163/856 kB | 130/559 kB
Progress (2): 163/856 kB | 147/559 kB
Progress (2): 180/856 kB | 147/559 kB
Progress (2): 180/856 kB | 163/559 kB
Progress (2): 196/856 kB | 163/559 kB
Progress (2): 196/856 kB | 179/559 kB
Progress (2): 196/856 kB | 196/559 kB
Progress (2): 213/856 kB | 196/559 kB
Progress (2): 213/856 kB | 212/559 kB
Progress (2): 213/856 kB | 229/559 kB
Progress (2): 229/856 kB | 229/559 kB
Progress (2): 229/856 kB | 245/559 kB
Progress (2): 245/856 kB | 245/559 kB
Progress (2): 262/856 kB | 245/559 kB
Progress (2): 262/856 kB | 261/559 kB
Progress (2): 278/856 kB | 261/559 kB
Progress (2): 278/856 kB | 278/559 kB
Progress (2): 294/856 kB | 278/559 kB
Progress (2): 294/856 kB | 294/559 kB
Progress (2): 311/856 kB | 294/559 kB
Progress (2): 327/856 kB | 294/559 kB
Progress (2): 327/856 kB | 311/559 kB
Progress (2): 327/856 kB | 327/559 kB
Progress (2): 344/856 kB | 327/559 kB
Progress (2): 344/856 kB | 343/559 kB
Progress (2): 344/856 kB | 360/559 kB
Progress (2): 344/856 kB | 376/559 kB
Progress (2): 344/856 kB | 392/559 kB
Progress (2): 360/856 kB | 392/559 kB
Progress (2): 376/856 kB | 392/559 kB
Progress (2): 376/856 kB | 409/559 kB
Progress (2): 393/856 kB | 409/559 kB
Progress (2): 409/856 kB | 409/559 kB
Progress (2): 426/856 kB | 409/559 kB
Progress (2): 426/856 kB | 425/559 kB
Progress (2): 442/856 kB | 425/559 kB
Progress (2): 458/856 kB | 425/559 kB
Progress (2): 475/856 kB | 425/559 kB
Progress (2): 491/856 kB | 425/559 kB
Progress (3): 491/856 kB | 425/559 kB | 7.7/100 kB
Progress (3): 491/856 kB | 425/559 kB | 16/100 kB 
Progress (3): 491/856 kB | 442/559 kB | 16/100 kB
Progress (3): 507/856 kB | 442/559 kB | 16/100 kB
Progress (3): 524/856 kB | 442/559 kB | 16/100 kB
Progress (3): 540/856 kB | 442/559 kB | 16/100 kB
Progress (3): 540/856 kB | 458/559 kB | 16/100 kB
Progress (3): 557/856 kB | 458/559 kB | 16/100 kB
Progress (3): 557/856 kB | 474/559 kB | 16/100 kB
Progress (3): 573/856 kB | 474/559 kB | 16/100 kB
Progress (3): 589/856 kB | 474/559 kB | 16/100 kB
Progress (3): 606/856 kB | 474/559 kB | 16/100 kB
Progress (3): 606/856 kB | 474/559 kB | 32/100 kB
Progress (3): 622/856 kB | 474/559 kB | 32/100 kB
Progress (3): 639/856 kB | 474/559 kB | 32/100 kB
Progress (3): 655/856 kB | 474/559 kB | 32/100 kB
Progress (3): 655/856 kB | 491/559 kB | 32/100 kB
Progress (3): 655/856 kB | 507/559 kB | 32/100 kB
Progress (3): 655/856 kB | 507/559 kB | 49/100 kB
Progress (3): 655/856 kB | 524/559 kB | 49/100 kB
Progress (3): 655/856 kB | 540/559 kB | 49/100 kB
Progress (3): 655/856 kB | 556/559 kB | 49/100 kB
Progress (3): 655/856 kB | 559 kB | 49/100 kB    
Progress (3): 671/856 kB | 559 kB | 49/100 kB
Progress (3): 671/856 kB | 559 kB | 65/100 kB
                                             
Downloaded from central: https://repo.maven.apache.org/maven2/org/springframework/security/spring-security-core/6.3.0/spring-security-core-6.3.0.jar (559 kB at 311 kB/s)
Progress (2): 671/856 kB | 81/100 kB
Progress (2): 688/856 kB | 81/100 kB
Progress (2): 688/856 kB | 98/100 kB
Progress (2): 688/856 kB | 100 kB   
Progress (2): 704/856 kB | 100 kB
                                 
Downloaded from central: https://repo.maven.apache.org/maven2/org/springframework/security/spring-security-crypto/6.3.0/spring-security-crypto-6.3.0.jar (100 kB at 56 kB/s)
Progress (1): 720/856 kB
Progress (1): 737/856 kB
Progress (1): 753/856 kB
Progress (1): 770/856 kB
Progress (1): 786/856 kB
Progress (1): 802/856 kB
Progress (1): 819/856 kB
Progress (1): 835/856 kB
Progress (1): 851/856 kB
Progress (1): 856 kB    
                    
Downloaded from central: https://repo.maven.apache.org/maven2/org/springframework/spring-test/6.1.8/spring-test-6.1.8.jar (856 kB at 475 kB/s)
[INFO] 
[INFO] --- resources:3.3.1:resources (default-resources) @ auth-service ---
Downloading from central: https://repo.maven.apache.org/maven2/org/codehaus/plexus/plexus-interpolation/1.26/plexus-interpolation-1.26.pom
Progress (1): 1.4 kB
Progress (1): 2.7 kB
                    
Downloaded from central: https://repo.maven.apache.org/maven2/org/codehaus/plexus/plexus-interpolation/1.26/plexus-interpolation-1.26.pom (2.7 kB at 76 kB/s)
Downloading from central: https://repo.maven.apache.org/maven2/org/codehaus/plexus/plexus/5.1/plexus-5.1.pom
Progress (1): 700 B
Progress (1): 2.7 kB
Progress (1): 6.5 kB
Progress (1): 9.1 kB
Progress (1): 12 kB 
Progress (1): 16 kB
Progress (1): 21 kB
Progress (1): 23 kB
                   
Downloaded from central: https://repo.maven.apache.org/maven2/org/codehaus/plexus/plexus/5.1/plexus-5.1.pom (23 kB at 577 kB/s)
Downloading from central: https://repo.maven.apache.org/maven2/org/apache/maven/shared/maven-filtering/3.3.1/maven-filtering-3.3.1.pom
Progress (1): 793 B
Progress (1): 2.3 kB
Progress (1): 5.6 kB
Progress (1): 6.0 kB
                    
Downloaded from central: https://repo.maven.apache.org/maven2/org/apache/maven/shared/maven-filtering/3.3.1/maven-filtering-3.3.1.pom (6.0 kB at 163 kB/s)
Downloading from central: https://repo.maven.apache.org/maven2/org/apache/maven/shared/maven-shared-components/39/maven-shared-components-39.pom
Progress (1): 812 B
Progress (1): 2.2 kB
Progress (1): 3.2 kB
                    
Downloaded from central: https://repo.maven.apache.org/maven2/org/apache/maven/shared/maven-shared-components/39/maven-shared-components-39.pom (3.2 kB at 101 kB/s)
Downloading from central: https://repo.maven.apache.org/maven2/javax/inject/javax.inject/1/javax.inject-1.pom
Progress (1): 612 B
                   
Downloaded from central: https://repo.maven.apache.org/maven2/javax/inject/javax.inject/1/javax.inject-1.pom (612 B at 17 kB/s)
Downloading from central: https://repo.maven.apache.org/maven2/org/codehaus/plexus/plexus-utils/3.5.0/plexus-utils-3.5.0.pom
Progress (1): 725 B
Progress (1): 2.4 kB
Progress (1): 4.5 kB
Progress (1): 8.0 kB
                    
Downloaded from central: https://repo.maven.apache.org/maven2/org/codehaus/plexus/plexus-utils/3.5.0/plexus-utils-3.5.0.pom (8.0 kB at 267 kB/s)
Downloading from central: https://repo.maven.apache.org/maven2/commons-io/commons-io/2.11.0/commons-io-2.11.0.pom
Progress (1): 764 B
Progress (1): 2.1 kB
Progress (1): 5.2 kB
Progress (1): 7.8 kB
Progress (1): 10 kB 
Progress (1): 12 kB
Progress (1): 15 kB
Progress (1): 18 kB
Progress (1): 20 kB
                   
Downloaded from central: https://repo.maven.apache.org/maven2/commons-io/commons-io/2.11.0/commons-io-2.11.0.pom (20 kB at 470 kB/s)
Downloading from central: https://repo.maven.apache.org/maven2/org/apache/commons/commons-parent/52/commons-parent-52.pom
Progress (1): 703 B
Progress (1): 1.8 kB
Progress (1): 3.1 kB
Progress (1): 4.6 kB
Progress (1): 6.7 kB
Progress (1): 8.1 kB
Progress (1): 10 kB 
Progress (1): 12 kB
Progress (1): 15 kB
Progress (1): 17 kB
Progress (1): 20 kB
Progress (1): 22 kB
Progress (1): 25 kB
Progress (1): 29 kB
Progress (1): 32 kB
Progress (1): 32 kB
Progress (1): 36 kB
Progress (1): 39 kB
Progress (1): 42 kB
Progress (1): 44 kB
Progress (1): 47 kB
Progress (1): 51 kB
Progress (1): 54 kB
Progress (1): 56 kB
Progress (1): 61 kB
Progress (1): 65 kB
Progress (1): 73 kB
Progress (1): 76 kB
Progress (1): 79 kB
                   
Downloaded from central: https://repo.maven.apache.org/maven2/org/apache/commons/commons-parent/52/commons-parent-52.pom (79 kB at 1.9 MB/s)
Downloading from central: https://repo.maven.apache.org/maven2/org/apache/apache/23/apache-23.pom
Progress (1): 749 B
Progress (1): 2.1 kB
Progress (1): 3.9 kB
Progress (1): 7.9 kB
Progress (1): 13 kB 
Progress (1): 16 kB
Progress (1): 18 kB
                   
Downloaded from central: https://repo.maven.apache.org/maven2/org/apache/apache/23/apache-23.pom (18 kB at 498 kB/s)
Downloading from central: https://repo.maven.apache.org/maven2/org/junit/junit-bom/5.7.2/junit-bom-5.7.2.pom
Progress (1): 912 B
Progress (1): 4.1 kB
Progress (1): 5.1 kB
                    
Downloaded from central: https://repo.maven.apache.org/maven2/org/junit/junit-bom/5.7.2/junit-bom-5.7.2.pom (5.1 kB at 150 kB/s)
Downloading from central: https://repo.maven.apache.org/maven2/org/apache/commons/commons-lang3/3.12.0/commons-lang3-3.12.0.pom
Progress (1): 740 B
Progress (1): 2.1 kB
Progress (1): 5.4 kB
Progress (1): 8.8 kB
Progress (1): 12 kB 
Progress (1): 15 kB
Progress (1): 17 kB
Progress (1): 19 kB
Progress (1): 21 kB
Progress (1): 24 kB
Progress (1): 28 kB
Progress (1): 30 kB
Progress (1): 31 kB
                   
Downloaded from central: https://repo.maven.apache.org/maven2/org/apache/commons/commons-lang3/3.12.0/commons-lang3-3.12.0.pom (31 kB at 748 kB/s)
Downloading from central: https://repo.maven.apache.org/maven2/org/junit/junit-bom/5.7.1/junit-bom-5.7.1.pom
Progress (1): 912 B
Progress (1): 4.1 kB
Progress (1): 5.1 kB
                    
Downloaded from central: https://repo.maven.apache.org/maven2/org/junit/junit-bom/5.7.1/junit-bom-5.7.1.pom (5.1 kB at 159 kB/s)
Downloading from central: https://repo.maven.apache.org/maven2/org/codehaus/plexus/plexus-interpolation/1.26/plexus-interpolation-1.26.jar
Downloading from central: https://repo.maven.apache.org/maven2/org/codehaus/plexus/plexus-utils/3.5.1/plexus-utils-3.5.1.jar
Downloading from central: https://repo.maven.apache.org/maven2/org/apache/maven/shared/maven-filtering/3.3.1/maven-filtering-3.3.1.jar
Downloading from central: https://repo.maven.apache.org/maven2/javax/inject/javax.inject/1/javax.inject-1.jar
Downloading from central: https://repo.maven.apache.org/maven2/commons-io/commons-io/2.11.0/commons-io-2.11.0.jar
Progress (1): 7.7/85 kB
Progress (1): 16/85 kB 
Progress (2): 16/85 kB | 2.5 kB
Progress (3): 16/85 kB | 2.5 kB | 7.7/55 kB
Progress (3): 16/85 kB | 2.5 kB | 16/55 kB 
                                          
Downloaded from central: https://repo.maven.apache.org/maven2/javax/inject/javax.inject/1/javax.inject-1.jar (2.5 kB at 76 kB/s)
Downloading from central: https://repo.maven.apache.org/maven2/org/apache/commons/commons-lang3/3.12.0/commons-lang3-3.12.0.jar
Progress (2): 16/85 kB | 32/55 kB
Progress (2): 16/85 kB | 49/55 kB
Progress (2): 32/85 kB | 49/55 kB
Progress (2): 32/85 kB | 55 kB   
Progress (2): 49/85 kB | 55 kB
                              
Downloaded from central: https://repo.maven.apache.org/maven2/org/apache/maven/shared/maven-filtering/3.3.1/maven-filtering-3.3.1.jar (55 kB at 1.4 MB/s)
Progress (1): 65/85 kB
Progress (2): 65/85 kB | 7.7/327 kB
Progress (2): 65/85 kB | 16/327 kB 
Progress (3): 65/85 kB | 16/327 kB | 7.7/269 kB
Progress (3): 65/85 kB | 16/327 kB | 16/269 kB 
Progress (3): 81/85 kB | 16/327 kB | 16/269 kB
Progress (3): 85 kB | 16/327 kB | 16/269 kB   
Progress (3): 85 kB | 32/327 kB | 16/269 kB
                                           
Downloaded from central: https://repo.maven.apache.org/maven2/org/codehaus/plexus/plexus-interpolation/1.26/plexus-interpolation-1.26.jar (85 kB at 1.8 MB/s)
Progress (2): 32/327 kB | 32/269 kB
Progress (2): 49/327 kB | 32/269 kB
Progress (2): 65/327 kB | 32/269 kB
Progress (2): 65/327 kB | 48/269 kB
Progress (2): 65/327 kB | 65/269 kB
Progress (2): 65/327 kB | 81/269 kB
Progress (2): 65/327 kB | 98/269 kB
Progress (2): 81/327 kB | 98/269 kB
Progress (2): 98/327 kB | 98/269 kB
Progress (2): 114/327 kB | 98/269 kB
Progress (2): 131/327 kB | 98/269 kB
Progress (2): 131/327 kB | 114/269 kB
Progress (2): 147/327 kB | 114/269 kB
Progress (2): 147/327 kB | 130/269 kB
Progress (2): 163/327 kB | 130/269 kB
Progress (2): 180/327 kB | 130/269 kB
Progress (2): 180/327 kB | 147/269 kB
Progress (3): 180/327 kB | 147/269 kB | 7.7/587 kB
Progress (3): 180/327 kB | 147/269 kB | 16/587 kB 
Progress (3): 180/327 kB | 163/269 kB | 16/587 kB
Progress (3): 196/327 kB | 163/269 kB | 16/587 kB
Progress (3): 196/327 kB | 179/269 kB | 16/587 kB
Progress (3): 196/327 kB | 196/269 kB | 16/587 kB
Progress (3): 213/327 kB | 196/269 kB | 16/587 kB
Progress (3): 213/327 kB | 212/269 kB | 16/587 kB
Progress (3): 229/327 kB | 212/269 kB | 16/587 kB
Progress (3): 229/327 kB | 229/269 kB | 16/587 kB
Progress (3): 245/327 kB | 229/269 kB | 16/587 kB
Progress (3): 262/327 kB | 229/269 kB | 16/587 kB
Progress (3): 262/327 kB | 245/269 kB | 16/587 kB
Progress (3): 278/327 kB | 245/269 kB | 16/587 kB
Progress (3): 278/327 kB | 261/269 kB | 16/587 kB
Progress (3): 278/327 kB | 269 kB | 16/587 kB    
Progress (3): 294/327 kB | 269 kB | 16/587 kB
Progress (3): 294/327 kB | 269 kB | 32/587 kB
                                             
Downloaded from central: https://repo.maven.apache.org/maven2/org/codehaus/plexus/plexus-utils/3.5.1/plexus-utils-3.5.1.jar (269 kB at 3.4 MB/s)
Progress (2): 294/327 kB | 49/587 kB
Progress (2): 311/327 kB | 49/587 kB
Progress (2): 327 kB | 49/587 kB    
Progress (2): 327 kB | 65/587 kB
Progress (2): 327 kB | 81/587 kB
                                
Downloaded from central: https://repo.maven.apache.org/maven2/commons-io/commons-io/2.11.0/commons-io-2.11.0.jar (327 kB at 4.0 MB/s)
Progress (1): 98/587 kB
Progress (1): 114/587 kB
Progress (1): 131/587 kB
Progress (1): 147/587 kB
Progress (1): 163/587 kB
Progress (1): 180/587 kB
Progress (1): 196/587 kB
Progress (1): 213/587 kB
Progress (1): 229/587 kB
Progress (1): 245/587 kB
Progress (1): 262/587 kB
Progress (1): 278/587 kB
Progress (1): 294/587 kB
Progress (1): 311/587 kB
Progress (1): 327/587 kB
Progress (1): 344/587 kB
Progress (1): 360/587 kB
Progress (1): 376/587 kB
Progress (1): 393/587 kB
Progress (1): 409/587 kB
Progress (1): 426/587 kB
Progress (1): 442/587 kB
Progress (1): 458/587 kB
Progress (1): 475/587 kB
Progress (1): 491/587 kB
Progress (1): 507/587 kB
Progress (1): 524/587 kB
Progress (1): 540/587 kB
Progress (1): 557/587 kB
Progress (1): 573/587 kB
Progress (1): 587 kB    
                    
Downloaded from central: https://repo.maven.apache.org/maven2/org/apache/commons/commons-lang3/3.12.0/commons-lang3-3.12.0.jar (587 kB at 5.5 MB/s)
[INFO] Copying 1 resource from src/main/resources to target/classes
[INFO] Copying 0 resource from src/main/resources to target/classes
[INFO] 
[INFO] --- compiler:3.13.0:compile (default-compile) @ auth-service ---
Downloading from central: https://repo.maven.apache.org/maven2/org/apache/maven/shared/maven-shared-utils/3.4.2/maven-shared-utils-3.4.2.pom
Progress (1): 793 B
Progress (1): 2.3 kB
Progress (1): 4.3 kB
Progress (1): 5.9 kB
                    
Downloaded from central: https://repo.maven.apache.org/maven2/org/apache/maven/shared/maven-shared-utils/3.4.2/maven-shared-utils-3.4.2.pom (5.9 kB at 203 kB/s)
Downloading from central: https://repo.maven.apache.org/maven2/org/apache/maven/shared/maven-shared-incremental/1.1/maven-shared-incremental-1.1.pom
Progress (1): 806 B
Progress (1): 2.3 kB
Progress (1): 4.7 kB
                    
Downloaded from central: https://repo.maven.apache.org/maven2/org/apache/maven/shared/maven-shared-incremental/1.1/maven-shared-incremental-1.1.pom (4.7 kB at 135 kB/s)
Downloading from central: https://repo.maven.apache.org/maven2/org/apache/maven/shared/maven-shared-components/19/maven-shared-components-19.pom
Progress (1): 773 B
Progress (1): 2.4 kB
Progress (1): 4.2 kB
Progress (1): 6.4 kB
                    
Downloaded from central: https://repo.maven.apache.org/maven2/org/apache/maven/shared/maven-shared-components/19/maven-shared-components-19.pom (6.4 kB at 236 kB/s)
Downloading from central: https://repo.maven.apache.org/maven2/org/apache/maven/maven-parent/23/maven-parent-23.pom
Progress (1): 726 B
Progress (1): 2.0 kB
Progress (1): 5.9 kB
Progress (1): 10 kB 
Progress (1): 15 kB
Progress (1): 19 kB
Progress (1): 22 kB
Progress (1): 25 kB
Progress (1): 27 kB
Progress (1): 31 kB
Progress (1): 33 kB
                   
Downloaded from central: https://repo.maven.apache.org/maven2/org/apache/maven/maven-parent/23/maven-parent-23.pom (33 kB at 1.2 MB/s)
Downloading from central: https://repo.maven.apache.org/maven2/org/apache/apache/13/apache-13.pom
Progress (1): 749 B
Progress (1): 2.1 kB
Progress (1): 4.1 kB
Progress (1): 9.0 kB
Progress (1): 11 kB 
Progress (1): 14 kB
                   
Downloaded from central: https://repo.maven.apache.org/maven2/org/apache/apache/13/apache-13.pom (14 kB at 518 kB/s)
Downloading from central: https://repo.maven.apache.org/maven2/org/codehaus/plexus/plexus-java/1.2.0/plexus-java-1.2.0.pom
Progress (1): 1.9 kB
Progress (1): 4.3 kB
                    
Downloaded from central: https://repo.maven.apache.org/maven2/org/codehaus/plexus/plexus-java/1.2.0/plexus-java-1.2.0.pom (4.3 kB at 112 kB/s)
Downloading from central: https://repo.maven.apache.org/maven2/org/codehaus/plexus/plexus-languages/1.2.0/plexus-languages-1.2.0.pom
Progress (1): 1.3 kB
Progress (1): 3.2 kB
                    
Downloaded from central: https://repo.maven.apache.org/maven2/org/codehaus/plexus/plexus-languages/1.2.0/plexus-languages-1.2.0.pom (3.2 kB at 110 kB/s)
Downloading from central: https://repo.maven.apache.org/maven2/org/codehaus/plexus/plexus/15/plexus-15.pom
Progress (1): 692 B
Progress (1): 2.7 kB
Progress (1): 6.4 kB
Progress (1): 8.9 kB
Progress (1): 11 kB 
Progress (1): 14 kB
Progress (1): 18 kB
Progress (1): 21 kB
Progress (1): 25 kB
Progress (1): 28 kB
                   
Downloaded from central: https://repo.maven.apache.org/maven2/org/codehaus/plexus/plexus/15/plexus-15.pom (28 kB at 1.0 MB/s)
Downloading from central: https://repo.maven.apache.org/maven2/com/thoughtworks/qdox/qdox/2.0.3/qdox-2.0.3.pom
Progress (1): 872 B
Progress (1): 3.4 kB
Progress (1): 6.6 kB
Progress (1): 11 kB 
Progress (1): 13 kB
Progress (1): 17 kB
                   
Downloaded from central: https://repo.maven.apache.org/maven2/com/thoughtworks/qdox/qdox/2.0.3/qdox-2.0.3.pom (17 kB at 616 kB/s)
Downloading from central: https://repo.maven.apache.org/maven2/org/codehaus/plexus/plexus-compiler-api/2.15.0/plexus-compiler-api-2.15.0.pom
Progress (1): 1.4 kB
                    
Downloaded from central: https://repo.maven.apache.org/maven2/org/codehaus/plexus/plexus-compiler-api/2.15.0/plexus-compiler-api-2.15.0.pom (1.4 kB at 52 kB/s)
Downloading from central: https://repo.maven.apache.org/maven2/org/codehaus/plexus/plexus-compiler/2.15.0/plexus-compiler-2.15.0.pom
Progress (1): 1.2 kB
Progress (1): 4.5 kB
Progress (1): 7.6 kB
Progress (1): 7.6 kB
                    
Downloaded from central: https://repo.maven.apache.org/maven2/org/codehaus/plexus/plexus-compiler/2.15.0/plexus-compiler-2.15.0.pom (7.6 kB at 281 kB/s)
Downloading from central: https://repo.maven.apache.org/maven2/org/codehaus/plexus/plexus/17/plexus-17.pom
Progress (1): 691 B
Progress (1): 2.5 kB
Progress (1): 6.4 kB
Progress (1): 8.9 kB
Progress (1): 11 kB 
Progress (1): 14 kB
Progress (1): 19 kB
Progress (1): 21 kB
Progress (1): 25 kB
Progress (1): 28 kB
                   
Downloaded from central: https://repo.maven.apache.org/maven2/org/codehaus/plexus/plexus/17/plexus-17.pom (28 kB at 1.2 MB/s)
Downloading from central: https://repo.maven.apache.org/maven2/org/codehaus/plexus/plexus-utils/4.0.0/plexus-utils-4.0.0.pom
Progress (1): 724 B
Progress (1): 2.3 kB
Progress (1): 4.5 kB
Progress (1): 8.7 kB
                    
Downloaded from central: https://repo.maven.apache.org/maven2/org/codehaus/plexus/plexus-utils/4.0.0/plexus-utils-4.0.0.pom (8.7 kB at 298 kB/s)
Downloading from central: https://repo.maven.apache.org/maven2/org/codehaus/plexus/plexus/13/plexus-13.pom
Progress (1): 693 B
Progress (1): 2.5 kB
Progress (1): 6.4 kB
Progress (1): 8.9 kB
Progress (1): 11 kB 
Progress (1): 14 kB
Progress (1): 18 kB
Progress (1): 21 kB
Progress (1): 26 kB
Progress (1): 27 kB
                   
Downloaded from central: https://repo.maven.apache.org/maven2/org/codehaus/plexus/plexus/13/plexus-13.pom (27 kB at 1.2 MB/s)
Downloading from central: https://repo.maven.apache.org/maven2/org/codehaus/plexus/plexus-compiler-manager/2.15.0/plexus-compiler-manager-2.15.0.pom
Progress (1): 1.3 kB
                    
Downloaded from central: https://repo.maven.apache.org/maven2/org/codehaus/plexus/plexus-compiler-manager/2.15.0/plexus-compiler-manager-2.15.0.pom (1.3 kB at 56 kB/s)
Downloading from central: https://repo.maven.apache.org/maven2/org/codehaus/plexus/plexus-xml/3.0.0/plexus-xml-3.0.0.pom
Progress (1): 815 B
Progress (1): 2.7 kB
Progress (1): 3.7 kB
                    
Downloaded from central: https://repo.maven.apache.org/maven2/org/codehaus/plexus/plexus-xml/3.0.0/plexus-xml-3.0.0.pom (3.7 kB at 150 kB/s)
Downloading from central: https://repo.maven.apache.org/maven2/org/codehaus/plexus/plexus-compiler-javac/2.15.0/plexus-compiler-javac-2.15.0.pom
Progress (1): 1.3 kB
                    
Downloaded from central: https://repo.maven.apache.org/maven2/org/codehaus/plexus/plexus-compiler-javac/2.15.0/plexus-compiler-javac-2.15.0.pom (1.3 kB at 52 kB/s)
Downloading from central: https://repo.maven.apache.org/maven2/org/codehaus/plexus/plexus-compilers/2.15.0/plexus-compilers-2.15.0.pom
Progress (1): 1.6 kB
Progress (1): 1.6 kB
                    
Downloaded from central: https://repo.maven.apache.org/maven2/org/codehaus/plexus/plexus-compilers/2.15.0/plexus-compilers-2.15.0.pom (1.6 kB at 63 kB/s)
Downloading from central: https://repo.maven.apache.org/maven2/org/apache/maven/shared/maven-shared-utils/3.4.2/maven-shared-utils-3.4.2.jar
Downloading from central: https://repo.maven.apache.org/maven2/org/apache/maven/shared/maven-shared-incremental/1.1/maven-shared-incremental-1.1.jar
Downloading from central: https://repo.maven.apache.org/maven2/org/codehaus/plexus/plexus-java/1.2.0/plexus-java-1.2.0.jar
Downloading from central: https://repo.maven.apache.org/maven2/com/thoughtworks/qdox/qdox/2.0.3/qdox-2.0.3.jar
Downloading from central: https://repo.maven.apache.org/maven2/org/codehaus/plexus/plexus-compiler-api/2.15.0/plexus-compiler-api-2.15.0.jar
Progress (1): 7.7/151 kB
Progress (1): 12/151 kB 
Progress (1): 28/151 kB
Progress (1): 44/151 kB
Progress (2): 44/151 kB | 3.4/14 kB
Progress (2): 44/151 kB | 14 kB    
Progress (2): 61/151 kB | 14 kB
                               
Downloaded from central: https://repo.maven.apache.org/maven2/org/apache/maven/shared/maven-shared-incremental/1.1/maven-shared-incremental-1.1.jar (14 kB at 437 kB/s)
Downloading from central: https://repo.maven.apache.org/maven2/org/codehaus/plexus/plexus-compiler-manager/2.15.0/plexus-compiler-manager-2.15.0.jar
Progress (1): 77/151 kB
Progress (2): 77/151 kB | 7.7/58 kB
Progress (2): 77/151 kB | 16/58 kB 
Progress (3): 77/151 kB | 16/58 kB | 7.7/29 kB
Progress (3): 77/151 kB | 16/58 kB | 16/29 kB 
Progress (3): 93/151 kB | 16/58 kB | 16/29 kB
Progress (3): 93/151 kB | 16/58 kB | 29 kB   
                                          
Downloaded from central: https://repo.maven.apache.org/maven2/org/codehaus/plexus/plexus-compiler-api/2.15.0/plexus-compiler-api-2.15.0.jar (29 kB at 808 kB/s)
Downloading from central: https://repo.maven.apache.org/maven2/org/codehaus/plexus/plexus-xml/3.0.0/plexus-xml-3.0.0.jar
Progress (2): 93/151 kB | 32/58 kB
Progress (2): 93/151 kB | 49/58 kB
Progress (3): 93/151 kB | 49/58 kB | 7.7/334 kB
Progress (3): 93/151 kB | 49/58 kB | 16/334 kB 
Progress (3): 110/151 kB | 49/58 kB | 16/334 kB
Progress (3): 126/151 kB | 49/58 kB | 16/334 kB
Progress (3): 126/151 kB | 49/58 kB | 32/334 kB
Progress (3): 126/151 kB | 58 kB | 32/334 kB   
Progress (3): 143/151 kB | 58 kB | 32/334 kB
Progress (3): 143/151 kB | 58 kB | 48/334 kB
                                            
Downloaded from central: https://repo.maven.apache.org/maven2/org/codehaus/plexus/plexus-java/1.2.0/plexus-java-1.2.0.jar (58 kB at 1.3 MB/s)
Downloading from central: https://repo.maven.apache.org/maven2/org/codehaus/plexus/plexus-compiler-javac/2.15.0/plexus-compiler-javac-2.15.0.jar
Progress (2): 151 kB | 48/334 kB
Progress (2): 151 kB | 65/334 kB
                                
Downloaded from central: https://repo.maven.apache.org/maven2/org/apache/maven/shared/maven-shared-utils/3.4.2/maven-shared-utils-3.4.2.jar (151 kB at 3.1 MB/s)
Downloading from central: https://repo.maven.apache.org/maven2/org/codehaus/plexus/plexus-utils/4.0.0/plexus-utils-4.0.0.jar
Progress (1): 81/334 kB
Progress (1): 98/334 kB
Progress (1): 114/334 kB
Progress (1): 130/334 kB
Progress (1): 147/334 kB
Progress (1): 163/334 kB
Progress (1): 180/334 kB
Progress (1): 196/334 kB
Progress (1): 212/334 kB
Progress (2): 212/334 kB | 5.2 kB
                                 
Downloaded from central: https://repo.maven.apache.org/maven2/org/codehaus/plexus/plexus-compiler-manager/2.15.0/plexus-compiler-manager-2.15.0.jar (5.2 kB at 90 kB/s)
Progress (1): 229/334 kB
Progress (1): 245/334 kB
Progress (1): 261/334 kB
Progress (1): 278/334 kB
Progress (1): 294/334 kB
Progress (1): 311/334 kB
Progress (2): 311/334 kB | 7.7/93 kB
Progress (2): 311/334 kB | 12/93 kB 
Progress (2): 327/334 kB | 12/93 kB
Progress (2): 327/334 kB | 29/93 kB
Progress (2): 334 kB | 29/93 kB    
Progress (2): 334 kB | 45/93 kB
Progress (2): 334 kB | 61/93 kB
                               
Downloaded from central: https://repo.maven.apache.org/maven2/com/thoughtworks/qdox/qdox/2.0.3/qdox-2.0.3.jar (334 kB at 4.7 MB/s)
Progress (1): 78/93 kB
Progress (1): 93 kB   
                   
Downloaded from central: https://repo.maven.apache.org/maven2/org/codehaus/plexus/plexus-xml/3.0.0/plexus-xml-3.0.0.jar (93 kB at 1.3 MB/s)
Progress (1): 7.7/192 kB
Progress (1): 16/192 kB 
Progress (1): 29/192 kB
Progress (1): 45/192 kB
Progress (1): 61/192 kB
Progress (1): 78/192 kB
Progress (1): 94/192 kB
Progress (2): 94/192 kB | 7.7/26 kB
Progress (2): 94/192 kB | 16/26 kB 
Progress (2): 94/192 kB | 26 kB   
Progress (2): 111/192 kB | 26 kB
Progress (2): 127/192 kB | 26 kB
Progress (2): 143/192 kB | 26 kB
                                
Downloaded from central: https://repo.maven.apache.org/maven2/org/codehaus/plexus/plexus-compiler-javac/2.15.0/plexus-compiler-javac-2.15.0.jar (26 kB at 302 kB/s)
Progress (1): 160/192 kB
Progress (1): 176/192 kB
Progress (1): 192 kB    
                    
Downloaded from central: https://repo.maven.apache.org/maven2/org/codehaus/plexus/plexus-utils/4.0.0/plexus-utils-4.0.0.jar (192 kB at 2.1 MB/s)
[INFO] Nothing to compile - all classes are up to date.
[INFO] 
[INFO] --- resources:3.3.1:testResources (default-testResources) @ auth-service ---
[INFO] skip non existing resourceDirectory /app/services/auth-service/src/test/resources
[INFO] 
[INFO] --- compiler:3.13.0:testCompile (default-testCompile) @ auth-service ---
[INFO] No sources to compile
[INFO] 
[INFO] --- surefire:3.2.5:test (default-test) @ auth-service ---
Downloading from central: https://repo.maven.apache.org/maven2/org/apache/maven/surefire/maven-surefire-common/3.2.5/maven-surefire-common-3.2.5.pom
Progress (1): 834 B
Progress (1): 3.3 kB
Progress (1): 6.2 kB
Progress (1): 6.2 kB
                    
Downloaded from central: https://repo.maven.apache.org/maven2/org/apache/maven/surefire/maven-surefire-common/3.2.5/maven-surefire-common-3.2.5.pom (6.2 kB at 201 kB/s)
Downloading from central: https://repo.maven.apache.org/maven2/org/apache/maven/surefire/surefire-api/3.2.5/surefire-api-3.2.5.pom
Progress (1): 843 B
Progress (1): 2.7 kB
Progress (1): 3.5 kB
                    
Downloaded from central: https://repo.maven.apache.org/maven2/org/apache/maven/surefire/surefire-api/3.2.5/surefire-api-3.2.5.pom (3.5 kB at 110 kB/s)
Downloading from central: https://repo.maven.apache.org/maven2/org/apache/maven/surefire/surefire-logger-api/3.2.5/surefire-logger-api-3.2.5.pom
Progress (1): 834 B
Progress (1): 2.3 kB
Progress (1): 3.3 kB
                    
Downloaded from central: https://repo.maven.apache.org/maven2/org/apache/maven/surefire/surefire-logger-api/3.2.5/surefire-logger-api-3.2.5.pom (3.3 kB at 88 kB/s)
Downloading from central: https://repo.maven.apache.org/maven2/org/apache/maven/surefire/surefire-shared-utils/3.2.5/surefire-shared-utils-3.2.5.pom
Progress (1): 1.1 kB
Progress (1): 4.1 kB
                    
Downloaded from central: https://repo.maven.apache.org/maven2/org/apache/maven/surefire/surefire-shared-utils/3.2.5/surefire-shared-utils-3.2.5.pom (4.1 kB at 156 kB/s)
Downloading from central: https://repo.maven.apache.org/maven2/org/apache/maven/surefire/surefire-extensions-api/3.2.5/surefire-extensions-api-3.2.5.pom
Progress (1): 842 B
Progress (1): 2.8 kB
Progress (1): 3.3 kB
                    
Downloaded from central: https://repo.maven.apache.org/maven2/org/apache/maven/surefire/surefire-extensions-api/3.2.5/surefire-extensions-api-3.2.5.pom (3.3 kB at 127 kB/s)
Downloading from central: https://repo.maven.apache.org/maven2/org/apache/maven/surefire/surefire-booter/3.2.5/surefire-booter-3.2.5.pom
Progress (1): 834 B
Progress (1): 3.0 kB
Progress (1): 4.5 kB
                    
Downloaded from central: https://repo.maven.apache.org/maven2/org/apache/maven/surefire/surefire-booter/3.2.5/surefire-booter-3.2.5.pom (4.5 kB at 159 kB/s)
Downloading from central: https://repo.maven.apache.org/maven2/org/apache/maven/surefire/surefire-extensions-spi/3.2.5/surefire-extensions-spi-3.2.5.pom
Progress (1): 878 B
Progress (1): 1.8 kB
                    
Downloaded from central: https://repo.maven.apache.org/maven2/org/apache/maven/surefire/surefire-extensions-spi/3.2.5/surefire-extensions-spi-3.2.5.pom (1.8 kB at 59 kB/s)
Downloading from central: https://repo.maven.apache.org/maven2/org/apache/maven/shared/maven-common-artifact-filters/3.1.1/maven-common-artifact-filters-3.1.1.pom
Progress (1): 798 B
Progress (1): 2.3 kB
Progress (1): 5.7 kB
Progress (1): 5.8 kB
                    
Downloaded from central: https://repo.maven.apache.org/maven2/org/apache/maven/shared/maven-common-artifact-filters/3.1.1/maven-common-artifact-filters-3.1.1.pom (5.8 kB at 207 kB/s)
Downloading from central: https://repo.maven.apache.org/maven2/org/apache/maven/shared/maven-shared-components/34/maven-shared-components-34.pom
Progress (1): 781 B
Progress (1): 2.3 kB
Progress (1): 4.6 kB
Progress (1): 5.1 kB
                    
Downloaded from central: https://repo.maven.apache.org/maven2/org/apache/maven/shared/maven-shared-components/34/maven-shared-components-34.pom (5.1 kB at 182 kB/s)
Downloading from central: https://repo.maven.apache.org/maven2/org/apache/maven/maven-parent/34/maven-parent-34.pom
Progress (1): 727 B
Progress (1): 1.9 kB
Progress (1): 5.4 kB
Progress (1): 9.8 kB
Progress (1): 14 kB 
Progress (1): 19 kB
Progress (1): 23 kB
Progress (1): 26 kB
Progress (1): 27 kB
Progress (1): 30 kB
Progress (1): 34 kB
Progress (1): 37 kB
Progress (1): 41 kB
Progress (1): 43 kB
                   
Downloaded from central: https://repo.maven.apache.org/maven2/org/apache/maven/maven-parent/34/maven-parent-34.pom (43 kB at 1.4 MB/s)
Downloading from central: https://repo.maven.apache.org/maven2/org/apache/maven/maven-artifact/3.2.5/maven-artifact-3.2.5.pom
Progress (1): 843 B
Progress (1): 2.3 kB
                    
Downloaded from central: https://repo.maven.apache.org/maven2/org/apache/maven/maven-artifact/3.2.5/maven-artifact-3.2.5.pom (2.3 kB at 78 kB/s)
Downloading from central: https://repo.maven.apache.org/maven2/org/apache/maven/maven/3.2.5/maven-3.2.5.pom
Progress (1): 759 B
Progress (1): 1.9 kB
Progress (1): 3.4 kB
Progress (1): 5.3 kB
Progress (1): 11 kB 
Progress (1): 15 kB
Progress (1): 18 kB
Progress (1): 21 kB
Progress (1): 22 kB
                   
Downloaded from central: https://repo.maven.apache.org/maven2/org/apache/maven/maven/3.2.5/maven-3.2.5.pom (22 kB at 860 kB/s)
Downloading from central: https://repo.maven.apache.org/maven2/org/apache/maven/maven-parent/25/maven-parent-25.pom
Progress (1): 730 B
Progress (1): 2.0 kB
Progress (1): 6.0 kB
Progress (1): 11 kB 
Progress (1): 15 kB
Progress (1): 19 kB
Progress (1): 23 kB
Progress (1): 24 kB
Progress (1): 27 kB
Progress (1): 30 kB
Progress (1): 32 kB
Progress (1): 37 kB
Progress (1): 37 kB
                   
Downloaded from central: https://repo.maven.apache.org/maven2/org/apache/maven/maven-parent/25/maven-parent-25.pom (37 kB at 1.3 MB/s)
Downloading from central: https://repo.maven.apache.org/maven2/org/apache/apache/15/apache-15.pom
Progress (1): 754 B
Progress (1): 2.1 kB
Progress (1): 3.9 kB
Progress (1): 7.9 kB
Progress (1): 11 kB 
Progress (1): 14 kB
Progress (1): 15 kB
                   
Downloaded from central: https://repo.maven.apache.org/maven2/org/apache/apache/15/apache-15.pom (15 kB at 412 kB/s)
Downloading from central: https://repo.maven.apache.org/maven2/org/apache/maven/maven-core/3.2.5/maven-core-3.2.5.pom
Progress (1): 794 B
Progress (1): 2.2 kB
Progress (1): 5.3 kB
Progress (1): 8.1 kB
                    
Downloaded from central: https://repo.maven.apache.org/maven2/org/apache/maven/maven-core/3.2.5/maven-core-3.2.5.pom (8.1 kB at 252 kB/s)
Downloading from central: https://repo.maven.apache.org/maven2/org/apache/maven/maven-settings/3.2.5/maven-settings-3.2.5.pom
Progress (1): 823 B
Progress (1): 2.2 kB
                    
Downloaded from central: https://repo.maven.apache.org/maven2/org/apache/maven/maven-settings/3.2.5/maven-settings-3.2.5.pom (2.2 kB at 72 kB/s)
Downloading from central: https://repo.maven.apache.org/maven2/org/apache/maven/maven-settings-builder/3.2.5/maven-settings-builder-3.2.5.pom
Progress (1): 823 B
Progress (1): 2.6 kB
                    
Downloaded from central: https://repo.maven.apache.org/maven2/org/apache/maven/maven-settings-builder/3.2.5/maven-settings-builder-3.2.5.pom (2.6 kB at 100 kB/s)
Downloading from central: https://repo.maven.apache.org/maven2/org/codehaus/plexus/plexus-interpolation/1.21/plexus-interpolation-1.21.pom
Progress (1): 1.3 kB
Progress (1): 1.5 kB
                    
Downloaded from central: https://repo.maven.apache.org/maven2/org/codehaus/plexus/plexus-interpolation/1.21/plexus-interpolation-1.21.pom (1.5 kB at 62 kB/s)
Downloading from central: https://repo.maven.apache.org/maven2/org/codehaus/plexus/plexus-components/1.3.1/plexus-components-1.3.1.pom
Progress (1): 1.3 kB
Progress (1): 3.1 kB
                    
Downloaded from central: https://repo.maven.apache.org/maven2/org/codehaus/plexus/plexus-components/1.3.1/plexus-components-1.3.1.pom (3.1 kB at 102 kB/s)
Downloading from central: https://repo.maven.apache.org/maven2/org/codehaus/plexus/plexus/3.3.1/plexus-3.3.1.pom
Progress (1): 707 B
Progress (1): 2.6 kB
Progress (1): 6.1 kB
Progress (1): 8.6 kB
Progress (1): 11 kB 
Progress (1): 16 kB
Progress (1): 20 kB
Progress (1): 20 kB
                   
Downloaded from central: https://repo.maven.apache.org/maven2/org/codehaus/plexus/plexus/3.3.1/plexus-3.3.1.pom (20 kB at 786 kB/s)
Downloading from central: https://repo.maven.apache.org/maven2/org/sonatype/spice/spice-parent/17/spice-parent-17.pom
Progress (1): 1.2 kB
Progress (1): 3.4 kB
Progress (1): 6.7 kB
Progress (1): 6.8 kB
                    
Downloaded from central: https://repo.maven.apache.org/maven2/org/sonatype/spice/spice-parent/17/spice-parent-17.pom (6.8 kB at 233 kB/s)
Downloading from central: https://repo.maven.apache.org/maven2/org/sonatype/forge/forge-parent/10/forge-parent-10.pom
Progress (1): 735 B
Progress (1): 2.6 kB
Progress (1): 8.6 kB
Progress (1): 12 kB 
Progress (1): 14 kB
                   
Downloaded from central: https://repo.maven.apache.org/maven2/org/sonatype/forge/forge-parent/10/forge-parent-10.pom (14 kB at 468 kB/s)
Downloading from central: https://repo.maven.apache.org/maven2/org/codehaus/plexus/plexus-component-annotations/1.5.5/plexus-component-annotations-1.5.5.pom
Progress (1): 815 B
                   
Downloaded from central: https://repo.maven.apache.org/maven2/org/codehaus/plexus/plexus-component-annotations/1.5.5/plexus-component-annotations-1.5.5.pom (815 B at 25 kB/s)
Downloading from central: https://repo.maven.apache.org/maven2/org/codehaus/plexus/plexus-containers/1.5.5/plexus-containers-1.5.5.pom
Progress (1): 1.3 kB
Progress (1): 4.2 kB
                    
Downloaded from central: https://repo.maven.apache.org/maven2/org/codehaus/plexus/plexus-containers/1.5.5/plexus-containers-1.5.5.pom (4.2 kB at 157 kB/s)
Downloading from central: https://repo.maven.apache.org/maven2/org/codehaus/plexus/plexus/2.0.7/plexus-2.0.7.pom
Progress (1): 711 B
Progress (1): 2.8 kB
Progress (1): 6.4 kB
Progress (1): 9.1 kB
Progress (1): 13 kB 
Progress (1): 17 kB
                   
Downloaded from central: https://repo.maven.apache.org/maven2/org/codehaus/plexus/plexus/2.0.7/plexus-2.0.7.pom (17 kB at 596 kB/s)
Downloading from central: https://repo.maven.apache.org/maven2/org/sonatype/plexus/plexus-sec-dispatcher/1.3/plexus-sec-dispatcher-1.3.pom
Progress (1): 1.3 kB
Progress (1): 3.0 kB
                    
Downloaded from central: https://repo.maven.apache.org/maven2/org/sonatype/plexus/plexus-sec-dispatcher/1.3/plexus-sec-dispatcher-1.3.pom (3.0 kB at 110 kB/s)
Downloading from central: https://repo.maven.apache.org/maven2/org/sonatype/spice/spice-parent/12/spice-parent-12.pom
Progress (1): 1.2 kB
Progress (1): 4.2 kB
Progress (1): 6.8 kB
                    
Downloaded from central: https://repo.maven.apache.org/maven2/org/sonatype/spice/spice-parent/12/spice-parent-12.pom (6.8 kB at 283 kB/s)
Downloading from central: https://repo.maven.apache.org/maven2/org/sonatype/forge/forge-parent/4/forge-parent-4.pom
Progress (1): 1.4 kB
Progress (1): 5.8 kB
Progress (1): 8.4 kB
                    
Downloaded from central: https://repo.maven.apache.org/maven2/org/sonatype/forge/forge-parent/4/forge-parent-4.pom (8.4 kB at 323 kB/s)
Downloading from central: https://repo.maven.apache.org/maven2/org/sonatype/plexus/plexus-cipher/1.4/plexus-cipher-1.4.pom
Progress (1): 1.4 kB
Progress (1): 2.1 kB
                    
Downloaded from central: https://repo.maven.apache.org/maven2/org/sonatype/plexus/plexus-cipher/1.4/plexus-cipher-1.4.pom (2.1 kB at 76 kB/s)
Downloading from central: https://repo.maven.apache.org/maven2/org/apache/maven/maven-repository-metadata/3.2.5/maven-repository-metadata-3.2.5.pom
Progress (1): 823 B
Progress (1): 2.2 kB
                    
Downloaded from central: https://repo.maven.apache.org/maven2/org/apache/maven/maven-repository-metadata/3.2.5/maven-repository-metadata-3.2.5.pom (2.2 kB at 83 kB/s)
Downloading from central: https://repo.maven.apache.org/maven2/org/apache/maven/maven-plugin-api/3.2.5/maven-plugin-api-3.2.5.pom
Progress (1): 816 B
Progress (1): 2.5 kB
Progress (1): 3.0 kB
                    
Downloaded from central: https://repo.maven.apache.org/maven2/org/apache/maven/maven-plugin-api/3.2.5/maven-plugin-api-3.2.5.pom (3.0 kB at 138 kB/s)
Downloading from central: https://repo.maven.apache.org/maven2/org/eclipse/sisu/org.eclipse.sisu.plexus/0.9.0.M2/org.eclipse.sisu.plexus-0.9.0.M2.pom
Progress (1): 827 B
Progress (1): 3.5 kB
Progress (1): 8.7 kB
Progress (1): 15 kB 
Progress (1): 15 kB
                   
Downloaded from central: https://repo.maven.apache.org/maven2/org/eclipse/sisu/org.eclipse.sisu.plexus/0.9.0.M2/org.eclipse.sisu.plexus-0.9.0.M2.pom (15 kB at 599 kB/s)
Downloading from central: https://repo.maven.apache.org/maven2/org/eclipse/sisu/sisu-plexus/0.9.0.M2/sisu-plexus-0.9.0.M2.pom
Progress (1): 811 B
Progress (1): 2.8 kB
Progress (1): 4.9 kB
Progress (1): 8.5 kB
Progress (1): 12 kB 
Progress (1): 15 kB
                   
Downloaded from central: https://repo.maven.apache.org/maven2/org/eclipse/sisu/sisu-plexus/0.9.0.M2/sisu-plexus-0.9.0.M2.pom (15 kB at 439 kB/s)
Downloading from central: https://repo.maven.apache.org/maven2/javax/annotation/javax.annotation-api/1.2/javax.annotation-api-1.2.pom
Progress (1): 702 B
Progress (1): 2.0 kB
Progress (1): 3.5 kB
Progress (1): 5.5 kB
Progress (1): 8.7 kB
Progress (1): 12 kB 
Progress (1): 13 kB
                   
Downloaded from central: https://repo.maven.apache.org/maven2/javax/annotation/javax.annotation-api/1.2/javax.annotation-api-1.2.pom (13 kB at 384 kB/s)
Downloading from central: https://repo.maven.apache.org/maven2/net/java/jvnet-parent/3/jvnet-parent-3.pom
Progress (1): 838 B
Progress (1): 2.5 kB
Progress (1): 4.8 kB
                    
Downloaded from central: https://repo.maven.apache.org/maven2/net/java/jvnet-parent/3/jvnet-parent-3.pom (4.8 kB at 165 kB/s)
Downloading from central: https://repo.maven.apache.org/maven2/javax/enterprise/cdi-api/1.2/cdi-api-1.2.pom
Progress (1): 1.0 kB
Progress (1): 3.3 kB
Progress (1): 5.8 kB
Progress (1): 6.3 kB
                    
Downloaded from central: https://repo.maven.apache.org/maven2/javax/enterprise/cdi-api/1.2/cdi-api-1.2.pom (6.3 kB at 224 kB/s)
Downloading from central: https://repo.maven.apache.org/maven2/org/jboss/weld/weld-parent/26/weld-parent-26.pom
Progress (1): 1.0 kB
Progress (1): 2.9 kB
Progress (1): 6.3 kB
Progress (1): 11 kB 
Progress (1): 16 kB
Progress (1): 19 kB
Progress (1): 22 kB
Progress (1): 26 kB
Progress (1): 31 kB
Progress (1): 32 kB
                   
Downloaded from central: https://repo.maven.apache.org/maven2/org/jboss/weld/weld-parent/26/weld-parent-26.pom (32 kB at 1.0 MB/s)
Downloading from central: https://repo.maven.apache.org/maven2/org/eclipse/sisu/org.eclipse.sisu.inject/0.9.0.M2/org.eclipse.sisu.inject-0.9.0.M2.pom
Progress (1): 804 B
Progress (1): 4.1 kB
Progress (1): 10 kB 
Progress (1): 16 kB
Progress (1): 17 kB
                   
Downloaded from central: https://repo.maven.apache.org/maven2/org/eclipse/sisu/org.eclipse.sisu.inject/0.9.0.M2/org.eclipse.sisu.inject-0.9.0.M2.pom (17 kB at 619 kB/s)
Downloading from central: https://repo.maven.apache.org/maven2/org/eclipse/sisu/sisu-inject/0.9.0.M2/sisu-inject-0.9.0.M2.pom
Progress (1): 819 B
Progress (1): 2.8 kB
Progress (1): 4.9 kB
Progress (1): 8.5 kB
Progress (1): 12 kB 
Progress (1): 15 kB
                   
Downloaded from central: https://repo.maven.apache.org/maven2/org/eclipse/sisu/sisu-inject/0.9.0.M2/sisu-inject-0.9.0.M2.pom (15 kB at 548 kB/s)
Downloading from central: https://repo.maven.apache.org/maven2/org/codehaus/plexus/plexus-component-annotations/2.1.0/plexus-component-annotations-2.1.0.pom
Progress (1): 750 B
                   
Downloaded from central: https://repo.maven.apache.org/maven2/org/codehaus/plexus/plexus-component-annotations/2.1.0/plexus-component-annotations-2.1.0.pom (750 B at 30 kB/s)
Downloading from central: https://repo.maven.apache.org/maven2/org/codehaus/plexus/plexus-containers/2.1.0/plexus-containers-2.1.0.pom
Progress (1): 1.3 kB
Progress (1): 4.7 kB
Progress (1): 4.8 kB
                    
Downloaded from central: https://repo.maven.apache.org/maven2/org/codehaus/plexus/plexus-containers/2.1.0/plexus-containers-2.1.0.pom (4.8 kB at 178 kB/s)
Downloading from central: https://repo.maven.apache.org/maven2/org/codehaus/plexus/plexus-classworlds/2.6.0/plexus-classworlds-2.6.0.pom
Progress (1): 932 B
Progress (1): 2.6 kB
Progress (1): 5.5 kB
Progress (1): 7.9 kB
                    
Downloaded from central: https://repo.maven.apache.org/maven2/org/codehaus/plexus/plexus-classworlds/2.6.0/plexus-classworlds-2.6.0.pom (7.9 kB at 264 kB/s)
Downloading from central: https://repo.maven.apache.org/maven2/org/apache/maven/maven-model-builder/3.2.5/maven-model-builder-3.2.5.pom
Progress (1): 836 B
Progress (1): 2.7 kB
Progress (1): 3.0 kB
                    
Downloaded from central: https://repo.maven.apache.org/maven2/org/apache/maven/maven-model-builder/3.2.5/maven-model-builder-3.2.5.pom (3.0 kB at 107 kB/s)
Downloading from central: https://repo.maven.apache.org/maven2/org/apache/maven/maven-aether-provider/3.2.5/maven-aether-provider-3.2.5.pom
Progress (1): 811 B
Progress (1): 3.0 kB
Progress (1): 4.2 kB
                    
Downloaded from central: https://repo.maven.apache.org/maven2/org/apache/maven/maven-aether-provider/3.2.5/maven-aether-provider-3.2.5.pom (4.2 kB at 157 kB/s)
Downloading from central: https://repo.maven.apache.org/maven2/org/eclipse/aether/aether-spi/1.0.0.v20140518/aether-spi-1.0.0.v20140518.pom
Progress (1): 934 B
Progress (1): 2.1 kB
                    
Downloaded from central: https://repo.maven.apache.org/maven2/org/eclipse/aether/aether-spi/1.0.0.v20140518/aether-spi-1.0.0.v20140518.pom (2.1 kB at 79 kB/s)
Downloading from central: https://repo.maven.apache.org/maven2/org/eclipse/aether/aether-impl/1.0.0.v20140518/aether-impl-1.0.0.v20140518.pom
Progress (1): 922 B
Progress (1): 3.5 kB
                    
Downloaded from central: https://repo.maven.apache.org/maven2/org/eclipse/aether/aether-impl/1.0.0.v20140518/aether-impl-1.0.0.v20140518.pom (3.5 kB at 120 kB/s)
Downloading from central: https://repo.maven.apache.org/maven2/org/sonatype/sisu/sisu-guice/3.2.3/sisu-guice-3.2.3.pom
Progress (1): 1.3 kB
Progress (1): 3.8 kB
Progress (1): 6.0 kB
Progress (1): 9.7 kB
Progress (1): 11 kB 
                   
Downloaded from central: https://repo.maven.apache.org/maven2/org/sonatype/sisu/sisu-guice/3.2.3/sisu-guice-3.2.3.pom (11 kB at 421 kB/s)
Downloading from central: https://repo.maven.apache.org/maven2/org/sonatype/sisu/inject/guice-parent/3.2.3/guice-parent-3.2.3.pom
Progress (1): 799 B
Progress (1): 2.7 kB
Progress (1): 5.1 kB
Progress (1): 7.6 kB
Progress (1): 10 kB 
Progress (1): 13 kB
                   
Downloaded from central: https://repo.maven.apache.org/maven2/org/sonatype/sisu/inject/guice-parent/3.2.3/guice-parent-3.2.3.pom (13 kB at 481 kB/s)
Downloading from central: https://repo.maven.apache.org/maven2/org/sonatype/forge/forge-parent/38/forge-parent-38.pom
Progress (1): 812 B
Progress (1): 2.5 kB
Progress (1): 5.0 kB
Progress (1): 8.7 kB
Progress (1): 12 kB 
Progress (1): 16 kB
Progress (1): 19 kB
                   
Downloaded from central: https://repo.maven.apache.org/maven2/org/sonatype/forge/forge-parent/38/forge-parent-38.pom (19 kB at 605 kB/s)
Downloading from central: https://repo.maven.apache.org/maven2/aopalliance/aopalliance/1.0/aopalliance-1.0.pom
Progress (1): 363 B
                   
Downloaded from central: https://repo.maven.apache.org/maven2/aopalliance/aopalliance/1.0/aopalliance-1.0.pom (363 B at 15 kB/s)
Downloading from central: https://repo.maven.apache.org/maven2/com/google/guava/guava/16.0.1/guava-16.0.1.pom
Progress (1): 956 B
Progress (1): 2.8 kB
Progress (1): 5.3 kB
Progress (1): 6.1 kB
                    
Downloaded from central: https://repo.maven.apache.org/maven2/com/google/guava/guava/16.0.1/guava-16.0.1.pom (6.1 kB at 235 kB/s)
Downloading from central: https://repo.maven.apache.org/maven2/com/google/guava/guava-parent/16.0.1/guava-parent-16.0.1.pom
Progress (1): 1.1 kB
Progress (1): 2.9 kB
Progress (1): 6.3 kB
Progress (1): 7.3 kB
                    
Downloaded from central: https://repo.maven.apache.org/maven2/com/google/guava/guava-parent/16.0.1/guava-parent-16.0.1.pom (7.3 kB at 229 kB/s)
Downloading from central: https://repo.maven.apache.org/maven2/org/codehaus/plexus/plexus-classworlds/2.5.2/plexus-classworlds-2.5.2.pom
Progress (1): 930 B
Progress (1): 3.0 kB
Progress (1): 6.0 kB
Progress (1): 7.3 kB
                    
Downloaded from central: https://repo.maven.apache.org/maven2/org/codehaus/plexus/plexus-classworlds/2.5.2/plexus-classworlds-2.5.2.pom (7.3 kB at 221 kB/s)
Downloading from central: https://repo.maven.apache.org/maven2/commons-io/commons-io/2.15.1/commons-io-2.15.1.pom
Progress (1): 765 B
Progress (1): 2.1 kB
Progress (1): 5.2 kB
Progress (1): 7.6 kB
Progress (1): 10 kB 
Progress (1): 12 kB
Progress (1): 15 kB
Progress (1): 18 kB
Progress (1): 20 kB
                   
Downloaded from central: https://repo.maven.apache.org/maven2/commons-io/commons-io/2.15.1/commons-io-2.15.1.pom (20 kB at 689 kB/s)
Downloading from central: https://repo.maven.apache.org/maven2/org/apache/commons/commons-parent/65/commons-parent-65.pom
Progress (1): 705 B
Progress (1): 1.9 kB
Progress (1): 3.1 kB
Progress (1): 4.7 kB
Progress (1): 6.4 kB
Progress (1): 8.4 kB
Progress (1): 10 kB 
Progress (1): 13 kB
Progress (1): 15 kB
Progress (1): 18 kB
Progress (1): 19 kB
Progress (1): 23 kB
Progress (1): 25 kB
Progress (1): 28 kB
Progress (1): 32 kB
Progress (1): 32 kB
Progress (1): 35 kB
Progress (1): 41 kB
Progress (1): 43 kB
Progress (1): 46 kB
Progress (1): 49 kB
Progress (1): 51 kB
Progress (1): 54 kB
Progress (1): 58 kB
Progress (1): 60 kB
Progress (1): 64 kB
Progress (1): 67 kB
Progress (1): 71 kB
Progress (1): 74 kB
Progress (1): 76 kB
Progress (1): 78 kB
                   
Downloaded from central: https://repo.maven.apache.org/maven2/org/apache/commons/commons-parent/65/commons-parent-65.pom (78 kB at 2.4 MB/s)
Downloading from central: https://repo.maven.apache.org/maven2/org/apache/maven/surefire/maven-surefire-common/3.2.5/maven-surefire-common-3.2.5.jar
Downloading from central: https://repo.maven.apache.org/maven2/org/apache/maven/surefire/surefire-api/3.2.5/surefire-api-3.2.5.jar
Downloading from central: https://repo.maven.apache.org/maven2/org/apache/maven/surefire/surefire-logger-api/3.2.5/surefire-logger-api-3.2.5.jar
Downloading from central: https://repo.maven.apache.org/maven2/org/apache/maven/surefire/surefire-extensions-api/3.2.5/surefire-extensions-api-3.2.5.jar
Downloading from central: https://repo.maven.apache.org/maven2/org/apache/maven/surefire/surefire-booter/3.2.5/surefire-booter-3.2.5.jar
Progress (1): 7.7/308 kB
Progress (1): 16/308 kB 
Progress (1): 29/308 kB
Progress (1): 45/308 kB
Progress (2): 45/308 kB | 7.5/118 kB
Progress (3): 45/308 kB | 7.5/118 kB | 7.7/14 kB
Progress (3): 45/308 kB | 7.5/118 kB | 14 kB    
                                            
Downloaded from central: https://repo.maven.apache.org/maven2/org/apache/maven/surefire/surefire-logger-api/3.2.5/surefire-logger-api-3.2.5.jar (14 kB at 377 kB/s)
Downloading from central: https://repo.maven.apache.org/maven2/org/apache/maven/surefire/surefire-extensions-spi/3.2.5/surefire-extensions-spi-3.2.5.jar
Progress (2): 61/308 kB | 7.5/118 kB
Progress (2): 61/308 kB | 24/118 kB 
Progress (2): 61/308 kB | 40/118 kB
Progress (2): 78/308 kB | 40/118 kB
Progress (3): 78/308 kB | 40/118 kB | 7.7/171 kB
Progress (3): 78/308 kB | 40/118 kB | 16/171 kB 
Progress (3): 78/308 kB | 57/118 kB | 16/171 kB
Progress (3): 78/308 kB | 73/118 kB | 16/171 kB
Progress (3): 78/308 kB | 89/118 kB | 16/171 kB
Progress (3): 94/308 kB | 89/118 kB | 16/171 kB
Progress (3): 94/308 kB | 89/118 kB | 32/171 kB
Progress (3): 94/308 kB | 89/118 kB | 49/171 kB
Progress (3): 94/308 kB | 106/118 kB | 49/171 kB
Progress (3): 94/308 kB | 118 kB | 49/171 kB    
                                            
Downloaded from central: https://repo.maven.apache.org/maven2/org/apache/maven/surefire/surefire-booter/3.2.5/surefire-booter-3.2.5.jar (118 kB at 2.1 MB/s)
Downloading from central: https://repo.maven.apache.org/maven2/org/apache/maven/shared/maven-common-artifact-filters/3.1.1/maven-common-artifact-filters-3.1.1.jar
Progress (2): 94/308 kB | 65/171 kB
Progress (2): 111/308 kB | 65/171 kB
Progress (3): 111/308 kB | 65/171 kB | 7.7/26 kB
Progress (3): 111/308 kB | 65/171 kB | 16/26 kB 
Progress (3): 111/308 kB | 65/171 kB | 26 kB   
                                            
Downloaded from central: https://repo.maven.apache.org/maven2/org/apache/maven/surefire/surefire-extensions-api/3.2.5/surefire-extensions-api-3.2.5.jar (26 kB at 417 kB/s)
Downloading from central: https://repo.maven.apache.org/maven2/commons-io/commons-io/2.15.1/commons-io-2.15.1.jar
Progress (2): 111/308 kB | 81/171 kB
Progress (2): 111/308 kB | 98/171 kB
Progress (3): 111/308 kB | 98/171 kB | 7.7/8.2 kB
Progress (3): 111/308 kB | 114/171 kB | 7.7/8.2 kB
Progress (3): 127/308 kB | 114/171 kB | 7.7/8.2 kB
Progress (3): 127/308 kB | 114/171 kB | 8.2 kB    
                                              
Downloaded from central: https://repo.maven.apache.org/maven2/org/apache/maven/surefire/surefire-extensions-spi/3.2.5/surefire-extensions-spi-3.2.5.jar (8.2 kB at 119 kB/s)
Downloading from central: https://repo.maven.apache.org/maven2/org/apache/maven/surefire/surefire-shared-utils/3.2.5/surefire-shared-utils-3.2.5.jar
Progress (2): 143/308 kB | 114/171 kB
Progress (2): 143/308 kB | 131/171 kB
Progress (2): 143/308 kB | 147/171 kB
Progress (2): 143/308 kB | 163/171 kB
Progress (2): 160/308 kB | 163/171 kB
Progress (2): 176/308 kB | 163/171 kB
Progress (2): 193/308 kB | 163/171 kB
Progress (2): 193/308 kB | 171 kB    
                                 
Downloaded from central: https://repo.maven.apache.org/maven2/org/apache/maven/surefire/surefire-api/3.2.5/surefire-api-3.2.5.jar (171 kB at 2.0 MB/s)
Progress (1): 209/308 kB
Progress (1): 225/308 kB
Progress (1): 242/308 kB
Progress (2): 242/308 kB | 7.7/61 kB
Progress (2): 242/308 kB | 16/61 kB 
Progress (2): 258/308 kB | 16/61 kB
Progress (2): 258/308 kB | 32/61 kB
Progress (2): 274/308 kB | 32/61 kB
Progress (2): 274/308 kB | 49/61 kB
Progress (2): 274/308 kB | 61 kB   
Progress (2): 291/308 kB | 61 kB
Progress (2): 307/308 kB | 61 kB
Progress (2): 308 kB | 61 kB    
                            
Downloaded from central: https://repo.maven.apache.org/maven2/org/apache/maven/shared/maven-common-artifact-filters/3.1.1/maven-common-artifact-filters-3.1.1.jar (61 kB at 608 kB/s)
Downloaded from central: https://repo.maven.apache.org/maven2/org/apache/maven/surefire/maven-surefire-common/3.2.5/maven-surefire-common-3.2.5.jar (308 kB at 3.0 MB/s)
Progress (1): 7.7/501 kB
Progress (1): 16/501 kB 
Progress (1): 32/501 kB
Progress (2): 32/501 kB | 0/2.4 MB
Progress (2): 32/501 kB | 0/2.4 MB
Progress (2): 49/501 kB | 0/2.4 MB
Progress (2): 65/501 kB | 0/2.4 MB
Progress (2): 65/501 kB | 0/2.4 MB
Progress (2): 65/501 kB | 0/2.4 MB
Progress (2): 65/501 kB | 0.1/2.4 MB
Progress (2): 81/501 kB | 0.1/2.4 MB
Progress (2): 81/501 kB | 0.1/2.4 MB
Progress (2): 98/501 kB | 0.1/2.4 MB
Progress (2): 114/501 kB | 0.1/2.4 MB
Progress (2): 114/501 kB | 0.1/2.4 MB
Progress (2): 131/501 kB | 0.1/2.4 MB
Progress (2): 147/501 kB | 0.1/2.4 MB
Progress (2): 163/501 kB | 0.1/2.4 MB
Progress (2): 180/501 kB | 0.1/2.4 MB
Progress (2): 180/501 kB | 0.1/2.4 MB
Progress (2): 180/501 kB | 0.1/2.4 MB
Progress (2): 196/501 kB | 0.1/2.4 MB
Progress (2): 213/501 kB | 0.1/2.4 MB
Progress (2): 229/501 kB | 0.1/2.4 MB
Progress (2): 245/501 kB | 0.1/2.4 MB
Progress (2): 245/501 kB | 0.1/2.4 MB
Progress (2): 262/501 kB | 0.1/2.4 MB
Progress (2): 278/501 kB | 0.1/2.4 MB
Progress (2): 278/501 kB | 0.2/2.4 MB
Progress (2): 278/501 kB | 0.2/2.4 MB
Progress (2): 294/501 kB | 0.2/2.4 MB
Progress (2): 294/501 kB | 0.2/2.4 MB
Progress (2): 311/501 kB | 0.2/2.4 MB
Progress (2): 311/501 kB | 0.2/2.4 MB
Progress (2): 327/501 kB | 0.2/2.4 MB
Progress (2): 327/501 kB | 0.2/2.4 MB
Progress (2): 344/501 kB | 0.2/2.4 MB
Progress (2): 344/501 kB | 0.2/2.4 MB
Progress (2): 360/501 kB | 0.2/2.4 MB
Progress (2): 360/501 kB | 0.3/2.4 MB
Progress (2): 360/501 kB | 0.3/2.4 MB
Progress (2): 376/501 kB | 0.3/2.4 MB
Progress (2): 376/501 kB | 0.3/2.4 MB
Progress (2): 376/501 kB | 0.3/2.4 MB
Progress (2): 393/501 kB | 0.3/2.4 MB
Progress (2): 393/501 kB | 0.3/2.4 MB
Progress (2): 393/501 kB | 0.3/2.4 MB
Progress (2): 393/501 kB | 0.4/2.4 MB
Progress (2): 409/501 kB | 0.4/2.4 MB
Progress (2): 426/501 kB | 0.4/2.4 MB
Progress (2): 426/501 kB | 0.4/2.4 MB
Progress (2): 442/501 kB | 0.4/2.4 MB
Progress (2): 458/501 kB | 0.4/2.4 MB
Progress (2): 458/501 kB | 0.4/2.4 MB
Progress (2): 458/501 kB | 0.4/2.4 MB
Progress (2): 458/501 kB | 0.4/2.4 MB
Progress (2): 458/501 kB | 0.4/2.4 MB
Progress (2): 475/501 kB | 0.4/2.4 MB
Progress (2): 491/501 kB | 0.4/2.4 MB
Progress (2): 501 kB | 0.4/2.4 MB    
Progress (2): 501 kB | 0.5/2.4 MB
                                 
Downloaded from central: https://repo.maven.apache.org/maven2/commons-io/commons-io/2.15.1/commons-io-2.15.1.jar (501 kB at 3.1 MB/s)
Progress (1): 0.5/2.4 MB
Progress (1): 0.5/2.4 MB
Progress (1): 0.5/2.4 MB
Progress (1): 0.5/2.4 MB
Progress (1): 0.5/2.4 MB
Progress (1): 0.6/2.4 MB
Progress (1): 0.6/2.4 MB
Progress (1): 0.6/2.4 MB
Progress (1): 0.6/2.4 MB
Progress (1): 0.6/2.4 MB
Progress (1): 0.6/2.4 MB
Progress (1): 0.7/2.4 MB
Progress (1): 0.7/2.4 MB
Progress (1): 0.7/2.4 MB
Progress (1): 0.7/2.4 MB
Progress (1): 0.7/2.4 MB
Progress (1): 0.7/2.4 MB
Progress (1): 0.8/2.4 MB
Progress (1): 0.8/2.4 MB
Progress (1): 0.8/2.4 MB
Progress (1): 0.8/2.4 MB
Progress (1): 0.8/2.4 MB
Progress (1): 0.8/2.4 MB
Progress (1): 0.9/2.4 MB
Progress (1): 0.9/2.4 MB
Progress (1): 0.9/2.4 MB
Progress (1): 0.9/2.4 MB
Progress (1): 0.9/2.4 MB
Progress (1): 0.9/2.4 MB
Progress (1): 0.9/2.4 MB
Progress (1): 1.0/2.4 MB
Progress (1): 1.0/2.4 MB
Progress (1): 1.0/2.4 MB
Progress (1): 1.0/2.4 MB
Progress (1): 1.0/2.4 MB
Progress (1): 1.0/2.4 MB
Progress (1): 1.1/2.4 MB
Progress (1): 1.1/2.4 MB
Progress (1): 1.1/2.4 MB
Progress (1): 1.1/2.4 MB
Progress (1): 1.1/2.4 MB
Progress (1): 1.1/2.4 MB
Progress (1): 1.2/2.4 MB
Progress (1): 1.2/2.4 MB
Progress (1): 1.2/2.4 MB
Progress (1): 1.2/2.4 MB
Progress (1): 1.2/2.4 MB
Progress (1): 1.2/2.4 MB
Progress (1): 1.3/2.4 MB
Progress (1): 1.3/2.4 MB
Progress (1): 1.3/2.4 MB
Progress (1): 1.3/2.4 MB
Progress (1): 1.3/2.4 MB
Progress (1): 1.3/2.4 MB
Progress (1): 1.4/2.4 MB
Progress (1): 1.4/2.4 MB
Progress (1): 1.4/2.4 MB
Progress (1): 1.4/2.4 MB
Progress (1): 1.4/2.4 MB
Progress (1): 1.4/2.4 MB
Progress (1): 1.5/2.4 MB
Progress (1): 1.5/2.4 MB
Progress (1): 1.5/2.4 MB
Progress (1): 1.5/2.4 MB
Progress (1): 1.5/2.4 MB
Progress (1): 1.5/2.4 MB
Progress (1): 1.6/2.4 MB
Progress (1): 1.6/2.4 MB
Progress (1): 1.6/2.4 MB
Progress (1): 1.6/2.4 MB
Progress (1): 1.6/2.4 MB
Progress (1): 1.6/2.4 MB
Progress (1): 1.7/2.4 MB
Progress (1): 1.7/2.4 MB
Progress (1): 1.7/2.4 MB
Progress (1): 1.7/2.4 MB
Progress (1): 1.7/2.4 MB
Progress (1): 1.7/2.4 MB
Progress (1): 1.8/2.4 MB
Progress (1): 1.8/2.4 MB
Progress (1): 1.8/2.4 MB
Progress (1): 1.8/2.4 MB
Progress (1): 1.8/2.4 MB
Progress (1): 1.8/2.4 MB
Progress (1): 1.9/2.4 MB
Progress (1): 1.9/2.4 MB
Progress (1): 1.9/2.4 MB
Progress (1): 1.9/2.4 MB
Progress (1): 1.9/2.4 MB
Progress (1): 1.9/2.4 MB
Progress (1): 1.9/2.4 MB
Progress (1): 2.0/2.4 MB
Progress (1): 2.0/2.4 MB
Progress (1): 2.0/2.4 MB
Progress (1): 2.0/2.4 MB
Progress (1): 2.0/2.4 MB
Progress (1): 2.0/2.4 MB
Progress (1): 2.1/2.4 MB
Progress (1): 2.1/2.4 MB
Progress (1): 2.1/2.4 MB
Progress (1): 2.1/2.4 MB
Progress (1): 2.1/2.4 MB
Progress (1): 2.1/2.4 MB
Progress (1): 2.2/2.4 MB
Progress (1): 2.2/2.4 MB
Progress (1): 2.2/2.4 MB
Progress (1): 2.2/2.4 MB
Progress (1): 2.2/2.4 MB
Progress (1): 2.2/2.4 MB
Progress (1): 2.3/2.4 MB
Progress (1): 2.3/2.4 MB
Progress (1): 2.3/2.4 MB
Progress (1): 2.3/2.4 MB
Progress (1): 2.3/2.4 MB
Progress (1): 2.3/2.4 MB
Progress (1): 2.3/2.4 MB
Progress (1): 2.4/2.4 MB
Progress (1): 2.4/2.4 MB
Progress (1): 2.4/2.4 MB
Progress (1): 2.4/2.4 MB
Progress (1): 2.4/2.4 MB
Progress (1): 2.4 MB    
                    
Downloaded from central: https://repo.maven.apache.org/maven2/org/apache/maven/surefire/surefire-shared-utils/3.2.5/surefire-shared-utils-3.2.5.jar (2.4 MB at 10 MB/s)
[INFO] Tests are skipped.
[INFO] 
[INFO] --- jar:3.4.1:jar (default-jar) @ auth-service ---
Downloading from central: https://repo.maven.apache.org/maven2/org/apache/maven/shared/file-management/3.1.0/file-management-3.1.0.pom
Progress (1): 794 B
Progress (1): 2.2 kB
Progress (1): 4.4 kB
Progress (1): 4.5 kB
                    
Downloaded from central: https://repo.maven.apache.org/maven2/org/apache/maven/shared/file-management/3.1.0/file-management-3.1.0.pom (4.5 kB at 150 kB/s)
Downloading from central: https://repo.maven.apache.org/maven2/org/apache/maven/shared/maven-shared-components/36/maven-shared-components-36.pom
Progress (1): 781 B
Progress (1): 2.3 kB
Progress (1): 4.5 kB
Progress (1): 4.9 kB
                    
Downloaded from central: https://repo.maven.apache.org/maven2/org/apache/maven/shared/maven-shared-components/36/maven-shared-components-36.pom (4.9 kB at 158 kB/s)
Downloading from central: https://repo.maven.apache.org/maven2/org/apache/maven/maven-parent/36/maven-parent-36.pom
Progress (1): 725 B
Progress (1): 1.9 kB
Progress (1): 5.4 kB
Progress (1): 9.7 kB
Progress (1): 14 kB 
Progress (1): 19 kB
Progress (1): 23 kB
Progress (1): 26 kB
Progress (1): 28 kB
Progress (1): 30 kB
Progress (1): 34 kB
Progress (1): 37 kB
Progress (1): 40 kB
Progress (1): 45 kB
Progress (1): 45 kB
                   
Downloaded from central: https://repo.maven.apache.org/maven2/org/apache/maven/maven-parent/36/maven-parent-36.pom (45 kB at 1.3 MB/s)
Downloading from central: https://repo.maven.apache.org/maven2/org/apache/apache/26/apache-26.pom
Progress (1): 744 B
Progress (1): 2.1 kB
Progress (1): 3.9 kB
Progress (1): 7.3 kB
Progress (1): 12 kB 
Progress (1): 16 kB
Progress (1): 19 kB
Progress (1): 21 kB
                   
Downloaded from central: https://repo.maven.apache.org/maven2/org/apache/apache/26/apache-26.pom (21 kB at 734 kB/s)
Downloading from central: https://repo.maven.apache.org/maven2/org/codehaus/plexus/plexus-utils/4.0.1/plexus-utils-4.0.1.pom
Progress (1): 729 B
Progress (1): 2.2 kB
Progress (1): 4.3 kB
Progress (1): 7.8 kB
                    
Downloaded from central: https://repo.maven.apache.org/maven2/org/codehaus/plexus/plexus-utils/4.0.1/plexus-utils-4.0.1.pom (7.8 kB at 237 kB/s)
Downloading from central: https://repo.maven.apache.org/maven2/commons-io/commons-io/2.16.1/commons-io-2.16.1.pom
Progress (1): 762 B
Progress (1): 2.0 kB
Progress (1): 4.9 kB
Progress (1): 6.7 kB
Progress (1): 8.8 kB
Progress (1): 12 kB 
Progress (1): 15 kB
Progress (1): 18 kB
Progress (1): 20 kB
                   
Downloaded from central: https://repo.maven.apache.org/maven2/commons-io/commons-io/2.16.1/commons-io-2.16.1.pom (20 kB at 654 kB/s)
Downloading from central: https://repo.maven.apache.org/maven2/org/apache/commons/commons-parent/69/commons-parent-69.pom
Progress (1): 708 B
Progress (1): 1.9 kB
Progress (1): 3.1 kB
Progress (1): 4.7 kB
Progress (1): 6.4 kB
Progress (1): 8.4 kB
Progress (1): 10 kB 
Progress (1): 13 kB
Progress (1): 14 kB
Progress (1): 17 kB
Progress (1): 19 kB
Progress (1): 22 kB
Progress (1): 25 kB
Progress (1): 28 kB
Progress (1): 31 kB
Progress (1): 31 kB
Progress (1): 35 kB
Progress (1): 40 kB
Progress (1): 43 kB
Progress (1): 45 kB
Progress (1): 48 kB
Progress (1): 51 kB
Progress (1): 55 kB
Progress (1): 57 kB
Progress (1): 59 kB
Progress (1): 63 kB
Progress (1): 67 kB
Progress (1): 70 kB
Progress (1): 73 kB
Progress (1): 75 kB
Progress (1): 77 kB
                   
Downloaded from central: https://repo.maven.apache.org/maven2/org/apache/commons/commons-parent/69/commons-parent-69.pom (77 kB at 2.0 MB/s)
Downloading from central: https://repo.maven.apache.org/maven2/org/apache/maven/maven-archiver/3.6.2/maven-archiver-3.6.2.pom
Progress (1): 801 B
Progress (1): 2.3 kB
Progress (1): 4.4 kB
                    
Downloaded from central: https://repo.maven.apache.org/maven2/org/apache/maven/maven-archiver/3.6.2/maven-archiver-3.6.2.pom (4.4 kB at 146 kB/s)
Downloading from central: https://repo.maven.apache.org/maven2/org/apache/maven/shared/maven-shared-components/41/maven-shared-components-41.pom
Progress (1): 815 B
Progress (1): 2.3 kB
Progress (1): 3.2 kB
                    
Downloaded from central: https://repo.maven.apache.org/maven2/org/apache/maven/shared/maven-shared-components/41/maven-shared-components-41.pom (3.2 kB at 102 kB/s)
Downloading from central: https://repo.maven.apache.org/maven2/org/codehaus/plexus/plexus-archiver/4.9.2/plexus-archiver-4.9.2.pom
Progress (1): 1.3 kB
Progress (1): 4.1 kB
Progress (1): 6.0 kB
                    
Downloaded from central: https://repo.maven.apache.org/maven2/org/codehaus/plexus/plexus-archiver/4.9.2/plexus-archiver-4.9.2.pom (6.0 kB at 207 kB/s)
Downloading from central: https://repo.maven.apache.org/maven2/org/codehaus/plexus/plexus-io/3.4.2/plexus-io-3.4.2.pom
Progress (1): 1.2 kB
Progress (1): 3.7 kB
Progress (1): 3.9 kB
                    
Downloaded from central: https://repo.maven.apache.org/maven2/org/codehaus/plexus/plexus-io/3.4.2/plexus-io-3.4.2.pom (3.9 kB at 133 kB/s)
Downloading from central: https://repo.maven.apache.org/maven2/org/codehaus/plexus/plexus/16/plexus-16.pom
Progress (1): 692 B
Progress (1): 2.7 kB
Progress (1): 6.4 kB
Progress (1): 8.9 kB
Progress (1): 11 kB 
Progress (1): 14 kB
Progress (1): 18 kB
Progress (1): 21 kB
Progress (1): 25 kB
Progress (1): 28 kB
                   
Downloaded from central: https://repo.maven.apache.org/maven2/org/codehaus/plexus/plexus/16/plexus-16.pom (28 kB at 864 kB/s)
Downloading from central: https://repo.maven.apache.org/maven2/org/apache/commons/commons-compress/1.26.1/commons-compress-1.26.1.pom
Progress (1): 758 B
Progress (1): 1.9 kB
Progress (1): 3.7 kB
Progress (1): 5.9 kB
Progress (1): 9.2 kB
Progress (1): 12 kB 
Progress (1): 15 kB
Progress (1): 19 kB
Progress (1): 21 kB
Progress (1): 22 kB
                   
Downloaded from central: https://repo.maven.apache.org/maven2/org/apache/commons/commons-compress/1.26.1/commons-compress-1.26.1.pom (22 kB at 722 kB/s)
Downloading from central: https://repo.maven.apache.org/maven2/org/apache/commons/commons-parent/66/commons-parent-66.pom
Progress (1): 708 B
Progress (1): 1.9 kB
Progress (1): 3.1 kB
Progress (1): 4.7 kB
Progress (1): 6.5 kB
Progress (1): 8.5 kB
Progress (1): 10 kB 
Progress (1): 13 kB
Progress (1): 14 kB
Progress (1): 17 kB
Progress (1): 19 kB
Progress (1): 22 kB
Progress (1): 25 kB
Progress (1): 28 kB
Progress (1): 31 kB
Progress (1): 32 kB
Progress (1): 35 kB
Progress (1): 40 kB
Progress (1): 43 kB
Progress (1): 46 kB
Progress (1): 49 kB
Progress (1): 51 kB
Progress (1): 55 kB
Progress (1): 57 kB
Progress (1): 60 kB
Progress (1): 63 kB
Progress (1): 67 kB
Progress (1): 70 kB
Progress (1): 73 kB
Progress (1): 75 kB
Progress (1): 77 kB
                   
Downloaded from central: https://repo.maven.apache.org/maven2/org/apache/commons/commons-parent/66/commons-parent-66.pom (77 kB at 2.3 MB/s)
Downloading from central: https://repo.maven.apache.org/maven2/commons-codec/commons-codec/1.16.1/commons-codec-1.16.1.pom
Progress (1): 814 B
Progress (1): 2.0 kB
Progress (1): 3.7 kB
Progress (1): 6.1 kB
Progress (1): 8.6 kB
Progress (1): 10 kB 
Progress (1): 13 kB
Progress (1): 16 kB
                   
Downloaded from central: https://repo.maven.apache.org/maven2/commons-codec/commons-codec/1.16.1/commons-codec-1.16.1.pom (16 kB at 435 kB/s)
Downloading from central: https://repo.maven.apache.org/maven2/org/apache/commons/commons-lang3/3.14.0/commons-lang3-3.14.0.pom
Progress (1): 747 B
Progress (1): 2.1 kB
Progress (1): 4.7 kB
Progress (1): 8.4 kB
Progress (1): 12 kB 
Progress (1): 15 kB
Progress (1): 17 kB
Progress (1): 18 kB
Progress (1): 21 kB
Progress (1): 24 kB
Progress (1): 28 kB
Progress (1): 30 kB
Progress (1): 31 kB
                   
Downloaded from central: https://repo.maven.apache.org/maven2/org/apache/commons/commons-lang3/3.14.0/commons-lang3-3.14.0.pom (31 kB at 792 kB/s)
Downloading from central: https://repo.maven.apache.org/maven2/org/iq80/snappy/snappy/0.4/snappy-0.4.pom
Progress (1): 1.2 kB
Progress (1): 3.7 kB
Progress (1): 8.5 kB
Progress (1): 12 kB 
Progress (1): 15 kB
                   
Downloaded from central: https://repo.maven.apache.org/maven2/org/iq80/snappy/snappy/0.4/snappy-0.4.pom (15 kB at 415 kB/s)
Downloading from central: https://repo.maven.apache.org/maven2/org/tukaani/xz/1.9/xz-1.9.pom
Progress (1): 1.1 kB
Progress (1): 2.0 kB
                    
Downloaded from central: https://repo.maven.apache.org/maven2/org/tukaani/xz/1.9/xz-1.9.pom (2.0 kB at 71 kB/s)
Downloading from central: https://repo.maven.apache.org/maven2/com/github/luben/zstd-jni/1.5.5-11/zstd-jni-1.5.5-11.pom
Progress (1): 1.1 kB
Progress (1): 2.0 kB
                    
Downloaded from central: https://repo.maven.apache.org/maven2/com/github/luben/zstd-jni/1.5.5-11/zstd-jni-1.5.5-11.pom (2.0 kB at 56 kB/s)
Downloading from central: https://repo.maven.apache.org/maven2/org/codehaus/plexus/plexus-interpolation/1.27/plexus-interpolation-1.27.pom
Progress (1): 1.3 kB
Progress (1): 3.0 kB
                    
Downloaded from central: https://repo.maven.apache.org/maven2/org/codehaus/plexus/plexus-interpolation/1.27/plexus-interpolation-1.27.pom (3.0 kB at 89 kB/s)
Downloading from central: https://repo.maven.apache.org/maven2/org/apache/maven/shared/file-management/3.1.0/file-management-3.1.0.jar
Downloading from central: https://repo.maven.apache.org/maven2/commons-io/commons-io/2.16.1/commons-io-2.16.1.jar
Downloading from central: https://repo.maven.apache.org/maven2/org/apache/maven/maven-archiver/3.6.2/maven-archiver-3.6.2.jar
Downloading from central: https://repo.maven.apache.org/maven2/org/codehaus/plexus/plexus-interpolation/1.27/plexus-interpolation-1.27.jar
Downloading from central: https://repo.maven.apache.org/maven2/org/codehaus/plexus/plexus-utils/4.0.1/plexus-utils-4.0.1.jar
Progress (1): 7.7/36 kB
Progress (1): 16/36 kB 
Progress (1): 32/36 kB
Progress (1): 36 kB   
                   
Downloaded from central: https://repo.maven.apache.org/maven2/org/apache/maven/shared/file-management/3.1.0/file-management-3.1.0.jar (36 kB at 1.3 MB/s)
Downloading from central: https://repo.maven.apache.org/maven2/org/codehaus/plexus/plexus-archiver/4.9.2/plexus-archiver-4.9.2.jar
Progress (1): 7.7/27 kB
Progress (1): 16/27 kB 
Progress (1): 27 kB   
                   
Downloaded from central: https://repo.maven.apache.org/maven2/org/apache/maven/maven-archiver/3.6.2/maven-archiver-3.6.2.jar (27 kB at 865 kB/s)
Downloading from central: https://repo.maven.apache.org/maven2/org/codehaus/plexus/plexus-io/3.4.2/plexus-io-3.4.2.jar
Progress (1): 3.4/86 kB
Progress (1): 20/86 kB 
Progress (1): 36/86 kB
Progress (1): 53/86 kB
Progress (1): 69/86 kB
Progress (1): 85/86 kB
Progress (1): 86 kB   
                   
Downloaded from central: https://repo.maven.apache.org/maven2/org/codehaus/plexus/plexus-interpolation/1.27/plexus-interpolation-1.27.jar (86 kB at 2.4 MB/s)
Downloading from central: https://repo.maven.apache.org/maven2/org/apache/commons/commons-compress/1.26.1/commons-compress-1.26.1.jar
Progress (1): 7.7/193 kB
Progress (1): 16/193 kB 
Progress (2): 16/193 kB | 7.7/509 kB
Progress (2): 16/193 kB | 16/509 kB 
Progress (2): 16/193 kB | 32/509 kB
Progress (2): 28/193 kB | 32/509 kB
Progress (2): 28/193 kB | 49/509 kB
Progress (2): 28/193 kB | 65/509 kB
Progress (2): 44/193 kB | 65/509 kB
Progress (2): 44/193 kB | 81/509 kB
Progress (2): 44/193 kB | 98/509 kB
Progress (2): 61/193 kB | 98/509 kB
Progress (2): 61/193 kB | 114/509 kB
Progress (2): 61/193 kB | 131/509 kB
Progress (2): 77/193 kB | 131/509 kB
Progress (2): 77/193 kB | 147/509 kB
Progress (2): 77/193 kB | 163/509 kB
Progress (2): 93/193 kB | 163/509 kB
Progress (2): 93/193 kB | 180/509 kB
Progress (2): 110/193 kB | 180/509 kB
Progress (2): 110/193 kB | 196/509 kB
Progress (3): 110/193 kB | 196/509 kB | 7.7/225 kB
Progress (3): 110/193 kB | 196/509 kB | 16/225 kB 
Progress (3): 126/193 kB | 196/509 kB | 16/225 kB
Progress (3): 143/193 kB | 196/509 kB | 16/225 kB
Progress (3): 143/193 kB | 196/509 kB | 32/225 kB
Progress (4): 143/193 kB | 196/509 kB | 32/225 kB | 7.7/79 kB
Progress (4): 143/193 kB | 196/509 kB | 32/225 kB | 16/79 kB 
Progress (4): 159/193 kB | 196/509 kB | 32/225 kB | 16/79 kB
Progress (4): 159/193 kB | 213/509 kB | 32/225 kB | 16/79 kB
Progress (4): 175/193 kB | 213/509 kB | 32/225 kB | 16/79 kB
Progress (4): 192/193 kB | 213/509 kB | 32/225 kB | 16/79 kB
Progress (4): 193 kB | 213/509 kB | 32/225 kB | 16/79 kB    
                                                        
Downloaded from central: https://repo.maven.apache.org/maven2/org/codehaus/plexus/plexus-utils/4.0.1/plexus-utils-4.0.1.jar (193 kB at 2.9 MB/s)
Downloading from central: https://repo.maven.apache.org/maven2/org/apache/commons/commons-lang3/3.14.0/commons-lang3-3.14.0.jar
Progress (3): 213/509 kB | 32/225 kB | 32/79 kB
Progress (3): 213/509 kB | 49/225 kB | 32/79 kB
Progress (4): 213/509 kB | 49/225 kB | 32/79 kB | 0/1.1 MB
Progress (4): 229/509 kB | 49/225 kB | 32/79 kB | 0/1.1 MB
Progress (4): 229/509 kB | 49/225 kB | 32/79 kB | 0/1.1 MB
Progress (4): 229/509 kB | 49/225 kB | 32/79 kB | 0/1.1 MB
Progress (4): 229/509 kB | 49/225 kB | 49/79 kB | 0/1.1 MB
Progress (4): 229/509 kB | 65/225 kB | 49/79 kB | 0/1.1 MB
Progress (4): 245/509 kB | 65/225 kB | 49/79 kB | 0/1.1 MB
Progress (4): 245/509 kB | 65/225 kB | 49/79 kB | 0/1.1 MB
Progress (4): 245/509 kB | 65/225 kB | 65/79 kB | 0/1.1 MB
Progress (4): 245/509 kB | 81/225 kB | 65/79 kB | 0/1.1 MB
Progress (4): 262/509 kB | 81/225 kB | 65/79 kB | 0/1.1 MB
Progress (4): 262/509 kB | 98/225 kB | 65/79 kB | 0/1.1 MB
Progress (4): 262/509 kB | 98/225 kB | 65/79 kB | 0.1/1.1 MB
Progress (4): 262/509 kB | 98/225 kB | 65/79 kB | 0.1/1.1 MB
Progress (4): 262/509 kB | 98/225 kB | 79 kB | 0.1/1.1 MB   
                                                         
Downloaded from central: https://repo.maven.apache.org/maven2/org/codehaus/plexus/plexus-io/3.4.2/plexus-io-3.4.2.jar (79 kB at 918 kB/s)
Downloading from central: https://repo.maven.apache.org/maven2/commons-codec/commons-codec/1.16.1/commons-codec-1.16.1.jar
Progress (3): 262/509 kB | 98/225 kB | 0.1/1.1 MB
Progress (3): 262/509 kB | 114/225 kB | 0.1/1.1 MB
Progress (3): 262/509 kB | 114/225 kB | 0.1/1.1 MB
Progress (3): 262/509 kB | 131/225 kB | 0.1/1.1 MB
Progress (3): 262/509 kB | 147/225 kB | 0.1/1.1 MB
Progress (3): 262/509 kB | 147/225 kB | 0.1/1.1 MB
Progress (3): 278/509 kB | 147/225 kB | 0.1/1.1 MB
Progress (3): 278/509 kB | 163/225 kB | 0.1/1.1 MB
Progress (3): 278/509 kB | 180/225 kB | 0.1/1.1 MB
Progress (3): 278/509 kB | 196/225 kB | 0.1/1.1 MB
Progress (3): 278/509 kB | 196/225 kB | 0.1/1.1 MB
Progress (3): 278/509 kB | 196/225 kB | 0.2/1.1 MB
Progress (3): 294/509 kB | 196/225 kB | 0.2/1.1 MB
Progress (3): 294/509 kB | 213/225 kB | 0.2/1.1 MB
Progress (3): 311/509 kB | 213/225 kB | 0.2/1.1 MB
Progress (3): 327/509 kB | 213/225 kB | 0.2/1.1 MB
Progress (3): 327/509 kB | 225 kB | 0.2/1.1 MB    
Progress (3): 344/509 kB | 225 kB | 0.2/1.1 MB
Progress (3): 344/509 kB | 225 kB | 0.2/1.1 MB
                                              
Downloaded from central: https://repo.maven.apache.org/maven2/org/codehaus/plexus/plexus-archiver/4.9.2/plexus-archiver-4.9.2.jar (225 kB at 2.0 MB/s)
Progress (2): 344/509 kB | 0.2/1.1 MB
                                     
Downloading from central: https://repo.maven.apache.org/maven2/org/iq80/snappy/snappy/0.4/snappy-0.4.jar
Progress (2): 344/509 kB | 0.2/1.1 MB
Progress (3): 344/509 kB | 0.2/1.1 MB | 7.7/658 kB
Progress (3): 344/509 kB | 0.2/1.1 MB | 16/658 kB 
Progress (3): 344/509 kB | 0.2/1.1 MB | 16/658 kB
Progress (3): 360/509 kB | 0.2/1.1 MB | 16/658 kB
Progress (3): 360/509 kB | 0.2/1.1 MB | 16/658 kB
Progress (3): 360/509 kB | 0.2/1.1 MB | 32/658 kB
Progress (3): 376/509 kB | 0.2/1.1 MB | 32/658 kB
Progress (3): 376/509 kB | 0.3/1.1 MB | 32/658 kB
Progress (3): 376/509 kB | 0.3/1.1 MB | 49/658 kB
Progress (4): 376/509 kB | 0.3/1.1 MB | 49/658 kB | 7.7/365 kB
Progress (4): 376/509 kB | 0.3/1.1 MB | 49/658 kB | 12/365 kB 
Progress (4): 393/509 kB | 0.3/1.1 MB | 49/658 kB | 12/365 kB
Progress (4): 393/509 kB | 0.3/1.1 MB | 49/658 kB | 12/365 kB
Progress (4): 393/509 kB | 0.3/1.1 MB | 49/658 kB | 12/365 kB
Progress (4): 393/509 kB | 0.3/1.1 MB | 49/658 kB | 12/365 kB
Progress (4): 393/509 kB | 0.3/1.1 MB | 49/658 kB | 29/365 kB
Progress (4): 393/509 kB | 0.3/1.1 MB | 49/658 kB | 29/365 kB
Progress (4): 409/509 kB | 0.3/1.1 MB | 49/658 kB | 29/365 kB
Progress (4): 409/509 kB | 0.3/1.1 MB | 49/658 kB | 45/365 kB
Progress (4): 409/509 kB | 0.3/1.1 MB | 65/658 kB | 45/365 kB
Progress (4): 409/509 kB | 0.3/1.1 MB | 65/658 kB | 45/365 kB
Progress (4): 426/509 kB | 0.3/1.1 MB | 65/658 kB | 45/365 kB
Progress (4): 426/509 kB | 0.3/1.1 MB | 81/658 kB | 45/365 kB
Progress (4): 426/509 kB | 0.3/1.1 MB | 98/658 kB | 45/365 kB
Progress (4): 426/509 kB | 0.3/1.1 MB | 98/658 kB | 61/365 kB
Progress (4): 426/509 kB | 0.4/1.1 MB | 98/658 kB | 61/365 kB
Progress (4): 426/509 kB | 0.4/1.1 MB | 114/658 kB | 61/365 kB
Progress (4): 426/509 kB | 0.4/1.1 MB | 131/658 kB | 61/365 kB
Progress (4): 442/509 kB | 0.4/1.1 MB | 131/658 kB | 61/365 kB
Progress (4): 458/509 kB | 0.4/1.1 MB | 131/658 kB | 61/365 kB
Progress (4): 458/509 kB | 0.4/1.1 MB | 131/658 kB | 78/365 kB
Progress (4): 458/509 kB | 0.4/1.1 MB | 147/658 kB | 78/365 kB
Progress (4): 458/509 kB | 0.4/1.1 MB | 147/658 kB | 94/365 kB
Progress (4): 458/509 kB | 0.4/1.1 MB | 163/658 kB | 94/365 kB
Progress (5): 458/509 kB | 0.4/1.1 MB | 163/658 kB | 94/365 kB | 7.7/58 kB
Progress (5): 458/509 kB | 0.4/1.1 MB | 163/658 kB | 94/365 kB | 16/58 kB 
Progress (5): 458/509 kB | 0.4/1.1 MB | 163/658 kB | 94/365 kB | 16/58 kB
Progress (5): 458/509 kB | 0.4/1.1 MB | 180/658 kB | 94/365 kB | 16/58 kB
Progress (5): 475/509 kB | 0.4/1.1 MB | 180/658 kB | 94/365 kB | 16/58 kB
Progress (5): 491/509 kB | 0.4/1.1 MB | 180/658 kB | 94/365 kB | 16/58 kB
Progress (5): 491/509 kB | 0.4/1.1 MB | 180/658 kB | 94/365 kB | 16/58 kB
Progress (5): 491/509 kB | 0.4/1.1 MB | 196/658 kB | 94/365 kB | 16/58 kB
Progress (5): 507/509 kB | 0.4/1.1 MB | 196/658 kB | 94/365 kB | 16/58 kB
Progress (5): 509 kB | 0.4/1.1 MB | 196/658 kB | 94/365 kB | 16/58 kB    
Progress (5): 509 kB | 0.4/1.1 MB | 196/658 kB | 94/365 kB | 32/58 kB
                                                                     
Downloaded from central: https://repo.maven.apache.org/maven2/commons-io/commons-io/2.16.1/commons-io-2.16.1.jar (509 kB at 3.2 MB/s)
Downloading from central: https://repo.maven.apache.org/maven2/org/tukaani/xz/1.9/xz-1.9.jar
Progress (4): 0.4/1.1 MB | 196/658 kB | 111/365 kB | 32/58 kB
Progress (4): 0.4/1.1 MB | 196/658 kB | 111/365 kB | 32/58 kB
Progress (4): 0.4/1.1 MB | 196/658 kB | 111/365 kB | 49/58 kB
Progress (4): 0.4/1.1 MB | 213/658 kB | 111/365 kB | 49/58 kB
Progress (4): 0.4/1.1 MB | 213/658 kB | 111/365 kB | 49/58 kB
Progress (4): 0.4/1.1 MB | 213/658 kB | 127/365 kB | 49/58 kB
Progress (4): 0.4/1.1 MB | 213/658 kB | 127/365 kB | 49/58 kB
Progress (4): 0.4/1.1 MB | 213/658 kB | 143/365 kB | 49/58 kB
Progress (4): 0.4/1.1 MB | 213/658 kB | 143/365 kB | 58 kB   
                                                          
Downloaded from central: https://repo.maven.apache.org/maven2/org/iq80/snappy/snappy/0.4/snappy-0.4.jar (58 kB at 351 kB/s)
Downloading from central: https://repo.maven.apache.org/maven2/com/github/luben/zstd-jni/1.5.5-11/zstd-jni-1.5.5-11.jar
Progress (3): 0.5/1.1 MB | 213/658 kB | 143/365 kB
Progress (3): 0.5/1.1 MB | 213/658 kB | 143/365 kB
Progress (3): 0.5/1.1 MB | 213/658 kB | 143/365 kB
Progress (3): 0.5/1.1 MB | 213/658 kB | 160/365 kB
Progress (3): 0.5/1.1 MB | 229/658 kB | 160/365 kB
Progress (3): 0.5/1.1 MB | 229/658 kB | 160/365 kB
Progress (3): 0.5/1.1 MB | 229/658 kB | 176/365 kB
Progress (3): 0.5/1.1 MB | 229/658 kB | 176/365 kB
Progress (3): 0.5/1.1 MB | 229/658 kB | 176/365 kB
Progress (3): 0.6/1.1 MB | 229/658 kB | 176/365 kB
Progress (3): 0.6/1.1 MB | 229/658 kB | 176/365 kB
Progress (3): 0.6/1.1 MB | 229/658 kB | 176/365 kB
Progress (3): 0.6/1.1 MB | 229/658 kB | 193/365 kB
Progress (3): 0.6/1.1 MB | 229/658 kB | 209/365 kB
Progress (3): 0.6/1.1 MB | 229/658 kB | 209/365 kB
Progress (3): 0.6/1.1 MB | 229/658 kB | 209/365 kB
Progress (3): 0.6/1.1 MB | 229/658 kB | 225/365 kB
Progress (3): 0.6/1.1 MB | 229/658 kB | 225/365 kB
Progress (3): 0.6/1.1 MB | 229/658 kB | 242/365 kB
Progress (3): 0.6/1.1 MB | 229/658 kB | 258/365 kB
Progress (3): 0.6/1.1 MB | 229/658 kB | 274/365 kB
Progress (3): 0.7/1.1 MB | 229/658 kB | 274/365 kB
Progress (3): 0.7/1.1 MB | 229/658 kB | 291/365 kB
Progress (3): 0.7/1.1 MB | 229/658 kB | 307/365 kB
Progress (3): 0.7/1.1 MB | 229/658 kB | 307/365 kB
Progress (3): 0.7/1.1 MB | 229/658 kB | 324/365 kB
Progress (3): 0.7/1.1 MB | 229/658 kB | 340/365 kB
Progress (3): 0.7/1.1 MB | 229/658 kB | 340/365 kB
Progress (3): 0.7/1.1 MB | 229/658 kB | 356/365 kB
Progress (3): 0.7/1.1 MB | 229/658 kB | 365 kB    
                                              
Downloaded from central: https://repo.maven.apache.org/maven2/commons-codec/commons-codec/1.16.1/commons-codec-1.16.1.jar (365 kB at 2.0 MB/s)
Progress (2): 0.7/1.1 MB | 229/658 kB
Progress (2): 0.7/1.1 MB | 245/658 kB
Progress (2): 0.7/1.1 MB | 245/658 kB
Progress (2): 0.7/1.1 MB | 262/658 kB
Progress (2): 0.7/1.1 MB | 278/658 kB
Progress (2): 0.7/1.1 MB | 278/658 kB
Progress (2): 0.8/1.1 MB | 278/658 kB
Progress (2): 0.8/1.1 MB | 294/658 kB
Progress (2): 0.8/1.1 MB | 294/658 kB
Progress (2): 0.8/1.1 MB | 294/658 kB
Progress (3): 0.8/1.1 MB | 294/658 kB | 7.7/116 kB
Progress (3): 0.8/1.1 MB | 294/658 kB | 16/116 kB 
Progress (3): 0.8/1.1 MB | 311/658 kB | 16/116 kB
Progress (3): 0.8/1.1 MB | 311/658 kB | 16/116 kB
Progress (3): 0.8/1.1 MB | 327/658 kB | 16/116 kB
Progress (3): 0.8/1.1 MB | 327/658 kB | 32/116 kB
Progress (4): 0.8/1.1 MB | 327/658 kB | 32/116 kB | 0/6.8 MB
Progress (4): 0.8/1.1 MB | 327/658 kB | 32/116 kB | 0/6.8 MB
Progress (4): 0.8/1.1 MB | 344/658 kB | 32/116 kB | 0/6.8 MB
Progress (4): 0.8/1.1 MB | 344/658 kB | 32/116 kB | 0/6.8 MB
Progress (4): 0.8/1.1 MB | 360/658 kB | 32/116 kB | 0/6.8 MB
Progress (4): 0.8/1.1 MB | 360/658 kB | 49/116 kB | 0/6.8 MB
Progress (4): 0.8/1.1 MB | 360/658 kB | 49/116 kB | 0/6.8 MB
Progress (4): 0.8/1.1 MB | 360/658 kB | 65/116 kB | 0/6.8 MB
Progress (4): 0.9/1.1 MB | 360/658 kB | 65/116 kB | 0/6.8 MB
Progress (4): 0.9/1.1 MB | 376/658 kB | 65/116 kB | 0/6.8 MB
Progress (4): 0.9/1.1 MB | 376/658 kB | 65/116 kB | 0/6.8 MB
Progress (4): 0.9/1.1 MB | 393/658 kB | 65/116 kB | 0/6.8 MB
Progress (4): 0.9/1.1 MB | 393/658 kB | 65/116 kB | 0.1/6.8 MB
Progress (4): 0.9/1.1 MB | 393/658 kB | 65/116 kB | 0.1/6.8 MB
Progress (4): 0.9/1.1 MB | 393/658 kB | 81/116 kB | 0.1/6.8 MB
Progress (4): 0.9/1.1 MB | 393/658 kB | 81/116 kB | 0.1/6.8 MB
Progress (4): 0.9/1.1 MB | 393/658 kB | 81/116 kB | 0.1/6.8 MB
Progress (4): 0.9/1.1 MB | 409/658 kB | 81/116 kB | 0.1/6.8 MB
Progress (4): 0.9/1.1 MB | 409/658 kB | 81/116 kB | 0.1/6.8 MB
Progress (4): 0.9/1.1 MB | 426/658 kB | 81/116 kB | 0.1/6.8 MB
Progress (4): 0.9/1.1 MB | 426/658 kB | 98/116 kB | 0.1/6.8 MB
Progress (4): 0.9/1.1 MB | 426/658 kB | 98/116 kB | 0.1/6.8 MB
Progress (4): 0.9/1.1 MB | 442/658 kB | 98/116 kB | 0.1/6.8 MB
Progress (4): 0.9/1.1 MB | 442/658 kB | 98/116 kB | 0.1/6.8 MB
Progress (4): 0.9/1.1 MB | 442/658 kB | 98/116 kB | 0.1/6.8 MB
Progress (4): 0.9/1.1 MB | 458/658 kB | 98/116 kB | 0.1/6.8 MB
Progress (4): 0.9/1.1 MB | 458/658 kB | 114/116 kB | 0.1/6.8 MB
Progress (4): 0.9/1.1 MB | 458/658 kB | 116 kB | 0.1/6.8 MB    
                                                           
Downloaded from central: https://repo.maven.apache.org/maven2/org/tukaani/xz/1.9/xz-1.9.jar (116 kB at 558 kB/s)
Progress (3): 0.9/1.1 MB | 458/658 kB | 0.1/6.8 MB
Progress (3): 0.9/1.1 MB | 458/658 kB | 0.1/6.8 MB
Progress (3): 0.9/1.1 MB | 458/658 kB | 0.1/6.8 MB
Progress (3): 0.9/1.1 MB | 475/658 kB | 0.1/6.8 MB
Progress (3): 0.9/1.1 MB | 491/658 kB | 0.1/6.8 MB
Progress (3): 0.9/1.1 MB | 491/658 kB | 0.1/6.8 MB
Progress (3): 0.9/1.1 MB | 491/658 kB | 0.1/6.8 MB
Progress (3): 1.0/1.1 MB | 491/658 kB | 0.1/6.8 MB
Progress (3): 1.0/1.1 MB | 491/658 kB | 0.2/6.8 MB
Progress (3): 1.0/1.1 MB | 507/658 kB | 0.2/6.8 MB
Progress (3): 1.0/1.1 MB | 524/658 kB | 0.2/6.8 MB
Progress (3): 1.0/1.1 MB | 524/658 kB | 0.2/6.8 MB
Progress (3): 1.0/1.1 MB | 540/658 kB | 0.2/6.8 MB
Progress (3): 1.0/1.1 MB | 540/658 kB | 0.2/6.8 MB
Progress (3): 1.0/1.1 MB | 557/658 kB | 0.2/6.8 MB
Progress (3): 1.0/1.1 MB | 557/658 kB | 0.2/6.8 MB
Progress (3): 1.0/1.1 MB | 557/658 kB | 0.2/6.8 MB
Progress (3): 1.0/1.1 MB | 557/658 kB | 0.2/6.8 MB
Progress (3): 1.0/1.1 MB | 573/658 kB | 0.2/6.8 MB
Progress (3): 1.0/1.1 MB | 573/658 kB | 0.2/6.8 MB
Progress (3): 1.0/1.1 MB | 573/658 kB | 0.2/6.8 MB
Progress (3): 1.0/1.1 MB | 589/658 kB | 0.2/6.8 MB
Progress (3): 1.0/1.1 MB | 589/658 kB | 0.2/6.8 MB
Progress (3): 1.0/1.1 MB | 606/658 kB | 0.2/6.8 MB
Progress (3): 1.0/1.1 MB | 606/658 kB | 0.2/6.8 MB
Progress (3): 1.0/1.1 MB | 622/658 kB | 0.2/6.8 MB
Progress (3): 1.0/1.1 MB | 622/658 kB | 0.3/6.8 MB
Progress (3): 1.0/1.1 MB | 639/658 kB | 0.3/6.8 MB
Progress (3): 1.0/1.1 MB | 639/658 kB | 0.3/6.8 MB
Progress (3): 1.0/1.1 MB | 655/658 kB | 0.3/6.8 MB
Progress (3): 1.0/1.1 MB | 658 kB | 0.3/6.8 MB    
                                              
Downloaded from central: https://repo.maven.apache.org/maven2/org/apache/commons/commons-lang3/3.14.0/commons-lang3-3.14.0.jar (658 kB at 2.9 MB/s)
Progress (2): 1.0/1.1 MB | 0.3/6.8 MB
Progress (2): 1.0/1.1 MB | 0.3/6.8 MB
Progress (2): 1.0/1.1 MB | 0.3/6.8 MB
Progress (2): 1.1/1.1 MB | 0.3/6.8 MB
Progress (2): 1.1/1.1 MB | 0.3/6.8 MB
Progress (2): 1.1 MB | 0.3/6.8 MB    
Progress (2): 1.1 MB | 0.3/6.8 MB
Progress (2): 1.1 MB | 0.4/6.8 MB
Progress (2): 1.1 MB | 0.4/6.8 MB
                                 
Downloaded from central: https://repo.maven.apache.org/maven2/org/apache/commons/commons-compress/1.26.1/commons-compress-1.26.1.jar (1.1 MB at 4.7 MB/s)
Progress (1): 0.4/6.8 MB
Progress (1): 0.4/6.8 MB
Progress (1): 0.4/6.8 MB
Progress (1): 0.4/6.8 MB
Progress (1): 0.5/6.8 MB
Progress (1): 0.5/6.8 MB
Progress (1): 0.5/6.8 MB
Progress (1): 0.5/6.8 MB
Progress (1): 0.5/6.8 MB
Progress (1): 0.5/6.8 MB
Progress (1): 0.6/6.8 MB
Progress (1): 0.6/6.8 MB
Progress (1): 0.6/6.8 MB
Progress (1): 0.6/6.8 MB
Progress (1): 0.6/6.8 MB
Progress (1): 0.6/6.8 MB
Progress (1): 0.7/6.8 MB
Progress (1): 0.7/6.8 MB
Progress (1): 0.7/6.8 MB
Progress (1): 0.7/6.8 MB
Progress (1): 0.7/6.8 MB
Progress (1): 0.7/6.8 MB
Progress (1): 0.7/6.8 MB
Progress (1): 0.8/6.8 MB
Progress (1): 0.8/6.8 MB
Progress (1): 0.8/6.8 MB
Progress (1): 0.8/6.8 MB
Progress (1): 0.8/6.8 MB
Progress (1): 0.8/6.8 MB
Progress (1): 0.9/6.8 MB
Progress (1): 0.9/6.8 MB
Progress (1): 0.9/6.8 MB
Progress (1): 0.9/6.8 MB
Progress (1): 0.9/6.8 MB
Progress (1): 0.9/6.8 MB
Progress (1): 1.0/6.8 MB
Progress (1): 1.0/6.8 MB
Progress (1): 1.0/6.8 MB
Progress (1): 1.0/6.8 MB
Progress (1): 1.0/6.8 MB
Progress (1): 1.0/6.8 MB
Progress (1): 1.1/6.8 MB
Progress (1): 1.1/6.8 MB
Progress (1): 1.1/6.8 MB
Progress (1): 1.1/6.8 MB
Progress (1): 1.1/6.8 MB
Progress (1): 1.1/6.8 MB
Progress (1): 1.2/6.8 MB
Progress (1): 1.2/6.8 MB
Progress (1): 1.2/6.8 MB
Progress (1): 1.2/6.8 MB
Progress (1): 1.2/6.8 MB
Progress (1): 1.2/6.8 MB
Progress (1): 1.3/6.8 MB
Progress (1): 1.3/6.8 MB
Progress (1): 1.3/6.8 MB
Progress (1): 1.3/6.8 MB
Progress (1): 1.3/6.8 MB
Progress (1): 1.3/6.8 MB
Progress (1): 1.3/6.8 MB
Progress (1): 1.4/6.8 MB
Progress (1): 1.4/6.8 MB
Progress (1): 1.4/6.8 MB
Progress (1): 1.4/6.8 MB
Progress (1): 1.4/6.8 MB
Progress (1): 1.4/6.8 MB
Progress (1): 1.5/6.8 MB
Progress (1): 1.5/6.8 MB
Progress (1): 1.5/6.8 MB
Progress (1): 1.5/6.8 MB
Progress (1): 1.5/6.8 MB
Progress (1): 1.5/6.8 MB
Progress (1): 1.6/6.8 MB
Progress (1): 1.6/6.8 MB
Progress (1): 1.6/6.8 MB
Progress (1): 1.6/6.8 MB
Progress (1): 1.6/6.8 MB
Progress (1): 1.6/6.8 MB
Progress (1): 1.6/6.8 MB
Progress (1): 1.7/6.8 MB
Progress (1): 1.7/6.8 MB
Progress (1): 1.7/6.8 MB
Progress (1): 1.7/6.8 MB
Progress (1): 1.7/6.8 MB
Progress (1): 1.7/6.8 MB
Progress (1): 1.8/6.8 MB
Progress (1): 1.8/6.8 MB
Progress (1): 1.8/6.8 MB
Progress (1): 1.8/6.8 MB
Progress (1): 1.8/6.8 MB
Progress (1): 1.8/6.8 MB
Progress (1): 1.9/6.8 MB
Progress (1): 1.9/6.8 MB
Progress (1): 1.9/6.8 MB
Progress (1): 1.9/6.8 MB
Progress (1): 1.9/6.8 MB
Progress (1): 1.9/6.8 MB
Progress (1): 2.0/6.8 MB
Progress (1): 2.0/6.8 MB
Progress (1): 2.0/6.8 MB
Progress (1): 2.0/6.8 MB
Progress (1): 2.0/6.8 MB
Progress (1): 2.0/6.8 MB
Progress (1): 2.1/6.8 MB
Progress (1): 2.1/6.8 MB
Progress (1): 2.1/6.8 MB
Progress (1): 2.1/6.8 MB
Progress (1): 2.1/6.8 MB
Progress (1): 2.1/6.8 MB
Progress (1): 2.2/6.8 MB
Progress (1): 2.2/6.8 MB
Progress (1): 2.2/6.8 MB
Progress (1): 2.2/6.8 MB
Progress (1): 2.2/6.8 MB
Progress (1): 2.2/6.8 MB
Progress (1): 2.3/6.8 MB
Progress (1): 2.3/6.8 MB
Progress (1): 2.3/6.8 MB
Progress (1): 2.3/6.8 MB
Progress (1): 2.3/6.8 MB
Progress (1): 2.3/6.8 MB
Progress (1): 2.4/6.8 MB
Progress (1): 2.4/6.8 MB
Progress (1): 2.4/6.8 MB
Progress (1): 2.4/6.8 MB
Progress (1): 2.4/6.8 MB
Progress (1): 2.4/6.8 MB
Progress (1): 2.4/6.8 MB
Progress (1): 2.5/6.8 MB
Progress (1): 2.5/6.8 MB
Progress (1): 2.5/6.8 MB
Progress (1): 2.5/6.8 MB
Progress (1): 2.5/6.8 MB
Progress (1): 2.5/6.8 MB
Progress (1): 2.6/6.8 MB
Progress (1): 2.6/6.8 MB
Progress (1): 2.6/6.8 MB
Progress (1): 2.6/6.8 MB
Progress (1): 2.6/6.8 MB
Progress (1): 2.6/6.8 MB
Progress (1): 2.7/6.8 MB
Progress (1): 2.7/6.8 MB
Progress (1): 2.7/6.8 MB
Progress (1): 2.7/6.8 MB
Progress (1): 2.7/6.8 MB
Progress (1): 2.7/6.8 MB
Progress (1): 2.8/6.8 MB
Progress (1): 2.8/6.8 MB
Progress (1): 2.8/6.8 MB
Progress (1): 2.8/6.8 MB
Progress (1): 2.8/6.8 MB
Progress (1): 2.8/6.8 MB
Progress (1): 2.9/6.8 MB
Progress (1): 2.9/6.8 MB
Progress (1): 2.9/6.8 MB
Progress (1): 2.9/6.8 MB
Progress (1): 2.9/6.8 MB
Progress (1): 2.9/6.8 MB
Progress (1): 3.0/6.8 MB
Progress (1): 3.0/6.8 MB
Progress (1): 3.0/6.8 MB
Progress (1): 3.0/6.8 MB
Progress (1): 3.0/6.8 MB
Progress (1): 3.0/6.8 MB
Progress (1): 3.0/6.8 MB
Progress (1): 3.1/6.8 MB
Progress (1): 3.1/6.8 MB
Progress (1): 3.1/6.8 MB
Progress (1): 3.1/6.8 MB
Progress (1): 3.1/6.8 MB
Progress (1): 3.1/6.8 MB
Progress (1): 3.2/6.8 MB
Progress (1): 3.2/6.8 MB
Progress (1): 3.2/6.8 MB
Progress (1): 3.2/6.8 MB
Progress (1): 3.2/6.8 MB
Progress (1): 3.2/6.8 MB
Progress (1): 3.3/6.8 MB
Progress (1): 3.3/6.8 MB
Progress (1): 3.3/6.8 MB
Progress (1): 3.3/6.8 MB
Progress (1): 3.3/6.8 MB
Progress (1): 3.3/6.8 MB
Progress (1): 3.4/6.8 MB
Progress (1): 3.4/6.8 MB
Progress (1): 3.4/6.8 MB
Progress (1): 3.4/6.8 MB
Progress (1): 3.4/6.8 MB
Progress (1): 3.4/6.8 MB
Progress (1): 3.4/6.8 MB
Progress (1): 3.4/6.8 MB
Progress (1): 3.5/6.8 MB
Progress (1): 3.5/6.8 MB
Progress (1): 3.5/6.8 MB
Progress (1): 3.5/6.8 MB
Progress (1): 3.5/6.8 MB
Progress (1): 3.5/6.8 MB
Progress (1): 3.6/6.8 MB
Progress (1): 3.6/6.8 MB
Progress (1): 3.6/6.8 MB
Progress (1): 3.6/6.8 MB
Progress (1): 3.6/6.8 MB
Progress (1): 3.6/6.8 MB
Progress (1): 3.7/6.8 MB
Progress (1): 3.7/6.8 MB
Progress (1): 3.7/6.8 MB
Progress (1): 3.7/6.8 MB
Progress (1): 3.7/6.8 MB
Progress (1): 3.7/6.8 MB
Progress (1): 3.8/6.8 MB
Progress (1): 3.8/6.8 MB
Progress (1): 3.8/6.8 MB
Progress (1): 3.8/6.8 MB
Progress (1): 3.8/6.8 MB
Progress (1): 3.8/6.8 MB
Progress (1): 3.9/6.8 MB
Progress (1): 3.9/6.8 MB
Progress (1): 3.9/6.8 MB
Progress (1): 3.9/6.8 MB
Progress (1): 3.9/6.8 MB
Progress (1): 3.9/6.8 MB
Progress (1): 4.0/6.8 MB
Progress (1): 4.0/6.8 MB
Progress (1): 4.0/6.8 MB
Progress (1): 4.0/6.8 MB
Progress (1): 4.0/6.8 MB
Progress (1): 4.0/6.8 MB
Progress (1): 4.1/6.8 MB
Progress (1): 4.1/6.8 MB
Progress (1): 4.1/6.8 MB
Progress (1): 4.1/6.8 MB
Progress (1): 4.1/6.8 MB
Progress (1): 4.1/6.8 MB
Progress (1): 4.2/6.8 MB
Progress (1): 4.2/6.8 MB
Progress (1): 4.2/6.8 MB
Progress (1): 4.2/6.8 MB
Progress (1): 4.2/6.8 MB
Progress (1): 4.2/6.8 MB
Progress (1): 4.3/6.8 MB
Progress (1): 4.3/6.8 MB
Progress (1): 4.3/6.8 MB
Progress (1): 4.3/6.8 MB
Progress (1): 4.3/6.8 MB
Progress (1): 4.3/6.8 MB
Progress (1): 4.3/6.8 MB
Progress (1): 4.4/6.8 MB
Progress (1): 4.4/6.8 MB
Progress (1): 4.4/6.8 MB
Progress (1): 4.4/6.8 MB
Progress (1): 4.4/6.8 MB
Progress (1): 4.4/6.8 MB
Progress (1): 4.5/6.8 MB
Progress (1): 4.5/6.8 MB
Progress (1): 4.5/6.8 MB
Progress (1): 4.5/6.8 MB
Progress (1): 4.5/6.8 MB
Progress (1): 4.5/6.8 MB
Progress (1): 4.6/6.8 MB
Progress (1): 4.6/6.8 MB
Progress (1): 4.6/6.8 MB
Progress (1): 4.6/6.8 MB
Progress (1): 4.6/6.8 MB
Progress (1): 4.6/6.8 MB
Progress (1): 4.7/6.8 MB
Progress (1): 4.7/6.8 MB
Progress (1): 4.7/6.8 MB
Progress (1): 4.7/6.8 MB
Progress (1): 4.7/6.8 MB
Progress (1): 4.7/6.8 MB
Progress (1): 4.8/6.8 MB
Progress (1): 4.8/6.8 MB
Progress (1): 4.8/6.8 MB
Progress (1): 4.8/6.8 MB
Progress (1): 4.8/6.8 MB
Progress (1): 4.8/6.8 MB
Progress (1): 4.9/6.8 MB
Progress (1): 4.9/6.8 MB
Progress (1): 4.9/6.8 MB
Progress (1): 4.9/6.8 MB
Progress (1): 4.9/6.8 MB
Progress (1): 4.9/6.8 MB
Progress (1): 5.0/6.8 MB
Progress (1): 5.0/6.8 MB
Progress (1): 5.0/6.8 MB
Progress (1): 5.0/6.8 MB
Progress (1): 5.0/6.8 MB
Progress (1): 5.0/6.8 MB
Progress (1): 5.1/6.8 MB
Progress (1): 5.1/6.8 MB
Progress (1): 5.1/6.8 MB
Progress (1): 5.1/6.8 MB
Progress (1): 5.1/6.8 MB
Progress (1): 5.1/6.8 MB
Progress (1): 5.2/6.8 MB
Progress (1): 5.2/6.8 MB
Progress (1): 5.2/6.8 MB
Progress (1): 5.2/6.8 MB
Progress (1): 5.2/6.8 MB
Progress (1): 5.2/6.8 MB
Progress (1): 5.3/6.8 MB
Progress (1): 5.3/6.8 MB
Progress (1): 5.3/6.8 MB
Progress (1): 5.3/6.8 MB
Progress (1): 5.3/6.8 MB
Progress (1): 5.3/6.8 MB
Progress (1): 5.3/6.8 MB
Progress (1): 5.4/6.8 MB
Progress (1): 5.4/6.8 MB
Progress (1): 5.4/6.8 MB
Progress (1): 5.4/6.8 MB
Progress (1): 5.4/6.8 MB
Progress (1): 5.4/6.8 MB
Progress (1): 5.5/6.8 MB
Progress (1): 5.5/6.8 MB
Progress (1): 5.5/6.8 MB
Progress (1): 5.5/6.8 MB
Progress (1): 5.5/6.8 MB
Progress (1): 5.5/6.8 MB
Progress (1): 5.6/6.8 MB
Progress (1): 5.6/6.8 MB
Progress (1): 5.6/6.8 MB
Progress (1): 5.6/6.8 MB
Progress (1): 5.6/6.8 MB
Progress (1): 5.6/6.8 MB
Progress (1): 5.7/6.8 MB
Progress (1): 5.7/6.8 MB
Progress (1): 5.7/6.8 MB
Progress (1): 5.7/6.8 MB
Progress (1): 5.7/6.8 MB
Progress (1): 5.7/6.8 MB
Progress (1): 5.7/6.8 MB
Progress (1): 5.8/6.8 MB
Progress (1): 5.8/6.8 MB
Progress (1): 5.8/6.8 MB
Progress (1): 5.8/6.8 MB
Progress (1): 5.8/6.8 MB
Progress (1): 5.8/6.8 MB
Progress (1): 5.9/6.8 MB
Progress (1): 5.9/6.8 MB
Progress (1): 5.9/6.8 MB
Progress (1): 5.9/6.8 MB
Progress (1): 5.9/6.8 MB
Progress (1): 5.9/6.8 MB
Progress (1): 6.0/6.8 MB
Progress (1): 6.0/6.8 MB
Progress (1): 6.0/6.8 MB
Progress (1): 6.0/6.8 MB
Progress (1): 6.0/6.8 MB
Progress (1): 6.0/6.8 MB
Progress (1): 6.1/6.8 MB
Progress (1): 6.1/6.8 MB
Progress (1): 6.1/6.8 MB
Progress (1): 6.1/6.8 MB
Progress (1): 6.1/6.8 MB
Progress (1): 6.1/6.8 MB
Progress (1): 6.2/6.8 MB
Progress (1): 6.2/6.8 MB
Progress (1): 6.2/6.8 MB
Progress (1): 6.2/6.8 MB
Progress (1): 6.2/6.8 MB
Progress (1): 6.2/6.8 MB
Progress (1): 6.3/6.8 MB
Progress (1): 6.3/6.8 MB
Progress (1): 6.3/6.8 MB
Progress (1): 6.3/6.8 MB
Progress (1): 6.3/6.8 MB
Progress (1): 6.3/6.8 MB
Progress (1): 6.4/6.8 MB
Progress (1): 6.4/6.8 MB
Progress (1): 6.4/6.8 MB
Progress (1): 6.4/6.8 MB
Progress (1): 6.4/6.8 MB
Progress (1): 6.4/6.8 MB
Progress (1): 6.5/6.8 MB
Progress (1): 6.5/6.8 MB
Progress (1): 6.5/6.8 MB
Progress (1): 6.5/6.8 MB
Progress (1): 6.5/6.8 MB
Progress (1): 6.5/6.8 MB
Progress (1): 6.6/6.8 MB
Progress (1): 6.6/6.8 MB
Progress (1): 6.6/6.8 MB
Progress (1): 6.6/6.8 MB
Progress (1): 6.6/6.8 MB
Progress (1): 6.6/6.8 MB
Progress (1): 6.7/6.8 MB
Progress (1): 6.7/6.8 MB
Progress (1): 6.7/6.8 MB
Progress (1): 6.7/6.8 MB
Progress (1): 6.7/6.8 MB
Progress (1): 6.7/6.8 MB
Progress (1): 6.7/6.8 MB
Progress (1): 6.8/6.8 MB
Progress (1): 6.8/6.8 MB
Progress (1): 6.8 MB    
                    
Downloaded from central: https://repo.maven.apache.org/maven2/com/github/luben/zstd-jni/1.5.5-11/zstd-jni-1.5.5-11.jar (6.8 MB at 15 MB/s)
[INFO] 
[INFO] --- spring-boot:3.3.0:repackage (repackage) @ auth-service ---
[INFO] ------------------------------------------------------------------------
[INFO] Reactor Summary for kinanow-platform 1.0.0-SNAPSHOT:
[INFO] 
[INFO] kinanow-platform ................................... SUCCESS [  7.467 s]
[INFO] auth-service ....................................... FAILURE [ 12.494 s]
[INFO] ------------------------------------------------------------------------
[INFO] BUILD FAILURE
[INFO] ------------------------------------------------------------------------
[INFO] Total time:  24.727 s
[INFO] Finished at: 2026-01-26T08:08:56Z
[INFO] ------------------------------------------------------------------------
[ERROR] Failed to execute goal org.springframework.boot:spring-boot-maven-plugin:3.3.0:repackage (repackage) on project auth-service: Execution repackage of goal org.springframework.boot:spring-boot-maven-plugin:3.3.0:repackage failed: Unable to rename '/app/services/auth-service/target/auth-service-1.0.0-SNAPSHOT.jar' to '/app/services/auth-service/target/auth-service-1.0.0-SNAPSHOT.jar.original' -> [Help 1]
[ERROR] 
[ERROR] To see the full stack trace of the errors, re-run Maven with the -e switch.
[ERROR] Re-run Maven using the -X switch to enable full debug logging.
[ERROR] 
[ERROR] For more information about the errors and possible solutions, please read the following articles:
[ERROR] [Help 1] http://cwiki.apache.org/confluence/display/MAVEN/PluginExecutionException
[ERROR] 
[ERROR] After correcting the problems, you can resume the build with the command
[ERROR]   mvn <args> -rf :auth-service
